Archive member included to satisfy reference by file (symbol)

/home/jbrawley/Desktop/rockbox-photo-cf-support/build/lib/libsetjmp.a(setjmp.o)
                              /home/jbrawley/Desktop/rockbox-photo-cf-support/build/apps/plugins/plugin_crt0.o (setjmp)
/usr/local/lib/gcc/arm-elf-eabi/4.9.4/libgcc.a(_udivsi3.o)
                              /home/jbrawley/Desktop/rockbox-photo-cf-support/build/apps/plugins/shortcuts/shortcuts_common.o (__aeabi_uidiv)
/usr/local/lib/gcc/arm-elf-eabi/4.9.4/libgcc.a(_dvmd_tls.o)
                              /usr/local/lib/gcc/arm-elf-eabi/4.9.4/libgcc.a(_udivsi3.o) (__aeabi_idiv0)

Allocating common symbols
Common symbol       size              file

sc_file             0x10              /home/jbrawley/Desktop/rockbox-photo-cf-support/build/apps/plugins/shortcuts/shortcuts_common.o
memory_bufsize      0x4               /home/jbrawley/Desktop/rockbox-photo-cf-support/build/apps/plugins/shortcuts/shortcuts_common.o
memory_buf          0x4               /home/jbrawley/Desktop/rockbox-photo-cf-support/build/apps/plugins/shortcuts/shortcuts_common.o

Discarded input sections

 .data          0x0000000000000000        0x0 /home/jbrawley/Desktop/rockbox-photo-cf-support/build/apps/plugins/shortcuts/shortcuts_common.o
 .bss           0x0000000000000000        0x0 /home/jbrawley/Desktop/rockbox-photo-cf-support/build/apps/plugins/shortcuts/shortcuts_common.o
 .data          0x0000000000000000        0x0 /home/jbrawley/Desktop/rockbox-photo-cf-support/build/apps/plugins/shortcuts/shortcuts_append.o
 .bss           0x0000000000000000        0x0 /home/jbrawley/Desktop/rockbox-photo-cf-support/build/apps/plugins/shortcuts/shortcuts_append.o
 .data          0x0000000000000000        0x0 /home/jbrawley/Desktop/rockbox-photo-cf-support/build/lib/libsetjmp.a(setjmp.o)
 .bss           0x0000000000000000        0x0 /home/jbrawley/Desktop/rockbox-photo-cf-support/build/lib/libsetjmp.a(setjmp.o)
 .data          0x0000000000000000        0x0 /usr/local/lib/gcc/arm-elf-eabi/4.9.4/libgcc.a(_udivsi3.o)
 .bss           0x0000000000000000        0x0 /usr/local/lib/gcc/arm-elf-eabi/4.9.4/libgcc.a(_udivsi3.o)
 .data          0x0000000000000000        0x0 /usr/local/lib/gcc/arm-elf-eabi/4.9.4/libgcc.a(_dvmd_tls.o)
 .bss           0x0000000000000000        0x0 /usr/local/lib/gcc/arm-elf-eabi/4.9.4/libgcc.a(_dvmd_tls.o)

Memory Configuration

Name             Origin             Length             Attributes
PLUGIN_RAM       0x0000000001f80000 0x0000000000080000
PLUGIN_IRAM      0x000000004000c000 0x000000000000c000
*default*        0x0000000000000000 0xffffffffffffffff

Linker script and memory map

LOAD /home/jbrawley/Desktop/rockbox-photo-cf-support/build/apps/plugins/shortcuts/shortcuts_common.o
LOAD /home/jbrawley/Desktop/rockbox-photo-cf-support/build/apps/plugins/shortcuts/shortcuts_append.o
LOAD /home/jbrawley/Desktop/rockbox-photo-cf-support/build/apps/plugins/plugin_crt0.o
LOAD /home/jbrawley/Desktop/rockbox-photo-cf-support/build/apps/plugins/libplugin.a
LOAD /home/jbrawley/Desktop/rockbox-photo-cf-support/build/apps/plugins/bitmaps/libpluginbitmaps.a
LOAD /home/jbrawley/Desktop/rockbox-photo-cf-support/build/lib/libsetjmp.a
LOAD /home/jbrawley/Desktop/rockbox-photo-cf-support/build/lib/libfixedpoint.a
LOAD /usr/local/lib/gcc/arm-elf-eabi/4.9.4/libgcc.a

.header         0x0000000001f80000       0x1c
                0x0000000001f80000                _plugin_start_addr = .
                0x0000000001f80000                plugin_start_addr = .
 *(.header)
 .header        0x0000000001f80000       0x1c /home/jbrawley/Desktop/rockbox-photo-cf-support/build/apps/plugins/plugin_crt0.o
                0x0000000001f80000                __header

.text           0x0000000001f8001c      0xd8c
 *(.text*)
 .text          0x0000000001f8001c      0x80c /home/jbrawley/Desktop/rockbox-photo-cf-support/build/apps/plugins/shortcuts/shortcuts_common.o
                0x0000000001f8001c                allocate_memory
                0x0000000001f8004c                init_sc_file
                0x0000000001f80084                append_entry
                0x0000000001f800e0                remove_entry
                0x0000000001f80158                is_valid_index
                0x0000000001f8017c                starts_with
                0x0000000001f801f4                last_segments
                0x0000000001f802a0                parse_entry_content
                0x0000000001f80388                parse_name_value
                0x0000000001f804d0                is_control
                0x0000000001f80504                load_sc_file
                0x0000000001f80698                write_int_instruction_to_file
                0x0000000001f806e0                write_entry_to_file
                0x0000000001f80764                dump_sc_file
 .text          0x0000000001f80828      0x238 /home/jbrawley/Desktop/rockbox-photo-cf-support/build/apps/plugins/shortcuts/shortcuts_append.o
                0x0000000001f80934                plugin_start
 .text          0x0000000001f80a60      0x214 /home/jbrawley/Desktop/rockbox-photo-cf-support/build/apps/plugins/plugin_crt0.o
                0x0000000001f80a78                plugin__start
                0x0000000001f80bc8                rb_atexit
                0x0000000001f80be8                exit
                0x0000000001f80c08                _exit
                0x0000000001f80c20                exit_on_usb
 .text          0x0000000001f80c74       0x1c /home/jbrawley/Desktop/rockbox-photo-cf-support/build/lib/libsetjmp.a(setjmp.o)
                0x0000000001f80c74                setjmp
                0x0000000001f80c80                longjmp
 .text          0x0000000001f80c90      0x114 /usr/local/lib/gcc/arm-elf-eabi/4.9.4/libgcc.a(_udivsi3.o)
                0x0000000001f80c90                __udivsi3
                0x0000000001f80c90                __aeabi_uidiv
                0x0000000001f80d84                __aeabi_uidivmod
 .text          0x0000000001f80da4        0x4 /usr/local/lib/gcc/arm-elf-eabi/4.9.4/libgcc.a(_dvmd_tls.o)
                0x0000000001f80da4                __aeabi_ldiv0
                0x0000000001f80da4                __aeabi_idiv0
 *(.glue_7)
 .glue_7        0x0000000001f80da8        0x0 linker stubs
 *(.glue_7t)
 .glue_7t       0x0000000001f80da8        0x0 linker stubs

.vfp11_veneer   0x0000000001f80da8        0x0
 .vfp11_veneer  0x0000000001f80da8        0x0 linker stubs

.v4_bx          0x0000000001f80da8        0x0
 .v4_bx         0x0000000001f80da8        0x0 linker stubs

.iplt           0x0000000001f80da8        0x0
 .iplt          0x0000000001f80da8        0x0 /home/jbrawley/Desktop/rockbox-photo-cf-support/build/apps/plugins/shortcuts/shortcuts_common.o

.rodata         0x0000000001f80da8      0x13a
 *(.rodata*)
 .rodata.str1.1
                0x0000000001f80da8       0xc4 /home/jbrawley/Desktop/rockbox-photo-cf-support/build/apps/plugins/shortcuts/shortcuts_common.o
                                         0xc9 (size before relaxing)
 .rodata.str1.1
                0x0000000001f80e6c       0x76 /home/jbrawley/Desktop/rockbox-photo-cf-support/build/apps/plugins/shortcuts/shortcuts_append.o
                                         0x78 (size before relaxing)

.rel.dyn        0x0000000001f80ee4        0x0
 .rel.iplt      0x0000000001f80ee4        0x0 /home/jbrawley/Desktop/rockbox-photo-cf-support/build/apps/plugins/shortcuts/shortcuts_common.o

.data           0x0000000001f80ee4        0x4
 *(.data*)
 .data          0x0000000001f80ee4        0x4 /home/jbrawley/Desktop/rockbox-photo-cf-support/build/apps/plugins/plugin_crt0.o
                0x0000000001f80ee4                rb

.igot.plt       0x0000000001f80ee8        0x0
 .igot.plt      0x0000000001f80ee8        0x0 /home/jbrawley/Desktop/rockbox-photo-cf-support/build/apps/plugins/shortcuts/shortcuts_common.o

.ncdata         0x0000000011f80ee8        0x8 load address 0x0000000001f80ee8
                0x0000000011f80ef0                . = ALIGN (0x10)
 *fill*         0x0000000011f80ee8        0x8 
 *(.ncdata*)
                0x0000000011f80ef0                . = ALIGN (0x10)
                0x0000000001f80ef0                bssaddr = (. - 0x10000000)
                0x0000000001f80ef0                iramcopy = (. - 0x10000000)

/DISCARD/
 *(.eh_frame)

.bss            0x0000000001f80ef0       0x78
                0x0000000001f80ef0                plugin_bss_start = .
                0x0000000001f80ef0                _plugin_bss_start = .
 *(.bss*)
 .bss           0x0000000001f80ef0       0x60 /home/jbrawley/Desktop/rockbox-photo-cf-support/build/apps/plugins/plugin_crt0.o
 *(COMMON)
 COMMON         0x0000000001f80f50       0x18 /home/jbrawley/Desktop/rockbox-photo-cf-support/build/apps/plugins/shortcuts/shortcuts_common.o
                0x0000000001f80f50                sc_file
                0x0000000001f80f60                memory_bufsize
                0x0000000001f80f64                memory_buf
                0x0000000001f80f68                . = ALIGN (0x4)

.ncbss          0x0000000011f80f68        0x8 load address 0x0000000001f80f68
                0x0000000011f80f70                . = ALIGN (0x10)
 *fill*         0x0000000011f80f68        0x8 
 *(.ncbss*)
                0x0000000011f80f70                . = ALIGN (0x10)
                0x0000000001f80f70                pluginendaddr = (. - 0x10000000)

.pluginend      0x0000000001f80f70        0x0
                0x0000000001f80f70                _plugin_end_addr = .
                0x0000000001f80f70                plugin_end_addr = .

.iram           0x000000004000c000        0x0 load address 0x0000000001f80ef0
                0x000000004000c000                iramstart = .
 *(.icode)
 *(.irodata)
 *(.idata)
                0x000000004000c000                iramend = .

.ibss           0x000000004000c000        0x0
                0x000000004000c000                iedata = .
 *(.ibss)
                0x000000004000c000                . = ALIGN (0x4)
                0x000000004000c000                iend = .
                0x0000000001f80f70                loadendaddr = MAX (plugin_end_addr, (LOADADDR (.iram) + SIZEOF (.iram)))

.pluginloadend  0x0000000001f80f70        0x0
                0x0000000001f80f70                _plugin_load_end_addr = .
                0x0000000001f80f70                plugin_load_end_addr = .

.comment        0x0000000000000000       0x11
 *(.comment)
 .comment       0x0000000000000000       0x11 /home/jbrawley/Desktop/rockbox-photo-cf-support/build/apps/plugins/shortcuts/shortcuts_common.o
                                         0x12 (size before relaxing)
 .comment       0x0000000000000011       0x12 /home/jbrawley/Desktop/rockbox-photo-cf-support/build/apps/plugins/shortcuts/shortcuts_append.o
 .comment       0x0000000000000011       0x12 /home/jbrawley/Desktop/rockbox-photo-cf-support/build/apps/plugins/plugin_crt0.o
OUTPUT(/home/jbrawley/Desktop/rockbox-photo-cf-support/build/apps/plugins/shortcuts/shortcuts_append.elf elf32-littlearm)

.ARM.attributes
                0x0000000000000000       0x2e
 .ARM.attributes
                0x0000000000000000       0x30 /home/jbrawley/Desktop/rockbox-photo-cf-support/build/apps/plugins/shortcuts/shortcuts_common.o
 .ARM.attributes
                0x0000000000000030       0x30 /home/jbrawley/Desktop/rockbox-photo-cf-support/build/apps/plugins/shortcuts/shortcuts_append.o
 .ARM.attributes
                0x0000000000000060       0x30 /home/jbrawley/Desktop/rockbox-photo-cf-support/build/apps/plugins/plugin_crt0.o
 .ARM.attributes
                0x0000000000000090       0x20 /home/jbrawley/Desktop/rockbox-photo-cf-support/build/lib/libsetjmp.a(setjmp.o)
 .ARM.attributes
                0x00000000000000b0       0x18 /usr/local/lib/gcc/arm-elf-eabi/4.9.4/libgcc.a(_udivsi3.o)
 .ARM.attributes
                0x00000000000000c8       0x18 /usr/local/lib/gcc/arm-elf-eabi/4.9.4/libgcc.a(_dvmd_tls.o)

.debug_frame    0x0000000000000000       0x20
 .debug_frame   0x0000000000000000       0x20 /usr/local/lib/gcc/arm-elf-eabi/4.9.4/libgcc.a(_udivsi3.o)

.debug_line     0x0000000000000000       0xdf
 .debug_line    0x0000000000000000       0x7e /usr/local/lib/gcc/arm-elf-eabi/4.9.4/libgcc.a(_udivsi3.o)
 .debug_line    0x000000000000007e       0x61 /usr/local/lib/gcc/arm-elf-eabi/4.9.4/libgcc.a(_dvmd_tls.o)

.debug_info     0x0000000000000000      0x110
 .debug_info    0x0000000000000000       0x88 /usr/local/lib/gcc/arm-elf-eabi/4.9.4/libgcc.a(_udivsi3.o)
 .debug_info    0x0000000000000088       0x88 /usr/local/lib/gcc/arm-elf-eabi/4.9.4/libgcc.a(_dvmd_tls.o)

.debug_abbrev   0x0000000000000000       0x28
 .debug_abbrev  0x0000000000000000       0x14 /usr/local/lib/gcc/arm-elf-eabi/4.9.4/libgcc.a(_udivsi3.o)
 .debug_abbrev  0x0000000000000014       0x14 /usr/local/lib/gcc/arm-elf-eabi/4.9.4/libgcc.a(_dvmd_tls.o)

.debug_aranges  0x0000000000000000       0x40
 .debug_aranges
                0x0000000000000000       0x20 /usr/local/lib/gcc/arm-elf-eabi/4.9.4/libgcc.a(_udivsi3.o)
 .debug_aranges
                0x0000000000000020       0x20 /usr/local/lib/gcc/arm-elf-eabi/4.9.4/libgcc.a(_dvmd_tls.o)
