Archive member included to satisfy reference by file (symbol)

/home/jbrawley/Desktop/rockbox-photo-cf-support/build/apps/plugins/libplugin.a(gcc-support.o)
                              /home/jbrawley/Desktop/rockbox-photo-cf-support/build/apps/plugins/imageviewer/ppm/ppm.o (memset)
/home/jbrawley/Desktop/rockbox-photo-cf-support/build/apps/plugins/libplugin.a(bmp_smooth_scale.o)
                              /home/jbrawley/Desktop/rockbox-photo-cf-support/build/apps/plugins/imageviewer/ppm/ppm.o (smooth_resize_bitmap)
/usr/local/lib/gcc/arm-elf-eabi/4.9.4/libgcc.a(_divsi3.o)
                              /home/jbrawley/Desktop/rockbox-photo-cf-support/build/apps/plugins/imageviewer/ppm/ppm.o (__aeabi_idiv)
/usr/local/lib/gcc/arm-elf-eabi/4.9.4/libgcc.a(_dvmd_tls.o)
                              /usr/local/lib/gcc/arm-elf-eabi/4.9.4/libgcc.a(_divsi3.o) (__aeabi_idiv0)

Discarded input sections

 .data          0x0000000000000000        0x0 /home/jbrawley/Desktop/rockbox-photo-cf-support/build/apps/plugins/imageviewer/ppm/ppm_decoder.o
 .bss           0x0000000000000000        0x0 /home/jbrawley/Desktop/rockbox-photo-cf-support/build/apps/plugins/imageviewer/ppm/ppm_decoder.o
 .text          0x0000000000000000        0x0 /home/jbrawley/Desktop/rockbox-photo-cf-support/build/apps/plugins/libplugin.a(gcc-support.o)
 .data          0x0000000000000000        0x0 /home/jbrawley/Desktop/rockbox-photo-cf-support/build/apps/plugins/libplugin.a(gcc-support.o)
 .bss           0x0000000000000000        0x0 /home/jbrawley/Desktop/rockbox-photo-cf-support/build/apps/plugins/libplugin.a(gcc-support.o)
 .text.__div0   0x0000000000000000       0x14 /home/jbrawley/Desktop/rockbox-photo-cf-support/build/apps/plugins/libplugin.a(gcc-support.o)
 .text.memcpy   0x0000000000000000       0x14 /home/jbrawley/Desktop/rockbox-photo-cf-support/build/apps/plugins/libplugin.a(gcc-support.o)
 .text.memmove  0x0000000000000000       0x14 /home/jbrawley/Desktop/rockbox-photo-cf-support/build/apps/plugins/libplugin.a(gcc-support.o)
 .text.memcmp   0x0000000000000000       0x14 /home/jbrawley/Desktop/rockbox-photo-cf-support/build/apps/plugins/libplugin.a(gcc-support.o)
 .text          0x0000000000000000        0x0 /home/jbrawley/Desktop/rockbox-photo-cf-support/build/apps/plugins/libplugin.a(bmp_smooth_scale.o)
 .data          0x0000000000000000        0x0 /home/jbrawley/Desktop/rockbox-photo-cf-support/build/apps/plugins/libplugin.a(bmp_smooth_scale.o)
 .bss           0x0000000000000000        0x0 /home/jbrawley/Desktop/rockbox-photo-cf-support/build/apps/plugins/libplugin.a(bmp_smooth_scale.o)
 .data          0x0000000000000000        0x0 /usr/local/lib/gcc/arm-elf-eabi/4.9.4/libgcc.a(_divsi3.o)
 .bss           0x0000000000000000        0x0 /usr/local/lib/gcc/arm-elf-eabi/4.9.4/libgcc.a(_divsi3.o)
 .data          0x0000000000000000        0x0 /usr/local/lib/gcc/arm-elf-eabi/4.9.4/libgcc.a(_dvmd_tls.o)
 .bss           0x0000000000000000        0x0 /usr/local/lib/gcc/arm-elf-eabi/4.9.4/libgcc.a(_dvmd_tls.o)

Memory Configuration

Name             Origin             Length             Attributes
PLUGIN_RAM       0x0000000001ffda20 0x00000000000025e0
PLUGIN_IRAM      0x000000004000c000 0x000000000000c000
*default*        0x0000000000000000 0xffffffffffffffff

Linker script and memory map

LOAD /home/jbrawley/Desktop/rockbox-photo-cf-support/build/apps/plugins/imageviewer/ppm/ppm.o
LOAD /home/jbrawley/Desktop/rockbox-photo-cf-support/build/apps/plugins/imageviewer/ppm/ppm_decoder.o
LOAD /home/jbrawley/Desktop/rockbox-photo-cf-support/build/apps/plugins/libplugin.a
LOAD /home/jbrawley/Desktop/rockbox-photo-cf-support/build/apps/plugins/bitmaps/libpluginbitmaps.a
LOAD /home/jbrawley/Desktop/rockbox-photo-cf-support/build/lib/libsetjmp.a
LOAD /home/jbrawley/Desktop/rockbox-photo-cf-support/build/lib/libfixedpoint.a
LOAD /usr/local/lib/gcc/arm-elf-eabi/4.9.4/libgcc.a

.header         0x0000000001ffda20       0x28
                0x0000000001ffda20                _plugin_start_addr = .
                0x0000000001ffda20                plugin_start_addr = .
 *(.header)
 .header        0x0000000001ffda20       0x28 /home/jbrawley/Desktop/rockbox-photo-cf-support/build/apps/plugins/imageviewer/ppm/ppm.o
                0x0000000001ffda20                __header

.text           0x0000000001ffda48     0x1ef8
 *(.text*)
 .text          0x0000000001ffda48      0x524 /home/jbrawley/Desktop/rockbox-photo-cf-support/build/apps/plugins/imageviewer/ppm/ppm.o
 .text          0x0000000001ffdf6c      0x5e0 /home/jbrawley/Desktop/rockbox-photo-cf-support/build/apps/plugins/imageviewer/ppm/ppm_decoder.o
                0x0000000001ffe19c                read_ppm
 .text.memset   0x0000000001ffe54c       0x14 /home/jbrawley/Desktop/rockbox-photo-cf-support/build/apps/plugins/libplugin.a(gcc-support.o)
                0x0000000001ffe54c                memset
 .text.smooth_resize_bitmap
                0x0000000001ffe560     0x1294 /home/jbrawley/Desktop/rockbox-photo-cf-support/build/apps/plugins/libplugin.a(bmp_smooth_scale.o)
                0x0000000001ffe560                smooth_resize_bitmap
 .text          0x0000000001fff7f4      0x148 /usr/local/lib/gcc/arm-elf-eabi/4.9.4/libgcc.a(_divsi3.o)
                0x0000000001fff7f4                __aeabi_idiv
                0x0000000001fff7f4                __divsi3
                0x0000000001fff91c                __aeabi_idivmod
 .text          0x0000000001fff93c        0x4 /usr/local/lib/gcc/arm-elf-eabi/4.9.4/libgcc.a(_dvmd_tls.o)
                0x0000000001fff93c                __aeabi_ldiv0
                0x0000000001fff93c                __aeabi_idiv0
 *(.glue_7)
 .glue_7        0x0000000001fff940        0x0 linker stubs
 *(.glue_7t)
 .glue_7t       0x0000000001fff940        0x0 linker stubs

.vfp11_veneer   0x0000000001fff940        0x0
 .vfp11_veneer  0x0000000001fff940        0x0 linker stubs

.v4_bx          0x0000000001fff940        0x0
 .v4_bx         0x0000000001fff940        0x0 linker stubs

.iplt           0x0000000001fff940        0x0
 .iplt          0x0000000001fff940        0x0 /home/jbrawley/Desktop/rockbox-photo-cf-support/build/apps/plugins/imageviewer/ppm/ppm.o

.rodata         0x0000000001fff940      0x242
 *(.rodata*)
 .rodata        0x0000000001fff940       0x14 /home/jbrawley/Desktop/rockbox-photo-cf-support/build/apps/plugins/imageviewer/ppm/ppm.o
                0x0000000001fff940                image_decoder
 .rodata.str1.1
                0x0000000001fff954       0x44 /home/jbrawley/Desktop/rockbox-photo-cf-support/build/apps/plugins/imageviewer/ppm/ppm.o
 .rodata.str1.1
                0x0000000001fff998      0x1ea /home/jbrawley/Desktop/rockbox-photo-cf-support/build/apps/plugins/imageviewer/ppm/ppm_decoder.o

.rel.dyn        0x0000000001fffb84        0x0
 .rel.iplt      0x0000000001fffb84        0x0 /home/jbrawley/Desktop/rockbox-photo-cf-support/build/apps/plugins/imageviewer/ppm/ppm.o

.data           0x0000000001fffb84        0x8
 *(.data*)
 .data          0x0000000001fffb84        0x8 /home/jbrawley/Desktop/rockbox-photo-cf-support/build/apps/plugins/imageviewer/ppm/ppm.o
                0x0000000001fffb84                rb
                0x0000000001fffb88                iv

.igot.plt       0x0000000001fffb8c        0x0
 .igot.plt      0x0000000001fffb8c        0x0 /home/jbrawley/Desktop/rockbox-photo-cf-support/build/apps/plugins/imageviewer/ppm/ppm.o

.ncdata         0x0000000011fffb8c        0x4 load address 0x0000000001fffb8c
                0x0000000011fffb90                . = ALIGN (0x10)
 *fill*         0x0000000011fffb8c        0x4 
 *(.ncdata*)
                0x0000000011fffb90                . = ALIGN (0x10)
                0x0000000001fffb90                bssaddr = (. - 0x10000000)
                0x0000000001fffb90                iramcopy = (. - 0x10000000)

/DISCARD/
 *(.eh_frame)

.bss            0x0000000001fffb90       0x64
                0x0000000001fffb90                plugin_bss_start = .
                0x0000000001fffb90                _plugin_bss_start = .
 *(.bss*)
 .bss           0x0000000001fffb90       0x64 /home/jbrawley/Desktop/rockbox-photo-cf-support/build/apps/plugins/imageviewer/ppm/ppm.o
 *(COMMON)
                0x0000000001fffbf4                . = ALIGN (0x4)

.ncbss          0x0000000011fffbf4        0xc load address 0x0000000001fffbf4
                0x0000000011fffc00                . = ALIGN (0x10)
 *fill*         0x0000000011fffbf4        0xc 
 *(.ncbss*)
                0x0000000011fffc00                . = ALIGN (0x10)
                0x0000000001fffc00                pluginendaddr = (. - 0x10000000)

.pluginend      0x0000000001fffc00        0x0
                0x0000000001fffc00                _plugin_end_addr = .
                0x0000000001fffc00                plugin_end_addr = .

.iram           0x000000004000c000        0x0 load address 0x0000000001fffb90
                0x000000004000c000                iramstart = .
 *(.icode)
 *(.irodata)
 *(.idata)
                0x000000004000c000                iramend = .

.ibss           0x000000004000c000        0x0
                0x000000004000c000                iedata = .
 *(.ibss)
                0x000000004000c000                . = ALIGN (0x4)
                0x000000004000c000                iend = .
                0x0000000001fffc00                loadendaddr = MAX (plugin_end_addr, (LOADADDR (.iram) + SIZEOF (.iram)))

.pluginloadend  0x0000000001fffc00        0x0
                0x0000000001fffc00                _plugin_load_end_addr = .
                0x0000000001fffc00                plugin_load_end_addr = .

.comment        0x0000000000000000       0x11
 *(.comment)
 .comment       0x0000000000000000       0x11 /home/jbrawley/Desktop/rockbox-photo-cf-support/build/apps/plugins/imageviewer/ppm/ppm.o
                                         0x12 (size before relaxing)
 .comment       0x0000000000000011       0x12 /home/jbrawley/Desktop/rockbox-photo-cf-support/build/apps/plugins/imageviewer/ppm/ppm_decoder.o
 .comment       0x0000000000000011       0x12 /home/jbrawley/Desktop/rockbox-photo-cf-support/build/apps/plugins/libplugin.a(gcc-support.o)
 .comment       0x0000000000000011       0x12 /home/jbrawley/Desktop/rockbox-photo-cf-support/build/apps/plugins/libplugin.a(bmp_smooth_scale.o)
OUTPUT(/home/jbrawley/Desktop/rockbox-photo-cf-support/build/apps/plugins/imageviewer/ppm/ppm.elf elf32-littlearm)

.ARM.attributes
                0x0000000000000000       0x30
 .ARM.attributes
                0x0000000000000000       0x30 /home/jbrawley/Desktop/rockbox-photo-cf-support/build/apps/plugins/imageviewer/ppm/ppm.o
 .ARM.attributes
                0x0000000000000030       0x30 /home/jbrawley/Desktop/rockbox-photo-cf-support/build/apps/plugins/imageviewer/ppm/ppm_decoder.o
 .ARM.attributes
                0x0000000000000060       0x30 /home/jbrawley/Desktop/rockbox-photo-cf-support/build/apps/plugins/libplugin.a(gcc-support.o)
 .ARM.attributes
                0x0000000000000090       0x30 /home/jbrawley/Desktop/rockbox-photo-cf-support/build/apps/plugins/libplugin.a(bmp_smooth_scale.o)
 .ARM.attributes
                0x00000000000000c0       0x18 /usr/local/lib/gcc/arm-elf-eabi/4.9.4/libgcc.a(_divsi3.o)
 .ARM.attributes
                0x00000000000000d8       0x18 /usr/local/lib/gcc/arm-elf-eabi/4.9.4/libgcc.a(_dvmd_tls.o)

.debug_frame    0x0000000000000000       0x20
 .debug_frame   0x0000000000000000       0x20 /usr/local/lib/gcc/arm-elf-eabi/4.9.4/libgcc.a(_divsi3.o)

.debug_line     0x0000000000000000       0xeb
 .debug_line    0x0000000000000000       0x8a /usr/local/lib/gcc/arm-elf-eabi/4.9.4/libgcc.a(_divsi3.o)
 .debug_line    0x000000000000008a       0x61 /usr/local/lib/gcc/arm-elf-eabi/4.9.4/libgcc.a(_dvmd_tls.o)

.debug_info     0x0000000000000000      0x110
 .debug_info    0x0000000000000000       0x88 /usr/local/lib/gcc/arm-elf-eabi/4.9.4/libgcc.a(_divsi3.o)
 .debug_info    0x0000000000000088       0x88 /usr/local/lib/gcc/arm-elf-eabi/4.9.4/libgcc.a(_dvmd_tls.o)

.debug_abbrev   0x0000000000000000       0x28
 .debug_abbrev  0x0000000000000000       0x14 /usr/local/lib/gcc/arm-elf-eabi/4.9.4/libgcc.a(_divsi3.o)
 .debug_abbrev  0x0000000000000014       0x14 /usr/local/lib/gcc/arm-elf-eabi/4.9.4/libgcc.a(_dvmd_tls.o)

.debug_aranges  0x0000000000000000       0x40
 .debug_aranges
                0x0000000000000000       0x20 /usr/local/lib/gcc/arm-elf-eabi/4.9.4/libgcc.a(_divsi3.o)
 .debug_aranges
                0x0000000000000020       0x20 /usr/local/lib/gcc/arm-elf-eabi/4.9.4/libgcc.a(_dvmd_tls.o)
