Archive member included to satisfy reference by file (symbol)

/home/jbrawley/Desktop/rockbox-photo-cf-support/build/lib/libtlsf.a(tlsf.o)
                              /home/jbrawley/Desktop/rockbox-photo-cf-support/build/apps/plugins/sdl/main.o (init_memory_pool)
/home/jbrawley/Desktop/rockbox-photo-cf-support/build/apps/plugins/libplugin.a(gcc-support.o)
                              /home/jbrawley/Desktop/rockbox-photo-cf-support/build/apps/plugins/sdl/src/audio/SDL_audio.o (memcpy)
/home/jbrawley/Desktop/rockbox-photo-cf-support/build/apps/plugins/libplugin.a(helper.o)
                              /home/jbrawley/Desktop/rockbox-photo-cf-support/build/apps/plugins/sdl/main.o (backlight_ignore_timeout)
/home/jbrawley/Desktop/rockbox-photo-cf-support/build/apps/plugins/libplugin.a(strncpy.o)
                              /home/jbrawley/Desktop/rockbox-photo-cf-support/build/apps/plugins/sdl/SDL_mixer/timidity/common.o (strncpy)
/home/jbrawley/Desktop/rockbox-photo-cf-support/build/apps/plugins/libplugin.a(stdio_compat.o)
                              /home/jbrawley/Desktop/rockbox-photo-cf-support/build/apps/plugins/sdl/src/file/SDL_rwops.o (_fopen_)
/home/jbrawley/Desktop/rockbox-photo-cf-support/build/apps/plugins/libplugin.a(pluginlib_bmp.o)
                              /home/jbrawley/Desktop/rockbox-photo-cf-support/build/apps/plugins/sdl/src/video/rockbox/SDL_rockboxvideo.o (simple_resize_bitmap)
/home/jbrawley/Desktop/rockbox-photo-cf-support/build/apps/plugins/libplugin.a(pluginlib_resize.o)
                              /home/jbrawley/Desktop/rockbox-photo-cf-support/build/apps/plugins/libplugin.a(pluginlib_bmp.o) (recalc_dimension)
/home/jbrawley/Desktop/rockbox-photo-cf-support/build/lib/libsetjmp.a(setjmp.o)
                              /home/jbrawley/Desktop/rockbox-photo-cf-support/build/apps/plugins/plugin_crt0.o (setjmp)
/home/jbrawley/Desktop/rockbox-photo-cf-support/build/lib/libfixedpoint.a(fixedpoint.o)
                              /home/jbrawley/Desktop/rockbox-photo-cf-support/build/apps/plugins/sdl/wrappers.o (fp_sincos)
/usr/local/lib/gcc/arm-elf-eabi/4.9.4/libgcc.a(_udivsi3.o)
                              /home/jbrawley/Desktop/rockbox-photo-cf-support/build/apps/plugins/sdl/src/file/SDL_rwops.o (__aeabi_uidiv)
/usr/local/lib/gcc/arm-elf-eabi/4.9.4/libgcc.a(_divsi3.o)
                              /home/jbrawley/Desktop/rockbox-photo-cf-support/build/apps/plugins/sdl/src/audio/SDL_audio.o (__aeabi_idiv)
/usr/local/lib/gcc/arm-elf-eabi/4.9.4/libgcc.a(_dvmd_tls.o)
                              /usr/local/lib/gcc/arm-elf-eabi/4.9.4/libgcc.a(_udivsi3.o) (__aeabi_idiv0)
/usr/local/lib/gcc/arm-elf-eabi/4.9.4/libgcc.a(_ashrdi3.o)
                              /home/jbrawley/Desktop/rockbox-photo-cf-support/build/lib/libfixedpoint.a(fixedpoint.o) (__aeabi_lasr)
/usr/local/lib/gcc/arm-elf-eabi/4.9.4/libgcc.a(_ashldi3.o)
                              /home/jbrawley/Desktop/rockbox-photo-cf-support/build/lib/libfixedpoint.a(fixedpoint.o) (__aeabi_llsl)
/usr/local/lib/gcc/arm-elf-eabi/4.9.4/libgcc.a(_arm_addsubdf3.o)
                              /home/jbrawley/Desktop/rockbox-photo-cf-support/build/apps/plugins/sdl/wrappers.o (__aeabi_dsub)
/usr/local/lib/gcc/arm-elf-eabi/4.9.4/libgcc.a(_arm_muldivdf3.o)
                              /home/jbrawley/Desktop/rockbox-photo-cf-support/build/apps/plugins/sdl/wrappers.o (__aeabi_dmul)
/usr/local/lib/gcc/arm-elf-eabi/4.9.4/libgcc.a(_arm_cmpdf2.o)
                              /home/jbrawley/Desktop/rockbox-photo-cf-support/build/apps/plugins/sdl/wrappers.o (__aeabi_dcmpeq)
/usr/local/lib/gcc/arm-elf-eabi/4.9.4/libgcc.a(_arm_fixdfsi.o)
                              /home/jbrawley/Desktop/rockbox-photo-cf-support/build/apps/plugins/sdl/wrappers.o (__aeabi_d2iz)
/usr/local/lib/gcc/arm-elf-eabi/4.9.4/libgcc.a(_arm_fixunsdfsi.o)
                              /home/jbrawley/Desktop/rockbox-photo-cf-support/build/apps/plugins/sdl/wrappers.o (__aeabi_d2uiz)
/usr/local/lib/gcc/arm-elf-eabi/4.9.4/libgcc.a(_arm_truncdfsf2.o)
                              /home/jbrawley/Desktop/rockbox-photo-cf-support/build/apps/plugins/sdl/wrappers.o (__aeabi_d2f)
/usr/local/lib/gcc/arm-elf-eabi/4.9.4/libgcc.a(_arm_addsubsf3.o)
                              /home/jbrawley/Desktop/rockbox-photo-cf-support/build/apps/plugins/sdl/wrappers.o (__aeabi_fsub)
/usr/local/lib/gcc/arm-elf-eabi/4.9.4/libgcc.a(_arm_muldivsf3.o)
                              /home/jbrawley/Desktop/rockbox-photo-cf-support/build/apps/plugins/sdl/wrappers.o (__aeabi_fmul)
/usr/local/lib/gcc/arm-elf-eabi/4.9.4/libgcc.a(_arm_cmpsf2.o)
                              /home/jbrawley/Desktop/rockbox-photo-cf-support/build/apps/plugins/sdl/wrappers.o (__aeabi_fcmpeq)
/usr/local/lib/gcc/arm-elf-eabi/4.9.4/libgcc.a(_arm_fixsfsi.o)
                              /home/jbrawley/Desktop/rockbox-photo-cf-support/build/apps/plugins/sdl/wrappers.o (__aeabi_f2iz)
[...]
Memory Configuration

Name             Origin             Length             Attributes
PLUGIN_RAM       0x00000000019e0e50 0x000000000049f1b0
PLUGIN_IRAM      0x000000004000c000 0x000000000000c000
*default*        0x0000000000000000 0xffffffffffffffff

Linker script and memory map

LOAD /home/jbrawley/Desktop/rockbox-photo-cf-support/build/apps/plugins/sdl/main.o
LOAD /home/jbrawley/Desktop/rockbox-photo-cf-support/build/apps/plugins/sdl/wrappers.o
LOAD /home/jbrawley/Desktop/rockbox-photo-cf-support/build/apps/plugins/sdl/src/SDL.o
LOAD /home/jbrawley/Desktop/rockbox-photo-cf-support/build/apps/plugins/sdl/src/SDL_error.o
LOAD /home/jbrawley/Desktop/rockbox-photo-cf-support/build/apps/plugins/sdl/src/SDL_fatal.o
LOAD /home/jbrawley/Desktop/rockbox-photo-cf-support/build/apps/plugins/sdl/src/audio/SDL_audio.o
LOAD /home/jbrawley/Desktop/rockbox-photo-cf-support/build/apps/plugins/sdl/src/audio/SDL_audiocvt.o
LOAD /home/jbrawley/Desktop/rockbox-photo-cf-support/build/apps/plugins/sdl/src/audio/SDL_audiodev.o
LOAD /home/jbrawley/Desktop/rockbox-photo-cf-support/build/apps/plugins/sdl/src/audio/SDL_mixer.o
LOAD /home/jbrawley/Desktop/rockbox-photo-cf-support/build/apps/plugins/sdl/src/audio/SDL_mixer_MMX.o
LOAD /home/jbrawley/Desktop/rockbox-photo-cf-support/build/apps/plugins/sdl/src/audio/SDL_mixer_MMX_VC.o
LOAD /home/jbrawley/Desktop/rockbox-photo-cf-support/build/apps/plugins/sdl/src/audio/SDL_mixer_m68k.o
LOAD /home/jbrawley/Desktop/rockbox-photo-cf-support/build/apps/plugins/sdl/src/audio/SDL_wave.o
LOAD /home/jbrawley/Desktop/rockbox-photo-cf-support/build/apps/plugins/sdl/src/audio/rockbox/SDL_rockboxaudio.o
LOAD /home/jbrawley/Desktop/rockbox-photo-cf-support/build/apps/plugins/sdl/src/cdrom/SDL_cdrom.o
LOAD /home/jbrawley/Desktop/rockbox-photo-cf-support/build/apps/plugins/sdl/src/cdrom/dummy/SDL_syscdrom.o
LOAD /home/jbrawley/Desktop/rockbox-photo-cf-support/build/apps/plugins/sdl/src/cpuinfo/SDL_cpuinfo.o
LOAD /home/jbrawley/Desktop/rockbox-photo-cf-support/build/apps/plugins/sdl/src/events/SDL_active.o
LOAD /home/jbrawley/Desktop/rockbox-photo-cf-support/build/apps/plugins/sdl/src/events/SDL_events.o
LOAD /home/jbrawley/Desktop/rockbox-photo-cf-support/build/apps/plugins/sdl/src/events/SDL_expose.o
LOAD /home/jbrawley/Desktop/rockbox-photo-cf-support/build/apps/plugins/sdl/src/events/SDL_keyboard.o
LOAD /home/jbrawley/Desktop/rockbox-photo-cf-support/build/apps/plugins/sdl/src/events/SDL_mouse.o
LOAD /home/jbrawley/Desktop/rockbox-photo-cf-support/build/apps/plugins/sdl/src/events/SDL_quit.o
LOAD /home/jbrawley/Desktop/rockbox-photo-cf-support/build/apps/plugins/sdl/src/events/SDL_resize.o
LOAD /home/jbrawley/Desktop/rockbox-photo-cf-support/build/apps/plugins/sdl/src/file/SDL_rwops.o
LOAD /home/jbrawley/Desktop/rockbox-photo-cf-support/build/apps/plugins/sdl/src/joystick/SDL_joystick.o
LOAD /home/jbrawley/Desktop/rockbox-photo-cf-support/build/apps/plugins/sdl/src/joystick/dummy/SDL_sysjoystick.o
LOAD /home/jbrawley/Desktop/rockbox-photo-cf-support/build/apps/plugins/sdl/src/loadso/dummy/SDL_sysloadso.o
LOAD /home/jbrawley/Desktop/rockbox-photo-cf-support/build/apps/plugins/sdl/src/stdlib/SDL_getenv.o
LOAD /home/jbrawley/Desktop/rockbox-photo-cf-support/build/apps/plugins/sdl/src/stdlib/SDL_iconv.o
LOAD /home/jbrawley/Desktop/rockbox-photo-cf-support/build/apps/plugins/sdl/src/stdlib/SDL_malloc.o
LOAD /home/jbrawley/Desktop/rockbox-photo-cf-support/build/apps/plugins/sdl/src/stdlib/SDL_qsort.o
LOAD /home/jbrawley/Desktop/rockbox-photo-cf-support/build/apps/plugins/sdl/src/stdlib/SDL_stdlib.o
LOAD /home/jbrawley/Desktop/rockbox-photo-cf-support/build/apps/plugins/sdl/src/stdlib/SDL_string.o
LOAD /home/jbrawley/Desktop/rockbox-photo-cf-support/build/apps/plugins/sdl/src/thread/SDL_thread.o
LOAD /home/jbrawley/Desktop/rockbox-photo-cf-support/build/apps/plugins/sdl/src/thread/rockbox/SDL_syscond.o
LOAD /home/jbrawley/Desktop/rockbox-photo-cf-support/build/apps/plugins/sdl/src/thread/rockbox/SDL_sysmutex.o
LOAD /home/jbrawley/Desktop/rockbox-photo-cf-support/build/apps/plugins/sdl/src/thread/rockbox/SDL_syssem.o
LOAD /home/jbrawley/Desktop/rockbox-photo-cf-support/build/apps/plugins/sdl/src/thread/rockbox/SDL_systhread.o
LOAD /home/jbrawley/Desktop/rockbox-photo-cf-support/build/apps/plugins/sdl/src/timer/SDL_timer.o
LOAD /home/jbrawley/Desktop/rockbox-photo-cf-support/build/apps/plugins/sdl/src/timer/rockbox/SDL_systimer.o
LOAD /home/jbrawley/Desktop/rockbox-photo-cf-support/build/apps/plugins/sdl/src/video/SDL_RLEaccel.o
LOAD /home/jbrawley/Desktop/rockbox-photo-cf-support/build/apps/plugins/sdl/src/video/SDL_blit.o
LOAD /home/jbrawley/Desktop/rockbox-photo-cf-support/build/apps/plugins/sdl/src/video/SDL_blit_0.o
LOAD /home/jbrawley/Desktop/rockbox-photo-cf-support/build/apps/plugins/sdl/src/video/SDL_blit_1.o
LOAD /home/jbrawley/Desktop/rockbox-photo-cf-support/build/apps/plugins/sdl/src/video/SDL_blit_A.o
LOAD /home/jbrawley/Desktop/rockbox-photo-cf-support/build/apps/plugins/sdl/src/video/SDL_blit_N.o
LOAD /home/jbrawley/Desktop/rockbox-photo-cf-support/build/apps/plugins/sdl/src/video/SDL_bmp.o
LOAD /home/jbrawley/Desktop/rockbox-photo-cf-support/build/apps/plugins/sdl/src/video/SDL_cursor.o
LOAD /home/jbrawley/Desktop/rockbox-photo-cf-support/build/apps/plugins/sdl/src/video/SDL_gamma.o
LOAD /home/jbrawley/Desktop/rockbox-photo-cf-support/build/apps/plugins/sdl/src/video/SDL_pixels.o
LOAD /home/jbrawley/Desktop/rockbox-photo-cf-support/build/apps/plugins/sdl/src/video/SDL_stretch.o
LOAD /home/jbrawley/Desktop/rockbox-photo-cf-support/build/apps/plugins/sdl/src/video/SDL_surface.o
LOAD /home/jbrawley/Desktop/rockbox-photo-cf-support/build/apps/plugins/sdl/src/video/SDL_video.o
LOAD /home/jbrawley/Desktop/rockbox-photo-cf-support/build/apps/plugins/sdl/src/video/SDL_yuv.o
LOAD /home/jbrawley/Desktop/rockbox-photo-cf-support/build/apps/plugins/sdl/src/video/SDL_yuv_mmx.o
LOAD /home/jbrawley/Desktop/rockbox-photo-cf-support/build/apps/plugins/sdl/src/video/SDL_yuv_sw.o
LOAD /home/jbrawley/Desktop/rockbox-photo-cf-support/build/apps/plugins/sdl/src/video/dummy/SDL_nullevents.o
LOAD /home/jbrawley/Desktop/rockbox-photo-cf-support/build/apps/plugins/sdl/src/video/dummy/SDL_nullmouse.o
LOAD /home/jbrawley/Desktop/rockbox-photo-cf-support/build/apps/plugins/sdl/src/video/dummy/SDL_nullvideo.o
LOAD /home/jbrawley/Desktop/rockbox-photo-cf-support/build/apps/plugins/sdl/src/video/rockbox/SDL_rockboxvideo.o
LOAD /home/jbrawley/Desktop/rockbox-photo-cf-support/build/apps/plugins/sdl/SDL_image/IMG_bmp.o
LOAD /home/jbrawley/Desktop/rockbox-photo-cf-support/build/apps/plugins/sdl/SDL_image/IMG.o
LOAD /home/jbrawley/Desktop/rockbox-photo-cf-support/build/apps/plugins/sdl/SDL_image/IMG_gif.o
LOAD /home/jbrawley/Desktop/rockbox-photo-cf-support/build/apps/plugins/sdl/SDL_image/IMG_jpg.o
LOAD /home/jbrawley/Desktop/rockbox-photo-cf-support/build/apps/plugins/sdl/SDL_image/IMG_lbm.o
LOAD /home/jbrawley/Desktop/rockbox-photo-cf-support/build/apps/plugins/sdl/SDL_image/IMG_pcx.o
LOAD /home/jbrawley/Desktop/rockbox-photo-cf-support/build/apps/plugins/sdl/SDL_image/IMG_png.o
LOAD /home/jbrawley/Desktop/rockbox-photo-cf-support/build/apps/plugins/sdl/SDL_image/IMG_pnm.o
LOAD /home/jbrawley/Desktop/rockbox-photo-cf-support/build/apps/plugins/sdl/SDL_image/IMG_tga.o
LOAD /home/jbrawley/Desktop/rockbox-photo-cf-support/build/apps/plugins/sdl/SDL_image/IMG_tif.o
LOAD /home/jbrawley/Desktop/rockbox-photo-cf-support/build/apps/plugins/sdl/SDL_image/IMG_webp.o
LOAD /home/jbrawley/Desktop/rockbox-photo-cf-support/build/apps/plugins/sdl/SDL_image/IMG_xcf.o
LOAD /home/jbrawley/Desktop/rockbox-photo-cf-support/build/apps/plugins/sdl/SDL_image/IMG_xpm.o
LOAD /home/jbrawley/Desktop/rockbox-photo-cf-support/build/apps/plugins/sdl/SDL_image/IMG_xv.o
LOAD /home/jbrawley/Desktop/rockbox-photo-cf-support/build/apps/plugins/sdl/SDL_image/IMG_xxx.o
LOAD /home/jbrawley/Desktop/rockbox-photo-cf-support/build/apps/plugins/sdl/SDL_mixer/dynamic_flac.o
LOAD /home/jbrawley/Desktop/rockbox-photo-cf-support/build/apps/plugins/sdl/SDL_mixer/dynamic_fluidsynth.o
LOAD /home/jbrawley/Desktop/rockbox-photo-cf-support/build/apps/plugins/sdl/SDL_mixer/dynamic_mod.o
LOAD /home/jbrawley/Desktop/rockbox-photo-cf-support/build/apps/plugins/sdl/SDL_mixer/dynamic_mp3.o
LOAD /home/jbrawley/Desktop/rockbox-photo-cf-support/build/apps/plugins/sdl/SDL_mixer/dynamic_ogg.o
LOAD /home/jbrawley/Desktop/rockbox-photo-cf-support/build/apps/plugins/sdl/SDL_mixer/effect_position.o
LOAD /home/jbrawley/Desktop/rockbox-photo-cf-support/build/apps/plugins/sdl/SDL_mixer/effects_internal.o
LOAD /home/jbrawley/Desktop/rockbox-photo-cf-support/build/apps/plugins/sdl/SDL_mixer/effect_stereoreverse.o
LOAD /home/jbrawley/Desktop/rockbox-photo-cf-support/build/apps/plugins/sdl/SDL_mixer/fluidsynth.o
LOAD /home/jbrawley/Desktop/rockbox-photo-cf-support/build/apps/plugins/sdl/SDL_mixer/load_aiff.o
LOAD /home/jbrawley/Desktop/rockbox-photo-cf-support/build/apps/plugins/sdl/SDL_mixer/load_flac.o
LOAD /home/jbrawley/Desktop/rockbox-photo-cf-support/build/apps/plugins/sdl/SDL_mixer/load_ogg.o
LOAD /home/jbrawley/Desktop/rockbox-photo-cf-support/build/apps/plugins/sdl/SDL_mixer/load_voc.o
LOAD /home/jbrawley/Desktop/rockbox-photo-cf-support/build/apps/plugins/sdl/SDL_mixer/mixer.o
LOAD /home/jbrawley/Desktop/rockbox-photo-cf-support/build/apps/plugins/sdl/SDL_mixer/music.o
LOAD /home/jbrawley/Desktop/rockbox-photo-cf-support/build/apps/plugins/sdl/SDL_mixer/music_cmd.o
LOAD /home/jbrawley/Desktop/rockbox-photo-cf-support/build/apps/plugins/sdl/SDL_mixer/music_flac.o
LOAD /home/jbrawley/Desktop/rockbox-photo-cf-support/build/apps/plugins/sdl/SDL_mixer/music_mad.o
LOAD /home/jbrawley/Desktop/rockbox-photo-cf-support/build/apps/plugins/sdl/SDL_mixer/music_mod.o
LOAD /home/jbrawley/Desktop/rockbox-photo-cf-support/build/apps/plugins/sdl/SDL_mixer/music_modplug.o
LOAD /home/jbrawley/Desktop/rockbox-photo-cf-support/build/apps/plugins/sdl/SDL_mixer/music_ogg.o
LOAD /home/jbrawley/Desktop/rockbox-photo-cf-support/build/apps/plugins/sdl/SDL_mixer/wavestream.o
LOAD /home/jbrawley/Desktop/rockbox-photo-cf-support/build/apps/plugins/sdl/SDL_mixer/timidity/common.o
LOAD /home/jbrawley/Desktop/rockbox-photo-cf-support/build/apps/plugins/sdl/SDL_mixer/timidity/ctrlmode.o
LOAD /home/jbrawley/Desktop/rockbox-photo-cf-support/build/apps/plugins/sdl/SDL_mixer/timidity/filter.o
LOAD /home/jbrawley/Desktop/rockbox-photo-cf-support/build/apps/plugins/sdl/SDL_mixer/timidity/instrum.o
LOAD /home/jbrawley/Desktop/rockbox-photo-cf-support/build/apps/plugins/sdl/SDL_mixer/timidity/mix.o
LOAD /home/jbrawley/Desktop/rockbox-photo-cf-support/build/apps/plugins/sdl/SDL_mixer/timidity/output.o
LOAD /home/jbrawley/Desktop/rockbox-photo-cf-support/build/apps/plugins/sdl/SDL_mixer/timidity/playmidi.o
LOAD /home/jbrawley/Desktop/rockbox-photo-cf-support/build/apps/plugins/sdl/SDL_mixer/timidity/readmidi.o
LOAD /home/jbrawley/Desktop/rockbox-photo-cf-support/build/apps/plugins/sdl/SDL_mixer/timidity/resample.o
LOAD /home/jbrawley/Desktop/rockbox-photo-cf-support/build/apps/plugins/sdl/SDL_mixer/timidity/sdl_a.o
LOAD /home/jbrawley/Desktop/rockbox-photo-cf-support/build/apps/plugins/sdl/SDL_mixer/timidity/sdl_c.o
LOAD /home/jbrawley/Desktop/rockbox-photo-cf-support/build/apps/plugins/sdl/SDL_mixer/timidity/tables.o
LOAD /home/jbrawley/Desktop/rockbox-photo-cf-support/build/apps/plugins/sdl/SDL_mixer/timidity/timidity.o
LOAD /home/jbrawley/Desktop/rockbox-photo-cf-support/build/apps/plugins/sdl/progs/duke3d/Engine/src/cache.o
LOAD /home/jbrawley/Desktop/rockbox-photo-cf-support/build/apps/plugins/sdl/progs/duke3d/Engine/src/display.o
LOAD /home/jbrawley/Desktop/rockbox-photo-cf-support/build/apps/plugins/sdl/progs/duke3d/Engine/src/draw.o
LOAD /home/jbrawley/Desktop/rockbox-photo-cf-support/build/apps/plugins/sdl/progs/duke3d/Engine/src/dummy_multi.o
LOAD /home/jbrawley/Desktop/rockbox-photo-cf-support/build/apps/plugins/sdl/progs/duke3d/Engine/src/engine.o
LOAD /home/jbrawley/Desktop/rockbox-photo-cf-support/build/apps/plugins/sdl/progs/duke3d/Engine/src/filesystem.o
LOAD /home/jbrawley/Desktop/rockbox-photo-cf-support/build/apps/plugins/sdl/progs/duke3d/Engine/src/fixedPoint_math.o
LOAD /home/jbrawley/Desktop/rockbox-photo-cf-support/build/apps/plugins/sdl/progs/duke3d/Engine/src/icon.o
LOAD /home/jbrawley/Desktop/rockbox-photo-cf-support/build/apps/plugins/sdl/progs/duke3d/Engine/src/mmulti.o
LOAD /home/jbrawley/Desktop/rockbox-photo-cf-support/build/apps/plugins/sdl/progs/duke3d/Engine/src/network.o
LOAD /home/jbrawley/Desktop/rockbox-photo-cf-support/build/apps/plugins/sdl/progs/duke3d/Engine/src/tiles.o
LOAD /home/jbrawley/Desktop/rockbox-photo-cf-support/build/apps/plugins/sdl/progs/duke3d/Game/src/audiolib/fx_man.o
LOAD /home/jbrawley/Desktop/rockbox-photo-cf-support/build/apps/plugins/sdl/progs/duke3d/Game/src/audiolib/dsl.o
LOAD /home/jbrawley/Desktop/rockbox-photo-cf-support/build/apps/plugins/sdl/progs/duke3d/Game/src/audiolib/ll_man.o
LOAD /home/jbrawley/Desktop/rockbox-photo-cf-support/build/apps/plugins/sdl/progs/duke3d/Game/src/audiolib/multivoc.o
LOAD /home/jbrawley/Desktop/rockbox-photo-cf-support/build/apps/plugins/sdl/progs/duke3d/Game/src/audiolib/mv_mix.o
LOAD /home/jbrawley/Desktop/rockbox-photo-cf-support/build/apps/plugins/sdl/progs/duke3d/Game/src/audiolib/mvreverb.o
LOAD /home/jbrawley/Desktop/rockbox-photo-cf-support/build/apps/plugins/sdl/progs/duke3d/Game/src/audiolib/nodpmi.o
LOAD /home/jbrawley/Desktop/rockbox-photo-cf-support/build/apps/plugins/sdl/progs/duke3d/Game/src/audiolib/pitch.o
LOAD /home/jbrawley/Desktop/rockbox-photo-cf-support/build/apps/plugins/sdl/progs/duke3d/Game/src/audiolib/user.o
LOAD /home/jbrawley/Desktop/rockbox-photo-cf-support/build/apps/plugins/sdl/progs/duke3d/Game/src/audiolib/usrhooks.o
LOAD /home/jbrawley/Desktop/rockbox-photo-cf-support/build/apps/plugins/sdl/progs/duke3d/Game/src/actors.o
LOAD /home/jbrawley/Desktop/rockbox-photo-cf-support/build/apps/plugins/sdl/progs/duke3d/Game/src/animlib.o
LOAD /home/jbrawley/Desktop/rockbox-photo-cf-support/build/apps/plugins/sdl/progs/duke3d/Game/src/config.o
LOAD /home/jbrawley/Desktop/rockbox-photo-cf-support/build/apps/plugins/sdl/progs/duke3d/Game/src/console.o
LOAD /home/jbrawley/Desktop/rockbox-photo-cf-support/build/apps/plugins/sdl/progs/duke3d/Game/src/control.o
LOAD /home/jbrawley/Desktop/rockbox-photo-cf-support/build/apps/plugins/sdl/progs/duke3d/Game/src/cvar_defs.o
LOAD /home/jbrawley/Desktop/rockbox-photo-cf-support/build/apps/plugins/sdl/progs/duke3d/Game/src/cvars.o
LOAD /home/jbrawley/Desktop/rockbox-photo-cf-support/build/apps/plugins/sdl/progs/duke3d/Game/src/dummy_audiolib.o
LOAD /home/jbrawley/Desktop/rockbox-photo-cf-support/build/apps/plugins/sdl/progs/duke3d/Game/src/game.o
LOAD /home/jbrawley/Desktop/rockbox-photo-cf-support/build/apps/plugins/sdl/progs/duke3d/Game/src/gamedef.o
LOAD /home/jbrawley/Desktop/rockbox-photo-cf-support/build/apps/plugins/sdl/progs/duke3d/Game/src/global.o
LOAD /home/jbrawley/Desktop/rockbox-photo-cf-support/build/apps/plugins/sdl/progs/duke3d/Game/src/keyboard.o
LOAD /home/jbrawley/Desktop/rockbox-photo-cf-support/build/apps/plugins/sdl/progs/duke3d/Game/src/menues.o
LOAD /home/jbrawley/Desktop/rockbox-photo-cf-support/build/apps/plugins/sdl/progs/duke3d/Game/src/midi/sdl_midi.o
LOAD /home/jbrawley/Desktop/rockbox-photo-cf-support/build/apps/plugins/sdl/progs/duke3d/Game/src/player.o
LOAD /home/jbrawley/Desktop/rockbox-photo-cf-support/build/apps/plugins/sdl/progs/duke3d/Game/src/premap.o
LOAD /home/jbrawley/Desktop/rockbox-photo-cf-support/build/apps/plugins/sdl/progs/duke3d/Game/src/rts.o
LOAD /home/jbrawley/Desktop/rockbox-photo-cf-support/build/apps/plugins/sdl/progs/duke3d/Game/src/scriplib.o
LOAD /home/jbrawley/Desktop/rockbox-photo-cf-support/build/apps/plugins/sdl/progs/duke3d/Game/src/sector.o
LOAD /home/jbrawley/Desktop/rockbox-photo-cf-support/build/apps/plugins/sdl/progs/duke3d/Game/src/sounds.o
LOAD /home/jbrawley/Desktop/rockbox-photo-cf-support/build/apps/plugins/plugin_crt0.o
LOAD /home/jbrawley/Desktop/rockbox-photo-cf-support/build/lib/libtlsf.a
LOAD /home/jbrawley/Desktop/rockbox-photo-cf-support/build/apps/plugins/libplugin.a
LOAD /home/jbrawley/Desktop/rockbox-photo-cf-support/build/apps/plugins/bitmaps/libpluginbitmaps.a
LOAD /home/jbrawley/Desktop/rockbox-photo-cf-support/build/lib/libsetjmp.a
LOAD /home/jbrawley/Desktop/rockbox-photo-cf-support/build/lib/libfixedpoint.a
LOAD /usr/local/lib/gcc/arm-elf-eabi/4.9.4/libgcc.a

.header         0x00000000019e0e50       0x1c
                0x00000000019e0e50                _plugin_start_addr = .
                0x00000000019e0e50                plugin_start_addr = .
 *(.header)
 .header        0x00000000019e0e50       0x1c /home/jbrawley/Desktop/rockbox-photo-cf-support/build/apps/plugins/plugin_crt0.o
                0x00000000019e0e50                __header

.text           0x00000000019e0e70   0x14482c
 *(.text*)
 .text          0x00000000019e0e70      0x30c /home/jbrawley/Desktop/rockbox-photo-cf-support/build/apps/plugins/sdl/main.o
                0x00000000019e0e70                cleanup
                0x00000000019e0f68                rbsdl_atexit
                0x00000000019e0fb4                rb_exit
                0x00000000019e0ff8                plugin_start
 *fill*         0x00000000019e117c        0x4 
 .text          0x00000000019e1180     0x1b10 /home/jbrawley/Desktop/rockbox-photo-cf-support/build/apps/plugins/sdl/wrappers.o
                0x00000000019e1180                strtok_wrapper
                0x00000000019e119c                atof_wrapper
                0x00000000019e14e4                sin_wrapper
                0x00000000019e1614                cos_wrapper
                0x00000000019e174c                tan_wrapper
                0x00000000019e19b4                fscanf_wrapper
                0x00000000019e1ad0                printf_wrapper
                0x00000000019e1c40                fatal
                0x00000000019e1cd8                vprintf_wrapper
                0x00000000019e1d24                sprintf_wrapper
                0x00000000019e1d70                vsprintf_wrapper
                0x00000000019e1d94                strcpy_wrapper
                0x00000000019e1dc8                strdup_wrapper
                0x00000000019e1e1c                strcat_wrapper
                0x00000000019e1e50                strpbrk_wrapper
                0x00000000019e1eac                fabs_wrapper
                0x00000000019e1eb4                fmod_wrapper
                0x00000000019e1ee8                sqrt_wrapper
                0x00000000019e20c4                atan_wrapper
                0x00000000019e23cc                atan2_wrapper
                0x00000000019e2560                __fpclassifyf
                0x00000000019e25ac                __isinff
                0x00000000019e25c4                rb_exp
                0x00000000019e2778                floor_wrapper
                0x00000000019e27f4                ceil_wrapper
                0x00000000019e287c                rb_log
                0x00000000019e2b9c                pow_wrapper
 .text          0x00000000019e2c90      0x38c /home/jbrawley/Desktop/rockbox-photo-cf-support/build/apps/plugins/sdl/src/SDL.o
                0x00000000019e2c90                rb_SDL_InitSubSystem
                0x00000000019e2dc4                rb_SDL_Init
                0x00000000019e2f08                rb_SDL_QuitSubSystem
                0x00000000019e2f80                rb_SDL_WasInit
                0x00000000019e2fa4                rb_SDL_Quit
                0x00000000019e3010                rb_SDL_Linked_Version
 .text          0x00000000019e301c      0x564 /home/jbrawley/Desktop/rockbox-photo-cf-support/build/apps/plugins/sdl/src/SDL_error.o
                0x00000000019e301c                rb_SDL_SetError
                0x00000000019e3220                rb_SDL_GetErrorMsg
                0x00000000019e3500                rb_SDL_GetError
                0x00000000019e3510                rb_SDL_ClearError
                0x00000000019e3528                rb_SDL_Error
 .text          0x00000000019e3580        0x8 /home/jbrawley/Desktop/rockbox-photo-cf-support/build/apps/plugins/sdl/src/SDL_fatal.o
                0x00000000019e3580                rb_SDL_InstallParachute
                0x00000000019e3584                rb_SDL_UninstallParachute
 .text          0x00000000019e3588      0xb5c /home/jbrawley/Desktop/rockbox-photo-cf-support/build/apps/plugins/sdl/src/audio/SDL_audio.o
                0x00000000019e35f0                rb_SDL_RunAudio
                0x00000000019e37a4                rb_SDL_AudioDriverName
                0x00000000019e37f4                rb_SDL_OpenAudio
                0x00000000019e3d40                rb_SDL_GetAudioStatus
                0x00000000019e3d7c                rb_SDL_PauseAudio
                0x00000000019e3d94                rb_SDL_LockAudio
                0x00000000019e3db8                rb_SDL_UnlockAudio
                0x00000000019e3ddc                rb_SDL_CloseAudio
                0x00000000019e3df0                rb_SDL_AudioQuit
                0x00000000019e3e9c                rb_SDL_AudioInit
                0x00000000019e3f94                rb_SDL_FirstAudioFormat
                0x00000000019e4038                rb_SDL_NextAudioFormat
                0x00000000019e4084                rb_SDL_CalculateAudioSpec
                0x00000000019e40b8                rb_SDL_Audio_SetCaption
 *fill*         0x00000000019e40e4        0x4 
 .text          0x00000000019e40e8     0x7050 /home/jbrawley/Desktop/rockbox-photo-cf-support/build/apps/plugins/sdl/src/audio/SDL_audiocvt.o
                0x00000000019e40e8                rb_SDL_ConvertMono
                0x00000000019e4990                rb_SDL_ConvertStrip
                0x00000000019e5298                rb_SDL_ConvertStrip_2
                0x00000000019e5ba8                rb_SDL_ConvertStereo
                0x00000000019e5f4c                rb_SDL_ConvertSurround
                0x00000000019e6670                rb_SDL_ConvertSurround_4
                0x00000000019e6cc4                rb_SDL_Convert16LSB
                0x00000000019e6e54                rb_SDL_Convert16MSB
                0x00000000019e6ffc                rb_SDL_Convert8
                0x00000000019e7188                rb_SDL_ConvertSign
                0x00000000019e764c                rb_SDL_ConvertEndian
                0x00000000019e7830                rb_SDL_RateMUL2
                0x00000000019e7ba0                rb_SDL_RateMUL2_c2
                0x00000000019e7ed8                rb_SDL_RateMUL2_c4
                0x00000000019e82f8                rb_SDL_RateMUL2_c6
                0x00000000019e8624                rb_SDL_RateDIV2
                0x00000000019e8998                rb_SDL_RateDIV2_c2
                0x00000000019e8f14                rb_SDL_RateDIV2_c4
                0x00000000019e9664                rb_SDL_RateDIV2_c6
                0x00000000019e9cc0                rb_SDL_RateSLOW
                0x00000000019ea4cc                rb_SDL_ConvertAudio
                0x00000000019ea52c                rb_SDL_BuildAudioCVT
 .text          0x00000000019eb138      0x834 /home/jbrawley/Desktop/rockbox-photo-cf-support/build/apps/plugins/sdl/src/audio/SDL_mixer.o
                0x00000000019eb138                rb_SDL_MixAudio
 .text          0x00000000019eb96c      0xf50 /home/jbrawley/Desktop/rockbox-photo-cf-support/build/apps/plugins/sdl/src/audio/SDL_wave.o
                0x00000000019eba7c                rb_SDL_LoadWAV_RW
                0x00000000019ec8a4                rb_SDL_FreeWAV
 .text          0x00000000019ec8bc      0x9c0 /home/jbrawley/Desktop/rockbox-photo-cf-support/build/apps/plugins/sdl/src/audio/rockbox/SDL_rockboxaudio.o
 .text          0x00000000019ed27c      0x25c /home/jbrawley/Desktop/rockbox-photo-cf-support/build/apps/plugins/sdl/src/cpuinfo/SDL_cpuinfo.o
                0x00000000019ed27c                rb_SDL_HasRDTSC
                0x00000000019ed2c4                rb_SDL_HasMMX
                0x00000000019ed310                rb_SDL_HasMMXExt
                0x00000000019ed35c                rb_SDL_Has3DNow
                0x00000000019ed3a8                rb_SDL_Has3DNowExt
                0x00000000019ed3f4                rb_SDL_HasSSE
                0x00000000019ed440                rb_SDL_HasSSE2
                0x00000000019ed48c                rb_SDL_HasAltiVec
 .text          0x00000000019ed4d8      0x118 /home/jbrawley/Desktop/rockbox-photo-cf-support/build/apps/plugins/sdl/src/events/SDL_active.o
                0x00000000019ed4d8                rb_SDL_AppActiveInit
                0x00000000019ed4f0                rb_SDL_AppActiveQuit
                0x00000000019ed4f4                rb_SDL_GetAppState
                0x00000000019ed504                rb_SDL_PrivateAppActive
 .text          0x00000000019ed5f0     0x14e0 /home/jbrawley/Desktop/rockbox-photo-cf-support/build/apps/plugins/sdl/src/events/SDL_events.o
                0x00000000019ed6a0                rb_SDL_Lock_EventThread
                0x00000000019ed6f8                rb_SDL_Unlock_EventThread
                0x00000000019ed72c                rb_SDL_EventThreadID
                0x00000000019ed73c                rb_SDL_StopEventLoop
                0x00000000019ed7a8                rb_SDL_StartEventLoop
                0x00000000019ed930                rb_SDL_PeepEvents
                0x00000000019ede08                rb_SDL_PumpEvents
                0x00000000019ede54                rb_SDL_PollEvent
                0x00000000019edfe4                rb_SDL_WaitEvent
                0x00000000019ee1a8                rb_SDL_PushEvent
                0x00000000019ee290                rb_SDL_SetEventFilter
                0x00000000019ee420                rb_SDL_GetEventFilter
                0x00000000019ee430                rb_SDL_EventState
                0x00000000019ee98c                rb_SDL_PrivateSysWMEvent
 .text          0x00000000019eead0     0x1320 /home/jbrawley/Desktop/rockbox-photo-cf-support/build/apps/plugins/sdl/src/events/SDL_keyboard.o
                0x00000000019eead0                rb_SDL_KeyboardInit
                0x00000000019ef680                rb_SDL_KeyboardQuit
                0x00000000019ef684                rb_SDL_ResetKeyboard
                0x00000000019ef8cc                rb_SDL_EnableUNICODE
                0x00000000019ef8e4                rb_SDL_GetKeyState
                0x00000000019ef900                rb_SDL_GetModState
                0x00000000019ef910                rb_SDL_SetModState
                0x00000000019ef920                rb_SDL_GetKeyName
                0x00000000019ef95c                rb_SDL_PrivateKeyboard
                0x00000000019efcf8                rb_SDL_CheckKeyRepeat
                0x00000000019efd90                rb_SDL_EnableKeyRepeat
                0x00000000019efdd4                rb_SDL_GetKeyRepeat
 .text          0x00000000019efdf0      0x5dc /home/jbrawley/Desktop/rockbox-photo-cf-support/build/apps/plugins/sdl/src/events/SDL_mouse.o
                0x00000000019efdf0                rb_SDL_MouseInit
                0x00000000019efe20                rb_SDL_MouseQuit
                0x00000000019efe24                rb_SDL_ResetMouse
                0x00000000019eff04                rb_SDL_GetMouseState
                0x00000000019eff2c                rb_SDL_GetRelativeMouseState
                0x00000000019eff60                rb_SDL_SetMouseRange
                0x00000000019eff74                rb_SDL_PrivateMouseMotion
                0x00000000019f0188                rb_SDL_PrivateMouseButton
 .text          0x00000000019f03cc       0x7c /home/jbrawley/Desktop/rockbox-photo-cf-support/build/apps/plugins/sdl/src/events/SDL_quit.o
                0x00000000019f03cc                rb_SDL_QuitInit
                0x00000000019f03d4                rb_SDL_QuitQuit
                0x00000000019f03d8                rb_SDL_PrivateQuit
 .text          0x00000000019f0448       0xe4 /home/jbrawley/Desktop/rockbox-photo-cf-support/build/apps/plugins/sdl/src/events/SDL_resize.o
                0x00000000019f0448                rb_SDL_PrivateResize
 .text          0x00000000019f052c      0x820 /home/jbrawley/Desktop/rockbox-photo-cf-support/build/apps/plugins/sdl/src/file/SDL_rwops.o
                0x00000000019f0810                rb_SDL_RWFromFile
                0x00000000019f08f8                rb_SDL_RWFromFP
                0x00000000019f095c                rb_SDL_RWFromMem
                0x00000000019f09c8                rb_SDL_RWFromConstMem
                0x00000000019f0a34                rb_SDL_AllocRW
                0x00000000019f0a64                rb_SDL_FreeRW
                0x00000000019f0a74                rb_SDL_ReadLE16
                0x00000000019f0aa4                rb_SDL_ReadBE16
                0x00000000019f0ae4                rb_SDL_ReadLE32
                0x00000000019f0b14                rb_SDL_ReadBE32
                0x00000000019f0b54                rb_SDL_ReadLE64
                0x00000000019f0b84                rb_SDL_ReadBE64
                0x00000000019f0bd8                rb_SDL_WriteLE16
                0x00000000019f0c0c                rb_SDL_WriteBE16
                0x00000000019f0c48                rb_SDL_WriteLE32
                0x00000000019f0c7c                rb_SDL_WriteBE32
                0x00000000019f0cc0                rb_SDL_WriteLE64
                0x00000000019f0cf0                rb_SDL_WriteBE64
 .text          0x00000000019f0d4c      0xc08 /home/jbrawley/Desktop/rockbox-photo-cf-support/build/apps/plugins/sdl/src/joystick/SDL_joystick.o
                0x00000000019f0d4c                rb_SDL_JoystickInit
                0x00000000019f0db8                rb_SDL_NumJoysticks
                0x00000000019f0dc8                rb_SDL_JoystickName
                0x00000000019f0e14                rb_SDL_JoystickOpened
                0x00000000019f0e70                rb_SDL_JoystickIndex
                0x00000000019f0e9c                rb_SDL_JoystickNumAxes
                0x00000000019f0ec8                rb_SDL_JoystickNumHats
                0x00000000019f0ef4                rb_SDL_JoystickNumBalls
                0x00000000019f0f20                rb_SDL_JoystickNumButtons
                0x00000000019f0f4c                rb_SDL_JoystickGetAxis
                0x00000000019f0fb8                rb_SDL_JoystickGetHat
                0x00000000019f1010                rb_SDL_JoystickGetBall
                0x00000000019f1094                rb_SDL_JoystickGetButton
                0x00000000019f10ec                rb_SDL_JoystickClose
                0x00000000019f1200                rb_SDL_JoystickOpen
                0x00000000019f143c                rb_SDL_JoystickQuit
                0x00000000019f1594                rb_SDL_PrivateJoystickAxis
                0x00000000019f162c                rb_SDL_PrivateJoystickHat
                0x00000000019f16c0                rb_SDL_PrivateJoystickBall
                0x00000000019f1778                rb_SDL_PrivateJoystickButton
                0x00000000019f1828                rb_SDL_JoystickUpdate
                0x00000000019f1868                rb_SDL_JoystickEventState
 .text          0x00000000019f1954       0x5c /home/jbrawley/Desktop/rockbox-photo-cf-support/build/apps/plugins/sdl/src/joystick/dummy/SDL_sysjoystick.o
                0x00000000019f1954                rb_SDL_SYS_JoystickInit
                0x00000000019f196c                rb_SDL_SYS_JoystickName
                0x00000000019f1988                rb_SDL_SYS_JoystickOpen
                0x00000000019f19a4                rb_SDL_SYS_JoystickUpdate
                0x00000000019f19a8                rb_SDL_SYS_JoystickClose
                0x00000000019f19ac                rb_SDL_SYS_JoystickQuit
 .text          0x00000000019f19b0      0x218 /home/jbrawley/Desktop/rockbox-photo-cf-support/build/apps/plugins/sdl/src/stdlib/SDL_getenv.o
                0x00000000019f19b0                rb_SDL_putenv
                0x00000000019f1af4                rb_SDL_getenv
 .text          0x00000000019f1bc8     0x3b90 /home/jbrawley/Desktop/rockbox-photo-cf-support/build/apps/plugins/sdl/src/stdlib/SDL_string.o
                0x00000000019f2478                rb_SDL_memset
                0x00000000019f2588                rb_SDL_revcpy
                0x00000000019f268c                rb_SDL_strlcat
                0x00000000019f2700                rb_SDL_strdup
                0x00000000019f2754                rb_SDL_strrev
                0x00000000019f2908                rb_SDL_strupr
                0x00000000019f293c                rb_SDL_strlwr
                0x00000000019f2970                rb_SDL_strchr
                0x00000000019f29a8                rb_SDL_strrchr
                0x00000000019f2b74                rb_SDL_strstr
                0x00000000019f2bf8                rb_SDL_ltoa
                0x00000000019f2fc8                rb_SDL_ultoa
                0x00000000019f31d4                rb_SDL_strtol
                0x00000000019f326c                rb_SDL_strtoul
                0x00000000019f3384                rb_SDL_lltoa
                0x00000000019f378c                rb_SDL_ulltoa
                0x00000000019f39bc                rb_SDL_strtoll
                0x00000000019f3a54                rb_SDL_strtoull
                0x00000000019f3ba0                rb_SDL_strtod
                0x00000000019f3d08                rb_SDL_strcasecmp
                0x00000000019f3d90                rb_SDL_strncasecmp
                0x00000000019f3e38                rb_SDL_sscanf
                0x00000000019f4a78                rb_SDL_vsnprintf
                0x00000000019f5728                rb_SDL_snprintf
 .text          0x00000000019f5758      0x9a8 /home/jbrawley/Desktop/rockbox-photo-cf-support/build/apps/plugins/sdl/src/thread/SDL_thread.o
                0x00000000019f5758                rb_SDL_ThreadsInit
                0x00000000019f5784                rb_SDL_ThreadsQuit
                0x00000000019f57ac                rb_SDL_GetErrBuf
                0x00000000019f5984                rb_SDL_RunThread
                0x00000000019f59c8                rb_SDL_CreateThread
                0x00000000019f5de4                rb_SDL_WaitThread
                0x00000000019f60bc                rb_SDL_GetThreadID
                0x00000000019f60dc                rb_SDL_KillThread
 .text          0x00000000019f6100      0x180 /home/jbrawley/Desktop/rockbox-photo-cf-support/build/apps/plugins/sdl/src/thread/rockbox/SDL_sysmutex.o
                0x00000000019f6100                rb_SDL_CreateMutex
                0x00000000019f6158                rb_SDL_DestroyMutex
                0x00000000019f6170                rb_SDL_mutexP
                0x00000000019f61ec                rb_SDL_mutexV
 .text          0x00000000019f6280      0x1b4 /home/jbrawley/Desktop/rockbox-photo-cf-support/build/apps/plugins/sdl/src/thread/rockbox/SDL_syssem.o
                0x00000000019f6280                rb_SDL_CreateSemaphore
                0x00000000019f62cc                rb_SDL_DestroySemaphore
                0x00000000019f62e4                rb_SDL_SemTryWait
                0x00000000019f6330                rb_SDL_SemWaitTimeout
                0x00000000019f6394                rb_SDL_SemWait
                0x00000000019f63e4                rb_SDL_SemValue
                0x00000000019f63f0                rb_SDL_SemPost
 .text          0x00000000019f6434      0x140 /home/jbrawley/Desktop/rockbox-photo-cf-support/build/apps/plugins/sdl/src/thread/rockbox/SDL_systhread.o
                0x00000000019f6458                rb_SDL_SYS_CreateThread
                0x00000000019f6540                rb_SDL_SYS_SetupThread
                0x00000000019f6544                rb_SDL_ThreadID
                0x00000000019f6558                rb_SDL_SYS_WaitThread
                0x00000000019f6570                rb_SDL_SYS_KillThread
 .text          0x00000000019f6574      0x688 /home/jbrawley/Desktop/rockbox-photo-cf-support/build/apps/plugins/sdl/src/timer/SDL_timer.o
                0x00000000019f6578                rb_SDL_SetTimerThreaded
                0x00000000019f65b4                rb_SDL_TimerInit
                0x00000000019f66ec                rb_SDL_TimerQuit
                0x00000000019f67d4                rb_SDL_ThreadedTimerCheck
                0x00000000019f68e8                rb_SDL_AddTimer
                0x00000000019f69d4                rb_SDL_RemoveTimer
                0x00000000019f6a74                rb_SDL_SetTimer
 .text          0x00000000019f6bfc      0x198 /home/jbrawley/Desktop/rockbox-photo-cf-support/build/apps/plugins/sdl/src/timer/rockbox/SDL_systimer.o
                0x00000000019f6c80                rb_SDL_StartTicks
                0x00000000019f6cc4                rb_SDL_GetTicks
                0x00000000019f6cd4                rb_SDL_Delay
                0x00000000019f6cf8                rb_SDL_SYS_TimerInit
                0x00000000019f6d40                rb_SDL_SYS_TimerQuit
                0x00000000019f6d74                rb_SDL_SYS_StartTimer
                0x00000000019f6d90                rb_SDL_SYS_StopTimer
 .text          0x00000000019f6d94     0x7800 /home/jbrawley/Desktop/rockbox-photo-cf-support/build/apps/plugins/sdl/src/video/SDL_RLEaccel.o
                0x00000000019f7650                rb_SDL_RLEBlit
                0x00000000019fb33c                rb_SDL_RLEAlphaBlit
                0x00000000019fc5dc                rb_SDL_UnRLESurface
                0x00000000019fc8a8                rb_SDL_RLESurface
 .text          0x00000000019fe594      0xb78 /home/jbrawley/Desktop/rockbox-photo-cf-support/build/apps/plugins/sdl/src/video/SDL_blit.o
                0x00000000019fed7c                rb_SDL_CalculateBlit
 .text          0x00000000019ff10c     0x1a14 /home/jbrawley/Desktop/rockbox-photo-cf-support/build/apps/plugins/sdl/src/video/SDL_blit_0.o
                0x0000000001a00a6c                rb_SDL_CalculateBlit0
 .text          0x0000000001a00b20     0x2408 /home/jbrawley/Desktop/rockbox-photo-cf-support/build/apps/plugins/sdl/src/video/SDL_blit_1.o
                0x0000000001a02e88                rb_SDL_CalculateBlit1
 .text          0x0000000001a02f28     0x5bc8 /home/jbrawley/Desktop/rockbox-photo-cf-support/build/apps/plugins/sdl/src/video/SDL_blit_A.o
                0x0000000001a088bc                rb_SDL_CalculateAlphaBlit
 .text          0x0000000001a08af0     0x6ca8 /home/jbrawley/Desktop/rockbox-photo-cf-support/build/apps/plugins/sdl/src/video/SDL_blit_N.o
                0x0000000001a0f4d0                rb_SDL_CalculateBlitN
 .text          0x0000000001a0f798     0x1218 /home/jbrawley/Desktop/rockbox-photo-cf-support/build/apps/plugins/sdl/src/video/SDL_bmp.o
                0x0000000001a0f798                rb_SDL_LoadBMP_RW
                0x0000000001a102bc                rb_SDL_SaveBMP_RW
 .text          0x0000000001a109b0     0x2380 /home/jbrawley/Desktop/rockbox-photo-cf-support/build/apps/plugins/sdl/src/video/SDL_cursor.o
                0x0000000001a109b0                rb_SDL_GetCursor
                0x0000000001a109c0                rb_SDL_WarpMouse
                0x0000000001a10acc                rb_SDL_CursorPaletteChanged
                0x0000000001a10ae0                rb_SDL_MouseRect
                0x0000000001a10bcc                rb_SDL_DrawCursorNoLock
                0x0000000001a119e4                rb_SDL_DrawCursor
                0x0000000001a11b80                rb_SDL_EraseCursorNoLock
                0x0000000001a11f80                rb_SDL_EraseCursor
                0x0000000001a1211c                rb_SDL_SetCursor
                0x0000000001a122d4                rb_SDL_FreeCursor
                0x0000000001a1236c                rb_SDL_CursorInit
                0x0000000001a125d8                rb_SDL_CursorQuit
                0x0000000001a12728                rb_SDL_CreateCursor
                0x0000000001a12a74                rb_SDL_MoveCursor
                0x0000000001a12b28                rb_SDL_ShowCursor
                0x0000000001a12cec                rb_SDL_ResetCursor
 .text          0x0000000001a12d30     0x1d54 /home/jbrawley/Desktop/rockbox-photo-cf-support/build/apps/plugins/sdl/src/video/SDL_pixels.o
                0x0000000001a13208                rb_SDL_AllocFormat
                0x0000000001a137a8                rb_SDL_ReallocFormat
                0x0000000001a1387c                rb_SDL_FormatChanged
                0x0000000001a138dc                rb_SDL_FreeFormat
                0x0000000001a13924                rb_SDL_DitherColors
                0x0000000001a13a6c                rb_SDL_CalculatePitch
                0x0000000001a13ac4                rb_SDL_FindColor
                0x0000000001a13d40                rb_SDL_MapRGB
                0x0000000001a14000                rb_SDL_MapRGBA
                0x0000000001a142d4                rb_SDL_GetRGBA
                0x0000000001a143e8                rb_SDL_GetRGB
                0x0000000001a144c0                rb_SDL_ApplyGamma
                0x0000000001a14634                rb_SDL_AllocBlitMap
                0x0000000001a146d4                rb_SDL_InvalidateMap
                0x0000000001a14710                rb_SDL_MapSurface
                0x0000000001a14a34                rb_SDL_FreeBlitMap
 .text          0x0000000001a14a84     0x23b8 /home/jbrawley/Desktop/rockbox-photo-cf-support/build/apps/plugins/sdl/src/video/SDL_surface.o
                0x0000000001a14a84                rb_SDL_SetColorKey
                0x0000000001a14b98                rb_SDL_SetAlpha
                0x0000000001a14d30                rb_SDL_SetAlphaChannel
                0x0000000001a14fd0                rb_SDL_SetClipRect
                0x0000000001a15084                rb_SDL_GetClipRect
                0x0000000001a150b0                rb_SDL_LowerBlit
                0x0000000001a151d8                rb_SDL_UpperBlit
                0x0000000001a153e8                rb_SDL_FillRect
                0x0000000001a161dc                rb_SDL_LockSurface
                0x0000000001a16284                rb_SDL_UnlockSurface
                0x0000000001a162f4                rb_SDL_FreeSurface
                0x0000000001a16584                rb_SDL_CreateRGBSurface
                0x0000000001a167f0                rb_SDL_ConvertSurface
                0x0000000001a16cac                rb_SDL_CreateRGBSurfaceFrom
 .text          0x0000000001a16e3c     0x2d14 /home/jbrawley/Desktop/rockbox-photo-cf-support/build/apps/plugins/sdl/src/video/SDL_video.o
                0x0000000001a17168                rb_SDL_VideoDriverName
                0x0000000001a171b8                rb_SDL_GetVideoSurface
                0x0000000001a171d0                rb_SDL_GetVideoInfo
                0x0000000001a171e8                rb_SDL_ListModes
                0x0000000001a17224                rb_SDL_VideoModeOK
                0x0000000001a17390                rb_SDL_DisplayFormat
                0x0000000001a173f4                rb_SDL_DisplayFormatAlpha
                0x0000000001a1754c                rb_SDL_UpdateRect
                0x0000000001a17730                rb_SDL_UpdateRects
                0x0000000001a17f68                rb_SDL_Flip
                0x0000000001a18254                rb_SDL_SetPalette
                0x0000000001a18418                rb_SDL_SetColors
                0x0000000001a18544                rb_SDL_VideoQuit
                0x0000000001a186bc                rb_SDL_VideoInit
                0x0000000001a188d0                rb_SDL_GL_LoadLibrary
                0x0000000001a18928                rb_SDL_GL_GetProcAddress
                0x0000000001a18984                rb_SDL_GL_SetAttribute
                0x0000000001a18ac8                rb_SDL_GL_GetAttribute
                0x0000000001a18b18                rb_SDL_GL_SwapBuffers
                0x0000000001a18b54                rb_SDL_GL_UpdateRectsLock
                0x0000000001a18b58                rb_SDL_GL_UpdateRects
                0x0000000001a18b5c                rb_SDL_GL_Lock
                0x0000000001a18b60                rb_SDL_GL_Unlock
                0x0000000001a18b64                rb_SDL_WM_SetCaption
                0x0000000001a18c08                rb_SDL_WM_GetCaption
                0x0000000001a18c38                rb_SDL_WM_SetIcon
                0x0000000001a190b8                rb_SDL_WM_GrabInput
                0x0000000001a191c4                rb_SDL_SetVideoMode
                0x0000000001a19a20                rb_SDL_WM_IconifyWindow
                0x0000000001a19a40                rb_SDL_WM_ToggleFullScreen
                0x0000000001a19b20                rb_SDL_GetWMInfo
 .text          0x0000000001a19b50     0x1034 /home/jbrawley/Desktop/rockbox-photo-cf-support/build/apps/plugins/sdl/src/video/rockbox/SDL_rockboxvideo.o
                0x0000000001a19b58                ROCKBOX_InitOSKeymap
                0x0000000001a19b5c                ROCKBOX_ShowWMCursor
                0x0000000001a19b64                ROCKBOX_WarpWMCursor
                0x0000000001a19b68                ROCKBOX_MoveWMCursor
                0x0000000001a19c1c                ROCKBOX_PumpEvents
 .text          0x0000000001a1ab84     0x4d98 /home/jbrawley/Desktop/rockbox-photo-cf-support/build/apps/plugins/sdl/SDL_mixer/effect_position.o
                0x0000000001a1e3bc                _Eff_PositionDeinit
                0x0000000001a1e41c                Mix_SetDistance
                0x0000000001a1e9c8                Mix_SetPosition
                0x0000000001a1f65c                Mix_SetPanning
 *fill*         0x0000000001a1f91c        0x4 
 .text          0x0000000001a1f920      0x3b4 /home/jbrawley/Desktop/rockbox-photo-cf-support/build/apps/plugins/sdl/SDL_mixer/effects_internal.o
                0x0000000001a1f920                _Mix_InitEffects
                0x0000000001a1f94c                _Mix_DeinitEffects
                0x0000000001a1f95c                _Eff_build_volume_table_u8
                0x0000000001a1fb2c                _Eff_build_volume_table_s8
 .text          0x0000000001a1fcd4      0x4f4 /home/jbrawley/Desktop/rockbox-photo-cf-support/build/apps/plugins/sdl/SDL_mixer/load_aiff.o
                0x0000000001a1fcd4                Mix_LoadAIFF_RW
 .text          0x0000000001a201c8      0xb08 /home/jbrawley/Desktop/rockbox-photo-cf-support/build/apps/plugins/sdl/SDL_mixer/load_voc.o
                0x0000000001a20990                Mix_LoadVOC_RW
 .text          0x0000000001a20cd0     0x5254 /home/jbrawley/Desktop/rockbox-photo-cf-support/build/apps/plugins/sdl/SDL_mixer/mixer.o
                0x0000000001a20cd0                Mix_GetNumChunkDecoders
                0x0000000001a20ce0                Mix_GetChunkDecoder
                0x0000000001a20d10                Mix_Linked_Version
                0x0000000001a20d38                Mix_Init
                0x0000000001a20dbc                Mix_Quit
                0x0000000001a20dec                Mix_QuerySpec
                0x0000000001a20e3c                Mix_LoadWAV_RW
                0x0000000001a21120                Mix_QuickLoad_WAV
                0x0000000001a21204                Mix_QuickLoad_RAW
                0x0000000001a2127c                Mix_FreeChunk
                0x0000000001a21490                Mix_SetPostMix
                0x0000000001a214bc                Mix_HookMusic
                0x0000000001a21504                Mix_GetMusicHookData
                0x0000000001a21514                Mix_ChannelFinished
                0x0000000001a21538                Mix_ReserveChannels
                0x0000000001a21554                Mix_PlayChannelTimed
                0x0000000001a2191c                Mix_ExpireChannel
                0x0000000001a21f10                Mix_FadeInChannelTimed
                0x0000000001a222ec                Mix_Volume
                0x0000000001a22d3c                Mix_VolumeChunk
                0x0000000001a22d5c                Mix_HaltChannel
                0x0000000001a23384                Mix_AllocateChannels
                0x0000000001a236e0                Mix_HaltGroup
                0x0000000001a23758                Mix_FadeOutChannel
                0x0000000001a23c14                Mix_FadeOutGroup
                0x0000000001a23ca4                Mix_FadingChannel
                0x0000000001a23cdc                Mix_Playing
                0x0000000001a23ff8                Mix_GetChunk
                0x0000000001a2402c                Mix_CloseAudio
                0x0000000001a24208                Mix_OpenAudio
                0x0000000001a245b4                Mix_Pause
                0x0000000001a24764                Mix_Resume
                0x0000000001a24998                Mix_Paused
                0x0000000001a24b4c                Mix_GroupChannel
                0x0000000001a24bac                Mix_GroupChannels
                0x0000000001a24e10                Mix_GroupAvailable
                0x0000000001a252ac                Mix_GroupCount
                0x0000000001a253e4                Mix_GroupOldest
                0x0000000001a25654                Mix_GroupNewer
                0x0000000001a258b0                _Mix_RegisterEffect_locked
                0x0000000001a259bc                Mix_RegisterEffect
                0x0000000001a25adc                _Mix_UnregisterEffect_locked
                0x0000000001a25c1c                Mix_UnregisterEffect
                0x0000000001a25d80                _Mix_UnregisterAllEffects_locked
                0x0000000001a25e48                Mix_UnregisterAllEffects
 .text          0x0000000001a25f24     0x18c0 /home/jbrawley/Desktop/rockbox-photo-cf-support/build/apps/plugins/sdl/SDL_mixer/music.o
                0x0000000001a262ac                Mix_GetNumMusicDecoders
                0x0000000001a262bc                Mix_GetMusicDecoder
                0x0000000001a262ec                Mix_HookMusicFinished
                0x0000000001a26310                music_mixer
                0x0000000001a2657c                open_music
                0x0000000001a266b8                MIX_string_equals
                0x0000000001a26760                Mix_LoadMUS_RW
                0x0000000001a2684c                Mix_LoadMUSType_RW
                0x0000000001a26950                Mix_LoadMUS
                0x0000000001a26cf4                Mix_FreeMusic
                0x0000000001a26dc4                Mix_GetMusicType
                0x0000000001a26e10                Mix_FadeInMusicPos
                0x0000000001a26f1c                Mix_FadeInMusic
                0x0000000001a27028                Mix_PlayMusic
                0x0000000001a2711c                Mix_SetMusicPosition
                0x0000000001a2715c                Mix_VolumeMusic
                0x0000000001a271d8                Mix_HaltMusic
                0x0000000001a27238                Mix_FadeOutMusic
                0x0000000001a27364                Mix_FadingMusic
                0x0000000001a27398                Mix_PauseMusic
                0x0000000001a273ac                Mix_ResumeMusic
                0x0000000001a273c0                Mix_RewindMusic
                0x0000000001a273fc                Mix_PausedMusic
                0x0000000001a27414                Mix_PlayingMusic
                0x0000000001a2749c                Mix_SetMusicCMD
                0x0000000001a27564                Mix_SetSynchroValue
                0x0000000001a2756c                Mix_GetSynchroValue
                0x0000000001a27574                close_music
                0x0000000001a275ec                Mix_SetSoundFonts
                0x0000000001a27658                Mix_GetSoundFonts
                0x0000000001a276b0                Mix_EachSoundFont
 .text          0x0000000001a277e4      0x508 /home/jbrawley/Desktop/rockbox-photo-cf-support/build/apps/plugins/sdl/SDL_mixer/timidity/common.o
                0x0000000001a277e4                close_file
                0x0000000001a27810                skip
                0x0000000001a278a8                safe_malloc
                0x0000000001a27948                add_to_pathlist
                0x0000000001a27a78                open_file
                0x0000000001a27c90                free_pathlist
 *fill*         0x0000000001a27cec        0x4 
 .text          0x0000000001a27cf0      0xd80 /home/jbrawley/Desktop/rockbox-photo-cf-support/build/apps/plugins/sdl/SDL_mixer/timidity/filter.o
                0x0000000001a27cf0                antialiasing
 .text          0x0000000001a28a70     0x33bc /home/jbrawley/Desktop/rockbox-photo-cf-support/build/apps/plugins/sdl/SDL_mixer/timidity/instrum.o
                0x0000000001a2b378                convert_envelope_rate_attack
                0x0000000001a2b3d4                convert_envelope_rate
                0x0000000001a2b448                convert_envelope_offset
                0x0000000001a2b450                convert_tremolo_sweep
                0x0000000001a2b498                convert_vibrato_sweep
                0x0000000001a2b510                convert_tremolo_rate
                0x0000000001a2b554                convert_vibrato_rate
                0x0000000001a2b584                load_missing_instruments
                0x0000000001a2ba18                free_instruments
                0x0000000001a2bdb4                set_default_instrument
 *fill*         0x0000000001a2be2c        0x4 
 .text          0x0000000001a2be30     0x50d8 /home/jbrawley/Desktop/rockbox-photo-cf-support/build/apps/plugins/sdl/SDL_mixer/timidity/mix.o
                0x0000000001a2c788                recompute_envelope
                0x0000000001a2c958                apply_envelope_to_amp
                0x0000000001a2cd38                mix_voice
 .text          0x0000000001a30f08      0xc4c /home/jbrawley/Desktop/rockbox-photo-cf-support/build/apps/plugins/sdl/SDL_mixer/timidity/output.o
                0x0000000001a30f08                s32tos8
                0x0000000001a31158                s32tou8
                0x0000000001a312e4                s32tos16
                0x0000000001a31448                s32tou16
                0x0000000001a315ec                s32tos16x
                0x0000000001a317b8                s32tou16x
                0x0000000001a319bc                s32toulaw
 *fill*         0x0000000001a31b54        0x4 
 .text          0x0000000001a31b58     0x5d5c /home/jbrawley/Desktop/rockbox-photo-cf-support/build/apps/plugins/sdl/SDL_mixer/timidity/playmidi.o
                0x0000000001a34204                Timidity_PlaySome
                0x0000000001a36e98                Timidity_SetVolume
                0x0000000001a37580                Timidity_LoadSong_RW
                0x0000000001a3761c                Timidity_Start
                0x0000000001a37808                Timidity_Active
                0x0000000001a37818                Timidity_Stop
                0x0000000001a3782c                Timidity_FreeSong
                0x0000000001a37860                Timidity_Close
 *fill*         0x0000000001a378b4        0x4 
 .text          0x0000000001a378b8     0x2918 /home/jbrawley/Desktop/rockbox-photo-cf-support/build/apps/plugins/sdl/SDL_mixer/timidity/readmidi.o
                0x0000000001a39c00                read_midi_file
 .text          0x0000000001a3a1d0     0x1eec /home/jbrawley/Desktop/rockbox-photo-cf-support/build/apps/plugins/sdl/SDL_mixer/timidity/resample.o
                0x0000000001a3a440                resample_voice
                0x0000000001a3bc50                pre_resample
 .text          0x0000000001a3c0bc       0xfc /home/jbrawley/Desktop/rockbox-photo-cf-support/build/apps/plugins/sdl/SDL_mixer/timidity/sdl_c.o
 .text          0x0000000001a3c1b8        0x4 /home/jbrawley/Desktop/rockbox-photo-cf-support/build/apps/plugins/sdl/SDL_mixer/timidity/tables.o
                0x0000000001a3c1b8                init_tables
 .text          0x0000000001a3c1bc      0xe38 /home/jbrawley/Desktop/rockbox-photo-cf-support/build/apps/plugins/sdl/SDL_mixer/timidity/timidity.o
                0x0000000001a3cd10                Timidity_Init
                0x0000000001a3cfe8                Timidity_Error
 .text          0x0000000001a3cff4      0xa20 /home/jbrawley/Desktop/rockbox-photo-cf-support/build/apps/plugins/sdl/progs/duke3d/Engine/src/cache.o
                0x0000000001a3cff4                initcache
                0x0000000001a3d0ec                suckcache
                0x0000000001a3d22c                agecache
                0x0000000001a3d3c8                reportandexit
                0x0000000001a3d4b8                allocache
 *fill*         0x0000000001a3da14        0x4 
 .text          0x0000000001a3da18     0x5cfc /home/jbrawley/Desktop/rockbox-photo-cf-support/build/apps/plugins/sdl/progs/duke3d/Engine/src/display.o
                0x0000000001a3da18                get_framebuffer
                0x0000000001a3da2c                _joystick_init
                0x0000000001a3e0cc                _joystick_deinit
                0x0000000001a3e128                _joystick_update
                0x0000000001a3e150                _joystick_axis
                0x0000000001a3e17c                _joystick_hat
                0x0000000001a3e1b0                _joystick_button
                0x0000000001a3e1e8                _readlastkeyhit
                0x0000000001a3e1f8                _platform_init
                0x0000000001a3eaf4                screencapture
                0x0000000001a3eb2c                setvmode
                0x0000000001a3eb60                getvalidvesamodes
                0x0000000001a40144                _setgamemode
                0x0000000001a410e0                fullscreen_toggle_and_change_driver
                0x0000000001a41500                _handle_events
                0x0000000001a41504                WriteTranslucToFile
                0x0000000001a416b0                WritePaletteToFile
                0x0000000001a4192c                WriteLastPaletteToFile
                0x0000000001a41abc                VBE_setPalette
                0x0000000001a41c28                VBE_getPalette
                0x0000000001a41e64                _uninitengine
                0x0000000001a41e78                setupmouse
                0x0000000001a41ee0                readmousexy
                0x0000000001a41f18                readmousebstatus
                0x0000000001a41f50                _updateScreenRect
                0x0000000001a41f90                _nextpage
                0x0000000001a4201c                readpixel
                0x0000000001a42024                drawpixel
                0x0000000001a4202c                setcolor16
                0x0000000001a4203c                drawpixel16
                0x0000000001a42058                fillscreen16
                0x0000000001a421a8                drawline16
                0x0000000001a43384                clear2dscreen
                0x0000000001a4340c                _idle
                0x0000000001a43434                _getVideoBase
                0x0000000001a43448                installusertimercallback
                0x0000000001a43460                inittimer
                0x0000000001a434cc                uninittimer
                0x0000000001a43500                sampletimer
                0x0000000001a4369c                getticks
                0x0000000001a436cc                gettimerfreq
                0x0000000001a436dc                initkeys
                0x0000000001a436e0                uninitkeys
                0x0000000001a436e4                TIMER_GetPlatformTicksInOneSecond
                0x0000000001a436f8                TIMER_GetPlatformTicks
 .text          0x0000000001a43714     0x2bd0 /home/jbrawley/Desktop/rockbox-photo-cf-support/build/apps/plugins/sdl/progs/duke3d/Engine/src/draw.o
                0x0000000001a43714                sethlinesizes
                0x0000000001a4372c                hlineasm4
                0x0000000001a438fc                setuprhlineasm4
                0x0000000001a43928                rhlineasm4
                0x0000000001a43b74                setuprmhlineasm4
                0x0000000001a43ba0                rmhlineasm4
                0x0000000001a43e1c                setBytesPerLine
                0x0000000001a43e2c                prevlineasm1
                0x0000000001a4403c                vlineasm1
                0x0000000001a44200                tvlineasm1
                0x0000000001a44664                setuptvlineasm2
                0x0000000001a44680                tvlineasm2
                0x0000000001a44894                mvlineasm1
                0x0000000001a44aa4                setupvlineasm
                0x0000000001a44ab8                vlineasm4
                0x0000000001a44c4c                setupmvlineasm
                0x0000000001a44c60                mvlineasm4
                0x0000000001a44df0                setupspritevline
                0x0000000001a44e28                spritevline
                0x0000000001a44f1c                msetupspritevline
                0x0000000001a44f58                mspritevline
                0x0000000001a45068                tsetupspritevline
                0x0000000001a450c0                DrawSpriteVerticalLine
                0x0000000001a45360                settrans
                0x0000000001a45370                mhline
                0x0000000001a455fc                mhlineskipmodify
                0x0000000001a45868                msethlineshift
                0x0000000001a45888                thline
                0x0000000001a45c78                thlineskipmodify
                0x0000000001a4604c                tsethlineshift
                0x0000000001a4606c                setupslopevlin
                0x0000000001a460dc                slopevlin
 .text          0x0000000001a462e4    0x2f7e8 /home/jbrawley/Desktop/rockbox-photo-cf-support/build/apps/plugins/sdl/progs/duke3d/Engine/src/engine.o
                0x0000000001a57aec                krecip
                0x0000000001a57b24                _swap16
                0x0000000001a57b38                _swap32
                0x0000000001a57b4c                wallfront
                0x0000000001a5897c                saveboard
                0x0000000001a596cc                setgamemode
                0x0000000001a59708                initengine
                0x0000000001a5a290                uninitengine
                0x0000000001a5a2f4                nextpage
                0x0000000001a5a568                clipinsidebox
                0x0000000001a5a6f0                drawline256
                0x0000000001a5afa4                inside
                0x0000000001a5b0fc                getangle
                0x0000000001a5b25c                ksqrt
                0x0000000001a5b2b8                drawmasks
                0x0000000001a5c220                initspritelists
                0x0000000001a5c69c                insertsprite
                0x0000000001a5c814                insertspritesect
                0x0000000001a5c8e4                insertspritestat
                0x0000000001a5c9b4                deletesprite
                0x0000000001a5cb6c                deletespritesect
                0x0000000001a5cc58                deletespritestat
                0x0000000001a5cd48                changespritesect
                0x0000000001a5ceb8                changespritestat
                0x0000000001a5d02c                nextsectorneighborz
                0x0000000001a5d7c8                lintersect
                0x0000000001a5d948                rintersect
                0x0000000001a5da90                neartag
                0x0000000001a5e448                dragpoint
                0x0000000001a5e7e4                lastwall
                0x0000000001a5e8d0                updatesector
                0x0000000001a5ed7c                loadboard
                0x0000000001a5f928                setsprite
                0x0000000001a5fb38                rotatepoint
                0x0000000001a5fbb0                initmouse
                0x0000000001a5fbd4                getmousevalues
                0x0000000001a5fc18                draw2dgrid
                0x0000000001a5fe10                draw2dscreen
                0x0000000001a608d8                printext256
                0x0000000001a60c88                krand
                0x0000000001a60cc0                setview
                0x0000000001a61624                setaspect
                0x0000000001a616f8                flushperms
                0x0000000001a61710                rotatesprite
                0x0000000001a61c40                makepalookup
                0x0000000001a623f0                setbrightness
                0x0000000001a6253c                drawmapview
                0x0000000001a63f90                clearview
                0x0000000001a6404c                clearallviews
                0x0000000001a64110                plotpixel
                0x0000000001a64144                getpixel
                0x0000000001a64174                setviewback
                0x0000000001a643cc                preparemirror
                0x0000000001a64660                completemirror
                0x0000000001a64804                sectorofwall
                0x0000000001a64988                getceilzofslope
                0x0000000001a64b90                getflorzofslope
                0x0000000001a66068                clipmove
                0x0000000001a68550                pushmove
                0x0000000001a68fd4                getzsofslope
                0x0000000001a6f884                drawrooms
                0x0000000001a71a54                cansee
                0x0000000001a72014                hitscan
                0x0000000001a73b38                getzrange
                0x0000000001a74a4c                alignceilslope
                0x0000000001a74c50                alignflorslope
                0x0000000001a74e54                loopnumofsector
                0x0000000001a75040                setfirstwall
 .text.unlikely
                0x0000000001a75acc      0x224 /home/jbrawley/Desktop/rockbox-photo-cf-support/build/apps/plugins/sdl/progs/duke3d/Engine/src/engine.o
 .text          0x0000000001a75cf0     0x2370 /home/jbrawley/Desktop/rockbox-photo-cf-support/build/apps/plugins/sdl/progs/duke3d/Engine/src/filesystem.o
                0x0000000001a75cf0                uninitgroupfile
                0x0000000001a75d88                crc32_table_gen
                0x0000000001a75e48                crc32_update
                0x0000000001a7605c                crc32
                0x0000000001a76064                initgroupfile
                0x0000000001a7658c                crc16
                0x0000000001a76678                kopen4load
                0x0000000001a76950                kread
                0x0000000001a76b7c                kread16
                0x0000000001a76d98                kread32
                0x0000000001a76fb4                kread8
                0x0000000001a771d0                klseek
                0x0000000001a772d4                rb_filelength
                0x0000000001a77348                kfilelength
                0x0000000001a7744c                kclose
                0x0000000001a77504                compress
                0x0000000001a77aa4                uncompress
                0x0000000001a77d14                kdfread
                0x0000000001a77f38                dfread
                0x0000000001a77f48                dfwrite
                0x0000000001a77f58                TCkopen4load
                0x0000000001a78014                setGameDir
                0x0000000001a7803c                getGameDir
                0x0000000001a78048                getGRPcrc32
 .text          0x0000000001a78060      0x988 /home/jbrawley/Desktop/rockbox-photo-cf-support/build/apps/plugins/sdl/progs/duke3d/Engine/src/fixedPoint_math.o
                0x0000000001a78060                clearbuf
                0x0000000001a78134                clearbufbyte
                0x0000000001a782c8                copybuf
                0x0000000001a783dc                copybufbyte
                0x0000000001a78670                copybufreverse
                0x0000000001a78768                qinterpolatedown16
                0x0000000001a788a8                qinterpolatedown16short
 .text          0x0000000001a789e8       0x6c /home/jbrawley/Desktop/rockbox-photo-cf-support/build/apps/plugins/sdl/progs/duke3d/Engine/src/network.o
                0x0000000001a789e8                Setup_UnstableNetworking
                0x0000000001a789fc                Setup_StableNetworking
                0x0000000001a78a10                callcommit
                0x0000000001a78a14                initcrc
                0x0000000001a78a18                getcrc
                0x0000000001a78a20                initmultiplayers
                0x0000000001a78a24                sendpacket
                0x0000000001a78a28                setpackettimeout
                0x0000000001a78a2c                uninitmultiplayers
                0x0000000001a78a30                sendlogon
                0x0000000001a78a34                sendlogoff
                0x0000000001a78a38                getoutputcirclesize
                0x0000000001a78a40                setsocket
                0x0000000001a78a44                getpacket
                0x0000000001a78a4c                flushpackets
                0x0000000001a78a50                genericmultifunction
 .text          0x0000000001a78a54     0x1f68 /home/jbrawley/Desktop/rockbox-photo-cf-support/build/apps/plugins/sdl/progs/duke3d/Engine/src/tiles.o
                0x0000000001a78c30                setviewtotile
                0x0000000001a78ecc                squarerotatetile
                0x0000000001a79118                setgotpic
                0x0000000001a7915c                loadtile
                0x0000000001a79338                allocatepermanenttile
                0x0000000001a79618                loadpics
                0x0000000001a7a298                TILE_MakeAvailable
                0x0000000001a7a484                copytilepiece
                0x0000000001a7a914                animateoffs
 .text          0x0000000001a7a9bc      0x834 /home/jbrawley/Desktop/rockbox-photo-cf-support/build/apps/plugins/sdl/progs/duke3d/Game/src/audiolib/fx_man.o
                0x0000000001a7a9bc                FX_ErrorString
                0x0000000001a7aa78                FX_SetupCard
                0x0000000001a7aaf4                FX_GetBlasterSettings
                0x0000000001a7aafc                FX_SetupSoundBlaster
                0x0000000001a7ab14                FX_Init
                0x0000000001a7ac54                FX_Shutdown
                0x0000000001a7acd8                FX_SetCallBack
                0x0000000001a7ad38                FX_SetVolume
                0x0000000001a7ad48                FX_GetVolume
                0x0000000001a7ad58                FX_SetReverseStereo
                0x0000000001a7ad68                FX_GetReverseStereo
                0x0000000001a7ad78                FX_SetReverb
                0x0000000001a7ad88                FX_SetFastReverb
                0x0000000001a7ad98                FX_GetMaxReverbDelay
                0x0000000001a7ada8                FX_GetReverbDelay
                0x0000000001a7adb8                FX_SetReverbDelay
                0x0000000001a7adc8                FX_VoiceAvailable
                0x0000000001a7add8                FX_EndLooping
                0x0000000001a7ae00                FX_SetPan
                0x0000000001a7ae28                FX_SetPitch
                0x0000000001a7ae50                FX_SetFrequency
                0x0000000001a7ae78                FX_PlayVOC
                0x0000000001a7aebc                FX_PlayLoopedVOC
                0x0000000001a7af14                FX_PlayWAV
                0x0000000001a7af58                FX_PlayLoopedWAV
                0x0000000001a7afb0                FX_PlayVOC3D
                0x0000000001a7aff0                FX_PlayWAV3D
                0x0000000001a7b030                FX_PlayRaw
                0x0000000001a7b088                FX_PlayLoopedRaw
                0x0000000001a7b0f0                FX_Pan3D
                0x0000000001a7b118                FX_SoundActive
                0x0000000001a7b128                FX_SoundsPlaying
                0x0000000001a7b138                FX_StopSound
                0x0000000001a7b160                FX_StopAllSounds
                0x0000000001a7b188                FX_StartDemandFeedPlayback
                0x0000000001a7b1d4                FX_StartRecording
                0x0000000001a7b1ec                FX_StopRecord
 .text          0x0000000001a7b1f0      0x40c /home/jbrawley/Desktop/rockbox-photo-cf-support/build/apps/plugins/sdl/progs/duke3d/Game/src/audiolib/dsl.o
                0x0000000001a7b2b8                DSL_ErrorString
                0x0000000001a7b330                DSL_Init
                0x0000000001a7b36c                DSL_Shutdown
                0x0000000001a7b3d4                DSL_BeginBufferedPlayback
                0x0000000001a7b578                DSL_StopPlayback
                0x0000000001a7b5e0                DSL_GetPlaybackRate
                0x0000000001a7b5f0                DisableInterrupts
                0x0000000001a7b5f8                RestoreInterrupts
 .text          0x0000000001a7b5fc       0xd4 /home/jbrawley/Desktop/rockbox-photo-cf-support/build/apps/plugins/sdl/progs/duke3d/Game/src/audiolib/ll_man.o
                0x0000000001a7b5fc                LL_AddNode
                0x0000000001a7b634                LL_RemoveNode
                0x0000000001a7b688                LL_UnlockMemory
                0x0000000001a7b6a8                LL_LockMemory
 .text          0x0000000001a7b6d0     0x4920 /home/jbrawley/Desktop/rockbox-photo-cf-support/build/apps/plugins/sdl/progs/duke3d/Game/src/audiolib/multivoc.o
                0x0000000001a7b8d4                MV_GetNextRawBlock
                0x0000000001a7b968                MV_GetNextWAVBlock
                0x0000000001a7ba00                MV_GetNextDemandFeedBlock
                0x0000000001a7bab8                MV_ServiceVoc
                0x0000000001a7bda0                MV_ErrorString
                0x0000000001a7bed8                MV_PlayVoice
                0x0000000001a7bf74                MV_StopVoice
                0x0000000001a7c028                MV_GetVoice
                0x0000000001a7c090                MV_VoicePlaying
                0x0000000001a7c124                MV_KillAllVoices
                0x0000000001a7c2e0                MV_Kill
                0x0000000001a7c43c                MV_VoicesPlaying
                0x0000000001a7c49c                MV_AllocVoice
                0x0000000001a7c628                MV_VoiceAvailable
                0x0000000001a7c6bc                MV_SetVoicePitch
                0x0000000001a7c700                MV_SetPitch
                0x0000000001a7c7b8                MV_SetFrequency
                0x0000000001a7c870                MV_SetVoiceMixMode
                0x0000000001a7c9f4                MV_GetNextVOCBlock
                0x0000000001a7cdfc                MV_SetVoiceVolume
                0x0000000001a7d090                MV_EndLooping
                0x0000000001a7d144                MV_SetPan
                0x0000000001a7d1f8                MV_Pan3D
                0x0000000001a7d2dc                MV_SetReverb
                0x0000000001a7d360                MV_SetFastReverb
                0x0000000001a7d38c                MV_GetMaxReverbDelay
                0x0000000001a7d394                MV_GetReverbDelay
                0x0000000001a7d3a4                MV_SetReverbDelay
                0x0000000001a7d3cc                MV_SetMixMode
                0x0000000001a7d504                MV_StartPlayback
                0x0000000001a7d6a8                MV_StopPlayback
                0x0000000001a7d8f4                MV_StartRecording
                0x0000000001a7d90c                MV_StopRecord
                0x0000000001a7d910                MV_StartDemandFeedPlayback
                0x0000000001a7daa4                MV_PlayRaw
                0x0000000001a7dc38                MV_PlayLoopedRaw
                0x0000000001a7ddcc                MV_PlayWAV
                0x0000000001a7e094                MV_PlayWAV3D
                0x0000000001a7e398                MV_PlayLoopedWAV
                0x0000000001a7e6a4                MV_PlayVOC3D
                0x0000000001a7e8a0                MV_PlayVOC
                0x0000000001a7ea5c                MV_PlayLoopedVOC
                0x0000000001a7ec20                MV_CalcVolume
                0x0000000001a7ec24                MV_CalcPanTable
                0x0000000001a7edd0                MV_SetVolume
                0x0000000001a7edec                MV_GetVolume
                0x0000000001a7edfc                MV_SetCallBack
                0x0000000001a7ee0c                MV_SetReverseStereo
                0x0000000001a7ee1c                MV_GetReverseStereo
                0x0000000001a7ee2c                MV_TestPlayback
                0x0000000001a7ee34                MV_Shutdown
                0x0000000001a7ee58                MV_UnlockMemory
                0x0000000001a7f090                MV_LockMemory
                0x0000000001a7f3b4                MV_Init
                0x0000000001a7ff1c                ClearBuffer_DW
 .text          0x0000000001a7fff0      0x780 /home/jbrawley/Desktop/rockbox-photo-cf-support/build/apps/plugins/sdl/progs/duke3d/Game/src/audiolib/mv_mix.o
                0x0000000001a7fff0                MV_cubic
                0x0000000001a800a0                MV_MixFPMono8
                0x0000000001a80238                MV_MixFPStereo8
                0x0000000001a80400                MV_MixFPMono16
                0x0000000001a805a0                MV_MixFPStereo16
 .text          0x0000000001a80770     0x1eb0 /home/jbrawley/Desktop/rockbox-photo-cf-support/build/apps/plugins/sdl/progs/duke3d/Game/src/audiolib/mvreverb.o
                0x0000000001a81a1c                MV_FPReverb
                0x0000000001a82160                MV_FPReverbFree
                0x0000000001a821a8                MV_16BitDownmix
                0x0000000001a82438                MV_8BitDownmix
 .text          0x0000000001a82620       0x84 /home/jbrawley/Desktop/rockbox-photo-cf-support/build/apps/plugins/sdl/progs/duke3d/Game/src/audiolib/nodpmi.o
                0x0000000001a82620                DPMI_GetRealModeVector
                0x0000000001a82628                DPMI_CallRealModeFunction
                0x0000000001a82630                DPMI_LockMemory
                0x0000000001a82638                DPMI_LockMemoryRegion
                0x0000000001a82640                DPMI_UnlockMemory
                0x0000000001a82648                DPMI_UnlockMemoryRegion
                0x0000000001a82650                DPMI_GetDOSMemory
                0x0000000001a82684                DPMI_FreeDOSMemory
 .text          0x0000000001a826a4      0x11c /home/jbrawley/Desktop/rockbox-photo-cf-support/build/apps/plugins/sdl/progs/duke3d/Game/src/audiolib/pitch.o
                0x0000000001a826a8                PITCH_GetScale
                0x0000000001a82734                PITCH_UnlockMemory
                0x0000000001a82764                PITCH_LockMemory
 .text          0x0000000001a827c0       0x10 /home/jbrawley/Desktop/rockbox-photo-cf-support/build/apps/plugins/sdl/progs/duke3d/Game/src/audiolib/user.o
                0x0000000001a827c0                USER_CheckParameter
                0x0000000001a827c8                USER_GetText
 .text          0x0000000001a827d0       0x4c /home/jbrawley/Desktop/rockbox-photo-cf-support/build/apps/plugins/sdl/progs/duke3d/Game/src/audiolib/usrhooks.o
                0x0000000001a827d0                USRHOOKS_GetMem
                0x0000000001a827f8                USRHOOKS_FreeMem
 .text          0x0000000001a8281c    0x22514 /home/jbrawley/Desktop/rockbox-photo-cf-support/build/apps/plugins/sdl/progs/duke3d/Game/src/actors.o
                0x0000000001a8281c                updateinterpolations
                0x0000000001a82978                setinterpolation
                0x0000000001a82af8                stopinterpolation
                0x0000000001a82efc                dointerpolations
                0x0000000001a83144                restoreinterpolations
                0x0000000001a832a0                ceilingspace
                0x0000000001a83304                floorspace
                0x0000000001a83364                addammo
                0x0000000001a8339c                addweapon
                0x0000000001a834fc                checkavailinven
                0x0000000001a835bc                checkavailweapon
                0x0000000001a838bc                ifsquished
                0x0000000001a83a5c                hitradius
                0x0000000001a84df8                movesprite
                0x0000000001a856e0                ssp
                0x0000000001a8608c                insertspriteq
                0x0000000001a8612c                lotsofmoney
                0x0000000001a86274                lotsofmail
                0x0000000001a863bc                lotsofpaper
                0x0000000001a86504                guts
                0x0000000001a8680c                gutsdir
                0x0000000001a86a08                setsectinterpolate
                0x0000000001a874c4                clearsectinterpolate
                0x0000000001a88584                ms
                0x0000000001a887a4                movefta
                0x0000000001a88d6c                ifhitsectors
                0x0000000001a88e2c                ifhitbyweapon
                0x0000000001a892ec                movecyclers
                0x0000000001a89470                movedummyplayers
                0x0000000001a89848                moveplayers
                0x0000000001a8a168                movefx
                0x0000000001a8a878                movefallers
                0x0000000001a8b008                movestandables
                0x0000000001a8e648                bounce
                0x0000000001a8e97c                moveweapons
                0x0000000001a90694                movetransports
                0x0000000001a92254                moveactors
                0x0000000001a97b2c                moveexplosions
                0x0000000001a99e80                moveeffectors
 .text          0x0000000001aa4d30     0x1cac /home/jbrawley/Desktop/rockbox-photo-cf-support/build/apps/plugins/sdl/progs/duke3d/Game/src/animlib.o
                0x0000000001aa4d30                CheckAnimStarted
                0x0000000001aa4d60                findpage
                0x0000000001aa4efc                loadpage
                0x0000000001aa4fd0                CPlayRunSkipDump
                0x0000000001aa58b0                renderframe
                0x0000000001aa5b30                drawframe
                0x0000000001aa604c                ANIM_LoadAnim
                0x0000000001aa61c4                ANIM_FreeAnim
                0x0000000001aa61e0                ANIM_NumFrames
                0x0000000001aa6234                ANIM_DrawFrame
                0x0000000001aa6998                ANIM_GetPalette
 .text          0x0000000001aa69dc     0x32a8 /home/jbrawley/Desktop/rockbox-photo-cf-support/build/apps/plugins/sdl/progs/duke3d/Game/src/config.o
                0x0000000001aa69dc                CONFIG_GetSetupFilename
                0x0000000001aa6a28                CONFIG_FunctionNameToNum
                0x0000000001aa6b60                CONFIG_FunctionNumToName
                0x0000000001aa6b7c                CONFIG_AnalogNameToNum
                0x0000000001aa6c30                CONFIG_SetDefaults
                0x0000000001aa6e14                CONFIG_ReadKeys
                0x0000000001aa71a4                CONFIG_SetupMouse
                0x0000000001aa78c8                CONFIG_SetupGamePad
                0x0000000001aa7ef0                CONFIG_SetupJoystick
                0x0000000001aa8818                readsavenames
                0x0000000001aa897c                CONFIG_ReadSetup
                0x0000000001aa92b0                CONFIG_WriteSetup
 .text          0x0000000001aa9c84     0x1970 /home/jbrawley/Desktop/rockbox-photo-cf-support/build/apps/plugins/sdl/progs/duke3d/Game/src/console.o
                0x0000000001aa9c84                CONSOLE_Reset
                0x0000000001aa9cc0                CONSOLE_Term
                0x0000000001aa9d24                CONSOLE_Render
                0x0000000001aaa08c                CONSOLE_ParseCommand
                0x0000000001aaa3b8                CONSOLE_ParseStartupScript
                0x0000000001aaa424                CONSOLE_InsertUsedCommand
                0x0000000001aaa48c                CONSOLE_ClearUsedCommandList
                0x0000000001aaa4c8                CONSOLE_RecalculateDirtyBuffer
                0x0000000001aaa6a4                CONSOLE_Printf
                0x0000000001aaa738                CONSOLE_Init
                0x0000000001aaa7f4                CONSOLE_HandleInput
                0x0000000001aab5a4                CONSOLE_GetArgc
                0x0000000001aab5b4                CONSOLE_GetArgv
                0x0000000001aab5cc                CONSOLE_IsActive
                0x0000000001aab5dc                CONSOLE_SetActive
 .text          0x0000000001aab5f4      0xf5c /home/jbrawley/Desktop/rockbox-photo-cf-support/build/apps/plugins/sdl/progs/duke3d/Game/src/control.o
                0x0000000001aab5f4                ACTION
                0x0000000001aab770                RESET_ACTION
                0x0000000001aab7a4                RESMOUSEBUTTON
                0x0000000001aab7d4                SETMOUSEDIGITALAXIS
                0x0000000001aab80c                RESMOUSEDIGITALAXIS
                0x0000000001aab844                CONTROL_UpdateKeyboardState
                0x0000000001aab848                CONTROL_MapKey
                0x0000000001aab8c4                CONTROL_MapButton
                0x0000000001aab8e0                CONTROL_MapJoyButton
                0x0000000001aab8f8                CONTROL_MapJoyHat
                0x0000000001aab914                CONTROL_DefineFlag
                0x0000000001aab918                CONTROL_FlagActive
                0x0000000001aab920                CONTROL_ClearAssignments
                0x0000000001aab924                CONTROL_GetUserInput
                0x0000000001aab928                CONTROL_GetInput
                0x0000000001aac128                CONTROL_ClearAction
                0x0000000001aac200                CONTROL_ClearUserInput
                0x0000000001aac204                CONTROL_WaitRelease
                0x0000000001aac208                CONTROL_Ack
                0x0000000001aac20c                CONTROL_CenterJoystick
                0x0000000001aac210                CONTROL_GetMouseSensitivity_X
                0x0000000001aac220                CONTROL_SetMouseSensitivity_X
                0x0000000001aac230                CONTROL_GetMouseSensitivity_Y
                0x0000000001aac240                CONTROL_SetMouseSensitivity_Y
                0x0000000001aac250                CONTROL_Startup
                0x0000000001aac2e4                CONTROL_Shutdown
                0x0000000001aac2f4                CONTROL_MapAnalogAxis
                0x0000000001aac30c                CONTROL_MapDigitalAxis
                0x0000000001aac328                CONTROL_SetAnalogAxisScale
                0x0000000001aac36c                CONTROL_SetAnalogAxisDeadzone
                0x0000000001aac384                CONTROL_FilterDeadzone
                0x0000000001aac39c                CONTROL_GetFilteredAxisValue
                0x0000000001aac3f0                CONTROL_PrintAxes
                0x0000000001aac3f4                MOUSE_Init
                0x0000000001aac42c                MOUSE_Shutdown
                0x0000000001aac430                MOUSE_ShowCursor
                0x0000000001aac434                MOUSE_HideCursor
                0x0000000001aac438                MOUSE_GetButtons
                0x0000000001aac448                MOUSE_GetPosition
                0x0000000001aac470                MOUSE_GetDelta
                0x0000000001aac4f0                JOYSTICK_UpdateHats
 .text          0x0000000001aac550      0xd74 /home/jbrawley/Desktop/rockbox-photo-cf-support/build/apps/plugins/sdl/progs/duke3d/Game/src/cvar_defs.o
                0x0000000001aac550                CVARDEFS_FunctionClear
                0x0000000001aac560                CVARDEFS_FunctionHelp
                0x0000000001aac880                CVARDEFS_DefaultFunction
                0x0000000001aac8e4                CVARDEFS_FunctionQuit
                0x0000000001aac970                CVARDEFS_FunctionName
                0x0000000001aacb1c                CVARDEFS_FunctionLevel
                0x0000000001aacd04                CVARDEFS_FunctionPlayMidi
                0x0000000001aacd28                CVARDEFS_Init
                0x0000000001aacfa8                CVARDEFS_Render
 .text          0x0000000001aad2c4      0x10c /home/jbrawley/Desktop/rockbox-photo-cf-support/build/apps/plugins/sdl/progs/duke3d/Game/src/cvars.o
                0x0000000001aad2c4                CVAR_RegisterCvar
                0x0000000001aad374                CVAR_GetNumCvarBindings
                0x0000000001aad384                CVAR_GetCvarBinding
                0x0000000001aad3b0                CVAR_RegisterDefaultCvarBindings
                0x0000000001aad3c0                CVAR_Render
 .text          0x0000000001aad3d0    0x2c268 /home/jbrawley/Desktop/rockbox-photo-cf-support/build/apps/plugins/sdl/progs/duke3d/Game/src/game.o
                0x0000000001aad3d0                GetTime
                0x0000000001aad3e0                CenterCenter
                0x0000000001aad3f8                UpperLeft
                0x0000000001aad410                LowerRight
                0x0000000001aad428                CenterThrottle
                0x0000000001aad440                CenterRudder
                0x0000000001aad458                ShutDown
                0x0000000001aaebe8                timerhandler
                0x0000000001aaec00                gametext
                0x0000000001aaed8c                gametextpal
                0x0000000001aaef20                gametextpart
                0x0000000001aaf158                minitext
                0x0000000001aaf250                minitextshade
                0x0000000001aaf360                gamenumber
                0x0000000001aaf3ac                grpVersion2char_from_crc
                0x0000000001aaf3fc                grpVersion2char
                0x0000000001aaf4a0                caches
                0x0000000001aaf5ec                dispVersion
                0x0000000001aaf9b0                checksync
                0x0000000001aaff08                check_fta_sounds
                0x0000000001ab0198                inventory
                0x0000000001ab01f4                badguy
                0x0000000001ab03d8                badguypic
                0x0000000001ab05a8                myos
                0x0000000001ab066c                myospal
                0x0000000001ab06f4                invennum
                0x0000000001ab0940                orderweaponnum
                0x0000000001ab0b10                weaponnum
                0x0000000001ab0e9c                weaponnum999
                0x0000000001ab1364                weapon_amounts
                0x0000000001ab2010                digitalnumber
                0x0000000001ab22a8                displayinventory
                0x0000000001ab27f8                displayfragbar
                0x0000000001ab2c80                drawsmallweapon
                0x0000000001ab2e70                duke_tics
                0x0000000001ab31bc                display_boardfilename_FPS_weapon
                0x0000000001ab3440                coolgaugetext
                0x0000000001ab5ba8                coords
                0x0000000001ab5f30                operatefta
                0x0000000001ab61e0                FTA
                0x0000000001ab6298                showtwoscreens
                0x0000000001ab6910                strget
                0x0000000001ab6be0                typemode
                0x0000000001ab7664                moveclouds
                0x0000000001ab78b0                updatesectorz
                0x0000000001ab7ebc                view
                0x0000000001ab83d0                drawbackground
                0x0000000001ab8bf4                LocateTheLocator
                0x0000000001ab8d00                wallswitchcheck
                0x0000000001ab8df8                animatesprites
                0x0000000001abd154                displayrooms
                0x0000000001abe658                cheats
                0x0000000001ac01d8                comlinehelp
                0x0000000001ac0314                checkcommandline
                0x0000000001ac0db8                printstr
                0x0000000001ac0dfc                loadtmb
                0x0000000001ac0e50                compilecons
                0x0000000001ac0ec8                sendscore