Archive member included to satisfy reference by file (symbol)

/home/jbrawley/Desktop/rockbox-photo-cf-support/build/lib/libtlsf.a(tlsf.o)
                              /home/jbrawley/Desktop/rockbox-photo-cf-support/build/apps/plugins/sdl/main.o (init_memory_pool)
/home/jbrawley/Desktop/rockbox-photo-cf-support/build/apps/plugins/libplugin.a(gcc-support.o)
                              /home/jbrawley/Desktop/rockbox-photo-cf-support/build/apps/plugins/sdl/src/audio/SDL_audio.o (memcpy)
/home/jbrawley/Desktop/rockbox-photo-cf-support/build/apps/plugins/libplugin.a(helper.o)
                              /home/jbrawley/Desktop/rockbox-photo-cf-support/build/apps/plugins/sdl/main.o (backlight_ignore_timeout)
/home/jbrawley/Desktop/rockbox-photo-cf-support/build/apps/plugins/libplugin.a(strncpy.o)
                              /home/jbrawley/Desktop/rockbox-photo-cf-support/build/apps/plugins/sdl/SDL_mixer/timidity/common.o (strncpy)
/home/jbrawley/Desktop/rockbox-photo-cf-support/build/apps/plugins/libplugin.a(stdio_compat.o)
                              /home/jbrawley/Desktop/rockbox-photo-cf-support/build/apps/plugins/sdl/src/file/SDL_rwops.o (_fopen_)
/home/jbrawley/Desktop/rockbox-photo-cf-support/build/apps/plugins/libplugin.a(pluginlib_bmp.o)
                              /home/jbrawley/Desktop/rockbox-photo-cf-support/build/apps/plugins/sdl/src/video/rockbox/SDL_rockboxvideo.o (simple_resize_bitmap)
/home/jbrawley/Desktop/rockbox-photo-cf-support/build/apps/plugins/libplugin.a(pluginlib_resize.o)
                              /home/jbrawley/Desktop/rockbox-photo-cf-support/build/apps/plugins/libplugin.a(pluginlib_bmp.o) (recalc_dimension)
/home/jbrawley/Desktop/rockbox-photo-cf-support/build/lib/libsetjmp.a(setjmp.o)
                              /home/jbrawley/Desktop/rockbox-photo-cf-support/build/apps/plugins/plugin_crt0.o (setjmp)
/home/jbrawley/Desktop/rockbox-photo-cf-support/build/lib/libfixedpoint.a(fixedpoint.o)
                              /home/jbrawley/Desktop/rockbox-photo-cf-support/build/apps/plugins/sdl/wrappers.o (fp_sincos)
/usr/local/lib/gcc/arm-elf-eabi/4.9.4/libgcc.a(_udivsi3.o)
                              /home/jbrawley/Desktop/rockbox-photo-cf-support/build/apps/plugins/sdl/src/file/SDL_rwops.o (__aeabi_uidiv)
/usr/local/lib/gcc/arm-elf-eabi/4.9.4/libgcc.a(_divsi3.o)
                              /home/jbrawley/Desktop/rockbox-photo-cf-support/build/apps/plugins/sdl/src/audio/SDL_audio.o (__aeabi_idiv)
/usr/local/lib/gcc/arm-elf-eabi/4.9.4/libgcc.a(_dvmd_tls.o)
                              /usr/local/lib/gcc/arm-elf-eabi/4.9.4/libgcc.a(_udivsi3.o) (__aeabi_idiv0)
/usr/local/lib/gcc/arm-elf-eabi/4.9.4/libgcc.a(_ashrdi3.o)
                              /home/jbrawley/Desktop/rockbox-photo-cf-support/build/lib/libfixedpoint.a(fixedpoint.o) (__aeabi_lasr)
/usr/local/lib/gcc/arm-elf-eabi/4.9.4/libgcc.a(_ashldi3.o)
                              /home/jbrawley/Desktop/rockbox-photo-cf-support/build/lib/libfixedpoint.a(fixedpoint.o) (__aeabi_llsl)
/usr/local/lib/gcc/arm-elf-eabi/4.9.4/libgcc.a(_arm_addsubdf3.o)
                              /home/jbrawley/Desktop/rockbox-photo-cf-support/build/apps/plugins/sdl/wrappers.o (__aeabi_dsub)
/usr/local/lib/gcc/arm-elf-eabi/4.9.4/libgcc.a(_arm_muldivdf3.o)
                              /home/jbrawley/Desktop/rockbox-photo-cf-support/build/apps/plugins/sdl/wrappers.o (__aeabi_dmul)
/usr/local/lib/gcc/arm-elf-eabi/4.9.4/libgcc.a(_arm_cmpdf2.o)
                              /home/jbrawley/Desktop/rockbox-photo-cf-support/build/apps/plugins/sdl/wrappers.o (__aeabi_dcmpeq)
/usr/local/lib/gcc/arm-elf-eabi/4.9.4/libgcc.a(_arm_fixdfsi.o)
                              /home/jbrawley/Desktop/rockbox-photo-cf-support/build/apps/plugins/sdl/wrappers.o (__aeabi_d2iz)
/usr/local/lib/gcc/arm-elf-eabi/4.9.4/libgcc.a(_arm_fixunsdfsi.o)
                              /home/jbrawley/Desktop/rockbox-photo-cf-support/build/apps/plugins/sdl/wrappers.o (__aeabi_d2uiz)
/usr/local/lib/gcc/arm-elf-eabi/4.9.4/libgcc.a(_arm_truncdfsf2.o)
                              /home/jbrawley/Desktop/rockbox-photo-cf-support/build/apps/plugins/sdl/wrappers.o (__aeabi_d2f)
/usr/local/lib/gcc/arm-elf-eabi/4.9.4/libgcc.a(_arm_addsubsf3.o)
                              /home/jbrawley/Desktop/rockbox-photo-cf-support/build/apps/plugins/sdl/wrappers.o (__aeabi_fsub)
/usr/local/lib/gcc/arm-elf-eabi/4.9.4/libgcc.a(_arm_muldivsf3.o)
                              /home/jbrawley/Desktop/rockbox-photo-cf-support/build/apps/plugins/sdl/wrappers.o (__aeabi_fmul)
/usr/local/lib/gcc/arm-elf-eabi/4.9.4/libgcc.a(_arm_cmpsf2.o)
                              /home/jbrawley/Desktop/rockbox-photo-cf-support/build/apps/plugins/sdl/wrappers.o (__aeabi_fcmpeq)
/usr/local/lib/gcc/arm-elf-eabi/4.9.4/libgcc.a(_arm_fixsfsi.o)
                              /home/jbrawley/Desktop/rockbox-photo-cf-support/build/apps/plugins/sdl/wrappers.o (__aeabi_f2iz)
[...]
Memory Configuration

Name             Origin             Length             Attributes
PLUGIN_RAM       0x0000000001c71270 0x000000000020ed90
PLUGIN_IRAM      0x000000004000c000 0x000000000000c000
*default*        0x0000000000000000 0xffffffffffffffff

Linker script and memory map

LOAD /home/jbrawley/Desktop/rockbox-photo-cf-support/build/apps/plugins/sdl/main.o
LOAD /home/jbrawley/Desktop/rockbox-photo-cf-support/build/apps/plugins/sdl/wrappers.o
LOAD /home/jbrawley/Desktop/rockbox-photo-cf-support/build/apps/plugins/sdl/src/SDL.o
LOAD /home/jbrawley/Desktop/rockbox-photo-cf-support/build/apps/plugins/sdl/src/SDL_error.o
LOAD /home/jbrawley/Desktop/rockbox-photo-cf-support/build/apps/plugins/sdl/src/SDL_fatal.o
LOAD /home/jbrawley/Desktop/rockbox-photo-cf-support/build/apps/plugins/sdl/src/audio/SDL_audio.o
LOAD /home/jbrawley/Desktop/rockbox-photo-cf-support/build/apps/plugins/sdl/src/audio/SDL_audiocvt.o
LOAD /home/jbrawley/Desktop/rockbox-photo-cf-support/build/apps/plugins/sdl/src/audio/SDL_audiodev.o
LOAD /home/jbrawley/Desktop/rockbox-photo-cf-support/build/apps/plugins/sdl/src/audio/SDL_mixer.o
LOAD /home/jbrawley/Desktop/rockbox-photo-cf-support/build/apps/plugins/sdl/src/audio/SDL_mixer_MMX.o
LOAD /home/jbrawley/Desktop/rockbox-photo-cf-support/build/apps/plugins/sdl/src/audio/SDL_mixer_MMX_VC.o
LOAD /home/jbrawley/Desktop/rockbox-photo-cf-support/build/apps/plugins/sdl/src/audio/SDL_mixer_m68k.o
LOAD /home/jbrawley/Desktop/rockbox-photo-cf-support/build/apps/plugins/sdl/src/audio/SDL_wave.o
LOAD /home/jbrawley/Desktop/rockbox-photo-cf-support/build/apps/plugins/sdl/src/audio/rockbox/SDL_rockboxaudio.o
LOAD /home/jbrawley/Desktop/rockbox-photo-cf-support/build/apps/plugins/sdl/src/cdrom/SDL_cdrom.o
LOAD /home/jbrawley/Desktop/rockbox-photo-cf-support/build/apps/plugins/sdl/src/cdrom/dummy/SDL_syscdrom.o
LOAD /home/jbrawley/Desktop/rockbox-photo-cf-support/build/apps/plugins/sdl/src/cpuinfo/SDL_cpuinfo.o
LOAD /home/jbrawley/Desktop/rockbox-photo-cf-support/build/apps/plugins/sdl/src/events/SDL_active.o
LOAD /home/jbrawley/Desktop/rockbox-photo-cf-support/build/apps/plugins/sdl/src/events/SDL_events.o
LOAD /home/jbrawley/Desktop/rockbox-photo-cf-support/build/apps/plugins/sdl/src/events/SDL_expose.o
LOAD /home/jbrawley/Desktop/rockbox-photo-cf-support/build/apps/plugins/sdl/src/events/SDL_keyboard.o
LOAD /home/jbrawley/Desktop/rockbox-photo-cf-support/build/apps/plugins/sdl/src/events/SDL_mouse.o
LOAD /home/jbrawley/Desktop/rockbox-photo-cf-support/build/apps/plugins/sdl/src/events/SDL_quit.o
LOAD /home/jbrawley/Desktop/rockbox-photo-cf-support/build/apps/plugins/sdl/src/events/SDL_resize.o
LOAD /home/jbrawley/Desktop/rockbox-photo-cf-support/build/apps/plugins/sdl/src/file/SDL_rwops.o
LOAD /home/jbrawley/Desktop/rockbox-photo-cf-support/build/apps/plugins/sdl/src/joystick/SDL_joystick.o
LOAD /home/jbrawley/Desktop/rockbox-photo-cf-support/build/apps/plugins/sdl/src/joystick/dummy/SDL_sysjoystick.o
LOAD /home/jbrawley/Desktop/rockbox-photo-cf-support/build/apps/plugins/sdl/src/loadso/dummy/SDL_sysloadso.o
LOAD /home/jbrawley/Desktop/rockbox-photo-cf-support/build/apps/plugins/sdl/src/stdlib/SDL_getenv.o
LOAD /home/jbrawley/Desktop/rockbox-photo-cf-support/build/apps/plugins/sdl/src/stdlib/SDL_iconv.o
LOAD /home/jbrawley/Desktop/rockbox-photo-cf-support/build/apps/plugins/sdl/src/stdlib/SDL_malloc.o
LOAD /home/jbrawley/Desktop/rockbox-photo-cf-support/build/apps/plugins/sdl/src/stdlib/SDL_qsort.o
LOAD /home/jbrawley/Desktop/rockbox-photo-cf-support/build/apps/plugins/sdl/src/stdlib/SDL_stdlib.o
LOAD /home/jbrawley/Desktop/rockbox-photo-cf-support/build/apps/plugins/sdl/src/stdlib/SDL_string.o
LOAD /home/jbrawley/Desktop/rockbox-photo-cf-support/build/apps/plugins/sdl/src/thread/SDL_thread.o
LOAD /home/jbrawley/Desktop/rockbox-photo-cf-support/build/apps/plugins/sdl/src/thread/rockbox/SDL_syscond.o
LOAD /home/jbrawley/Desktop/rockbox-photo-cf-support/build/apps/plugins/sdl/src/thread/rockbox/SDL_sysmutex.o
LOAD /home/jbrawley/Desktop/rockbox-photo-cf-support/build/apps/plugins/sdl/src/thread/rockbox/SDL_syssem.o
LOAD /home/jbrawley/Desktop/rockbox-photo-cf-support/build/apps/plugins/sdl/src/thread/rockbox/SDL_systhread.o
LOAD /home/jbrawley/Desktop/rockbox-photo-cf-support/build/apps/plugins/sdl/src/timer/SDL_timer.o
LOAD /home/jbrawley/Desktop/rockbox-photo-cf-support/build/apps/plugins/sdl/src/timer/rockbox/SDL_systimer.o
LOAD /home/jbrawley/Desktop/rockbox-photo-cf-support/build/apps/plugins/sdl/src/video/SDL_RLEaccel.o
LOAD /home/jbrawley/Desktop/rockbox-photo-cf-support/build/apps/plugins/sdl/src/video/SDL_blit.o
LOAD /home/jbrawley/Desktop/rockbox-photo-cf-support/build/apps/plugins/sdl/src/video/SDL_blit_0.o
LOAD /home/jbrawley/Desktop/rockbox-photo-cf-support/build/apps/plugins/sdl/src/video/SDL_blit_1.o
LOAD /home/jbrawley/Desktop/rockbox-photo-cf-support/build/apps/plugins/sdl/src/video/SDL_blit_A.o
LOAD /home/jbrawley/Desktop/rockbox-photo-cf-support/build/apps/plugins/sdl/src/video/SDL_blit_N.o
LOAD /home/jbrawley/Desktop/rockbox-photo-cf-support/build/apps/plugins/sdl/src/video/SDL_bmp.o
LOAD /home/jbrawley/Desktop/rockbox-photo-cf-support/build/apps/plugins/sdl/src/video/SDL_cursor.o
LOAD /home/jbrawley/Desktop/rockbox-photo-cf-support/build/apps/plugins/sdl/src/video/SDL_gamma.o
LOAD /home/jbrawley/Desktop/rockbox-photo-cf-support/build/apps/plugins/sdl/src/video/SDL_pixels.o
LOAD /home/jbrawley/Desktop/rockbox-photo-cf-support/build/apps/plugins/sdl/src/video/SDL_stretch.o
LOAD /home/jbrawley/Desktop/rockbox-photo-cf-support/build/apps/plugins/sdl/src/video/SDL_surface.o
LOAD /home/jbrawley/Desktop/rockbox-photo-cf-support/build/apps/plugins/sdl/src/video/SDL_video.o
LOAD /home/jbrawley/Desktop/rockbox-photo-cf-support/build/apps/plugins/sdl/src/video/SDL_yuv.o
LOAD /home/jbrawley/Desktop/rockbox-photo-cf-support/build/apps/plugins/sdl/src/video/SDL_yuv_mmx.o
LOAD /home/jbrawley/Desktop/rockbox-photo-cf-support/build/apps/plugins/sdl/src/video/SDL_yuv_sw.o
LOAD /home/jbrawley/Desktop/rockbox-photo-cf-support/build/apps/plugins/sdl/src/video/dummy/SDL_nullevents.o
LOAD /home/jbrawley/Desktop/rockbox-photo-cf-support/build/apps/plugins/sdl/src/video/dummy/SDL_nullmouse.o
LOAD /home/jbrawley/Desktop/rockbox-photo-cf-support/build/apps/plugins/sdl/src/video/dummy/SDL_nullvideo.o
LOAD /home/jbrawley/Desktop/rockbox-photo-cf-support/build/apps/plugins/sdl/src/video/rockbox/SDL_rockboxvideo.o
LOAD /home/jbrawley/Desktop/rockbox-photo-cf-support/build/apps/plugins/sdl/SDL_image/IMG_bmp.o
LOAD /home/jbrawley/Desktop/rockbox-photo-cf-support/build/apps/plugins/sdl/SDL_image/IMG.o
LOAD /home/jbrawley/Desktop/rockbox-photo-cf-support/build/apps/plugins/sdl/SDL_image/IMG_gif.o
LOAD /home/jbrawley/Desktop/rockbox-photo-cf-support/build/apps/plugins/sdl/SDL_image/IMG_jpg.o
LOAD /home/jbrawley/Desktop/rockbox-photo-cf-support/build/apps/plugins/sdl/SDL_image/IMG_lbm.o
LOAD /home/jbrawley/Desktop/rockbox-photo-cf-support/build/apps/plugins/sdl/SDL_image/IMG_pcx.o
LOAD /home/jbrawley/Desktop/rockbox-photo-cf-support/build/apps/plugins/sdl/SDL_image/IMG_png.o
LOAD /home/jbrawley/Desktop/rockbox-photo-cf-support/build/apps/plugins/sdl/SDL_image/IMG_pnm.o
LOAD /home/jbrawley/Desktop/rockbox-photo-cf-support/build/apps/plugins/sdl/SDL_image/IMG_tga.o
LOAD /home/jbrawley/Desktop/rockbox-photo-cf-support/build/apps/plugins/sdl/SDL_image/IMG_tif.o
LOAD /home/jbrawley/Desktop/rockbox-photo-cf-support/build/apps/plugins/sdl/SDL_image/IMG_webp.o
LOAD /home/jbrawley/Desktop/rockbox-photo-cf-support/build/apps/plugins/sdl/SDL_image/IMG_xcf.o
LOAD /home/jbrawley/Desktop/rockbox-photo-cf-support/build/apps/plugins/sdl/SDL_image/IMG_xpm.o
LOAD /home/jbrawley/Desktop/rockbox-photo-cf-support/build/apps/plugins/sdl/SDL_image/IMG_xv.o
LOAD /home/jbrawley/Desktop/rockbox-photo-cf-support/build/apps/plugins/sdl/SDL_image/IMG_xxx.o
LOAD /home/jbrawley/Desktop/rockbox-photo-cf-support/build/apps/plugins/sdl/SDL_mixer/dynamic_flac.o
LOAD /home/jbrawley/Desktop/rockbox-photo-cf-support/build/apps/plugins/sdl/SDL_mixer/dynamic_fluidsynth.o
LOAD /home/jbrawley/Desktop/rockbox-photo-cf-support/build/apps/plugins/sdl/SDL_mixer/dynamic_mod.o
LOAD /home/jbrawley/Desktop/rockbox-photo-cf-support/build/apps/plugins/sdl/SDL_mixer/dynamic_mp3.o
LOAD /home/jbrawley/Desktop/rockbox-photo-cf-support/build/apps/plugins/sdl/SDL_mixer/dynamic_ogg.o
LOAD /home/jbrawley/Desktop/rockbox-photo-cf-support/build/apps/plugins/sdl/SDL_mixer/effect_position.o
LOAD /home/jbrawley/Desktop/rockbox-photo-cf-support/build/apps/plugins/sdl/SDL_mixer/effects_internal.o
LOAD /home/jbrawley/Desktop/rockbox-photo-cf-support/build/apps/plugins/sdl/SDL_mixer/effect_stereoreverse.o
LOAD /home/jbrawley/Desktop/rockbox-photo-cf-support/build/apps/plugins/sdl/SDL_mixer/fluidsynth.o
LOAD /home/jbrawley/Desktop/rockbox-photo-cf-support/build/apps/plugins/sdl/SDL_mixer/load_aiff.o
LOAD /home/jbrawley/Desktop/rockbox-photo-cf-support/build/apps/plugins/sdl/SDL_mixer/load_flac.o
LOAD /home/jbrawley/Desktop/rockbox-photo-cf-support/build/apps/plugins/sdl/SDL_mixer/load_ogg.o
LOAD /home/jbrawley/Desktop/rockbox-photo-cf-support/build/apps/plugins/sdl/SDL_mixer/load_voc.o
LOAD /home/jbrawley/Desktop/rockbox-photo-cf-support/build/apps/plugins/sdl/SDL_mixer/mixer.o
LOAD /home/jbrawley/Desktop/rockbox-photo-cf-support/build/apps/plugins/sdl/SDL_mixer/music.o
LOAD /home/jbrawley/Desktop/rockbox-photo-cf-support/build/apps/plugins/sdl/SDL_mixer/music_cmd.o
LOAD /home/jbrawley/Desktop/rockbox-photo-cf-support/build/apps/plugins/sdl/SDL_mixer/music_flac.o
LOAD /home/jbrawley/Desktop/rockbox-photo-cf-support/build/apps/plugins/sdl/SDL_mixer/music_mad.o
LOAD /home/jbrawley/Desktop/rockbox-photo-cf-support/build/apps/plugins/sdl/SDL_mixer/music_mod.o
LOAD /home/jbrawley/Desktop/rockbox-photo-cf-support/build/apps/plugins/sdl/SDL_mixer/music_modplug.o
LOAD /home/jbrawley/Desktop/rockbox-photo-cf-support/build/apps/plugins/sdl/SDL_mixer/music_ogg.o
LOAD /home/jbrawley/Desktop/rockbox-photo-cf-support/build/apps/plugins/sdl/SDL_mixer/wavestream.o
LOAD /home/jbrawley/Desktop/rockbox-photo-cf-support/build/apps/plugins/sdl/SDL_mixer/timidity/common.o
LOAD /home/jbrawley/Desktop/rockbox-photo-cf-support/build/apps/plugins/sdl/SDL_mixer/timidity/ctrlmode.o
LOAD /home/jbrawley/Desktop/rockbox-photo-cf-support/build/apps/plugins/sdl/SDL_mixer/timidity/filter.o
LOAD /home/jbrawley/Desktop/rockbox-photo-cf-support/build/apps/plugins/sdl/SDL_mixer/timidity/instrum.o
LOAD /home/jbrawley/Desktop/rockbox-photo-cf-support/build/apps/plugins/sdl/SDL_mixer/timidity/mix.o
LOAD /home/jbrawley/Desktop/rockbox-photo-cf-support/build/apps/plugins/sdl/SDL_mixer/timidity/output.o
LOAD /home/jbrawley/Desktop/rockbox-photo-cf-support/build/apps/plugins/sdl/SDL_mixer/timidity/playmidi.o
LOAD /home/jbrawley/Desktop/rockbox-photo-cf-support/build/apps/plugins/sdl/SDL_mixer/timidity/readmidi.o
LOAD /home/jbrawley/Desktop/rockbox-photo-cf-support/build/apps/plugins/sdl/SDL_mixer/timidity/resample.o
LOAD /home/jbrawley/Desktop/rockbox-photo-cf-support/build/apps/plugins/sdl/SDL_mixer/timidity/sdl_a.o
LOAD /home/jbrawley/Desktop/rockbox-photo-cf-support/build/apps/plugins/sdl/SDL_mixer/timidity/sdl_c.o
LOAD /home/jbrawley/Desktop/rockbox-photo-cf-support/build/apps/plugins/sdl/SDL_mixer/timidity/tables.o
LOAD /home/jbrawley/Desktop/rockbox-photo-cf-support/build/apps/plugins/sdl/SDL_mixer/timidity/timidity.o
LOAD /home/jbrawley/Desktop/rockbox-photo-cf-support/build/apps/plugins/sdl/progs/wolf3d/fmopl_gpl.o
LOAD /home/jbrawley/Desktop/rockbox-photo-cf-support/build/apps/plugins/sdl/progs/wolf3d/id_ca.o
LOAD /home/jbrawley/Desktop/rockbox-photo-cf-support/build/apps/plugins/sdl/progs/wolf3d/id_in.o
LOAD /home/jbrawley/Desktop/rockbox-photo-cf-support/build/apps/plugins/sdl/progs/wolf3d/id_pm.o
LOAD /home/jbrawley/Desktop/rockbox-photo-cf-support/build/apps/plugins/sdl/progs/wolf3d/id_sd.o
LOAD /home/jbrawley/Desktop/rockbox-photo-cf-support/build/apps/plugins/sdl/progs/wolf3d/id_us_1.o
LOAD /home/jbrawley/Desktop/rockbox-photo-cf-support/build/apps/plugins/sdl/progs/wolf3d/id_vh.o
LOAD /home/jbrawley/Desktop/rockbox-photo-cf-support/build/apps/plugins/sdl/progs/wolf3d/id_vl.o
LOAD /home/jbrawley/Desktop/rockbox-photo-cf-support/build/apps/plugins/sdl/progs/wolf3d/signon.o
LOAD /home/jbrawley/Desktop/rockbox-photo-cf-support/build/apps/plugins/sdl/progs/wolf3d/wl_act1.o
LOAD /home/jbrawley/Desktop/rockbox-photo-cf-support/build/apps/plugins/sdl/progs/wolf3d/wl_act2.o
LOAD /home/jbrawley/Desktop/rockbox-photo-cf-support/build/apps/plugins/sdl/progs/wolf3d/wl_agent.o
LOAD /home/jbrawley/Desktop/rockbox-photo-cf-support/build/apps/plugins/sdl/progs/wolf3d/wl_atmos.o
LOAD /home/jbrawley/Desktop/rockbox-photo-cf-support/build/apps/plugins/sdl/progs/wolf3d/wl_cloudsky.o
LOAD /home/jbrawley/Desktop/rockbox-photo-cf-support/build/apps/plugins/sdl/progs/wolf3d/wl_debug.o
LOAD /home/jbrawley/Desktop/rockbox-photo-cf-support/build/apps/plugins/sdl/progs/wolf3d/wl_dir3dspr.o
LOAD /home/jbrawley/Desktop/rockbox-photo-cf-support/build/apps/plugins/sdl/progs/wolf3d/wl_draw.o
LOAD /home/jbrawley/Desktop/rockbox-photo-cf-support/build/apps/plugins/sdl/progs/wolf3d/wl_floorceiling.o
LOAD /home/jbrawley/Desktop/rockbox-photo-cf-support/build/apps/plugins/sdl/progs/wolf3d/wl_game.o
LOAD /home/jbrawley/Desktop/rockbox-photo-cf-support/build/apps/plugins/sdl/progs/wolf3d/wl_inter.o
LOAD /home/jbrawley/Desktop/rockbox-photo-cf-support/build/apps/plugins/sdl/progs/wolf3d/wl_main.o
LOAD /home/jbrawley/Desktop/rockbox-photo-cf-support/build/apps/plugins/sdl/progs/wolf3d/wl_menu.o
LOAD /home/jbrawley/Desktop/rockbox-photo-cf-support/build/apps/plugins/sdl/progs/wolf3d/wl_parallax.o
LOAD /home/jbrawley/Desktop/rockbox-photo-cf-support/build/apps/plugins/sdl/progs/wolf3d/wl_play.o
LOAD /home/jbrawley/Desktop/rockbox-photo-cf-support/build/apps/plugins/sdl/progs/wolf3d/wl_shade.o
LOAD /home/jbrawley/Desktop/rockbox-photo-cf-support/build/apps/plugins/sdl/progs/wolf3d/wl_state.o
LOAD /home/jbrawley/Desktop/rockbox-photo-cf-support/build/apps/plugins/sdl/progs/wolf3d/wl_text.o
LOAD /home/jbrawley/Desktop/rockbox-photo-cf-support/build/apps/plugins/plugin_crt0.o
LOAD /home/jbrawley/Desktop/rockbox-photo-cf-support/build/lib/libtlsf.a
LOAD /home/jbrawley/Desktop/rockbox-photo-cf-support/build/apps/plugins/libplugin.a
LOAD /home/jbrawley/Desktop/rockbox-photo-cf-support/build/apps/plugins/bitmaps/libpluginbitmaps.a
LOAD /home/jbrawley/Desktop/rockbox-photo-cf-support/build/lib/libsetjmp.a
LOAD /home/jbrawley/Desktop/rockbox-photo-cf-support/build/lib/libfixedpoint.a
LOAD /usr/local/lib/gcc/arm-elf-eabi/4.9.4/libgcc.a

.header         0x0000000001c71270       0x1c
                0x0000000001c71270                _plugin_start_addr = .
                0x0000000001c71270                plugin_start_addr = .
 *(.header)
 .header        0x0000000001c71270       0x1c /home/jbrawley/Desktop/rockbox-photo-cf-support/build/apps/plugins/plugin_crt0.o
                0x0000000001c71270                __header

.text           0x0000000001c71290    0xa5918
 *(.text*)
 .text          0x0000000001c71290      0x30c /home/jbrawley/Desktop/rockbox-photo-cf-support/build/apps/plugins/sdl/main.o
                0x0000000001c71290                cleanup
                0x0000000001c71388                rbsdl_atexit
                0x0000000001c713d4                rb_exit
                0x0000000001c71418                plugin_start
 *fill*         0x0000000001c7159c        0x4 
 .text          0x0000000001c715a0     0x1b10 /home/jbrawley/Desktop/rockbox-photo-cf-support/build/apps/plugins/sdl/wrappers.o
                0x0000000001c715a0                strtok_wrapper
                0x0000000001c715bc                atof_wrapper
                0x0000000001c71904                sin_wrapper
                0x0000000001c71a34                cos_wrapper
                0x0000000001c71b6c                tan_wrapper
                0x0000000001c71dd4                fscanf_wrapper
                0x0000000001c71ef0                printf_wrapper
                0x0000000001c72060                fatal
                0x0000000001c720f8                vprintf_wrapper
                0x0000000001c72144                sprintf_wrapper
                0x0000000001c72190                vsprintf_wrapper
                0x0000000001c721b4                strcpy_wrapper
                0x0000000001c721e8                strdup_wrapper
                0x0000000001c7223c                strcat_wrapper
                0x0000000001c72270                strpbrk_wrapper
                0x0000000001c722cc                fabs_wrapper
                0x0000000001c722d4                fmod_wrapper
                0x0000000001c72308                sqrt_wrapper
                0x0000000001c724e4                atan_wrapper
                0x0000000001c727ec                atan2_wrapper
                0x0000000001c72980                __fpclassifyf
                0x0000000001c729cc                __isinff
                0x0000000001c729e4                rb_exp
                0x0000000001c72b98                floor_wrapper
                0x0000000001c72c14                ceil_wrapper
                0x0000000001c72c9c                rb_log
                0x0000000001c72fbc                pow_wrapper
 .text          0x0000000001c730b0      0x38c /home/jbrawley/Desktop/rockbox-photo-cf-support/build/apps/plugins/sdl/src/SDL.o
                0x0000000001c730b0                rb_SDL_InitSubSystem
                0x0000000001c731e4                rb_SDL_Init
                0x0000000001c73328                rb_SDL_QuitSubSystem
                0x0000000001c733a0                rb_SDL_WasInit
                0x0000000001c733c4                rb_SDL_Quit
                0x0000000001c73430                rb_SDL_Linked_Version
 .text          0x0000000001c7343c      0x564 /home/jbrawley/Desktop/rockbox-photo-cf-support/build/apps/plugins/sdl/src/SDL_error.o
                0x0000000001c7343c                rb_SDL_SetError
                0x0000000001c73640                rb_SDL_GetErrorMsg
                0x0000000001c73920                rb_SDL_GetError
                0x0000000001c73930                rb_SDL_ClearError
                0x0000000001c73948                rb_SDL_Error
 .text          0x0000000001c739a0        0x8 /home/jbrawley/Desktop/rockbox-photo-cf-support/build/apps/plugins/sdl/src/SDL_fatal.o
                0x0000000001c739a0                rb_SDL_InstallParachute
                0x0000000001c739a4                rb_SDL_UninstallParachute
 .text          0x0000000001c739a8      0xb5c /home/jbrawley/Desktop/rockbox-photo-cf-support/build/apps/plugins/sdl/src/audio/SDL_audio.o
                0x0000000001c73a10                rb_SDL_RunAudio
                0x0000000001c73bc4                rb_SDL_AudioDriverName
                0x0000000001c73c14                rb_SDL_OpenAudio
                0x0000000001c74160                rb_SDL_GetAudioStatus
                0x0000000001c7419c                rb_SDL_PauseAudio
                0x0000000001c741b4                rb_SDL_LockAudio
                0x0000000001c741d8                rb_SDL_UnlockAudio
                0x0000000001c741fc                rb_SDL_CloseAudio
                0x0000000001c74210                rb_SDL_AudioQuit
                0x0000000001c742bc                rb_SDL_AudioInit
                0x0000000001c743b4                rb_SDL_FirstAudioFormat
                0x0000000001c74458                rb_SDL_NextAudioFormat
                0x0000000001c744a4                rb_SDL_CalculateAudioSpec
                0x0000000001c744d8                rb_SDL_Audio_SetCaption
 *fill*         0x0000000001c74504        0x4 
 .text          0x0000000001c74508     0x7050 /home/jbrawley/Desktop/rockbox-photo-cf-support/build/apps/plugins/sdl/src/audio/SDL_audiocvt.o
                0x0000000001c74508                rb_SDL_ConvertMono
                0x0000000001c74db0                rb_SDL_ConvertStrip
                0x0000000001c756b8                rb_SDL_ConvertStrip_2
                0x0000000001c75fc8                rb_SDL_ConvertStereo
                0x0000000001c7636c                rb_SDL_ConvertSurround
                0x0000000001c76a90                rb_SDL_ConvertSurround_4
                0x0000000001c770e4                rb_SDL_Convert16LSB
                0x0000000001c77274                rb_SDL_Convert16MSB
                0x0000000001c7741c                rb_SDL_Convert8
                0x0000000001c775a8                rb_SDL_ConvertSign
                0x0000000001c77a6c                rb_SDL_ConvertEndian
                0x0000000001c77c50                rb_SDL_RateMUL2
                0x0000000001c77fc0                rb_SDL_RateMUL2_c2
                0x0000000001c782f8                rb_SDL_RateMUL2_c4
                0x0000000001c78718                rb_SDL_RateMUL2_c6
                0x0000000001c78a44                rb_SDL_RateDIV2
                0x0000000001c78db8                rb_SDL_RateDIV2_c2
                0x0000000001c79334                rb_SDL_RateDIV2_c4
                0x0000000001c79a84                rb_SDL_RateDIV2_c6
                0x0000000001c7a0e0                rb_SDL_RateSLOW
                0x0000000001c7a8ec                rb_SDL_ConvertAudio
                0x0000000001c7a94c                rb_SDL_BuildAudioCVT
 .text          0x0000000001c7b558      0x834 /home/jbrawley/Desktop/rockbox-photo-cf-support/build/apps/plugins/sdl/src/audio/SDL_mixer.o
                0x0000000001c7b558                rb_SDL_MixAudio
 .text          0x0000000001c7bd8c      0xf50 /home/jbrawley/Desktop/rockbox-photo-cf-support/build/apps/plugins/sdl/src/audio/SDL_wave.o
                0x0000000001c7be9c                rb_SDL_LoadWAV_RW
                0x0000000001c7ccc4                rb_SDL_FreeWAV
 .text          0x0000000001c7ccdc      0x9c0 /home/jbrawley/Desktop/rockbox-photo-cf-support/build/apps/plugins/sdl/src/audio/rockbox/SDL_rockboxaudio.o
 .text          0x0000000001c7d69c      0x25c /home/jbrawley/Desktop/rockbox-photo-cf-support/build/apps/plugins/sdl/src/cpuinfo/SDL_cpuinfo.o
                0x0000000001c7d69c                rb_SDL_HasRDTSC
                0x0000000001c7d6e4                rb_SDL_HasMMX
                0x0000000001c7d730                rb_SDL_HasMMXExt
                0x0000000001c7d77c                rb_SDL_Has3DNow
                0x0000000001c7d7c8                rb_SDL_Has3DNowExt
                0x0000000001c7d814                rb_SDL_HasSSE
                0x0000000001c7d860                rb_SDL_HasSSE2
                0x0000000001c7d8ac                rb_SDL_HasAltiVec
 .text          0x0000000001c7d8f8      0x118 /home/jbrawley/Desktop/rockbox-photo-cf-support/build/apps/plugins/sdl/src/events/SDL_active.o
                0x0000000001c7d8f8                rb_SDL_AppActiveInit
                0x0000000001c7d910                rb_SDL_AppActiveQuit
                0x0000000001c7d914                rb_SDL_GetAppState
                0x0000000001c7d924                rb_SDL_PrivateAppActive
 .text          0x0000000001c7da10     0x14e0 /home/jbrawley/Desktop/rockbox-photo-cf-support/build/apps/plugins/sdl/src/events/SDL_events.o
                0x0000000001c7dac0                rb_SDL_Lock_EventThread
                0x0000000001c7db18                rb_SDL_Unlock_EventThread
                0x0000000001c7db4c                rb_SDL_EventThreadID
                0x0000000001c7db5c                rb_SDL_StopEventLoop
                0x0000000001c7dbc8                rb_SDL_StartEventLoop
                0x0000000001c7dd50                rb_SDL_PeepEvents
                0x0000000001c7e228                rb_SDL_PumpEvents
                0x0000000001c7e274                rb_SDL_PollEvent
                0x0000000001c7e404                rb_SDL_WaitEvent
                0x0000000001c7e5c8                rb_SDL_PushEvent
                0x0000000001c7e6b0                rb_SDL_SetEventFilter
                0x0000000001c7e840                rb_SDL_GetEventFilter
                0x0000000001c7e850                rb_SDL_EventState
                0x0000000001c7edac                rb_SDL_PrivateSysWMEvent
 .text          0x0000000001c7eef0     0x1320 /home/jbrawley/Desktop/rockbox-photo-cf-support/build/apps/plugins/sdl/src/events/SDL_keyboard.o
                0x0000000001c7eef0                rb_SDL_KeyboardInit
                0x0000000001c7faa0                rb_SDL_KeyboardQuit
                0x0000000001c7faa4                rb_SDL_ResetKeyboard
                0x0000000001c7fcec                rb_SDL_EnableUNICODE
                0x0000000001c7fd04                rb_SDL_GetKeyState
                0x0000000001c7fd20                rb_SDL_GetModState
                0x0000000001c7fd30                rb_SDL_SetModState
                0x0000000001c7fd40                rb_SDL_GetKeyName
                0x0000000001c7fd7c                rb_SDL_PrivateKeyboard
                0x0000000001c80118                rb_SDL_CheckKeyRepeat
                0x0000000001c801b0                rb_SDL_EnableKeyRepeat
                0x0000000001c801f4                rb_SDL_GetKeyRepeat
 .text          0x0000000001c80210      0x5dc /home/jbrawley/Desktop/rockbox-photo-cf-support/build/apps/plugins/sdl/src/events/SDL_mouse.o
                0x0000000001c80210                rb_SDL_MouseInit
                0x0000000001c80240                rb_SDL_MouseQuit
                0x0000000001c80244                rb_SDL_ResetMouse
                0x0000000001c80324                rb_SDL_GetMouseState
                0x0000000001c8034c                rb_SDL_GetRelativeMouseState
                0x0000000001c80380                rb_SDL_SetMouseRange
                0x0000000001c80394                rb_SDL_PrivateMouseMotion
                0x0000000001c805a8                rb_SDL_PrivateMouseButton
 .text          0x0000000001c807ec       0x7c /home/jbrawley/Desktop/rockbox-photo-cf-support/build/apps/plugins/sdl/src/events/SDL_quit.o
                0x0000000001c807ec                rb_SDL_QuitInit
                0x0000000001c807f4                rb_SDL_QuitQuit
                0x0000000001c807f8                rb_SDL_PrivateQuit
 .text          0x0000000001c80868       0xe4 /home/jbrawley/Desktop/rockbox-photo-cf-support/build/apps/plugins/sdl/src/events/SDL_resize.o
                0x0000000001c80868                rb_SDL_PrivateResize
 .text          0x0000000001c8094c      0x820 /home/jbrawley/Desktop/rockbox-photo-cf-support/build/apps/plugins/sdl/src/file/SDL_rwops.o
                0x0000000001c80c30                rb_SDL_RWFromFile
                0x0000000001c80d18                rb_SDL_RWFromFP
                0x0000000001c80d7c                rb_SDL_RWFromMem
                0x0000000001c80de8                rb_SDL_RWFromConstMem
                0x0000000001c80e54                rb_SDL_AllocRW
                0x0000000001c80e84                rb_SDL_FreeRW
                0x0000000001c80e94                rb_SDL_ReadLE16
                0x0000000001c80ec4                rb_SDL_ReadBE16
                0x0000000001c80f04                rb_SDL_ReadLE32
                0x0000000001c80f34                rb_SDL_ReadBE32
                0x0000000001c80f74                rb_SDL_ReadLE64
                0x0000000001c80fa4                rb_SDL_ReadBE64
                0x0000000001c80ff8                rb_SDL_WriteLE16
                0x0000000001c8102c                rb_SDL_WriteBE16
                0x0000000001c81068                rb_SDL_WriteLE32
                0x0000000001c8109c                rb_SDL_WriteBE32
                0x0000000001c810e0                rb_SDL_WriteLE64
                0x0000000001c81110                rb_SDL_WriteBE64
 .text          0x0000000001c8116c      0xc08 /home/jbrawley/Desktop/rockbox-photo-cf-support/build/apps/plugins/sdl/src/joystick/SDL_joystick.o
                0x0000000001c8116c                rb_SDL_JoystickInit
                0x0000000001c811d8                rb_SDL_NumJoysticks
                0x0000000001c811e8                rb_SDL_JoystickName
                0x0000000001c81234                rb_SDL_JoystickOpened
                0x0000000001c81290                rb_SDL_JoystickIndex
                0x0000000001c812bc                rb_SDL_JoystickNumAxes
                0x0000000001c812e8                rb_SDL_JoystickNumHats
                0x0000000001c81314                rb_SDL_JoystickNumBalls
                0x0000000001c81340                rb_SDL_JoystickNumButtons
                0x0000000001c8136c                rb_SDL_JoystickGetAxis
                0x0000000001c813d8                rb_SDL_JoystickGetHat
                0x0000000001c81430                rb_SDL_JoystickGetBall
                0x0000000001c814b4                rb_SDL_JoystickGetButton
                0x0000000001c8150c                rb_SDL_JoystickClose
                0x0000000001c81620                rb_SDL_JoystickOpen
                0x0000000001c8185c                rb_SDL_JoystickQuit
                0x0000000001c819b4                rb_SDL_PrivateJoystickAxis
                0x0000000001c81a4c                rb_SDL_PrivateJoystickHat
                0x0000000001c81ae0                rb_SDL_PrivateJoystickBall
                0x0000000001c81b98                rb_SDL_PrivateJoystickButton
                0x0000000001c81c48                rb_SDL_JoystickUpdate
                0x0000000001c81c88                rb_SDL_JoystickEventState
 .text          0x0000000001c81d74       0x5c /home/jbrawley/Desktop/rockbox-photo-cf-support/build/apps/plugins/sdl/src/joystick/dummy/SDL_sysjoystick.o
                0x0000000001c81d74                rb_SDL_SYS_JoystickInit
                0x0000000001c81d8c                rb_SDL_SYS_JoystickName
                0x0000000001c81da8                rb_SDL_SYS_JoystickOpen
                0x0000000001c81dc4                rb_SDL_SYS_JoystickUpdate
                0x0000000001c81dc8                rb_SDL_SYS_JoystickClose
                0x0000000001c81dcc                rb_SDL_SYS_JoystickQuit
 .text          0x0000000001c81dd0      0x218 /home/jbrawley/Desktop/rockbox-photo-cf-support/build/apps/plugins/sdl/src/stdlib/SDL_getenv.o
                0x0000000001c81dd0                rb_SDL_putenv
                0x0000000001c81f14                rb_SDL_getenv
 .text          0x0000000001c81fe8     0x3b90 /home/jbrawley/Desktop/rockbox-photo-cf-support/build/apps/plugins/sdl/src/stdlib/SDL_string.o
                0x0000000001c82898                rb_SDL_memset
                0x0000000001c829a8                rb_SDL_revcpy
                0x0000000001c82aac                rb_SDL_strlcat
                0x0000000001c82b20                rb_SDL_strdup
                0x0000000001c82b74                rb_SDL_strrev
                0x0000000001c82d28                rb_SDL_strupr
                0x0000000001c82d5c                rb_SDL_strlwr
                0x0000000001c82d90                rb_SDL_strchr
                0x0000000001c82dc8                rb_SDL_strrchr
                0x0000000001c82f94                rb_SDL_strstr
                0x0000000001c83018                rb_SDL_ltoa
                0x0000000001c833e8                rb_SDL_ultoa
                0x0000000001c835f4                rb_SDL_strtol
                0x0000000001c8368c                rb_SDL_strtoul
                0x0000000001c837a4                rb_SDL_lltoa
                0x0000000001c83bac                rb_SDL_ulltoa
                0x0000000001c83ddc                rb_SDL_strtoll
                0x0000000001c83e74                rb_SDL_strtoull
                0x0000000001c83fc0                rb_SDL_strtod
                0x0000000001c84128                rb_SDL_strcasecmp
                0x0000000001c841b0                rb_SDL_strncasecmp
                0x0000000001c84258                rb_SDL_sscanf
                0x0000000001c84e98                rb_SDL_vsnprintf
                0x0000000001c85b48                rb_SDL_snprintf
 .text          0x0000000001c85b78      0x9a8 /home/jbrawley/Desktop/rockbox-photo-cf-support/build/apps/plugins/sdl/src/thread/SDL_thread.o
                0x0000000001c85b78                rb_SDL_ThreadsInit
                0x0000000001c85ba4                rb_SDL_ThreadsQuit
                0x0000000001c85bcc                rb_SDL_GetErrBuf
                0x0000000001c85da4                rb_SDL_RunThread
                0x0000000001c85de8                rb_SDL_CreateThread
                0x0000000001c86204                rb_SDL_WaitThread
                0x0000000001c864dc                rb_SDL_GetThreadID
                0x0000000001c864fc                rb_SDL_KillThread
 .text          0x0000000001c86520      0x180 /home/jbrawley/Desktop/rockbox-photo-cf-support/build/apps/plugins/sdl/src/thread/rockbox/SDL_sysmutex.o
                0x0000000001c86520                rb_SDL_CreateMutex
                0x0000000001c86578                rb_SDL_DestroyMutex
                0x0000000001c86590                rb_SDL_mutexP
                0x0000000001c8660c                rb_SDL_mutexV
 .text          0x0000000001c866a0      0x1b4 /home/jbrawley/Desktop/rockbox-photo-cf-support/build/apps/plugins/sdl/src/thread/rockbox/SDL_syssem.o
                0x0000000001c866a0                rb_SDL_CreateSemaphore
                0x0000000001c866ec                rb_SDL_DestroySemaphore
                0x0000000001c86704                rb_SDL_SemTryWait
                0x0000000001c86750                rb_SDL_SemWaitTimeout
                0x0000000001c867b4                rb_SDL_SemWait
                0x0000000001c86804                rb_SDL_SemValue
                0x0000000001c86810                rb_SDL_SemPost
 .text          0x0000000001c86854      0x140 /home/jbrawley/Desktop/rockbox-photo-cf-support/build/apps/plugins/sdl/src/thread/rockbox/SDL_systhread.o
                0x0000000001c86878                rb_SDL_SYS_CreateThread
                0x0000000001c86960                rb_SDL_SYS_SetupThread
                0x0000000001c86964                rb_SDL_ThreadID
                0x0000000001c86978                rb_SDL_SYS_WaitThread
                0x0000000001c86990                rb_SDL_SYS_KillThread
 .text          0x0000000001c86994      0x688 /home/jbrawley/Desktop/rockbox-photo-cf-support/build/apps/plugins/sdl/src/timer/SDL_timer.o
                0x0000000001c86998                rb_SDL_SetTimerThreaded
                0x0000000001c869d4                rb_SDL_TimerInit
                0x0000000001c86b0c                rb_SDL_TimerQuit
                0x0000000001c86bf4                rb_SDL_ThreadedTimerCheck
                0x0000000001c86d08                rb_SDL_AddTimer
                0x0000000001c86df4                rb_SDL_RemoveTimer
                0x0000000001c86e94                rb_SDL_SetTimer
 .text          0x0000000001c8701c      0x198 /home/jbrawley/Desktop/rockbox-photo-cf-support/build/apps/plugins/sdl/src/timer/rockbox/SDL_systimer.o
                0x0000000001c870a0                rb_SDL_StartTicks
                0x0000000001c870e4                rb_SDL_GetTicks
                0x0000000001c870f4                rb_SDL_Delay
                0x0000000001c87118                rb_SDL_SYS_TimerInit
                0x0000000001c87160                rb_SDL_SYS_TimerQuit
                0x0000000001c87194                rb_SDL_SYS_StartTimer
                0x0000000001c871b0                rb_SDL_SYS_StopTimer
 .text          0x0000000001c871b4     0x7800 /home/jbrawley/Desktop/rockbox-photo-cf-support/build/apps/plugins/sdl/src/video/SDL_RLEaccel.o
                0x0000000001c87a70                rb_SDL_RLEBlit
                0x0000000001c8b75c                rb_SDL_RLEAlphaBlit
                0x0000000001c8c9fc                rb_SDL_UnRLESurface
                0x0000000001c8ccc8                rb_SDL_RLESurface
 .text          0x0000000001c8e9b4      0xb78 /home/jbrawley/Desktop/rockbox-photo-cf-support/build/apps/plugins/sdl/src/video/SDL_blit.o
                0x0000000001c8f19c                rb_SDL_CalculateBlit
 .text          0x0000000001c8f52c     0x1a14 /home/jbrawley/Desktop/rockbox-photo-cf-support/build/apps/plugins/sdl/src/video/SDL_blit_0.o
                0x0000000001c90e8c                rb_SDL_CalculateBlit0
 .text          0x0000000001c90f40     0x2408 /home/jbrawley/Desktop/rockbox-photo-cf-support/build/apps/plugins/sdl/src/video/SDL_blit_1.o
                0x0000000001c932a8                rb_SDL_CalculateBlit1
 .text          0x0000000001c93348     0x5bc8 /home/jbrawley/Desktop/rockbox-photo-cf-support/build/apps/plugins/sdl/src/video/SDL_blit_A.o
                0x0000000001c98cdc                rb_SDL_CalculateAlphaBlit
 .text          0x0000000001c98f10     0x6ca8 /home/jbrawley/Desktop/rockbox-photo-cf-support/build/apps/plugins/sdl/src/video/SDL_blit_N.o
                0x0000000001c9f8f0                rb_SDL_CalculateBlitN
 .text          0x0000000001c9fbb8     0x1218 /home/jbrawley/Desktop/rockbox-photo-cf-support/build/apps/plugins/sdl/src/video/SDL_bmp.o
                0x0000000001c9fbb8                rb_SDL_LoadBMP_RW
                0x0000000001ca06dc                rb_SDL_SaveBMP_RW
 .text          0x0000000001ca0dd0     0x2380 /home/jbrawley/Desktop/rockbox-photo-cf-support/build/apps/plugins/sdl/src/video/SDL_cursor.o
                0x0000000001ca0dd0                rb_SDL_GetCursor
                0x0000000001ca0de0                rb_SDL_WarpMouse
                0x0000000001ca0eec                rb_SDL_CursorPaletteChanged
                0x0000000001ca0f00                rb_SDL_MouseRect
                0x0000000001ca0fec                rb_SDL_DrawCursorNoLock
                0x0000000001ca1e04                rb_SDL_DrawCursor
                0x0000000001ca1fa0                rb_SDL_EraseCursorNoLock
                0x0000000001ca23a0                rb_SDL_EraseCursor
                0x0000000001ca253c                rb_SDL_SetCursor
                0x0000000001ca26f4                rb_SDL_FreeCursor
                0x0000000001ca278c                rb_SDL_CursorInit
                0x0000000001ca29f8                rb_SDL_CursorQuit
                0x0000000001ca2b48                rb_SDL_CreateCursor
                0x0000000001ca2e94                rb_SDL_MoveCursor
                0x0000000001ca2f48                rb_SDL_ShowCursor
                0x0000000001ca310c                rb_SDL_ResetCursor
 .text          0x0000000001ca3150     0x1d54 /home/jbrawley/Desktop/rockbox-photo-cf-support/build/apps/plugins/sdl/src/video/SDL_pixels.o
                0x0000000001ca3628                rb_SDL_AllocFormat
                0x0000000001ca3bc8                rb_SDL_ReallocFormat
                0x0000000001ca3c9c                rb_SDL_FormatChanged
                0x0000000001ca3cfc                rb_SDL_FreeFormat
                0x0000000001ca3d44                rb_SDL_DitherColors
                0x0000000001ca3e8c                rb_SDL_CalculatePitch
                0x0000000001ca3ee4                rb_SDL_FindColor
                0x0000000001ca4160                rb_SDL_MapRGB
                0x0000000001ca4420                rb_SDL_MapRGBA
                0x0000000001ca46f4                rb_SDL_GetRGBA
                0x0000000001ca4808                rb_SDL_GetRGB
                0x0000000001ca48e0                rb_SDL_ApplyGamma
                0x0000000001ca4a54                rb_SDL_AllocBlitMap
                0x0000000001ca4af4                rb_SDL_InvalidateMap
                0x0000000001ca4b30                rb_SDL_MapSurface
                0x0000000001ca4e54                rb_SDL_FreeBlitMap
 .text          0x0000000001ca4ea4     0x23b8 /home/jbrawley/Desktop/rockbox-photo-cf-support/build/apps/plugins/sdl/src/video/SDL_surface.o
                0x0000000001ca4ea4                rb_SDL_SetColorKey
                0x0000000001ca4fb8                rb_SDL_SetAlpha
                0x0000000001ca5150                rb_SDL_SetAlphaChannel
                0x0000000001ca53f0                rb_SDL_SetClipRect
                0x0000000001ca54a4                rb_SDL_GetClipRect
                0x0000000001ca54d0                rb_SDL_LowerBlit
                0x0000000001ca55f8                rb_SDL_UpperBlit
                0x0000000001ca5808                rb_SDL_FillRect
                0x0000000001ca65fc                rb_SDL_LockSurface
                0x0000000001ca66a4                rb_SDL_UnlockSurface
                0x0000000001ca6714                rb_SDL_FreeSurface
                0x0000000001ca69a4                rb_SDL_CreateRGBSurface
                0x0000000001ca6c10                rb_SDL_ConvertSurface
                0x0000000001ca70cc                rb_SDL_CreateRGBSurfaceFrom
 .text          0x0000000001ca725c     0x2d14 /home/jbrawley/Desktop/rockbox-photo-cf-support/build/apps/plugins/sdl/src/video/SDL_video.o
                0x0000000001ca7588                rb_SDL_VideoDriverName
                0x0000000001ca75d8                rb_SDL_GetVideoSurface
                0x0000000001ca75f0                rb_SDL_GetVideoInfo
                0x0000000001ca7608                rb_SDL_ListModes
                0x0000000001ca7644                rb_SDL_VideoModeOK
                0x0000000001ca77b0                rb_SDL_DisplayFormat
                0x0000000001ca7814                rb_SDL_DisplayFormatAlpha
                0x0000000001ca796c                rb_SDL_UpdateRect
                0x0000000001ca7b50                rb_SDL_UpdateRects
                0x0000000001ca8388                rb_SDL_Flip
                0x0000000001ca8674                rb_SDL_SetPalette
                0x0000000001ca8838                rb_SDL_SetColors
                0x0000000001ca8964                rb_SDL_VideoQuit
                0x0000000001ca8adc                rb_SDL_VideoInit
                0x0000000001ca8cf0                rb_SDL_GL_LoadLibrary
                0x0000000001ca8d48                rb_SDL_GL_GetProcAddress
                0x0000000001ca8da4                rb_SDL_GL_SetAttribute
                0x0000000001ca8ee8                rb_SDL_GL_GetAttribute
                0x0000000001ca8f38                rb_SDL_GL_SwapBuffers
                0x0000000001ca8f74                rb_SDL_GL_UpdateRectsLock
                0x0000000001ca8f78                rb_SDL_GL_UpdateRects
                0x0000000001ca8f7c                rb_SDL_GL_Lock
                0x0000000001ca8f80                rb_SDL_GL_Unlock
                0x0000000001ca8f84                rb_SDL_WM_SetCaption
                0x0000000001ca9028                rb_SDL_WM_GetCaption
                0x0000000001ca9058                rb_SDL_WM_SetIcon
                0x0000000001ca94d8                rb_SDL_WM_GrabInput
                0x0000000001ca95e4                rb_SDL_SetVideoMode
                0x0000000001ca9e40                rb_SDL_WM_IconifyWindow
                0x0000000001ca9e60                rb_SDL_WM_ToggleFullScreen
                0x0000000001ca9f40                rb_SDL_GetWMInfo
 .text          0x0000000001ca9f70     0x1034 /home/jbrawley/Desktop/rockbox-photo-cf-support/build/apps/plugins/sdl/src/video/rockbox/SDL_rockboxvideo.o
                0x0000000001ca9f78                ROCKBOX_InitOSKeymap
                0x0000000001ca9f7c                ROCKBOX_ShowWMCursor
                0x0000000001ca9f84                ROCKBOX_WarpWMCursor
                0x0000000001ca9f88                ROCKBOX_MoveWMCursor
                0x0000000001caa03c                ROCKBOX_PumpEvents
 .text          0x0000000001caafa4     0x4d98 /home/jbrawley/Desktop/rockbox-photo-cf-support/build/apps/plugins/sdl/SDL_mixer/effect_position.o
                0x0000000001cae7dc                _Eff_PositionDeinit
                0x0000000001cae83c                Mix_SetDistance
                0x0000000001caede8                Mix_SetPosition
                0x0000000001cafa7c                Mix_SetPanning
 *fill*         0x0000000001cafd3c        0x4 
 .text          0x0000000001cafd40      0x3b4 /home/jbrawley/Desktop/rockbox-photo-cf-support/build/apps/plugins/sdl/SDL_mixer/effects_internal.o
                0x0000000001cafd40                _Mix_InitEffects
                0x0000000001cafd6c                _Mix_DeinitEffects
                0x0000000001cafd7c                _Eff_build_volume_table_u8
                0x0000000001caff4c                _Eff_build_volume_table_s8
 .text          0x0000000001cb00f4      0x4f4 /home/jbrawley/Desktop/rockbox-photo-cf-support/build/apps/plugins/sdl/SDL_mixer/load_aiff.o
                0x0000000001cb00f4                Mix_LoadAIFF_RW
 .text          0x0000000001cb05e8      0xb08 /home/jbrawley/Desktop/rockbox-photo-cf-support/build/apps/plugins/sdl/SDL_mixer/load_voc.o
                0x0000000001cb0db0                Mix_LoadVOC_RW
 .text          0x0000000001cb10f0     0x5254 /home/jbrawley/Desktop/rockbox-photo-cf-support/build/apps/plugins/sdl/SDL_mixer/mixer.o
                0x0000000001cb10f0                Mix_GetNumChunkDecoders
                0x0000000001cb1100                Mix_GetChunkDecoder
                0x0000000001cb1130                Mix_Linked_Version
                0x0000000001cb1158                Mix_Init
                0x0000000001cb11dc                Mix_Quit
                0x0000000001cb120c                Mix_QuerySpec
                0x0000000001cb125c                Mix_LoadWAV_RW
                0x0000000001cb1540                Mix_QuickLoad_WAV
                0x0000000001cb1624                Mix_QuickLoad_RAW
                0x0000000001cb169c                Mix_FreeChunk
                0x0000000001cb18b0                Mix_SetPostMix
                0x0000000001cb18dc                Mix_HookMusic
                0x0000000001cb1924                Mix_GetMusicHookData
                0x0000000001cb1934                Mix_ChannelFinished
                0x0000000001cb1958                Mix_ReserveChannels
                0x0000000001cb1974                Mix_PlayChannelTimed
                0x0000000001cb1d3c                Mix_ExpireChannel
                0x0000000001cb2330                Mix_FadeInChannelTimed
                0x0000000001cb270c                Mix_Volume
                0x0000000001cb315c                Mix_VolumeChunk
                0x0000000001cb317c                Mix_HaltChannel
                0x0000000001cb37a4                Mix_AllocateChannels
                0x0000000001cb3b00                Mix_HaltGroup
                0x0000000001cb3b78                Mix_FadeOutChannel
                0x0000000001cb4034                Mix_FadeOutGroup
                0x0000000001cb40c4                Mix_FadingChannel
                0x0000000001cb40fc                Mix_Playing
                0x0000000001cb4418                Mix_GetChunk
                0x0000000001cb444c                Mix_CloseAudio
                0x0000000001cb4628                Mix_OpenAudio
                0x0000000001cb49d4                Mix_Pause
                0x0000000001cb4b84                Mix_Resume
                0x0000000001cb4db8                Mix_Paused
                0x0000000001cb4f6c                Mix_GroupChannel
                0x0000000001cb4fcc                Mix_GroupChannels
                0x0000000001cb5230                Mix_GroupAvailable
                0x0000000001cb56cc                Mix_GroupCount
                0x0000000001cb5804                Mix_GroupOldest
                0x0000000001cb5a74                Mix_GroupNewer
                0x0000000001cb5cd0                _Mix_RegisterEffect_locked
                0x0000000001cb5ddc                Mix_RegisterEffect
                0x0000000001cb5efc                _Mix_UnregisterEffect_locked
                0x0000000001cb603c                Mix_UnregisterEffect
                0x0000000001cb61a0                _Mix_UnregisterAllEffects_locked
                0x0000000001cb6268                Mix_UnregisterAllEffects
 .text          0x0000000001cb6344     0x18c0 /home/jbrawley/Desktop/rockbox-photo-cf-support/build/apps/plugins/sdl/SDL_mixer/music.o
                0x0000000001cb66cc                Mix_GetNumMusicDecoders
                0x0000000001cb66dc                Mix_GetMusicDecoder
                0x0000000001cb670c                Mix_HookMusicFinished
                0x0000000001cb6730                music_mixer
                0x0000000001cb699c                open_music
                0x0000000001cb6ad8                MIX_string_equals
                0x0000000001cb6b80                Mix_LoadMUS_RW
                0x0000000001cb6c6c                Mix_LoadMUSType_RW
                0x0000000001cb6d70                Mix_LoadMUS
                0x0000000001cb7114                Mix_FreeMusic
                0x0000000001cb71e4                Mix_GetMusicType
                0x0000000001cb7230                Mix_FadeInMusicPos
                0x0000000001cb733c                Mix_FadeInMusic
                0x0000000001cb7448                Mix_PlayMusic
                0x0000000001cb753c                Mix_SetMusicPosition
                0x0000000001cb757c                Mix_VolumeMusic
                0x0000000001cb75f8                Mix_HaltMusic
                0x0000000001cb7658                Mix_FadeOutMusic
                0x0000000001cb7784                Mix_FadingMusic
                0x0000000001cb77b8                Mix_PauseMusic
                0x0000000001cb77cc                Mix_ResumeMusic
                0x0000000001cb77e0                Mix_RewindMusic
                0x0000000001cb781c                Mix_PausedMusic
                0x0000000001cb7834                Mix_PlayingMusic
                0x0000000001cb78bc                Mix_SetMusicCMD
                0x0000000001cb7984                Mix_SetSynchroValue
                0x0000000001cb798c                Mix_GetSynchroValue
                0x0000000001cb7994                close_music
                0x0000000001cb7a0c                Mix_SetSoundFonts
                0x0000000001cb7a78                Mix_GetSoundFonts
                0x0000000001cb7ad0                Mix_EachSoundFont
 .text          0x0000000001cb7c04      0x508 /home/jbrawley/Desktop/rockbox-photo-cf-support/build/apps/plugins/sdl/SDL_mixer/timidity/common.o
                0x0000000001cb7c04                close_file
                0x0000000001cb7c30                skip
                0x0000000001cb7cc8                safe_malloc
                0x0000000001cb7d68                add_to_pathlist
                0x0000000001cb7e98                open_file
                0x0000000001cb80b0                free_pathlist
 *fill*         0x0000000001cb810c        0x4 
 .text          0x0000000001cb8110      0xd80 /home/jbrawley/Desktop/rockbox-photo-cf-support/build/apps/plugins/sdl/SDL_mixer/timidity/filter.o
                0x0000000001cb8110                antialiasing
 .text          0x0000000001cb8e90     0x33bc /home/jbrawley/Desktop/rockbox-photo-cf-support/build/apps/plugins/sdl/SDL_mixer/timidity/instrum.o
                0x0000000001cbb798                convert_envelope_rate_attack
                0x0000000001cbb7f4                convert_envelope_rate
                0x0000000001cbb868                convert_envelope_offset
                0x0000000001cbb870                convert_tremolo_sweep
                0x0000000001cbb8b8                convert_vibrato_sweep
                0x0000000001cbb930                convert_tremolo_rate
                0x0000000001cbb974                convert_vibrato_rate
                0x0000000001cbb9a4                load_missing_instruments
                0x0000000001cbbe38                free_instruments
                0x0000000001cbc1d4                set_default_instrument
 *fill*         0x0000000001cbc24c        0x4 
 .text          0x0000000001cbc250     0x50d8 /home/jbrawley/Desktop/rockbox-photo-cf-support/build/apps/plugins/sdl/SDL_mixer/timidity/mix.o
                0x0000000001cbcba8                recompute_envelope
                0x0000000001cbcd78                apply_envelope_to_amp
                0x0000000001cbd158                mix_voice
 .text          0x0000000001cc1328      0xc4c /home/jbrawley/Desktop/rockbox-photo-cf-support/build/apps/plugins/sdl/SDL_mixer/timidity/output.o
                0x0000000001cc1328                s32tos8
                0x0000000001cc1578                s32tou8
                0x0000000001cc1704                s32tos16
                0x0000000001cc1868                s32tou16
                0x0000000001cc1a0c                s32tos16x
                0x0000000001cc1bd8                s32tou16x
                0x0000000001cc1ddc                s32toulaw
 *fill*         0x0000000001cc1f74        0x4 
 .text          0x0000000001cc1f78     0x5d5c /home/jbrawley/Desktop/rockbox-photo-cf-support/build/apps/plugins/sdl/SDL_mixer/timidity/playmidi.o
                0x0000000001cc4624                Timidity_PlaySome
                0x0000000001cc72b8                Timidity_SetVolume
                0x0000000001cc79a0                Timidity_LoadSong_RW
                0x0000000001cc7a3c                Timidity_Start
                0x0000000001cc7c28                Timidity_Active
                0x0000000001cc7c38                Timidity_Stop
                0x0000000001cc7c4c                Timidity_FreeSong
                0x0000000001cc7c80                Timidity_Close
 *fill*         0x0000000001cc7cd4        0x4 
 .text          0x0000000001cc7cd8     0x2918 /home/jbrawley/Desktop/rockbox-photo-cf-support/build/apps/plugins/sdl/SDL_mixer/timidity/readmidi.o
                0x0000000001cca020                read_midi_file
 .text          0x0000000001cca5f0     0x1eec /home/jbrawley/Desktop/rockbox-photo-cf-support/build/apps/plugins/sdl/SDL_mixer/timidity/resample.o
                0x0000000001cca860                resample_voice
                0x0000000001ccc070                pre_resample
 .text          0x0000000001ccc4dc       0xfc /home/jbrawley/Desktop/rockbox-photo-cf-support/build/apps/plugins/sdl/SDL_mixer/timidity/sdl_c.o
 .text          0x0000000001ccc5d8        0x4 /home/jbrawley/Desktop/rockbox-photo-cf-support/build/apps/plugins/sdl/SDL_mixer/timidity/tables.o
                0x0000000001ccc5d8                init_tables
 .text          0x0000000001ccc5dc      0xe38 /home/jbrawley/Desktop/rockbox-photo-cf-support/build/apps/plugins/sdl/SDL_mixer/timidity/timidity.o
                0x0000000001ccd130                Timidity_Init
                0x0000000001ccd408                Timidity_Error
 *fill*         0x0000000001ccd414        0x4 
 .text          0x0000000001ccd418     0x3bb8 /home/jbrawley/Desktop/rockbox-photo-cf-support/build/apps/plugins/sdl/progs/wolf3d/fmopl_gpl.o
                0x0000000001ccd540                YM3812Init
                0x0000000001cce784                YM3812Shutdown
                0x0000000001cce7e4                YM3812ResetChip
                0x0000000001ccf434                YM3812Write
                0x0000000001cd0180                YM3812Read
                0x0000000001cd01a8                YM3812TimerOver
                0x0000000001cd052c                YM3812SetTimerHandler
                0x0000000001cd053c                YM3812SetIRQHandler
                0x0000000001cd054c                YM3812SetUpdateHandler
                0x0000000001cd055c                YM3812UpdateOne
 .text          0x0000000001cd0fd0     0x2804 /home/jbrawley/Desktop/rockbox-photo-cf-support/build/apps/plugins/sdl/progs/wolf3d/id_ca.o
                0x0000000001cd0fd0                CAL_GetGrChunkLength
                0x0000000001cd1100                CA_WriteFile
                0x0000000001cd11a8                CA_LoadFile
                0x0000000001cd12b8                CAL_CarmackExpand
                0x0000000001cd1724                CA_RLEWCompress
                0x0000000001cd18b0                CA_RLEWexpand
                0x0000000001cd1928                CAL_SetupGrFile
                0x0000000001cd1ea4                CAL_SetupMapFile
                0x0000000001cd21c8                CAL_SetupAudioFile
                0x0000000001cd22e0                CA_Startup
                0x0000000001cd2408                CA_Shutdown
                0x0000000001cd26e4                CA_CacheAudioChunk
                0x0000000001cd27b0                CA_CacheAdlibSoundChunk
                0x0000000001cd2968                CA_LoadAllSounds
                0x0000000001cd305c                CAL_ExpandGrChunk
                0x0000000001cd3174                CA_CacheGrChunk
                0x0000000001cd32f4                CA_CacheScreen
                0x0000000001cd359c                CA_CacheMap
                0x0000000001cd3788                CA_CannotOpen
 .text          0x0000000001cd37d4     0x2c0c /home/jbrawley/Desktop/rockbox-photo-cf-support/build/apps/plugins/sdl/progs/wolf3d/id_in.o
                0x0000000001cd37d4                IN_GetJoyDelta
                0x0000000001cd38a0                IN_GetJoyFineDelta
                0x0000000001cd391c                IN_JoyButtons
                0x0000000001cd3984                IN_JoyPresent
                0x0000000001cd399c                IN_WaitAndProcessEvents
                0x0000000001cd3d08                IN_ProcessEvents
                0x0000000001cd4058                IN_Startup
                0x0000000001cd4198                IN_Shutdown
                0x0000000001cd41cc                IN_ClearKeysDown
                0x0000000001cd420c                IN_ReadControl
                0x0000000001cd471c                IN_WaitForKey
                0x0000000001cd4ab0                IN_WaitForASCII
                0x0000000001cd4e3c                IN_StartAck
                0x0000000001cd52dc                IN_CheckAck
                0x0000000001cd5c14                IN_Ack
                0x0000000001cd5f9c                IN_UserInput
                0x0000000001cd6354                IN_MouseButtons
                0x0000000001cd6398                IN_IsInputGrabbed
                0x0000000001cd63a8                IN_CenterMouse
 .text          0x0000000001cd63e0      0x628 /home/jbrawley/Desktop/rockbox-photo-cf-support/build/apps/plugins/sdl/progs/wolf3d/id_pm.o
                0x0000000001cd63e0                PM_Startup
                0x0000000001cd69dc                PM_Shutdown
 .text          0x0000000001cd6a08     0x2338 /home/jbrawley/Desktop/rockbox-photo-cf-support/build/apps/plugins/sdl/progs/wolf3d/id_sd.o
                0x0000000001cd6a08                SD_ChannelFinished
                0x0000000001cd6afc                SDL_IMFMusicPlayer
                0x0000000001cd6cdc                SD_StopDigitized
                0x0000000001cd6d4c                SD_GetChannelForDigi
                0x0000000001cd6d98                SD_SetPosition
                0x0000000001cd6e14                GetSample
                0x0000000001cd6f44                SD_PrepareSound
                0x0000000001cd734c                SD_PlayDigitized
                0x0000000001cd74e8                SD_SetDigiDevice
                0x0000000001cd7588                SDL_SetupDigi
                0x0000000001cd7af8                SD_SetSoundMode
                0x0000000001cd7ca8                SD_SetMusicMode
                0x0000000001cd7df4                SD_Startup
                0x0000000001cd80cc                SD_Shutdown
                0x0000000001cd838c                SD_PositionSound
                0x0000000001cd83a8                SD_PlaySound
                0x0000000001cd85d8                SD_SoundPlaying
                0x0000000001cd8630                SD_StopSound
                0x0000000001cd86ec                SD_WaitSoundDone
                0x0000000001cd8760                SD_MusicOn
                0x0000000001cd8774                SD_MusicOff
                0x0000000001cd8864                SD_StartMusic
                0x0000000001cd89a8                SD_ContinueMusic
                0x0000000001cd8c30                SD_FadeOutMusic
                0x0000000001cd8d10                SD_MusicPlaying
 .text          0x0000000001cd8d40     0x1798 /home/jbrawley/Desktop/rockbox-photo-cf-support/build/apps/plugins/sdl/progs/wolf3d/id_us_1.o
                0x0000000001cd8d40                US_Startup
                0x0000000001cd8d78                US_Shutdown
                0x0000000001cd8d94                US_SetPrintRoutines
                0x0000000001cd8da4                US_Print
                0x0000000001cd8ee8                US_PrintUnsigned
                0x0000000001cd8f18                US_PrintSigned
                0x0000000001cd8f48                USL_PrintInCenter
                0x0000000001cd9024                US_PrintCentered
                0x0000000001cd90e8                US_CPrintLine
                0x0000000001cd91a4                US_CPrint
                0x0000000001cd92bc                US_Printf
                0x0000000001cd931c                US_CPrintf
                0x0000000001cd937c                US_ClearWindow
                0x0000000001cd93ec                US_DrawWindow
                0x0000000001cd95a4                US_CenterWindow
                0x0000000001cd95d8                US_SaveWindow
                0x0000000001cd96c8                US_RestoreWindow
                0x0000000001cd975c                USL_RotateChar
                0x0000000001cd9844                US_LineInput
                0x0000000001cda470                US_InitRndT
                0x0000000001cda4ac                US_RndT
 .text          0x0000000001cda4d8      0xe6c /home/jbrawley/Desktop/rockbox-photo-cf-support/build/apps/plugins/sdl/progs/wolf3d/id_vh.o
                0x0000000001cda4d8                VWB_DrawPropString
                0x0000000001cda668                VL_MungePic
                0x0000000001cda840                VWL_MeasureString
                0x0000000001cda89c                VW_MeasurePropString
                0x0000000001cda910                VH_UpdateScreen
                0x0000000001cda948                VWB_DrawTile8
                0x0000000001cda9a0                VWB_DrawTile8M
                0x0000000001cda9e8                VWB_DrawPic
                0x0000000001cdaa68                VWB_DrawPicScaledCoord
                0x0000000001cdaad0                VWB_Bar
                0x0000000001cdab0c                VWB_Plot
                0x0000000001cdab60                VWB_Hlin
                0x0000000001cdabc8                VWB_Vlin
                0x0000000001cdac34                LatchDrawPic
                0x0000000001cdac88                LatchDrawPicScaledCoord
                0x0000000001cdacd4                LoadLatchMem
                0x0000000001cdaf80                VH_Startup
                0x0000000001cdb040                FizzleFade
 .text          0x0000000001cdb344     0x2344 /home/jbrawley/Desktop/rockbox-photo-cf-support/build/apps/plugins/sdl/progs/wolf3d/id_vl.o
                0x0000000001cdb344                VL_Shutdown
                0x0000000001cdb348                VL_SetVGAPlaneMode
                0x0000000001cdb5a8                VL_ConvertPalette
                0x0000000001cdb76c                VL_FillPalette
                0x0000000001cdb8a4                VL_SetColor
                0x0000000001cdb960                VL_GetColor
                0x0000000001cdb990                VL_SetPalette
                0x0000000001cdba50                VL_GetPalette
                0x0000000001cdba6c                VL_FadeOut
                0x0000000001cdbe64                VL_FadeIn
                0x0000000001cdc2d0                VL_LockSurface
                0x0000000001cdc320                VL_UnlockSurface
                0x0000000001cdc354                VL_Plot
                0x0000000001cdc430                VL_GetPixel
                0x0000000001cdc50c                VL_Hlin
                0x0000000001cdc5f0                VL_Vlin
                0x0000000001cdc820                VL_BarScaledCoord
                0x0000000001cdcb0c                VL_MemToLatch
                0x0000000001cdcd84                VL_MemToScreenScaledCoord
                0x0000000001cdcfa0                VL_MemToScreenScaledCoord_ex
                0x0000000001cdd1cc                VL_LatchToScreenScaledCoord
                0x0000000001cdd66c                VL_ScreenToScreen
 .text          0x0000000001cdd688     0x24e0 /home/jbrawley/Desktop/rockbox-photo-cf-support/build/apps/plugins/sdl/progs/wolf3d/wl_act1.o
                0x0000000001cdd688                InitStaticList
                0x0000000001cdd6a0                SpawnStatic
                0x0000000001cdd874                PlaceItemType
                0x0000000001cddab4                RecursiveConnect
                0x0000000001cddfe0                ConnectAreas
                0x0000000001cde1ec                InitAreas
                0x0000000001cde22c                InitDoorList
                0x0000000001cde288                SpawnDoor
                0x0000000001cde3e4                OpenDoor
                0x0000000001cde410                CloseDoor
                0x0000000001cde690                OperateDoor
                0x0000000001cde994                DoorOpen
                0x0000000001cdec48                DoorOpening
                0x0000000001cdee04                DoorClosing
                0x0000000001cdf16c                MoveDoors
                0x0000000001cdf7a4                PushWall
                0x0000000001cdf92c                MovePWalls
 .text          0x0000000001cdfb68     0x5668 /home/jbrawley/Desktop/rockbox-photo-cf-support/build/apps/plugins/sdl/progs/wolf3d/wl_act2.o
                0x0000000001cdfb68                T_BJDone
                0x0000000001cdfb7c                A_Smoke
                0x0000000001cdfc94                T_BJYell
                0x0000000001cdfce0                A_HitlerMorph
                0x0000000001cdfe7c                A_DeathScream
                0x0000000001ce00fc                A_Slurpie
                0x0000000001ce0110                T_SchabbThrow
                0x0000000001ce0354                T_GiftThrow
                0x0000000001ce0594                T_FakeFire
                0x0000000001ce0804                T_Fake
                0x0000000001ce09b0                T_Ghosts
                0x0000000001ce0af8                T_DogChase
                0x0000000001ce0cd8                T_BJJump
                0x0000000001ce0d00                T_Schabb
                0x0000000001ce1364                T_Gift
                0x0000000001ce19c8                T_Fat
                0x0000000001ce202c                T_Stand
                0x0000000001ce203c                A_MechaSound
                0x0000000001ce20a0                T_Bite
                0x0000000001ce21bc                T_Shoot
                0x0000000001ce24e4                T_Chase
                0x0000000001ce2b60                T_BJRun
                0x0000000001ce2ce4                A_StartDeathCam
                0x0000000001ce3448                T_Projectile
                0x0000000001ce3988                T_Path
                0x0000000001ce3c8c                ProjectileTryMove
                0x0000000001ce3f2c                SpawnStand
                0x0000000001ce4160                SpawnDeadGuard
                0x0000000001ce4208                SpawnBoss
                0x0000000001ce4308                SpawnGretel
                0x0000000001ce4408                SpawnPatrol
                0x0000000001ce46cc                SpawnGhosts
                0x0000000001ce4828                SpawnSchabbs
                0x0000000001ce4948                SpawnGift
                0x0000000001ce4a6c                SpawnFat
                0x0000000001ce4b90                SpawnFakeHitler
                0x0000000001ce4cb4                SpawnHitler
                0x0000000001ce4dd8                SelectPathDir
                0x0000000001ce4e50                SpawnBJVictory
                0x0000000001ce4f30                CheckPosition
 .text          0x0000000001ce51d0     0x6390 /home/jbrawley/Desktop/rockbox-photo-cf-support/build/apps/plugins/sdl/progs/wolf3d/wl_agent.o
                0x0000000001ce5484                CheckWeaponChange
                0x0000000001ce5730                StatusDrawPic
                0x0000000001ce5780                StatusDrawFace
                0x0000000001ce57d0                DrawFace
                0x0000000001ce5980                UpdateFace
                0x0000000001ce5a50                DrawHealth
                0x0000000001ce5aa4                TakeDamage
                0x0000000001ce5d50                HealSelf
                0x0000000001ce5f70                DrawLevel
                0x0000000001ce5fc8                DrawLives
                0x0000000001ce601c                GiveExtraMan
                0x0000000001ce60b4                DrawScore
                0x0000000001ce611c                GivePoints
                0x0000000001ce629c                DrawWeapon
                0x0000000001ce6324                DrawKeys
                0x0000000001ce63f4                GiveWeapon
                0x0000000001ce65c8                DrawAmmo
                0x0000000001ce661c                GiveAmmo
                0x0000000001ce6740                GiveKey
                0x0000000001ce683c                GetBonus
                0x0000000001ce7128                TryMove
                0x0000000001ce9478                ClipMove
                0x0000000001ce9648                VictoryTile
                0x0000000001ce9668                Thrust
                0x0000000001ce9b50                ControlMovement
                0x0000000001ce9df8                Cmd_Fire
                0x0000000001ce9e88                Cmd_Use
                0x0000000001cea090                T_Player
                0x0000000001cea668                SpawnPlayer
                0x0000000001cea980                KnifeAttack
                0x0000000001ceaa80                GunAttack
                0x0000000001ceac90                T_Attack
                0x0000000001ceb424                VictorySpin
 .text          0x0000000001ceb560     0x120c /home/jbrawley/Desktop/rockbox-photo-cf-support/build/apps/plugins/sdl/progs/wolf3d/wl_debug.o
                0x0000000001ceb560                CountObjects
                0x0000000001ceb854                PictureGrabber
                0x0000000001ceb95c                BasicOverhead
                0x0000000001cebc84                ShapeTest
                0x0000000001cebc88                DebugKeys
 .text          0x0000000001cec76c     0x4714 /home/jbrawley/Desktop/rockbox-photo-cf-support/build/apps/plugins/sdl/progs/wolf3d/wl_draw.o
                0x0000000001cec76c                TransformActor
                0x0000000001cec8e8                TransformTile
                0x0000000001ceca18                CalcHeight
                0x0000000001cecad0                ScalePost
                0x0000000001cecc04                GlobalScalePost
                0x0000000001cecc18                HitVertWall
                0x0000000001cecfdc                HitHorizWall
                0x0000000001ced39c                HitHorizDoor
                0x0000000001ced6dc                HitVertDoor
                0x0000000001ceda28                VGAClearScreen
                0x0000000001cedafc                CalcRotate
                0x0000000001cedd04                ScaleShape
                0x0000000001cee11c                SimpleScaleShape
                0x0000000001cee4f8                DrawScaleds
                0x0000000001cef050                DrawPlayerWeapon
                0x0000000001cef184                CalcTics
                0x0000000001cef260                AsmRefresh
                0x0000000001cf07f0                WallRefresh
                0x0000000001cf0878                CalcViewVariables
                0x0000000001cf09c4                ThreeDRefresh
 .text          0x0000000001cf0e80     0x35a0 /home/jbrawley/Desktop/rockbox-photo-cf-support/build/apps/plugins/sdl/progs/wolf3d/wl_game.o
                0x0000000001cf0e80                SetSoundLoc
                0x0000000001cf0f88                PlaySoundLocGlobal
                0x0000000001cf1134                UpdateSoundLoc
                0x0000000001cf1450                SetupGameLevel
                0x0000000001cf2854                DrawPlayBorderSides
                0x0000000001cf2ac0                DrawStatusBorder
                0x0000000001cf2c94                DrawPlayBorder
                0x0000000001cf2edc                DrawPlayScreen
                0x0000000001cf2f48                LatchNumberHERE
                0x0000000001cf327c                ShowActStatus
                0x0000000001cf3370                StartDemoRecord
                0x0000000001cf3400                FinishDemoRecord
                0x0000000001cf3560                RecordDemo
                0x0000000001cf3838                PlayDemo
                0x0000000001cf39dc                Died
                0x0000000001cf3e30                GameLoop
 .text          0x0000000001cf4420     0x2610 /home/jbrawley/Desktop/rockbox-photo-cf-support/build/apps/plugins/sdl/progs/wolf3d/wl_inter.o
                0x0000000001cf4420                ClearSplitVWB
                0x0000000001cf4468                PG13
                0x0000000001cf4538                Write
                0x0000000001cf46a4                Victory
                0x0000000001cf4f3c                BJ_Breathe
                0x0000000001cf4fe8                LevelCompleted
                0x0000000001cf61a8                PreloadUpdate
                0x0000000001cf62b4                PreloadGraphics
                0x0000000001cf642c                DrawHighScores
                0x0000000001cf6644                CheckHighScore
 .text          0x0000000001cf6a30     0x42d4 /home/jbrawley/Desktop/rockbox-photo-cf-support/build/apps/plugins/sdl/progs/wolf3d/wl_main.o
                0x0000000001cf6a60                ReadConfig
                0x0000000001cf6e58                WriteConfig
                0x0000000001cf7124                NewGame
                0x0000000001cf71c4                DiskFlopAnim
                0x0000000001cf71fc                DoChecksum
                0x0000000001cf7368                SaveTheGame
                0x0000000001cf7df0                LoadTheGame
                0x0000000001cf8c98                ShutdownId
                0x0000000001cf8cbc                BuildTables
                0x0000000001cf8eec                CalcProjection
                0x0000000001cf90ac                SetupWalls
                0x0000000001cf91c0                SignonScreen
                0x0000000001cf9208                FinishSignon
                0x0000000001cf9338                InitDigiMap
                0x0000000001cf93d4                DoJukebox
                0x0000000001cf95e8                SetViewSize
                0x0000000001cf9844                ShowViewSize
                0x0000000001cf9970                NewViewSize
                0x0000000001cf9c74                Quit
                0x0000000001cf9d9c                CheckParameters
                0x0000000001cfa744                my_main
 .text          0x0000000001cfad04     0xf970 /home/jbrawley/Desktop/rockbox-photo-cf-support/build/apps/plugins/sdl/progs/wolf3d/wl_menu.o
                0x0000000001cfad04                DrawNewGameDiff
                0x0000000001cfad20                CP_ViewScores
                0x0000000001cfae30                FixupCustom
                0x0000000001cfc83c                EnableEndGameMenuItem
                0x0000000001cfc878                DrawMainMenu
                0x0000000001cfcb10                BossKey
                0x0000000001cfcb14                DrawNewEpisode
                0x0000000001cfce10                DrawNewGame
                0x0000000001cfd0b4                DrawSoundMenu
                0x0000000001cfd574                CP_Sound
                0x0000000001cfd7cc                DrawLSAction
                0x0000000001cfd918                DrawLoadSaveScreen
                0x0000000001cfdcbc                PrintLSEntry
                0x0000000001cfddc0                TrackWhichGame
                0x0000000001cfee80                CP_LoadGame
                0x0000000001cff0d8                DrawMouseSens
                0x0000000001cff344                MouseSensitivity
                0x0000000001cff764                DrawCtlScreen
                0x0000000001cffb58                CP_Control
                0x0000000001cffcfc                DefineMouseBtns
                0x0000000001d006f8                DefineJoyBtns
                0x0000000001d01110                DefineKeyBtns
                0x0000000001d01840                DefineKeyMove
                0x0000000001d01f74                EnterCtrlData
                0x0000000001d02920                DrawCustomScreen
                0x0000000001d033f8                CustomControls
                0x0000000001d0490c                PrintCustMouse
                0x0000000001d049a8                DrawCustMouse
                0x0000000001d04bec                PrintCustJoy
                0x0000000001d04c88                DrawCustJoy
                0x0000000001d04ecc                PrintCustKeybd
                0x0000000001d04f18                DrawCustKeybd
                0x0000000001d04fe0                PrintCustKeys
                0x0000000001d05030                DrawCustKeys
                0x0000000001d050f8                DrawChangeView
                0x0000000001d051e4                IntroScreen
                0x0000000001d055dc                ClearMScreen
                0x0000000001d0560c                CacheLump
                0x0000000001d05720                UnCacheLump
                0x0000000001d05918                DrawWindow
                0x0000000001d0599c                DrawOutline
                0x0000000001d05a04                SetupControlPanel
                0x0000000001d05b34                SetupSaveGames
                0x0000000001d05cf0                CleanupControlPanel
                0x0000000001d05de0                HandleMenu
                0x0000000001d06c84                EraseGun
                0x0000000001d06d5c                DrawHalfStep
                0x0000000001d06d84                DrawGun
                0x0000000001d06e98                TicDelay
                0x0000000001d06f08                DrawMenu
                0x0000000001d070b4                SetTextColor
                0x0000000001d070fc                WaitKeyUp
                0x0000000001d07164                ReadAnyControl
                0x0000000001d0717c                Message
                0x0000000001d0775c                CP_ChangeView
                0x0000000001d07c2c                Confirm
                0x0000000001d07e78                CP_EndGame
                0x0000000001d07f1c                CP_SaveGame
                0x0000000001d082e8                CP_Quit
                0x0000000001d08370                CP_NewGame
                0x0000000001d0943c                CP_CheckQuick
                0x0000000001d09c08                US_ControlPanel
                0x0000000001d0a2c8                StartCPMusic
                0x0000000001d0a330                FreeMusic
                0x0000000001d0a378                IN_GetScanName
                0x0000000001d0a388                CheckPause
                0x0000000001d0a3f4                DrawMenuGun
                0x0000000001d0a450                DrawStripes
                0x0000000001d0a49c                ShootSnd
                0x0000000001d0a4b0                my_stat
                0x0000000001d0a4dc                CheckForEpisodes
 .text          0x0000000001d0a674     0x2da4 /home/jbrawley/Desktop/rockbox-photo-cf-support/build/apps/plugins/sdl/progs/wolf3d/wl_play.o
                0x0000000001d0a674                PollKeyboardButtons
                0x0000000001d0a748                PollMouseButtons
                0x0000000001d0a7a8                PollJoystickButtons
                0x0000000001d0a980                PollKeyboardMove
                0x0000000001d0aa34                PollMouseMove
                0x0000000001d0aae0                PollJoystickMove
                0x0000000001d0abf8                PollControls
                0x0000000001d0b324                CenterWindow
                0x0000000001d0b35c                CheckKeys
                0x0000000001d0b988                InitActorList
                0x0000000001d0bb3c                GetNewActor
                0x0000000001d0bc14                RemoveObj
                0x0000000001d0bd7c                StopMusic
                0x0000000001d0bdd0                StartMusic
                0x0000000001d0be44                ContinueMusic
                0x0000000001d0bec0                InitRedShifts
                0x0000000001d0c188                ClearPaletteShifts
                0x0000000001d0c1b4                StartBonusFlash
                0x0000000001d0c1c8                StartDamageFlash
                0x0000000001d0c1e0                UpdatePaletteShifts
                0x0000000001d0c358                FinishPaletteShifts
                0x0000000001d0c390                DoActor
                0x0000000001d0cb4c                PlayLoop
 .text          0x0000000001d0d418     0x46cc /home/jbrawley/Desktop/rockbox-photo-cf-support/build/apps/plugins/sdl/progs/wolf3d/wl_state.o
                0x0000000001d0d418                SpawnNewObj
                0x0000000001d0d5ac                NewState
                0x0000000001d0d5e4                TryWalk
                0x0000000001d0dd34                SelectDodgeDir
                0x0000000001d0e5c0                SelectChaseDir
                0x0000000001d0f3ac                SelectRunDir
                0x0000000001d0f9d4                MoveObj
                0x0000000001d0ffa0                DropItem
                0x0000000001d10178                KillActor
                0x0000000001d10744                DamageActor
                0x0000000001d10df8                CheckLine
                0x0000000001d11264                CheckSight
                0x0000000001d1148c                FirstSighting
                0x0000000001d118c4                SightPlayer
 .text          0x0000000001d11ae4     0x2160 /home/jbrawley/Desktop/rockbox-photo-cf-support/build/apps/plugins/sdl/progs/wolf3d/wl_text.o
                0x0000000001d11ae4                RipToEOL
                0x0000000001d11b04                ParseNumber
                0x0000000001d11b90                ParsePicCommand
                0x0000000001d11d0c                ParseTimedCommand
                0x0000000001d11ef4                TimedPicCommand
                0x0000000001d12128                HandleCommand
                0x0000000001d12c74                NewLine
                0x0000000001d12d2c                HandleCtrls
                0x0000000001d12df8                HandleWord
                0x0000000001d13100                PageLayout
                0x0000000001d1342c                BackPage
                0x0000000001d13484                CacheLayoutGraphics
                0x0000000001d13868                ShowArticle
                0x0000000001d13ae4                HelpScreens
                0x0000000001d13b58                EndText
 .text          0x0000000001d13c44      0x214 /home/jbrawley/Desktop/rockbox-photo-cf-support/build/apps/plugins/plugin_crt0.o
                0x0000000001d13c5c                plugin__start
                0x0000000001d13dac                rb_atexit
                0x0000000001d13dcc                exit
                0x0000000001d13dec                _exit
                0x0000000001d13e04                exit_on_usb
 .text.ls_bit   0x0000000001d13e58       0x44 /home/jbrawley/Desktop/rockbox-photo-cf-support/build/lib/libtlsf.a(tlsf.o)
 .text.ms_bit   0x0000000001d13e9c       0x3c /home/jbrawley/Desktop/rockbox-photo-cf-support/build/lib/libtlsf.a(tlsf.o)
 .text.set_bit  0x0000000001d13ed8       0x1c /home/jbrawley/Desktop/rockbox-photo-cf-support/build/lib/libtlsf.a(tlsf.o)
 .text.clear_bit
                0x0000000001d13ef4       0x1c /home/jbrawley/Desktop/rockbox-photo-cf-support/build/lib/libtlsf.a(tlsf.o)
 .text.MAPPING_SEARCH
                0x0000000001d13f10       0x8c /home/jbrawley/Desktop/rockbox-photo-cf-support/build/lib/libtlsf.a(tlsf.o)
 .text.FIND_SUITABLE_BLOCK
                0x0000000001d13f9c       0x78 /home/jbrawley/Desktop/rockbox-photo-cf-support/build/lib/libtlsf.a(tlsf.o)
 .text.process_area
                0x0000000001d14014       0x60 /home/jbrawley/Desktop/rockbox-photo-cf-support/build/lib/libtlsf.a(tlsf.o)
 .text.MAPPING_INSERT
                0x0000000001d14074       0x5c /home/jbrawley/Desktop/rockbox-photo-cf-support/build/lib/libtlsf.a(tlsf.o)
 .text.panicf   0x0000000001d140d0        0x8 /home/jbrawley/Desktop/rockbox-photo-cf-support/build/lib/libtlsf.a(tlsf.o)
                0x0000000001d140d0                panicf
 .text.get_new_area
                0x0000000001d140d8        0x8 /home/jbrawley/Desktop/rockbox-photo-cf-support/build/lib/libtlsf.a(tlsf.o)
                0x0000000001d140d8                get_new_area
 .text.free_ex  0x0000000001d140e0      0x2a0 /home/jbrawley/Desktop/rockbox-photo-cf-support/build/lib/libtlsf.a(tlsf.o)
                0x0000000001d140e0                free_ex
 .text.init_memory_pool
                0x0000000001d14380       0xcc /home/jbrawley/Desktop/rockbox-photo-cf-support/build/lib/libtlsf.a(tlsf.o)
                0x0000000001d14380                init_memory_pool
 .text.add_new_area
                0x0000000001d1444c      0x16c /home/jbrawley/Desktop/rockbox-photo-cf-support/build/lib/libtlsf.a(tlsf.o)
                0x0000000001d1444c                add_new_area
 .text.malloc_ex
                0x0000000001d145b8      0x260 /home/jbrawley/Desktop/rockbox-photo-cf-support/build/lib/libtlsf.a(tlsf.o)
                0x0000000001d145b8                malloc_ex
 .text.tlsf_malloc
                0x0000000001d14818       0x60 /home/jbrawley/Desktop/rockbox-photo-cf-support/build/lib/libtlsf.a(tlsf.o)
                0x0000000001d14818                tlsf_malloc
 .text.tlsf_free
                0x0000000001d14878       0x10 /home/jbrawley/Desktop/rockbox-photo-cf-support/build/lib/libtlsf.a(tlsf.o)
                0x0000000001d14878                tlsf_free
 .text.realloc_ex
                0x0000000001d14888      0x3a8 /home/jbrawley/Desktop/rockbox-photo-cf-support/build/lib/libtlsf.a(tlsf.o)
                0x0000000001d14888                realloc_ex
 .text.tlsf_realloc
                0x0000000001d14c30       0x1c /home/jbrawley/Desktop/rockbox-photo-cf-support/build/lib/libtlsf.a(tlsf.o)
                0x0000000001d14c30                tlsf_realloc
 .text.calloc_ex
                0x0000000001d14c4c       0x4c /home/jbrawley/Desktop/rockbox-photo-cf-support/build/lib/libtlsf.a(tlsf.o)
                0x0000000001d14c4c                calloc_ex
 .text.tlsf_calloc
                0x0000000001d14c98       0x10 /home/jbrawley/Desktop/rockbox-photo-cf-support/build/lib/libtlsf.a(tlsf.o)
                0x0000000001d14c98                tlsf_calloc
 .text.memcpy   0x0000000001d14ca8       0x14 /home/jbrawley/Desktop/rockbox-photo-cf-support/build/apps/plugins/libplugin.a(gcc-support.o)
                0x0000000001d14ca8                memcpy
 .text.memset   0x0000000001d14cbc       0x14 /home/jbrawley/Desktop/rockbox-photo-cf-support/build/apps/plugins/libplugin.a(gcc-support.o)
                0x0000000001d14cbc                memset
 .text.memcmp   0x0000000001d14cd0       0x14 /home/jbrawley/Desktop/rockbox-photo-cf-support/build/apps/plugins/libplugin.a(gcc-support.o)
                0x0000000001d14cd0                memcmp
 .text.backlight_ignore_timeout
                0x0000000001d14ce4       0x58 /home/jbrawley/Desktop/rockbox-photo-cf-support/build/apps/plugins/libplugin.a(helper.o)
                0x0000000001d14ce4                backlight_ignore_timeout
 .text.backlight_use_settings
                0x0000000001d14d3c       0x3c /home/jbrawley/Desktop/rockbox-photo-cf-support/build/apps/plugins/libplugin.a(helper.o)
                0x0000000001d14d3c                backlight_use_settings
 .text.strncpy  0x0000000001d14d78       0x38 /home/jbrawley/Desktop/rockbox-photo-cf-support/build/apps/plugins/libplugin.a(strncpy.o)
                0x0000000001d14d78                strncpy
 .text._fopen_  0x0000000001d14db0       0xe8 /home/jbrawley/Desktop/rockbox-photo-cf-support/build/apps/plugins/libplugin.a(stdio_compat.o)
                0x0000000001d14db0                _fopen_
 .text._fread_  0x0000000001d14e98       0x54 /home/jbrawley/Desktop/rockbox-photo-cf-support/build/apps/plugins/libplugin.a(stdio_compat.o)
                0x0000000001d14e98                _fread_
 .text._fwrite_
                0x0000000001d14eec       0x5c /home/jbrawley/Desktop/rockbox-photo-cf-support/build/apps/plugins/libplugin.a(stdio_compat.o)
                0x0000000001d14eec                _fwrite_
 .text._fseek_  0x0000000001d14f48       0x70 /home/jbrawley/Desktop/rockbox-photo-cf-support/build/apps/plugins/libplugin.a(stdio_compat.o)
                0x0000000001d14f48                _fseek_
 .text._ftell_  0x0000000001d14fb8       0x20 /home/jbrawley/Desktop/rockbox-photo-cf-support/build/apps/plugins/libplugin.a(stdio_compat.o)
                0x0000000001d14fb8                _ftell_
 .text._fclose_
                0x0000000001d14fd8       0x54 /home/jbrawley/Desktop/rockbox-photo-cf-support/build/apps/plugins/libplugin.a(stdio_compat.o)
                0x0000000001d14fd8                _fclose_
 .text._fgetc_  0x0000000001d1502c       0x58 /home/jbrawley/Desktop/rockbox-photo-cf-support/build/apps/plugins/libplugin.a(stdio_compat.o)
                0x0000000001d1502c                _fgetc_
 .text._fgets_  0x0000000001d15084       0x88 /home/jbrawley/Desktop/rockbox-photo-cf-support/build/apps/plugins/libplugin.a(stdio_compat.o)
                0x0000000001d15084                _fgets_
 .text._ferror_
                0x0000000001d1510c       0x10 /home/jbrawley/Desktop/rockbox-photo-cf-support/build/apps/plugins/libplugin.a(stdio_compat.o)
                0x0000000001d1510c                _ferror_
 .text.simple_resize_bitmap
                0x0000000001d1511c       0xc0 /home/jbrawley/Desktop/rockbox-photo-cf-support/build/apps/plugins/libplugin.a(pluginlib_bmp.o)
                0x0000000001d1511c                simple_resize_bitmap
 .text          0x0000000001d151dc       0x1c /home/jbrawley/Desktop/rockbox-photo-cf-support/build/lib/libsetjmp.a(setjmp.o)
                0x0000000001d151dc                setjmp
                0x0000000001d151e8                longjmp
 .text.fp_sincos
                0x0000000001d151f8       0x8c /home/jbrawley/Desktop/rockbox-photo-cf-support/build/lib/libfixedpoint.a(fixedpoint.o)
                0x0000000001d151f8                fp_sincos
 .text          0x0000000001d15284      0x114 /usr/local/lib/gcc/arm-elf-eabi/4.9.4/libgcc.a(_udivsi3.o)
                0x0000000001d15284                __udivsi3
                0x0000000001d15284                __aeabi_uidiv
                0x0000000001d15378                __aeabi_uidivmod
 .text          0x0000000001d15398      0x148 /usr/local/lib/gcc/arm-elf-eabi/4.9.4/libgcc.a(_divsi3.o)
                0x0000000001d15398                __aeabi_idiv
                0x0000000001d15398                __divsi3
                0x0000000001d154c0                __aeabi_idivmod
 .text          0x0000000001d154e0        0x4 /usr/local/lib/gcc/arm-elf-eabi/4.9.4/libgcc.a(_dvmd_tls.o)
                0x0000000001d154e0                __aeabi_ldiv0
                0x0000000001d154e0                __aeabi_idiv0
 .text          0x0000000001d154e4      0x41c /usr/local/lib/gcc/arm-elf-eabi/4.9.4/libgcc.a(_arm_addsubdf3.o)
                0x0000000001d154e4                __aeabi_drsub
                0x0000000001d154ec                __aeabi_dsub
                0x0000000001d154ec                __subdf3
                0x0000000001d154f0                __adddf3
                0x0000000001d154f0                __aeabi_dadd
                0x0000000001d15800                __aeabi_ui2d
                0x0000000001d15800                __floatunsidf
                0x0000000001d15824                __floatsidf
                0x0000000001d15824                __aeabi_i2d
                0x0000000001d1584c                __extendsfdf2
                0x0000000001d1584c                __aeabi_f2d
                0x0000000001d1588c                __aeabi_ul2d
                0x0000000001d1588c                __floatundidf
                0x0000000001d158a0                __floatdidf
                0x0000000001d158a0                __aeabi_l2d
 .text          0x0000000001d15900      0x49c /usr/local/lib/gcc/arm-elf-eabi/4.9.4/libgcc.a(_arm_muldivdf3.o)
                0x0000000001d15900                __aeabi_dmul
                0x0000000001d15900                __muldf3
                0x0000000001d15b90                __aeabi_ddiv
                0x0000000001d15b90                __divdf3
 .text          0x0000000001d15d9c      0x144 /usr/local/lib/gcc/arm-elf-eabi/4.9.4/libgcc.a(_arm_cmpdf2.o)
                0x0000000001d15d9c                __gtdf2
                0x0000000001d15d9c                __gedf2
                0x0000000001d15da4                __ltdf2
                0x0000000001d15da4                __ledf2
                0x0000000001d15dac                __cmpdf2
                0x0000000001d15dac                __eqdf2
                0x0000000001d15dac                __nedf2