Archive member included to satisfy reference by file (symbol)

/home/jbrawley/Desktop/rockbox-photo-cf-support/build/apps/plugins/libplugin.a(gcc-support.o)
                              /home/jbrawley/Desktop/rockbox-photo-cf-support/build/apps/plugins/doom/f_wipe.o (memcpy)
/home/jbrawley/Desktop/rockbox-photo-cf-support/build/apps/plugins/libplugin.a(helper.o)
                              /home/jbrawley/Desktop/rockbox-photo-cf-support/build/apps/plugins/doom/rockdoom.o (backlight_ignore_timeout)
/home/jbrawley/Desktop/rockbox-photo-cf-support/build/apps/plugins/libplugin.a(strncpy.o)
                              /home/jbrawley/Desktop/rockbox-photo-cf-support/build/apps/plugins/doom/m_menu.o (strncpy)
/home/jbrawley/Desktop/rockbox-photo-cf-support/build/lib/libsetjmp.a(setjmp.o)
                              /home/jbrawley/Desktop/rockbox-photo-cf-support/build/apps/plugins/plugin_crt0.o (setjmp)
/usr/local/lib/gcc/arm-elf-eabi/4.9.4/libgcc.a(_udivsi3.o)
                              /home/jbrawley/Desktop/rockbox-photo-cf-support/build/apps/plugins/doom/tables.o (__aeabi_uidiv)
/usr/local/lib/gcc/arm-elf-eabi/4.9.4/libgcc.a(_divsi3.o)
                              /home/jbrawley/Desktop/rockbox-photo-cf-support/build/apps/plugins/doom/g_game.o (__aeabi_idiv)
/usr/local/lib/gcc/arm-elf-eabi/4.9.4/libgcc.a(_dvmd_tls.o)
                              /usr/local/lib/gcc/arm-elf-eabi/4.9.4/libgcc.a(_udivsi3.o) (__aeabi_idiv0)
/usr/local/lib/gcc/arm-elf-eabi/4.9.4/libgcc.a(_arm_addsubsf3.o)
                              /home/jbrawley/Desktop/rockbox-photo-cf-support/build/apps/plugins/doom/f_finale.o (__aeabi_fadd)
/usr/local/lib/gcc/arm-elf-eabi/4.9.4/libgcc.a(_arm_muldivsf3.o)
                              /home/jbrawley/Desktop/rockbox-photo-cf-support/build/apps/plugins/doom/f_finale.o (__aeabi_fmul)
/usr/local/lib/gcc/arm-elf-eabi/4.9.4/libgcc.a(_arm_cmpsf2.o)
                              /home/jbrawley/Desktop/rockbox-photo-cf-support/build/apps/plugins/doom/f_finale.o (__aeabi_fcmpgt)
/usr/local/lib/gcc/arm-elf-eabi/4.9.4/libgcc.a(_arm_fixsfsi.o)
                              /home/jbrawley/Desktop/rockbox-photo-cf-support/build/apps/plugins/doom/f_finale.o (__aeabi_f2iz)
/usr/local/lib/gcc/arm-elf-eabi/4.9.4/libgcc.a(_aeabi_ldivmod.o)
                              /home/jbrawley/Desktop/rockbox-photo-cf-support/build/apps/plugins/doom/am_map.o (__aeabi_ldivmod)
/usr/local/lib/gcc/arm-elf-eabi/4.9.4/libgcc.a(_aeabi_uldivmod.o)
                              /home/jbrawley/Desktop/rockbox-photo-cf-support/build/apps/plugins/doom/p_enemy.o (__aeabi_uldivmod)
/usr/local/lib/gcc/arm-elf-eabi/4.9.4/libgcc.a(bpabi.o)
                              /usr/local/lib/gcc/arm-elf-eabi/4.9.4/libgcc.a(_aeabi_ldivmod.o) (__gnu_ldivmod_helper)
/usr/local/lib/gcc/arm-elf-eabi/4.9.4/libgcc.a(_divdi3.o)
                              /usr/local/lib/gcc/arm-elf-eabi/4.9.4/libgcc.a(bpabi.o) (__divdi3)
/usr/local/lib/gcc/arm-elf-eabi/4.9.4/libgcc.a(_udivdi3.o)
                              /usr/local/lib/gcc/arm-elf-eabi/4.9.4/libgcc.a(bpabi.o) (__udivdi3)
/usr/local/lib/gcc/arm-elf-eabi/4.9.4/libgcc.a(_clzdi2.o)
                              /usr/local/lib/gcc/arm-elf-eabi/4.9.4/libgcc.a(_divdi3.o) (__clzdi2)
/usr/local/lib/gcc/arm-elf-eabi/4.9.4/libgcc.a(_clzsi2.o)
                              /usr/local/lib/gcc/arm-elf-eabi/4.9.4/libgcc.a(_clzdi2.o) (__clzsi2)

Allocating common symbols
Common symbol       size              file

sidedef             0x4               /home/jbrawley/Desktop/rockbox-photo-cf-support/build/apps/plugins/doom/r_bsp.o
sectors             0x4               /home/jbrawley/Desktop/rockbox-photo-cf-support/build/apps/plugins/doom/p_setup.o
numflats            0x4               /home/jbrawley/Desktop/rockbox-photo-cf-support/build/apps/plugins/doom/r_data.o
pspritescale        0x4               /home/jbrawley/Desktop/rockbox-photo-cf-support/build/apps/plugins/doom/r_things.o
castonmelee         0x4               /home/jbrawley/Desktop/rockbox-photo-cf-support/build/apps/plugins/doom/f_finale.o
timingdemo          0x4               /home/jbrawley/Desktop/rockbox-photo-cf-support/build/apps/plugins/doom/g_game.o
maxdrawsegs         0x4               /home/jbrawley/Desktop/rockbox-photo-cf-support/build/apps/plugins/doom/r_bsp.o
hudcolor_list       0x4               /home/jbrawley/Desktop/rockbox-photo-cf-support/build/apps/plugins/doom/hu_stuff.o
mapcolor_fchg       0x4               /home/jbrawley/Desktop/rockbox-photo-cf-support/build/apps/plugins/doom/am_map.o
paused              0x4               /home/jbrawley/Desktop/rockbox-photo-cf-support/build/apps/plugins/doom/g_game.o
key_spy             0x4               /home/jbrawley/Desktop/rockbox-photo-cf-support/build/apps/plugins/doom/g_game.o
bmapwidth           0x4               /home/jbrawley/Desktop/rockbox-photo-cf-support/build/apps/plugins/doom/p_setup.o
[...]
Memory Configuration

Name             Origin             Length             Attributes
PLUGIN_RAM       0x0000000001f80000 0x0000000000080000
PLUGIN_IRAM      0x000000004000c000 0x000000000000c000
*default*        0x0000000000000000 0xffffffffffffffff

Linker script and memory map

LOAD /home/jbrawley/Desktop/rockbox-photo-cf-support/build/apps/plugins/doom/../../../firmware/libc/sscanf.o
LOAD /home/jbrawley/Desktop/rockbox-photo-cf-support/build/apps/plugins/doom/info.o
LOAD /home/jbrawley/Desktop/rockbox-photo-cf-support/build/apps/plugins/doom/doomdef.o
LOAD /home/jbrawley/Desktop/rockbox-photo-cf-support/build/apps/plugins/doom/doomstat.o
LOAD /home/jbrawley/Desktop/rockbox-photo-cf-support/build/apps/plugins/doom/dstrings.o
LOAD /home/jbrawley/Desktop/rockbox-photo-cf-support/build/apps/plugins/doom/tables.o
LOAD /home/jbrawley/Desktop/rockbox-photo-cf-support/build/apps/plugins/doom/f_finale.o
LOAD /home/jbrawley/Desktop/rockbox-photo-cf-support/build/apps/plugins/doom/f_wipe.o
LOAD /home/jbrawley/Desktop/rockbox-photo-cf-support/build/apps/plugins/doom/d_net.o
LOAD /home/jbrawley/Desktop/rockbox-photo-cf-support/build/apps/plugins/doom/d_items.o
LOAD /home/jbrawley/Desktop/rockbox-photo-cf-support/build/apps/plugins/doom/g_game.o
LOAD /home/jbrawley/Desktop/rockbox-photo-cf-support/build/apps/plugins/doom/m_menu.o
LOAD /home/jbrawley/Desktop/rockbox-photo-cf-support/build/apps/plugins/doom/m_argv.o
LOAD /home/jbrawley/Desktop/rockbox-photo-cf-support/build/apps/plugins/doom/m_cheat.o
LOAD /home/jbrawley/Desktop/rockbox-photo-cf-support/build/apps/plugins/doom/m_random.o
LOAD /home/jbrawley/Desktop/rockbox-photo-cf-support/build/apps/plugins/doom/am_map.o
LOAD /home/jbrawley/Desktop/rockbox-photo-cf-support/build/apps/plugins/doom/p_ceilng.o
LOAD /home/jbrawley/Desktop/rockbox-photo-cf-support/build/apps/plugins/doom/p_doors.o
LOAD /home/jbrawley/Desktop/rockbox-photo-cf-support/build/apps/plugins/doom/p_genlin.o
LOAD /home/jbrawley/Desktop/rockbox-photo-cf-support/build/apps/plugins/doom/p_enemy.o
LOAD /home/jbrawley/Desktop/rockbox-photo-cf-support/build/apps/plugins/doom/p_floor.o
LOAD /home/jbrawley/Desktop/rockbox-photo-cf-support/build/apps/plugins/doom/p_inter.o
LOAD /home/jbrawley/Desktop/rockbox-photo-cf-support/build/apps/plugins/doom/p_lights.o
LOAD /home/jbrawley/Desktop/rockbox-photo-cf-support/build/apps/plugins/doom/p_map.o
LOAD /home/jbrawley/Desktop/rockbox-photo-cf-support/build/apps/plugins/doom/p_maputl.o
LOAD /home/jbrawley/Desktop/rockbox-photo-cf-support/build/apps/plugins/doom/p_plats.o
LOAD /home/jbrawley/Desktop/rockbox-photo-cf-support/build/apps/plugins/doom/p_pspr.o
LOAD /home/jbrawley/Desktop/rockbox-photo-cf-support/build/apps/plugins/doom/p_setup.o
LOAD /home/jbrawley/Desktop/rockbox-photo-cf-support/build/apps/plugins/doom/p_sight.o
LOAD /home/jbrawley/Desktop/rockbox-photo-cf-support/build/apps/plugins/doom/p_spec.o
LOAD /home/jbrawley/Desktop/rockbox-photo-cf-support/build/apps/plugins/doom/p_switch.o
LOAD /home/jbrawley/Desktop/rockbox-photo-cf-support/build/apps/plugins/doom/p_mobj.o
LOAD /home/jbrawley/Desktop/rockbox-photo-cf-support/build/apps/plugins/doom/p_telept.o
LOAD /home/jbrawley/Desktop/rockbox-photo-cf-support/build/apps/plugins/doom/p_tick.o
LOAD /home/jbrawley/Desktop/rockbox-photo-cf-support/build/apps/plugins/doom/p_saveg.o
LOAD /home/jbrawley/Desktop/rockbox-photo-cf-support/build/apps/plugins/doom/p_user.o
LOAD /home/jbrawley/Desktop/rockbox-photo-cf-support/build/apps/plugins/doom/r_bsp.o
LOAD /home/jbrawley/Desktop/rockbox-photo-cf-support/build/apps/plugins/doom/r_data.o
LOAD /home/jbrawley/Desktop/rockbox-photo-cf-support/build/apps/plugins/doom/r_draw.o
LOAD /home/jbrawley/Desktop/rockbox-photo-cf-support/build/apps/plugins/doom/r_main.o
LOAD /home/jbrawley/Desktop/rockbox-photo-cf-support/build/apps/plugins/doom/r_plane.o
LOAD /home/jbrawley/Desktop/rockbox-photo-cf-support/build/apps/plugins/doom/r_segs.o
LOAD /home/jbrawley/Desktop/rockbox-photo-cf-support/build/apps/plugins/doom/r_sky.o
LOAD /home/jbrawley/Desktop/rockbox-photo-cf-support/build/apps/plugins/doom/r_things.o
LOAD /home/jbrawley/Desktop/rockbox-photo-cf-support/build/apps/plugins/doom/wi_stuff.o
LOAD /home/jbrawley/Desktop/rockbox-photo-cf-support/build/apps/plugins/doom/v_video.o
LOAD /home/jbrawley/Desktop/rockbox-photo-cf-support/build/apps/plugins/doom/st_lib.o
LOAD /home/jbrawley/Desktop/rockbox-photo-cf-support/build/apps/plugins/doom/st_stuff.o
LOAD /home/jbrawley/Desktop/rockbox-photo-cf-support/build/apps/plugins/doom/hu_stuff.o
LOAD /home/jbrawley/Desktop/rockbox-photo-cf-support/build/apps/plugins/doom/hu_lib.o
LOAD /home/jbrawley/Desktop/rockbox-photo-cf-support/build/apps/plugins/doom/s_sound.o
LOAD /home/jbrawley/Desktop/rockbox-photo-cf-support/build/apps/plugins/doom/z_zone.o
LOAD /home/jbrawley/Desktop/rockbox-photo-cf-support/build/apps/plugins/doom/z_bmalloc.o
LOAD /home/jbrawley/Desktop/rockbox-photo-cf-support/build/apps/plugins/doom/sounds.o
LOAD /home/jbrawley/Desktop/rockbox-photo-cf-support/build/apps/plugins/doom/d_main.o
LOAD /home/jbrawley/Desktop/rockbox-photo-cf-support/build/apps/plugins/doom/m_misc.o
LOAD /home/jbrawley/Desktop/rockbox-photo-cf-support/build/apps/plugins/doom/m_bbox.o
LOAD /home/jbrawley/Desktop/rockbox-photo-cf-support/build/apps/plugins/doom/i_system.o
LOAD /home/jbrawley/Desktop/rockbox-photo-cf-support/build/apps/plugins/doom/i_sound.o
LOAD /home/jbrawley/Desktop/rockbox-photo-cf-support/build/apps/plugins/doom/i_video.o
LOAD /home/jbrawley/Desktop/rockbox-photo-cf-support/build/apps/plugins/doom/w_wad.o
LOAD /home/jbrawley/Desktop/rockbox-photo-cf-support/build/apps/plugins/doom/rockdoom.o
LOAD /home/jbrawley/Desktop/rockbox-photo-cf-support/build/apps/plugins/doom/d_deh.o
LOAD /home/jbrawley/Desktop/rockbox-photo-cf-support/build/apps/plugins/plugin_crt0.o
LOAD /home/jbrawley/Desktop/rockbox-photo-cf-support/build/apps/plugins/libplugin.a
LOAD /home/jbrawley/Desktop/rockbox-photo-cf-support/build/apps/plugins/bitmaps/libpluginbitmaps.a
LOAD /home/jbrawley/Desktop/rockbox-photo-cf-support/build/lib/libsetjmp.a
LOAD /home/jbrawley/Desktop/rockbox-photo-cf-support/build/lib/libfixedpoint.a
LOAD /usr/local/lib/gcc/arm-elf-eabi/4.9.4/libgcc.a

.header         0x0000000001f80000       0x1c
                0x0000000001f80000                _plugin_start_addr = .
                0x0000000001f80000                plugin_start_addr = .
 *(.header)
 .header        0x0000000001f80000       0x1c /home/jbrawley/Desktop/rockbox-photo-cf-support/build/apps/plugins/plugin_crt0.o
                0x0000000001f80000                __header

.text           0x0000000001f8001c    0x43834
 *(.text*)
 .text          0x0000000001f8001c      0x3ec /home/jbrawley/Desktop/rockbox-photo-cf-support/build/apps/plugins/doom/../../../firmware/libc/sscanf.o
                0x0000000001f801a0                sscanf
 .text          0x0000000001f80408      0x208 /home/jbrawley/Desktop/rockbox-photo-cf-support/build/apps/plugins/doom/tables.o
                0x0000000001f80408                SlopeDiv
                0x0000000001f80438                R_LoadTrigTables
 .text          0x0000000001f80610     0x1318 /home/jbrawley/Desktop/rockbox-photo-cf-support/build/apps/plugins/doom/f_finale.o
                0x0000000001f80b64                F_StartFinale
                0x0000000001f80f28                F_Responder
                0x0000000001f80f70                F_TextWrite
                0x0000000001f810b4                F_StartCast
                0x0000000001f81164                F_Ticker
                0x0000000001f813c0                F_CastTicker
                0x0000000001f813e0                F_CastResponder
                0x0000000001f81410                F_CastDrawer
                0x0000000001f815fc                F_Drawer
 .text          0x0000000001f81928      0x524 /home/jbrawley/Desktop/rockbox-photo-cf-support/build/apps/plugins/doom/f_wipe.o
                0x0000000001f819c4                wipe_StartScreen
                0x0000000001f81a48                wipe_EndScreen
                0x0000000001f81af8                wipe_ScreenWipe
 .text          0x0000000001f81e4c      0x1c4 /home/jbrawley/Desktop/rockbox-photo-cf-support/build/apps/plugins/doom/d_net.o
                0x0000000001f81e4c                D_InitNetGame
                0x0000000001f81ed8                D_BuildNewTiccmds
                0x0000000001f81f6c                TryRunTics
 .text          0x0000000001f82010     0x46ac /home/jbrawley/Desktop/rockbox-photo-cf-support/build/apps/plugins/doom/g_game.o
                0x0000000001f82544                G_BuildTiccmd
                0x0000000001f83088                G_RestartLevel
                0x0000000001f8309c                G_Responder
                0x0000000001f83358                G_PlayerFinishLevel
                0x0000000001f833f0                G_ChangedPlayerColour
                0x0000000001f834bc                G_PlayerReborn
                0x0000000001f835ac                G_CheckSpot
                0x0000000001f83944                G_DeathMatchSpawnPlayer
                0x0000000001f83a20                G_DoReborn
                0x0000000001f83a44                G_ExitLevel
                0x0000000001f83a68                G_SecretExitLevel
                0x0000000001f83ab4                G_DoCompleted
                0x0000000001f83e5c                G_WorldDone
                0x0000000001f83f24                G_DoWorldDone
                0x0000000001f83f80                G_ForcedLoadGame
                0x0000000001f83fa4                G_LoadGame
                0x0000000001f8401c                CheckSaveGame
                0x0000000001f84098                G_SaveGameName
                0x0000000001f840ec                G_DeferedInitNew
                0x0000000001f8411c                G_Compatibility
                0x0000000001f84178                G_ReloadDefaults
                0x0000000001f84448                G_SetFastParms
                0x0000000001f8451c                G_InitNew
                0x0000000001f846c0                G_DoNewGame
                0x0000000001f84714                G_WriteOptions
                0x0000000001f84908                G_ReadOptions
                0x0000000001f84ecc                G_RecordDemo
                0x0000000001f85094                G_BeginRecording
                0x0000000001f853b0                G_DeferedPlayDemo
                0x0000000001f853d0                G_DoPlayDemo
                0x0000000001f85454                G_DoLoadGame
                0x0000000001f858c8                G_TimeDemo
                0x0000000001f8590c                G_CheckDemoStatus
                0x0000000001f85af0                G_ReadDemoTiccmd
                0x0000000001f85b74                G_WriteDemoTiccmd
                0x0000000001f85c2c                doom_printf
                0x0000000001f8610c                G_SaveGame
                0x0000000001f86170                G_Ticker
 .text          0x0000000001f866bc     0x26d8 /home/jbrawley/Desktop/rockbox-photo-cf-support/build/apps/plugins/doom/m_menu.o
                0x0000000001f866bc                M_SaveSelect
                0x0000000001f86844                M_Sound
                0x0000000001f8686c                M_Options
                0x0000000001f86898                M_ChangeMessages
                0x0000000001f868f8                M_ReadThis
                0x0000000001f86924                M_ReadThis2
                0x0000000001f86950                M_FinishReadThis
                0x0000000001f8697c                M_QuitDOOM
                0x0000000001f86a7c                M_DrawMainMenu
                0x0000000001f86abc                M_DrawNewGame
                0x0000000001f86b28                M_DrawEpisode
                0x0000000001f86b68                M_LoadSelect
                0x0000000001f86be0                M_SfxVol
                0x0000000001f86c34                M_MusicVol
                0x0000000001f86c88                M_ChangeGamma
                0x0000000001f86ce8                M_SizeDisplay
                0x0000000001f86d80                M_SystemVol
                0x0000000001f86e64                M_DrawReadThis1
                0x0000000001f86ee8                M_DrawReadThis2
                0x0000000001f86f6c                M_QuitResponse
                0x0000000001f86fec                M_EndGame
                0x0000000001f87128                M_QuickLoadResponse
                0x0000000001f87158                M_VerifyNightmare
                0x0000000001f871ac                M_ChooseSkill
                0x0000000001f87260                M_EndGameResponse
                0x0000000001f872e4                M_NewGame
                0x0000000001f873bc                M_Episode
                0x0000000001f874b4                M_ReadSaveStrings
                0x0000000001f875a4                M_LoadGame
                0x0000000001f87648                M_SaveGame
                0x0000000001f87700                M_DrawSaveLoadBorder
                0x0000000001f877b8                M_DoSave
                0x0000000001f87800                M_QuickSaveResponse
                0x0000000001f87830                M_QuickSave
                0x0000000001f87974                M_QuickLoad
                0x0000000001f87ad4                M_DrawThermo
                0x0000000001f87bd8                M_DrawSound
                0x0000000001f87ccc                M_DrawOptions
                0x0000000001f87d9c                M_DrawEmptyCell
                0x0000000001f87df4                M_DrawSelCell
                0x0000000001f87e4c                M_StartMessage
                0x0000000001f87ea8                M_StopMessage
                0x0000000001f87ed4                M_StringWidth
                0x0000000001f87f60                M_StringHeight
                0x0000000001f87fa0                M_WriteText
                0x0000000001f88060                M_DrawLoad
                0x0000000001f880e8                M_DrawSave
                0x0000000001f881cc                M_Responder
                0x0000000001f88884                M_StartControlPanel
                0x0000000001f8889c                M_Drawer
                0x0000000001f88bd8                M_ClearMenus
                0x0000000001f88bec                M_SetupNextMenu
                0x0000000001f88c0c                M_Ticker
                0x0000000001f88c54                M_Init
 .text          0x0000000001f88d94       0x7c /home/jbrawley/Desktop/rockbox-photo-cf-support/build/apps/plugins/doom/m_argv.o
                0x0000000001f88d94                M_CheckParm
 .text          0x0000000001f88e10      0x154 /home/jbrawley/Desktop/rockbox-photo-cf-support/build/apps/plugins/doom/m_random.o
                0x0000000001f88e10                P_Random
                0x0000000001f88f0c                M_ClearRandom
 .text          0x0000000001f88f64     0x2ae4 /home/jbrawley/Desktop/rockbox-photo-cf-support/build/apps/plugins/doom/am_map.o
                0x0000000001f88ff0                AM_getIslope
                0x0000000001f8910c                AM_activateNewScale
                0x0000000001f8919c                AM_saveScaleAndLoc
                0x0000000001f891c8                AM_restoreScaleAndLoc
                0x0000000001f892e0                AM_addMark
                0x0000000001f8937c                AM_findMinMaxBoundaries
                0x0000000001f89568                AM_changeWindowLoc
                0x0000000001f89648                AM_initVariables
                0x0000000001f89764                AM_loadPics
                0x0000000001f89768                AM_unloadPics
                0x0000000001f8976c                AM_clearMarks
                0x0000000001f89780                AM_LevelInit
                0x0000000001f89868                AM_Stop
                0x0000000001f898a0                AM_Start
                0x0000000001f89934                AM_minOutWindowScale
                0x0000000001f89994                AM_maxOutWindowScale
                0x0000000001f899f4                AM_Responder
                0x0000000001f89ed0                AM_changeWindowScale
                0x0000000001f89f68                AM_doFollowPlayer
                0x0000000001f8a018                AM_Ticker
                0x0000000001f8a094                AM_clipMline
                0x0000000001f8a45c                AM_drawFline
                0x0000000001f8a5a0                AM_drawMline
                0x0000000001f8a5e4                AM_drawGrid
                0x0000000001f8a704                AM_DoorColor
                0x0000000001f8a93c                AM_drawWalls
                0x0000000001f8af2c                AM_drawLineCharacter
                0x0000000001f8b154                AM_drawPlayers
                0x0000000001f8b338                AM_drawThings
                0x0000000001f8b73c                AM_drawMarks
                0x0000000001f8b940                AM_Drawer
 .text          0x0000000001f8ba48      0x5c4 /home/jbrawley/Desktop/rockbox-photo-cf-support/build/apps/plugins/doom/p_ceilng.o
                0x0000000001f8ba48                P_ActivateInStasisCeiling
                0x0000000001f8bac8                EV_CeilingCrushStop
                0x0000000001f8bb34                P_AddActiveCeiling
                0x0000000001f8bb84                EV_DoCeiling
                0x0000000001f8bd40                P_RemoveActiveCeiling
                0x0000000001f8bd84                T_MoveCeiling
                0x0000000001f8bfd8                P_RemoveAllActiveCeilings
 .text          0x0000000001f8c00c      0xb74 /home/jbrawley/Desktop/rockbox-photo-cf-support/build/apps/plugins/doom/p_doors.o
                0x0000000001f8c00c                T_VerticalDoor
                0x0000000001f8c43c                EV_DoDoor
                0x0000000001f8c624                EV_DoLockedDoor
                0x0000000001f8c77c                EV_VerticalDoor
                0x0000000001f8ca90                P_SpawnDoorCloseIn30
                0x0000000001f8caf8                P_SpawnDoorRaiseIn5Mins
 .text          0x0000000001f8cb80     0x1514 /home/jbrawley/Desktop/rockbox-photo-cf-support/build/apps/plugins/doom/p_genlin.o
                0x0000000001f8cb80                EV_DoGenFloor
                0x0000000001f8cf18                EV_DoGenCeiling
                0x0000000001f8d284                EV_DoGenLift
                0x0000000001f8d520                EV_DoGenStairs
                0x0000000001f8d954                EV_DoGenCrusher
                0x0000000001f8db04                EV_DoGenLockedDoor
                0x0000000001f8dd14                EV_DoGenDoor
 .text          0x0000000001f8e094     0x4620 /home/jbrawley/Desktop/rockbox-photo-cf-support/build/apps/plugins/doom/p_enemy.o
                0x0000000001f8e728                PIT_VileCheck
                0x0000000001f8f6cc                P_NoiseAlert
                0x0000000001f8f6f4                P_CheckMissileRange
                0x0000000001f8f8ec                P_TryWalk
                0x0000000001f8fe58                A_KeenDie
                0x0000000001f8ff00                A_Look
                0x0000000001f900a0                A_KeepChasing
                0x0000000001f900c8                A_FaceTarget
                0x0000000001f90158                A_Chase
                0x0000000001f9065c                A_PosAttack
                0x0000000001f90718                A_SPosAttack
                0x0000000001f907e0                A_CPosAttack
                0x0000000001f9089c                A_CPosRefire
                0x0000000001f90938                A_SpidRefire
                0x0000000001f909c8                A_BspiAttack
                0x0000000001f909f8                A_TroopAttack
                0x0000000001f90a7c                A_SargAttack
                0x0000000001f90af0                A_HeadAttack
                0x0000000001f90b78                A_CyberAttack
                0x0000000001f90ba8                A_BruisAttack
                0x0000000001f90c28                A_SkelMissile
                0x0000000001f90c9c                A_Tracer
                0x0000000001f90e68                A_SkelWhoosh
                0x0000000001f90e94                A_SkelFist
                0x0000000001f90f1c                A_VileChase
                0x0000000001f9114c                A_VileStart
                0x0000000001f91160                A_Fire
                0x0000000001f91248                A_StartFire
                0x0000000001f91264                A_FireCrackle
                0x0000000001f91280                A_VileTarget
                0x0000000001f91300                A_VileAttack
                0x0000000001f91434                A_FatRaise
                0x0000000001f91454                A_FatAttack1
                0x0000000001f914f0                A_FatAttack2
                0x0000000001f9158c                A_FatAttack3
                0x0000000001f9166c                A_SkullAttack
                0x0000000001f9178c                A_PainShootSkull
                0x0000000001f91990                A_PainAttack
                0x0000000001f919b8                A_PainDie
                0x0000000001f91a04                A_Scream
                0x0000000001f91a98                A_XScream
                0x0000000001f91aac                A_Pain
                0x0000000001f91ac8                A_Fall
                0x0000000001f91ae0                A_Explode
                0x0000000001f91af8                A_BossDeath
                0x0000000001f91d64                A_Hoof
                0x0000000001f91d80                A_Metal
                0x0000000001f91d9c                A_BabyMetal
                0x0000000001f91db8                A_OpenShotgun2
                0x0000000001f91dd0                A_LoadShotgun2
                0x0000000001f91de8                A_CloseShotgun2
                0x0000000001f91e14                P_SpawnBrainTargets
                0x0000000001f91ef8                A_BrainAwake
                0x0000000001f91f10                A_BrainPain
                0x0000000001f91f28                A_BrainScream
                0x0000000001f91fdc                A_BrainExplode
                0x0000000001f92078                A_BrainDie
                0x0000000001f92088                A_BrainSpit
                0x0000000001f92188                A_SpawnSound
                0x0000000001f921c8                A_SpawnFly
                0x0000000001f921e8                A_PlayerScream
                0x0000000001f92220                A_Die
                0x0000000001f9223c                A_Detonate
                0x0000000001f92258                A_Mushroom
                0x0000000001f9233c                A_Spawn
                0x0000000001f92378                A_Turn
                0x0000000001f923ac                A_Face
                0x0000000001f923d8                A_Scratch
                0x0000000001f9243c                A_PlaySound
                0x0000000001f92460                A_RandomJump
                0x0000000001f92490                A_LineEffect
                0x0000000001f92548                P_BecomeVisible
                0x0000000001f92568                P_IncreaseVisibility
                0x0000000001f92608                P_DecreaseVisibility
 .text          0x0000000001f926b4     0x1354 /home/jbrawley/Desktop/rockbox-photo-cf-support/build/apps/plugins/doom/p_floor.o
                0x0000000001f926b4                T_MovePlane
                0x0000000001f92918                T_MoveFloor
                0x0000000001f92b34                T_MoveElevator
                0x0000000001f92c54                EV_DoFloor
                0x0000000001f9322c                EV_DoChange
                0x0000000001f932e4                EV_BuildStairs
                0x0000000001f9367c                EV_DoDonut
                0x0000000001f93850                EV_DoElevator
 .text          0x0000000001f93a08     0x165c /home/jbrawley/Desktop/rockbox-photo-cf-support/build/apps/plugins/doom/p_inter.o
                0x0000000001f93a08                P_GiveAmmo
                0x0000000001f93b54                P_GiveWeapon
                0x0000000001f93c9c                P_GiveBody
                0x0000000001f93ce0                P_GiveArmor
                0x0000000001f93d08                P_GiveCard
                0x0000000001f93d28                P_GivePower
                0x0000000001f93de8                P_TouchSpecialThing
                0x0000000001f9476c                P_DamageMobj
 .text          0x0000000001f95064      0x648 /home/jbrawley/Desktop/rockbox-photo-cf-support/build/apps/plugins/doom/p_lights.o
                0x0000000001f95064                T_StrobeFlash
                0x0000000001f950a4                T_Glow
                0x0000000001f95128                T_FireFlicker
                0x0000000001f95188                T_LightFlash
                0x0000000001f95204                P_SpawnFireFlicker
                0x0000000001f9526c                P_SpawnLightFlash
                0x0000000001f952f0                P_SpawnStrobeFlash
                0x0000000001f9539c                P_SpawnGlowingLight
                0x0000000001f95400                EV_StartLightStrobing
                0x0000000001f95468                EV_TurnTagLightsOff
                0x0000000001f954fc                EV_LightTurnOn
                0x0000000001f955d0                EV_LightTurnOnPartway
 .text          0x0000000001f956ac     0x33f4 /home/jbrawley/Desktop/rockbox-photo-cf-support/build/apps/plugins/doom/p_map.o
                0x0000000001f956ac                PIT_StompThing
                0x0000000001f957f4                PTR_AimTraverse
                0x0000000001f95b44                PTR_NoWayTraverse
                0x0000000001f95fb0                PTR_SlideTraverse
                0x0000000001f960a0                PTR_ShootTraverse
                0x0000000001f96be8                PTR_UseTraverse
                0x0000000001f96c9c                PIT_RadiusAttack
                0x0000000001f96da8                P_GetFriction
                0x0000000001f96ecc                P_GetMoveFactor
                0x0000000001f96f64                P_TeleportMove
                0x0000000001f97160                Check_Sides
                0x0000000001f97270                P_CheckPosition
                0x0000000001f974d8                P_TryMove
                0x0000000001f978f0                P_ApplyTorque
                0x0000000001f97a14                P_ThingHeightClip
                0x0000000001f97ac4                PIT_ChangeSector
                0x0000000001f97c44                P_HitSlideLine
                0x0000000001f97f14                P_SlideMove
                0x0000000001f98224                P_AimLineAttack
                0x0000000001f98304                P_LineAttack
                0x0000000001f983b8                P_UseLines
                0x0000000001f98494                P_RadiusAttack
                0x0000000001f98548                P_ChangeSector
                0x0000000001f985d0                P_CheckSector
                0x0000000001f98688                P_AddSecnode
                0x0000000001f9873c                PIT_GetSectors
                0x0000000001f987f4                P_DelSecnode
                0x0000000001f98854                P_DelSeclist
                0x0000000001f98874                P_CreateSecNodeList
                0x0000000001f98a64                P_MapStart
                0x0000000001f98a8c                P_MapEnd
 .text          0x0000000001f98aa0     0x1058 /home/jbrawley/Desktop/rockbox-photo-cf-support/build/apps/plugins/doom/p_maputl.o
                0x0000000001f98c58                P_AproxDistance
                0x0000000001f98c80                P_PointOnLineSide
                0x0000000001f98d34                P_BoxOnLineSide
                0x0000000001f98e38                P_PointOnDivlineSide
                0x0000000001f98f04                P_MakeDivline
                0x0000000001f98f30                P_InterceptVector
                0x0000000001f98ffc                PIT_AddLineIntercepts
                0x0000000001f99108                PIT_AddThingIntercepts
                0x0000000001f991f8                P_LineOpening
                0x0000000001f992b8                P_UnsetThingPosition
                0x0000000001f9933c                P_SetThingPosition
                0x0000000001f99488                ThingIsOnLine
                0x0000000001f99568                P_BlockLinesIterator
                0x0000000001f99578                P_BlockThingsIterator
                0x0000000001f9958c                P_TraverseIntercepts
                0x0000000001f99638                P_PathTraverse
 .text          0x0000000001f99af8      0x650 /home/jbrawley/Desktop/rockbox-photo-cf-support/build/apps/plugins/doom/p_plats.o
                0x0000000001f99af8                P_ActivateInStasis
                0x0000000001f99b78                EV_StopPlat
                0x0000000001f99be0                P_AddActivePlat
                0x0000000001f99c30                EV_DoPlat
                0x0000000001f99eec                P_RemoveActivePlat
                0x0000000001f99f30                T_PlatRaise
                0x0000000001f9a114                P_RemoveAllActivePlats
 .text          0x0000000001f9a148     0x1214 /home/jbrawley/Desktop/rockbox-photo-cf-support/build/apps/plugins/doom/p_pspr.o
                0x0000000001f9a430                P_SwitchWeapon
                0x0000000001f9a604                P_WeaponPreferred
                0x0000000001f9a6cc                P_CheckAmmo
                0x0000000001f9a7e4                P_DropWeapon
                0x0000000001f9a804                A_WeaponReady
                0x0000000001f9a95c                A_ReFire
                0x0000000001f9a9a4                A_CheckReload
                0x0000000001f9a9a8                A_Lower
                0x0000000001f9a9f0                A_Raise
                0x0000000001f9aa2c                A_GunFlash
                0x0000000001f9aa50                A_Punch
                0x0000000001f9ab8c                A_Saw
                0x0000000001f9ad44                A_FireMissile
                0x0000000001f9ad80                A_FireBFG
                0x0000000001f9adc8                A_FireOldBFG
                0x0000000001f9adcc                A_FirePlasma
                0x0000000001f9ae20                P_GunShot
                0x0000000001f9aeac                A_FirePistol
                0x0000000001f9af1c                A_FireShotgun
                0x0000000001f9af94                A_FireShotgun2
                0x0000000001f9b098                A_FireCGun
                0x0000000001f9b18c                A_Light0
                0x0000000001f9b198                A_Light1
                0x0000000001f9b1a4                A_Light2
                0x0000000001f9b1b0                A_BFGSpray
                0x0000000001f9b2b4                A_BFGsound
                0x0000000001f9b2cc                P_SetupPsprites
                0x0000000001f9b2e4                P_MovePsprites
 .text          0x0000000001f9b35c     0x21b8 /home/jbrawley/Desktop/rockbox-photo-cf-support/build/apps/plugins/doom/p_setup.o
                0x0000000001f9b404                P_CreateBlockMap
                0x0000000001f9be04                P_GroupLines
                0x0000000001f9c110                P_RemoveSlimeTrails
                0x0000000001f9c2fc                P_SetupLevel
                0x0000000001f9d4f4                P_Init
 .text          0x0000000001f9d514      0xc54 /home/jbrawley/Desktop/rockbox-photo-cf-support/build/apps/plugins/doom/p_sight.o
                0x0000000001f9dea0                P_CheckSight
 .text          0x0000000001f9e168     0x47a4 /home/jbrawley/Desktop/rockbox-photo-cf-support/build/apps/plugins/doom/p_spec.o
                0x0000000001f9e168                T_Scroll
                0x0000000001f9e4ac                PIT_PushThing
                0x0000000001f9e694                T_Pusher
                0x0000000001f9e8c4                P_InitPicAnims
                0x0000000001f9ea90                getSide
                0x0000000001f9ead0                getSector
                0x0000000001f9eb14                twoSided
                0x0000000001f9eb64                getNextSector
                0x0000000001f9ebbc                P_FindLowestFloorSurrounding
                0x0000000001f9ec50                P_FindHighestFloorSurrounding
                0x0000000001f9ecf0                P_FindNextHighestFloor
                0x0000000001f9ee20                P_FindNextLowestFloor
                0x0000000001f9ef50                P_FindNextLowestCeiling
                0x0000000001f9f080                P_FindNextHighestCeiling
                0x0000000001f9f1b0                P_FindLowestCeilingSurrounding
                0x0000000001f9f24c                P_FindHighestCeilingSurrounding
                0x0000000001f9f2e8                P_FindShortestTextureAround
                0x0000000001f9f3c4                P_FindShortestUpperAround
                0x0000000001f9f4a0                P_FindModelFloorSector
                0x0000000001f9f5b8                P_FindModelCeilingSector
                0x0000000001f9f6d0                P_FindSectorFromLineTag
                0x0000000001f9f788                P_FindLineFromLineTag
                0x0000000001f9f840                P_FindMinSurroundingLight
                0x0000000001f9f8d0                P_CanUnlockGenDoor
                0x0000000001f9fbc8                P_SectorActive
                0x0000000001f9fc44                P_CheckTag
                0x0000000001f9ffcc                P_IsSecret
                0x0000000001f9ffe8                P_WasSecret
                0x0000000001fa0004                P_CrossSpecialLine
                0x0000000001fa1120                P_ShootSpecialLine
                0x0000000001fa1488                P_PlayerInSpecialSector
                0x0000000001fa172c                P_UpdateSpecials
                0x0000000001fa19c0                P_SpawnSpecials
                0x0000000001fa28c8                P_GetPushThing
 .text          0x0000000001fa290c     0x170c /home/jbrawley/Desktop/rockbox-photo-cf-support/build/apps/plugins/doom/p_switch.o
                0x0000000001fa290c                P_InitSwitchList
                0x0000000001fa2a24                P_StartButton
                0x0000000001fa2abc                P_ChangeSwitchTexture
                0x0000000001fa2cb8                P_UseSpecialLine
 .text          0x0000000001fa4018     0x2234 /home/jbrawley/Desktop/rockbox-photo-cf-support/build/apps/plugins/doom/p_mobj.o
                0x0000000001fa4018                P_SpawnMobj
                0x0000000001fa4218                P_RemoveMobj
                0x0000000001fa4364                P_SetMobjState
                0x0000000001fa44ec                P_ExplodeMissile
                0x0000000001fa4578                P_XYMovement
                0x0000000001fa4b7c                P_NightmareRespawn
                0x0000000001fa4ce8                P_MobjThinker
                0x0000000001fa5454                P_FindDoomedNum
                0x0000000001fa5588                P_RespawnSpecials
                0x0000000001fa570c                P_SpawnPlayer
                0x0000000001fa58e0                P_SpawnMapThing
                0x0000000001fa5d80                P_SpawnPuff
                0x0000000001fa5e14                P_SpawnBlood
                0x0000000001fa5ec0                P_CheckMissileSpawn
                0x0000000001fa5f70                P_SpawnMissile
                0x0000000001fa60bc                P_SpawnPlayerMissile
 .text          0x0000000001fa624c      0x7e0 /home/jbrawley/Desktop/rockbox-photo-cf-support/build/apps/plugins/doom/p_telept.o
                0x0000000001fa624c                EV_Teleport
                0x0000000001fa6464                EV_SilentTeleport
                0x0000000001fa666c                EV_SilentLineTeleport
 .text          0x0000000001fa6a2c      0x2c8 /home/jbrawley/Desktop/rockbox-photo-cf-support/build/apps/plugins/doom/p_tick.o
                0x0000000001fa6a2c                P_RemoveThinkerDelayed
                0x0000000001fa6a64                P_InitThinkers
                0x0000000001fa6aa0                P_UpdateThinker
                0x0000000001fa6b44                P_AddThinker
                0x0000000001fa6b74                P_RemoveThinker
                0x0000000001fa6b98                P_SetTarget
                0x0000000001fa6bc4                P_Ticker
 .text          0x0000000001fa6cf4     0x1a1c /home/jbrawley/Desktop/rockbox-photo-cf-support/build/apps/plugins/doom/p_saveg.o
                0x0000000001fa6cf4                P_ArchivePlayers
                0x0000000001fa6dd8                P_UnArchivePlayers
                0x0000000001fa6e8c                P_ArchiveWorld
                0x0000000001fa7054                P_UnArchiveWorld
                0x0000000001fa71d8                P_ThinkerToIndex
                0x0000000001fa7230                P_IndexToThinker
                0x0000000001fa7268                P_ArchiveThinkers
                0x0000000001fa74dc                P_UnArchiveThinkers
                0x0000000001fa7824                P_ArchiveSpecials
                0x0000000001fa7f20                P_UnArchiveSpecials
                0x0000000001fa8440                P_ArchiveRNG
                0x0000000001fa847c                P_UnArchiveRNG
                0x0000000001fa84b0                P_ArchiveMap
                0x0000000001fa85b8                P_UnArchiveMap
 .text          0x0000000001fa8710      0x7a8 /home/jbrawley/Desktop/rockbox-photo-cf-support/build/apps/plugins/doom/p_user.o
                0x0000000001fa8710                P_Thrust
                0x0000000001fa8778                P_Bob
                0x0000000001fa87d8                P_CalcHeight
                0x0000000001fa899c                P_MovePlayer
                0x0000000001fa8adc                P_DeathThink
                0x0000000001fa8be8                P_PlayerThink
 .text          0x0000000001fa8eb8      0xc30 /home/jbrawley/Desktop/rockbox-photo-cf-support/build/apps/plugins/doom/r_bsp.o
                0x0000000001fa8eb8                R_ClearDrawSegs
                0x0000000001fa8ed4                R_ClipWallSegment
                0x0000000001fa8fec                R_ClearClipSegs
                0x0000000001fa9010                R_FakeFlat
                0x0000000001fa92fc                R_RenderBSPNode
 .text          0x0000000001fa9ae8     0x1b20 /home/jbrawley/Desktop/rockbox-photo-cf-support/build/apps/plugins/doom/r_data.o
                0x0000000001fa9de0                R_DrawColumnInCache
                0x0000000001fa9e7c                R_GenerateComposite
                0x0000000001faa124                R_GetColumn
                0x0000000001faa208                R_InitTextures
                0x0000000001faa7a0                R_InitFlats
                0x0000000001faa848                R_InitSpriteLumps
                0x0000000001faa970                R_InitColormaps
                0x0000000001faaa34                R_ColormapNumForName
                0x0000000001faaa90                R_InitTranMap
                0x0000000001faaf58                R_InitData
                0x0000000001faafbc                R_FlatNumForName
                0x0000000001fab004                R_CheckTextureNumForName
                0x0000000001fab018                R_TextureNumForName
                0x0000000001fab068                isAnim
                0x0000000001fab0c8                R_PrecacheLevel
                0x0000000001fab5a8                R_SetPatchNum
 .text          0x0000000001fab608      0xbc4 /home/jbrawley/Desktop/rockbox-photo-cf-support/build/apps/plugins/doom/r_draw.o
                0x0000000001fab608                R_DrawColumn
                0x0000000001fab7b8                R_DrawTLColumn
                0x0000000001fab954                R_DrawFuzzColumn
                0x0000000001faba04                R_DrawTranslatedColumn
                0x0000000001faba94                R_InitTranslationTables
                0x0000000001fabc0c                R_DrawSpan
                0x0000000001fabc9c                R_InitBuffer
                0x0000000001fabd34                R_FillBackScreen
                0x0000000001fac030                R_VideoErase
                0x0000000001fac05c                R_DrawViewBorder
 .text          0x0000000001fac1cc      0xf40 /home/jbrawley/Desktop/rockbox-photo-cf-support/build/apps/plugins/doom/r_main.o
                0x0000000001fac1cc                R_PointOnSide
                0x0000000001fac290                R_PointOnSegSide
                0x0000000001fac360                R_PointToAngle
                0x0000000001fac4d4                R_PointToAngle2
                0x0000000001fac630                R_InitLightTables
                0x0000000001fac744                R_SetViewSize
                0x0000000001fac764                R_ExecuteSetViewSize
                0x0000000001facda4                R_Init
                0x0000000001face4c                R_PointInSubsector
                0x0000000001facec4                R_SetupFrame
                0x0000000001fad0d0                R_RenderPlayerView
 .text          0x0000000001fad10c      0xc18 /home/jbrawley/Desktop/rockbox-photo-cf-support/build/apps/plugins/doom/r_plane.o
                0x0000000001fad368                R_InitPlanes
                0x0000000001fad36c                R_ClearPlanes
                0x0000000001fad548                R_DupPlane
                0x0000000001fad5e0                R_FindPlane
                0x0000000001fad6fc                R_CheckPlane
                0x0000000001fad784                R_DrawPlanes
 .text          0x0000000001fadd24     0x19b0 /home/jbrawley/Desktop/rockbox-photo-cf-support/build/apps/plugins/doom/r_segs.o
                0x0000000001fade14                R_RenderMaskedSegRange
                0x0000000001fae268                R_StoreWallRange
 .text          0x0000000001faf6d4       0x14 /home/jbrawley/Desktop/rockbox-photo-cf-support/build/apps/plugins/doom/r_sky.o
                0x0000000001faf6d4                R_InitSkyMap
 .text          0x0000000001faf6e8     0x196c /home/jbrawley/Desktop/rockbox-photo-cf-support/build/apps/plugins/doom/r_things.o
                0x0000000001faf938                R_InitSpriteDefs
                0x0000000001fafcd0                R_InitSprites
                0x0000000001fafcf0                R_ClearSprites
                0x0000000001fafd04                R_NewVisSprite
                0x0000000001fafd70                R_DrawMaskedColumn
                0x0000000001fafed4                R_DrawVisSprite
                0x0000000001fb010c                R_ProjectSprite
                0x0000000001fb06fc                R_AddSprites
                0x0000000001fb07b0                R_DrawPSprite
                0x0000000001fb09a8                R_DrawPlayerSprites
                0x0000000001fb0a88                R_SortVisSprites
                0x0000000001fb0b24                R_DrawSprite
                0x0000000001fb0fa8                R_DrawMasked
 .text          0x0000000001fb1054     0x2a98 /home/jbrawley/Desktop/rockbox-photo-cf-support/build/apps/plugins/doom/wi_stuff.o
                0x0000000001fb1574                WI_levelNameLump
                0x0000000001fb15fc                WI_Responder
                0x0000000001fb1604                WI_drawLF
                0x0000000001fb16d8                WI_drawEL
                0x0000000001fb17ac                WI_drawOnLnode
                0x0000000001fb1914                WI_initAnimatedBack
                0x0000000001fb1a20                WI_updateAnimatedBack
                0x0000000001fb1b9c                WI_drawAnimatedBack
                0x0000000001fb1c64                WI_initNoState
                0x0000000001fb1c90                WI_updateNoState
                0x0000000001fb1cbc                WI_initShowNextLoc
                0x0000000001fb1d24                WI_updateShowNextLoc
                0x0000000001fb1d98                WI_drawShowNextLoc
                0x0000000001fb1e98                WI_drawNoState
                0x0000000001fb1eac                WI_fragSum
                0x0000000001fb1f10                WI_initDeathmatchStats
                0x0000000001fb1fc8                WI_updateDeathmatchStats
                0x0000000001fb2268                WI_drawDeathmatchStats
                0x0000000001fb254c                WI_initNetgameStats
                0x0000000001fb2624                WI_updateNetgameStats
                0x0000000001fb2b00                WI_drawNetgameStats
                0x0000000001fb2eb0                WI_initStats
                0x0000000001fb2f48                WI_updateStats
                0x0000000001fb33ac                WI_drawStats
                0x0000000001fb34d4                WI_checkForAccelerate
                0x0000000001fb355c                WI_Ticker
                0x0000000001fb3620                WI_loadData
                0x0000000001fb37dc                WI_unloadData
                0x0000000001fb3958                WI_End
                0x0000000001fb39b8                WI_Drawer
                0x0000000001fb3a1c                WI_initVariables
                0x0000000001fb3aa4                WI_Start
 .text          0x0000000001fb3aec      0xca4 /home/jbrawley/Desktop/rockbox-photo-cf-support/build/apps/plugins/doom/v_video.o
                0x0000000001fb3aec                V_InitColorTranslation
                0x0000000001fb3b28                V_MarkRect
                0x0000000001fb3b74                V_CopyRect
                0x0000000001fb3ccc                V_DrawBlock
                0x0000000001fb3e84                V_DrawBackground
                0x0000000001fb3f54                V_GetBlock
                0x0000000001fb3fb0                V_Init
                0x0000000001fb4004                V_DrawMemPatch
                0x0000000001fb4594                V_DrawNumPatch
                0x0000000001fb45f4                V_NamePatchWidth
                0x0000000001fb4624                V_NamePatchHeight
                0x0000000001fb4654                V_PatchToBlock
                0x0000000001fb4714                V_SetPalette
                0x0000000001fb4724                V_FillRect
 .text          0x0000000001fb4790      0x570 /home/jbrawley/Desktop/rockbox-photo-cf-support/build/apps/plugins/doom/st_lib.o
                0x0000000001fb49ac                STlib_init
                0x0000000001fb49b0                STlib_initNum
                0x0000000001fb49e4                STlib_updateNum
                0x0000000001fb49f8                STlib_initPercent
                0x0000000001fb4a34                STlib_updatePercent
                0x0000000001fb4afc                STlib_initMultIcon
                0x0000000001fb4b28                STlib_updateMultIcon
                0x0000000001fb4c0c                STlib_initBinIcon
                0x0000000001fb4c38                STlib_updateBinIcon
 .text          0x0000000001fb4d00     0x142c /home/jbrawley/Desktop/rockbox-photo-cf-support/build/apps/plugins/doom/st_stuff.o
                0x0000000001fb5124                ST_refreshBackground
                0x0000000001fb513c                ST_Responder
                0x0000000001fb51a0                ST_calcPainOffset
                0x0000000001fb5208                ST_updateFaceWidget
                0x0000000001fb56d4                ST_updateWidgets
                0x0000000001fb585c                ST_Ticker
                0x0000000001fb58a0                ST_doPaletteStuff
                0x0000000001fb594c                ST_drawWidgets
                0x0000000001fb5bfc                ST_doRefresh
                0x0000000001fb5c28                ST_diffDraw
                0x0000000001fb5c30                ST_Drawer
                0x0000000001fb5c80                ST_loadData
                0x0000000001fb5c88                ST_unloadData
                0x0000000001fb5c90                ST_initData
                0x0000000001fb5d40                ST_createWidgets
                0x0000000001fb6080                ST_Start
                0x0000000001fb60bc                ST_Stop
                0x0000000001fb60e8                ST_Init
 .text          0x0000000001fb612c     0x29a4 /home/jbrawley/Desktop/rockbox-photo-cf-support/build/apps/plugins/doom/hu_stuff.o
                0x0000000001fb612c                HU_Init
                0x0000000001fb6588                HU_Stop
                0x0000000001fb659c                HU_Start
                0x0000000001fb6db4                HU_MoveHud
                0x0000000001fb6ef8                HU_Erase
                0x0000000001fb6f48                HU_Drawer
                0x0000000001fb81f8                HU_Ticker
                0x0000000001fb84a8                HU_queueChatChar
                0x0000000001fb84ec                HU_dequeueChatChar
                0x0000000001fb851c                HU_Responder
 .text          0x0000000001fb8ad0      0xfb8 /home/jbrawley/Desktop/rockbox-photo-cf-support/build/apps/plugins/doom/hu_lib.o
                0x0000000001fb8ad0                HUlib_init
                0x0000000001fb8ad4                HUlib_clearTextLine
                0x0000000001fb8af0                HUlib_initTextLine
                0x0000000001fb8b24                HUlib_addCharToTextLine
                0x0000000001fb8b84                HUlib_delCharFromTextLine
                0x0000000001fb8bb8                HUlib_drawTextLine
                0x0000000001fb8d84                HUlib_eraseTextLine
                0x0000000001fb8d88                HUlib_initSText
                0x0000000001fb8e08                HUlib_addLineToSText
                0x0000000001fb8e84                HUlib_addMessageToSText
                0x0000000001fb9000                HUlib_drawSText
                0x0000000001fb9064                HUlib_eraseSText
                0x0000000001fb90cc                HUlib_initMText
                0x0000000001fb918c                HUlib_addLineToMText
                0x0000000001fb9210                HUlib_addMessageToMText
                0x0000000001fb937c                HUlib_drawMBg
                0x0000000001fb95dc                HUlib_drawMText
                0x0000000001fb96c4                HUlib_eraseMText
                0x0000000001fb9804                HUlib_initIText
                0x0000000001fb984c                HUlib_delCharFromIText
                0x0000000001fb9884                HUlib_eraseLineFromIText
                0x0000000001fb98c8                HUlib_resetIText
                0x0000000001fb98e8                HUlib_addPrefixToIText
                0x0000000001fb995c                HUlib_keyInIText
                0x0000000001fb9a34                HUlib_drawIText
                0x0000000001fb9a4c                HUlib_eraseIText
 .text          0x0000000001fb9a88      0xd80 /home/jbrawley/Desktop/rockbox-photo-cf-support/build/apps/plugins/doom/s_sound.o
                0x0000000001fb9c28                S_Init
                0x0000000001fb9d20                S_PauseSound
                0x0000000001fb9d78                S_ResumeSound
                0x0000000001fb9dd0                S_SetMusicVolume
                0x0000000001fb9de8                S_SetSfxVolume
                0x0000000001fb9e40                S_StopMusic
                0x0000000001fb9fa0                S_ChangeMusic
                0x0000000001fb9fb8                S_StartMusic
                0x0000000001fb9fd4                S_StopChannel
                0x0000000001fba088                S_Start
                0x0000000001fba1a0                S_StopSound
                0x0000000001fba21c                S_StartSoundAtVolume
                0x0000000001fba6b4                S_StartSound
                0x0000000001fba6c4                S_UpdateSounds
                0x0000000001fba7ec                S_AdjustSoundParams
 .text          0x0000000001fba808      0x578 /home/jbrawley/Desktop/rockbox-photo-cf-support/build/apps/plugins/doom/z_zone.o
                0x0000000001fba808                Z_DumpHistory
                0x0000000001fba80c                Z_Close
                0x0000000001fba828                Z_Init
                0x0000000001fba8bc                Z_Free
                0x0000000001fba994                Z_Malloc
                0x0000000001fbab68                Z_FreeTags
                0x0000000001fbabec                Z_ChangeTag
                0x0000000001fbabf4                Z_Realloc
                0x0000000001fbac54                Z_Calloc
                0x0000000001fbaca0                Z_Strdup
                0x0000000001fbacec                Z_CheckHeap
 .text          0x0000000001fbad80      0x1a8 /home/jbrawley/Desktop/rockbox-photo-cf-support/build/apps/plugins/doom/z_bmalloc.o
                0x0000000001fbad80                Z_BMalloc
                0x0000000001fbae60                Z_BFree
 .text          0x0000000001fbaf28     0x10a4 /home/jbrawley/Desktop/rockbox-photo-cf-support/build/apps/plugins/doom/d_main.o
                0x0000000001fbaf88                D_PostEvent
                0x0000000001fbb00c                D_PageTicker
                0x0000000001fbb038                D_PageDrawer
                0x0000000001fbb4a0                D_Display
                0x0000000001fbb4b8                D_AdvanceDemo
                0x0000000001fbb4cc                D_DoAdvanceDemo
                0x0000000001fbb5e0                D_StartTitle
                0x0000000001fbb61c                D_AddFile
                0x0000000001fbb6cc                D_DoomMainSetup
                0x0000000001fbbe7c                D_DoomMain
 .text          0x0000000001fbbfcc      0x628 /home/jbrawley/Desktop/rockbox-photo-cf-support/build/apps/plugins/doom/m_misc.o
                0x0000000001fbbfcc                M_DrawText
                0x0000000001fbc078                M_WriteFile
                0x0000000001fbc0e8                M_ReadFile
                0x0000000001fbc190                M_SaveDefaults
                0x0000000001fbc270                M_LookupDefault
                0x0000000001fbc31c                M_LoadDefaults
                0x0000000001fbc464                M_DoScreenShot
                0x0000000001fbc4e0                M_ScreenShot
 .text          0x0000000001fbc5f4       0x58 /home/jbrawley/Desktop/rockbox-photo-cf-support/build/apps/plugins/doom/m_bbox.o
                0x0000000001fbc5f4                M_ClearBox
                0x0000000001fbc610                M_AddToBox
 .text          0x0000000001fbc64c      0x150 /home/jbrawley/Desktop/rockbox-photo-cf-support/build/apps/plugins/doom/i_system.o
                0x0000000001fbc64c                doomtime
                0x0000000001fbc664                I_GetTime
                0x0000000001fbc674                I_Init
                0x0000000001fbc6c0                I_Quit
                0x0000000001fbc700                I_WaitVBL
                0x0000000001fbc714                I_Error
 .text          0x0000000001fbc79c      0x744 /home/jbrawley/Desktop/rockbox-photo-cf-support/build/apps/plugins/doom/i_sound.o
                0x0000000001fbc87c                getsfx
                0x0000000001fbc928                addsfx
                0x0000000001fbc9b8                I_UpdateSoundParams
                0x0000000001fbc9bc                I_SetChannels
                0x0000000001fbca84                I_SetSfxVolume
                0x0000000001fbca94                I_SetMusicVolume
                0x0000000001fbcaa4                I_GetSfxLumpNum
                0x0000000001fbcaec                I_StartSound
                0x0000000001fbcb1c                I_StopSound
                0x0000000001fbcb38                I_SoundIsPlaying
                0x0000000001fbcb58                I_UpdateSound
                0x0000000001fbcc48                get_more
                0x0000000001fbcc78                I_SubmitSound
                0x0000000001fbccb4                I_ShutdownSound
                0x0000000001fbcce8                I_InitSound
                0x0000000001fbce2c                I_InitMusic
                0x0000000001fbce30                I_ShutdownMusic
                0x0000000001fbce34                I_PlaySong
                0x0000000001fbce58                I_PauseSong
                0x0000000001fbce5c                I_ResumeSong
                0x0000000001fbce60                I_StopSong
                0x0000000001fbce80                I_UnRegisterSong
                0x0000000001fbce84                I_RegisterSong
                0x0000000001fbce8c                I_QrySongPlaying
                0x0000000001fbced0                I_HandleSoundTimer
                0x0000000001fbced4                I_SoundSetTimer
                0x0000000001fbcedc                I_SoundDelTimer
 .text          0x0000000001fbcee0      0x550 /home/jbrawley/Desktop/rockbox-photo-cf-support/build/apps/plugins/doom/i_video.o
                0x0000000001fbcee0                I_ShutdownGraphics
                0x0000000001fbcef4                I_StartTic
                0x0000000001fbd204                I_FinishUpdate
                0x0000000001fbd284                I_ReadScreen
                0x0000000001fbd2a8                I_SetPalette
                0x0000000001fbd3e8                I_InitGraphics
 .text          0x0000000001fbd430      0xda0 /home/jbrawley/Desktop/rockbox-photo-cf-support/build/apps/plugins/doom/w_wad.o
                0x0000000001fbd6a8                ExtractFileBase
                0x0000000001fbd7b0                AddDefaultExtension
                0x0000000001fbd83c                W_LumpNameHash
                0x0000000001fbd96c                W_CheckNumForName
                0x0000000001fbda14                W_GetNumForName
                0x0000000001fbda58                W_Init
                0x0000000001fbdf0c                W_LumpLength
                0x0000000001fbdf4c                W_ReadLump
                0x0000000001fbdfd0                W_CacheLumpNum
                0x0000000001fbe098                W_CacheLumpNumPadded
                0x0000000001fbe174                W_UnlockLumpNum
 .text          0x0000000001fbe1d0      0xf70 /home/jbrawley/Desktop/rockbox-photo-cf-support/build/apps/plugins/doom/rockdoom.o
                0x0000000001fbe2a0                list_action_callback
                0x0000000001fbe2ac                my_open
                0x0000000001fbe350                printf
                0x0000000001fbe434                my_close
                0x0000000001fbe4f8                fileexists
                0x0000000001fbe524                my_strtok
                0x0000000001fbe5cc                Dhandle_ver
                0x0000000001fbe88c                Dbuild_base
                0x0000000001fbe930                Dbuild_filelistm
                0x0000000001fbead4                Oset_keys
                0x0000000001fbebb8                menuchoice
                0x0000000001fbec48                doom_menu
                0x0000000001fbeeb4                plugin_start
 .text          0x0000000001fbf140     0x367c /home/jbrawley/Desktop/rockbox-photo-cf-support/build/apps/plugins/doom/d_deh.o
                0x0000000001fbf140                deh_procCheat
                0x0000000001fbf144                deh_procError
                0x0000000001fbf430                strlwr
                0x0000000001fbf474                dehfgets
                0x0000000001fbf54c                dehfeof
                0x0000000001fbf5e8                deh_procSprite
                0x0000000001fbf6e0                deh_procPars
                0x0000000001fbf97c                deh_procBexCodePointers
                0x0000000001fbfc28                dehfgetc
                0x0000000001fbfc9c                ProcessDehFile
                0x0000000001fc0124                getConvertedDEHBits
                0x0000000001fc0178                setMobjInfoValue
                0x0000000001fc0184                deh_procStringSub
                0x0000000001fc0430                deh_procText
                0x0000000001fc0980                dehReformatStr
                0x0000000001fc09cc                rstrip
                0x0000000001fc0a50                ptr_lstrip
                0x0000000001fc0a8c                deh_GetData
                0x0000000001fc0bd0                deh_procThing
                0x0000000001fc0fb8                deh_procFrame
                0x0000000001fc141c                deh_procPointer
                0x0000000001fc1758                deh_procSounds
                0x0000000001fc1b0c                deh_procAmmo
                0x0000000001fc1d04                deh_procWeapon
                0x0000000001fc2010                deh_procMisc
                0x0000000001fc2474                deh_procStrings
 .text          0x0000000001fc27bc      0x214 /home/jbrawley/Desktop/rockbox-photo-cf-support/build/apps/plugins/plugin_crt0.o
                0x0000000001fc27d4                plugin__start
                0x0000000001fc2924                rb_atexit
                0x0000000001fc2944                exit
                0x0000000001fc2964                _exit
                0x0000000001fc297c                exit_on_usb
 .text.memcpy   0x0000000001fc29d0       0x14 /home/jbrawley/Desktop/rockbox-photo-cf-support/build/apps/plugins/libplugin.a(gcc-support.o)
                0x0000000001fc29d0                memcpy
 .text.backlight_ignore_timeout
                0x0000000001fc29e4       0x58 /home/jbrawley/Desktop/rockbox-photo-cf-support/build/apps/plugins/libplugin.a(helper.o)
                0x0000000001fc29e4                backlight_ignore_timeout
 .text.backlight_use_settings
                0x0000000001fc2a3c       0x3c /home/jbrawley/Desktop/rockbox-photo-cf-support/build/apps/plugins/libplugin.a(helper.o)
                0x0000000001fc2a3c                backlight_use_settings
 .text.strncpy  0x0000000001fc2a78       0x38 /home/jbrawley/Desktop/rockbox-photo-cf-support/build/apps/plugins/libplugin.a(strncpy.o)
                0x0000000001fc2a78                strncpy
 .text          0x0000000001fc2ab0       0x1c /home/jbrawley/Desktop/rockbox-photo-cf-support/build/lib/libsetjmp.a(setjmp.o)
                0x0000000001fc2ab0                setjmp
                0x0000000001fc2abc                longjmp
 .text          0x0000000001fc2acc      0x114 /usr/local/lib/gcc/arm-elf-eabi/4.9.4/libgcc.a(_udivsi3.o)
                0x0000000001fc2acc                __udivsi3
                0x0000000001fc2acc                __aeabi_uidiv
                0x0000000001fc2bc0                __aeabi_uidivmod
 .text          0x0000000001fc2be0      0x148 /usr/local/lib/gcc/arm-elf-eabi/4.9.4/libgcc.a(_divsi3.o)
                0x0000000001fc2be0                __aeabi_idiv
                0x0000000001fc2be0                __divsi3
                0x0000000001fc2d08                __aeabi_idivmod
 .text          0x0000000001fc2d28        0x4 /usr/local/lib/gcc/arm-elf-eabi/4.9.4/libgcc.a(_dvmd_tls.o)
                0x0000000001fc2d28                __aeabi_ldiv0
                0x0000000001fc2d28                __aeabi_idiv0
 .text          0x0000000001fc2d2c      0x2ac /usr/local/lib/gcc/arm-elf-eabi/4.9.4/libgcc.a(_arm_addsubsf3.o)
                0x0000000001fc2d2c                __aeabi_frsub
                0x0000000001fc2d34                __subsf3
                0x0000000001fc2d34                __aeabi_fsub
                0x0000000001fc2d38                __aeabi_fadd
                0x0000000001fc2d38                __addsf3
                0x0000000001fc2ef4                __aeabi_ui2f
                0x0000000001fc2ef4                __floatunsisf
                0x0000000001fc2efc                __aeabi_i2f
                0x0000000001fc2efc                __floatsisf
                0x0000000001fc2f1c                __floatundisf
                0x0000000001fc2f1c                __aeabi_ul2f
                0x0000000001fc2f2c                __floatdisf
                0x0000000001fc2f2c                __aeabi_l2f
 .text          0x0000000001fc2fd8      0x2f8 /usr/local/lib/gcc/arm-elf-eabi/4.9.4/libgcc.a(_arm_muldivsf3.o)
                0x0000000001fc2fd8                __mulsf3
                0x0000000001fc2fd8                __aeabi_fmul
                0x0000000001fc3170                __divsf3
                0x0000000001fc3170                __aeabi_fdiv
 .text          0x0000000001fc32d0      0x114 /usr/local/lib/gcc/arm-elf-eabi/4.9.4/libgcc.a(_arm_cmpsf2.o)
                0x0000000001fc32d0                __gtsf2
                0x0000000001fc32d0                __gesf2
                0x0000000001fc32d8                __lesf2
                0x0000000001fc32d8                __ltsf2
                0x0000000001fc32e0                __nesf2
                0x0000000001fc32e0                __eqsf2
                0x0000000001fc32e0                __cmpsf2
                0x0000000001fc3344                __aeabi_cfrcmple
                0x0000000001fc3354                __aeabi_cfcmple
                0x0000000001fc3354                __aeabi_cfcmpeq
                0x0000000001fc336c                __aeabi_fcmpeq
                0x0000000001fc3384                __aeabi_fcmplt
                0x0000000001fc339c                __aeabi_fcmple
                0x0000000001fc33b4                __aeabi_fcmpge
                0x0000000001fc33cc                __aeabi_fcmpgt
 .text          0x0000000001fc33e4       0x5c /usr/local/lib/gcc/arm-elf-eabi/4.9.4/libgcc.a(_arm_fixsfsi.o)
                0x0000000001fc33e4                __fixsfsi
                0x0000000001fc33e4                __aeabi_f2iz
 .text          0x0000000001fc3440       0x48 /usr/local/lib/gcc/arm-elf-eabi/4.9.4/libgcc.a(_aeabi_ldivmod.o)
                0x0000000001fc3440                __aeabi_ldivmod
 .text          0x0000000001fc3488       0x3c /usr/local/lib/gcc/arm-elf-eabi/4.9.4/libgcc.a(_aeabi_uldivmod.o)
                0x0000000001fc3488                __aeabi_uldivmod
 .text          0x0000000001fc34c4       0x84 /usr/local/lib/gcc/arm-elf-eabi/4.9.4/libgcc.a(bpabi.o)
                0x0000000001fc34c4                __gnu_ldivmod_helper
                0x0000000001fc3508                __gnu_uldivmod_helper
 .text          0x0000000001fc3548      0x178 /usr/local/lib/gcc/arm-elf-eabi/4.9.4/libgcc.a(_divdi3.o)
                0x0000000001fc3548                __divdi3
 .text          0x0000000001fc36c0      0x120 /usr/local/lib/gcc/arm-elf-eabi/4.9.4/libgcc.a(_udivdi3.o)
                0x0000000001fc36c0                __udivdi3
 .text          0x0000000001fc37e0       0x28 /usr/local/lib/gcc/arm-elf-eabi/4.9.4/libgcc.a(_clzdi2.o)
                0x0000000001fc37e0                __clzdi2
 .text          0x0000000001fc3808       0x48 /usr/local/lib/gcc/arm-elf-eabi/4.9.4/libgcc.a(_clzsi2.o)
                0x0000000001fc3808                __clzsi2
 *(.glue_7)
 .glue_7        0x0000000001fc3850        0x0 linker stubs
 *(.glue_7t)
 .glue_7t       0x0000000001fc3850        0x0 linker stubs

.vfp11_veneer   0x0000000001fc3850        0x0
 .vfp11_veneer  0x0000000001fc3850        0x0 linker stubs

.v4_bx          0x0000000001fc3850        0x0
 .v4_bx         0x0000000001fc3850        0x0 linker stubs

.iplt           0x0000000001fc3850        0x0
 .iplt          0x0000000001fc3850        0x0 /home/jbrawley/Desktop/rockbox-photo-cf-support/build/apps/plugins/doom/../../../firmware/libc/sscanf.o

.rodata         0x0000000001fc3850     0xb100
 *(.rodata*)
 .rodata.str1.4
                0x0000000001fc3850      0x44d /home/jbrawley/Desktop/rockbox-photo-cf-support/build/apps/plugins/doom/info.o
 *fill*         0x0000000001fc3c9d        0x3 
 .rodata        0x0000000001fc3ca0       0x44 /home/jbrawley/Desktop/rockbox-photo-cf-support/build/apps/plugins/doom/dstrings.o
                0x0000000001fc3ca0                NUM_QUITMESSAGES
                0x0000000001fc3ca4                endmsg
 .rodata.str1.4
                0x0000000001fc3ce4      0x36f /home/jbrawley/Desktop/rockbox-photo-cf-support/build/apps/plugins/doom/dstrings.o
 *fill*         0x0000000001fc4053        0x1 
 .rodata.str1.4
                0x0000000001fc4054       0xaf /home/jbrawley/Desktop/rockbox-photo-cf-support/build/apps/plugins/doom/tables.o
 *fill*         0x0000000001fc4103        0x1 
 .rodata        0x0000000001fc4104       0x9e /home/jbrawley/Desktop/rockbox-photo-cf-support/build/apps/plugins/doom/f_finale.o
 *fill*         0x0000000001fc41a2        0x2 
 .rodata.str1.4
                0x0000000001fc41a4       0x3b /home/jbrawley/Desktop/rockbox-photo-cf-support/build/apps/plugins/doom/f_finale.o
 *fill*         0x0000000001fc41df        0x1 
 .rodata        0x0000000001fc41e0       0x7c /home/jbrawley/Desktop/rockbox-photo-cf-support/build/apps/plugins/doom/g_game.o
 .rodata.str1.4
                0x0000000001fc425c      0x46f /home/jbrawley/Desktop/rockbox-photo-cf-support/build/apps/plugins/doom/g_game.o
                                        0x487 (size before relaxing)
 *fill*         0x0000000001fc46cb        0x1 
 .rodata.str1.4
                0x0000000001fc46cc      0x1fe /home/jbrawley/Desktop/rockbox-photo-cf-support/build/apps/plugins/doom/m_menu.o
                                        0x22e (size before relaxing)
 *fill*         0x0000000001fc48ca        0x2 
 .rodata        0x0000000001fc48cc      0x100 /home/jbrawley/Desktop/rockbox-photo-cf-support/build/apps/plugins/doom/m_random.o
 .rodata.str1.4
                0x0000000001fc49cc        0x6 /home/jbrawley/Desktop/rockbox-photo-cf-support/build/apps/plugins/doom/am_map.o
 *fill*         0x0000000001fc49d2        0x2 
 .rodata        0x0000000001fc49d4        0xc /home/jbrawley/Desktop/rockbox-photo-cf-support/build/apps/plugins/doom/p_genlin.o
 .rodata        0x0000000001fc49e0       0x40 /home/jbrawley/Desktop/rockbox-photo-cf-support/build/apps/plugins/doom/p_enemy.o
 .rodata        0x0000000001fc4a20       0x18 /home/jbrawley/Desktop/rockbox-photo-cf-support/build/apps/plugins/doom/p_inter.o
 .rodata.str1.4
                0x0000000001fc4a38       0x27 /home/jbrawley/Desktop/rockbox-photo-cf-support/build/apps/plugins/doom/p_inter.o
 *fill*         0x0000000001fc4a5f        0x1 
 .rodata.str1.4
                0x0000000001fc4a60       0x45 /home/jbrawley/Desktop/rockbox-photo-cf-support/build/apps/plugins/doom/p_map.o
 *fill*         0x0000000001fc4aa5        0x3 
 .rodata        0x0000000001fc4aa8       0x24 /home/jbrawley/Desktop/rockbox-photo-cf-support/build/apps/plugins/doom/p_pspr.o
 .rodata.str1.4
                0x0000000001fc4acc       0xfd /home/jbrawley/Desktop/rockbox-photo-cf-support/build/apps/plugins/doom/p_setup.o
                                        0x105 (size before relaxing)
 *fill*         0x0000000001fc4bc9        0x3 
 .rodata.str1.4
                0x0000000001fc4bcc       0x4b /home/jbrawley/Desktop/rockbox-photo-cf-support/build/apps/plugins/doom/p_spec.o
 *fill*         0x0000000001fc4c17        0x1 
 .rodata.str1.4
                0x0000000001fc4c18       0x31 /home/jbrawley/Desktop/rockbox-photo-cf-support/build/apps/plugins/doom/p_switch.o
 *fill*         0x0000000001fc4c49        0x3 
 .rodata.str1.4
                0x0000000001fc4c4c       0x7e /home/jbrawley/Desktop/rockbox-photo-cf-support/build/apps/plugins/doom/p_mobj.o
 *fill*         0x0000000001fc4cca        0x2 
 .rodata.str1.4
                0x0000000001fc4ccc       0x67 /home/jbrawley/Desktop/rockbox-photo-cf-support/build/apps/plugins/doom/p_saveg.o
 *fill*         0x0000000001fc4d33        0x1 
 .rodata        0x0000000001fc4d34       0xc0 /home/jbrawley/Desktop/rockbox-photo-cf-support/build/apps/plugins/doom/r_bsp.o
 .rodata.str1.4
                0x0000000001fc4df4      0x22a /home/jbrawley/Desktop/rockbox-photo-cf-support/build/apps/plugins/doom/r_data.o
                                        0x232 (size before relaxing)
 *fill*         0x0000000001fc501e        0x2 
 .rodata.str1.4
                0x0000000001fc5020       0x53 /home/jbrawley/Desktop/rockbox-photo-cf-support/build/apps/plugins/doom/r_draw.o
 *fill*         0x0000000001fc5073        0x1 
 .rodata.str1.4
                0x0000000001fc5074       0x7a /home/jbrawley/Desktop/rockbox-photo-cf-support/build/apps/plugins/doom/r_main.o
 *fill*         0x0000000001fc50ee        0x2 
 .rodata.str1.4
                0x0000000001fc50f0       0xa5 /home/jbrawley/Desktop/rockbox-photo-cf-support/build/apps/plugins/doom/r_things.o
 *fill*         0x0000000001fc5195        0x3 
 .rodata        0x0000000001fc5198      0x1d8 /home/jbrawley/Desktop/rockbox-photo-cf-support/build/apps/plugins/doom/wi_stuff.o
 .rodata.str1.4
                0x0000000001fc5370       0x7f /home/jbrawley/Desktop/rockbox-photo-cf-support/build/apps/plugins/doom/wi_stuff.o
 *fill*         0x0000000001fc53ef        0x1 
 .rodata        0x0000000001fc53f0      0x560 /home/jbrawley/Desktop/rockbox-photo-cf-support/build/apps/plugins/doom/v_video.o
                0x0000000001fc5450                gammatable
 .rodata.str1.4
                0x0000000001fc5950       0xe4 /home/jbrawley/Desktop/rockbox-photo-cf-support/build/apps/plugins/doom/v_video.o
 .rodata.str1.4
                0x0000000001fc5a34        0x9 /home/jbrawley/Desktop/rockbox-photo-cf-support/build/apps/plugins/doom/st_lib.o
 *fill*         0x0000000001fc5a3d        0x3 
 .rodata.str1.4
                0x0000000001fc5a40       0xad /home/jbrawley/Desktop/rockbox-photo-cf-support/build/apps/plugins/doom/st_stuff.o
 *fill*         0x0000000001fc5aed        0x3 
 .rodata        0x0000000001fc5af0       0x80 /home/jbrawley/Desktop/rockbox-photo-cf-support/build/apps/plugins/doom/hu_stuff.o
                0x0000000001fc5af0                english_shiftxform
 .rodata.str1.4
                0x0000000001fc5b70      0x1f0 /home/jbrawley/Desktop/rockbox-photo-cf-support/build/apps/plugins/doom/hu_stuff.o
                                        0x20c (size before relaxing)
 .rodata        0x0000000001fc5d60       0x24 /home/jbrawley/Desktop/rockbox-photo-cf-support/build/apps/plugins/doom/s_sound.o
 .rodata.str1.4
                0x0000000001fc5d84       0xd4 /home/jbrawley/Desktop/rockbox-photo-cf-support/build/apps/plugins/doom/s_sound.o
 .rodata.str1.4
                0x0000000001fc5e58       0x75 /home/jbrawley/Desktop/rockbox-photo-cf-support/build/apps/plugins/doom/z_zone.o
 *fill*         0x0000000001fc5ecd        0x3 
 .rodata.str1.4
                0x0000000001fc5ed0       0x1d /home/jbrawley/Desktop/rockbox-photo-cf-support/build/apps/plugins/doom/z_bmalloc.o
 *fill*         0x0000000001fc5eed        0x3 
 .rodata.str1.4
                0x0000000001fc5ef0      0x56f /home/jbrawley/Desktop/rockbox-photo-cf-support/build/apps/plugins/doom/sounds.o
                                        0x577 (size before relaxing)
 *fill*         0x0000000001fc645f        0x1 
 .rodata        0x0000000001fc6460      0x1d8 /home/jbrawley/Desktop/rockbox-photo-cf-support/build/apps/plugins/doom/d_main.o
 .rodata.str1.4
                0x0000000001fc6638      0x43e /home/jbrawley/Desktop/rockbox-photo-cf-support/build/apps/plugins/doom/d_main.o
                                        0x44e (size before relaxing)
 *fill*         0x0000000001fc6a76        0x2 
 .rodata.str1.4
                0x0000000001fc6a78      0xcdc /home/jbrawley/Desktop/rockbox-photo-cf-support/build/apps/plugins/doom/m_misc.o
                                        0xd08 (size before relaxing)
 .rodata.str1.4
                0x0000000001fc7754      0xcdc /home/jbrawley/Desktop/rockbox-photo-cf-support/build/apps/plugins/doom/i_system.o
                                          0x4 (size before relaxing)
 .rodata.str1.4
                0x0000000001fc7754       0x91 /home/jbrawley/Desktop/rockbox-photo-cf-support/build/apps/plugins/doom/i_sound.o
 *fill*         0x0000000001fc77e5        0x3 
 .rodata.str1.4
                0x0000000001fc77e8       0x1a /home/jbrawley/Desktop/rockbox-photo-cf-support/build/apps/plugins/doom/i_video.o
                                         0x22 (size before relaxing)
 *fill*         0x0000000001fc7802        0x2 
 .rodata.str1.4
                0x0000000001fc7804      0x11a /home/jbrawley/Desktop/rockbox-photo-cf-support/build/apps/plugins/doom/w_wad.o
                                        0x15e (size before relaxing)
 *fill*         0x0000000001fc791e        0x2 
 .rodata        0x0000000001fc7920      0x278 /home/jbrawley/Desktop/rockbox-photo-cf-support/build/apps/plugins/doom/rockdoom.o
                0x0000000001fc7948                wads_builtin
                0x0000000001fc7a1c                versions_builtin
 .rodata.str1.4
                0x0000000001fc7b98      0x2f5 /home/jbrawley/Desktop/rockbox-photo-cf-support/build/apps/plugins/doom/rockdoom.o
                                        0x305 (size before relaxing)
 *fill*         0x0000000001fc7e8d        0x3 
 .rodata        0x0000000001fc7e90     0x12cc /home/jbrawley/Desktop/rockbox-photo-cf-support/build/apps/plugins/doom/d_deh.o
                0x0000000001fc8f28                mapnamest
                0x0000000001fc8fa8                mapnamesp
                0x0000000001fc9028                mapnames2
                0x0000000001fc90a8                mapnames
 .rodata.str1.4
                0x0000000001fc915c     0x57f4 /home/jbrawley/Desktop/rockbox-photo-cf-support/build/apps/plugins/doom/d_deh.o
                                       0x5a42 (size before relaxing)

.ARM.exidx      0x0000000001fce950        0x8
 .ARM.exidx     0x0000000001fce950        0x8 /usr/local/lib/gcc/arm-elf-eabi/4.9.4/libgcc.a(_divdi3.o)
 .ARM.exidx     0x0000000001fce958        0x0 /usr/local/lib/gcc/arm-elf-eabi/4.9.4/libgcc.a(_udivdi3.o)
                                          0x8 (size before relaxing)

.rel.dyn        0x0000000001fce958        0x0
 .rel.iplt      0x0000000001fce958        0x0 /home/jbrawley/Desktop/rockbox-photo-cf-support/build/apps/plugins/doom/../../../firmware/libc/sscanf.o

.data           0x0000000001fce958     0xf550
 *(.data*)
 .data          0x0000000001fce958     0xa9f4 /home/jbrawley/Desktop/rockbox-photo-cf-support/build/apps/plugins/doom/info.o
                0x0000000001fce958                mobjinfo
                0x0000000001fd26b0                states
                0x0000000001fd911c                sprnames
 .data          0x0000000001fd934c       0x20 /home/jbrawley/Desktop/rockbox-photo-cf-support/build/apps/plugins/doom/doomstat.o
                0x0000000001fd934c                rockblock
                0x0000000001fd9350                enable_sound
                0x0000000001fd9354                default_distfriend
                0x0000000001fd9358                distfriend
                0x0000000001fd935c                default_monster_friction
                0x0000000001fd9360                default_monster_infighting
                0x0000000001fd9364                default_compatibility_level
                0x0000000001fd9368                compatibility_level
 .data          0x0000000001fd936c        0x4 /home/jbrawley/Desktop/rockbox-photo-cf-support/build/apps/plugins/doom/d_net.o
                0x0000000001fd936c                ticdup
 .data          0x0000000001fd9370       0xd8 /home/jbrawley/Desktop/rockbox-photo-cf-support/build/apps/plugins/doom/d_items.o
                0x0000000001fd9370                weaponinfo
 .data          0x0000000001fd9448      0x180 /home/jbrawley/Desktop/rockbox-photo-cf-support/build/apps/plugins/doom/g_game.o
                0x0000000001fd944c                sidemove
                0x0000000001fd9454                angleturn
                0x0000000001fd9460                forwardmove
                0x0000000001fd9468                cpars
                0x0000000001fd94e8                pars
                0x0000000001fd958c                DEMOMARKER
                0x0000000001fd9594                comp_lev_str
                0x0000000001fd95c0                key_help
                0x0000000001fd95c4                key_escape
 .data          0x0000000001fd95c8      0x49c /home/jbrawley/Desktop/rockbox-photo-cf-support/build/apps/plugins/doom/m_menu.o
                0x0000000001fd95c8                SoundDef
                0x0000000001fd95e0                OptionsDef
                0x0000000001fd95f8                ReadDef1
                0x0000000001fd9610                ReadDef2
                0x0000000001fd9628                MainDef
                0x0000000001fd9640                quitsounds2
                0x0000000001fd9660                quitsounds
                0x0000000001fd9680                NewDef
                0x0000000001fd9698                EpiDef
                0x0000000001fd96b0                LoadMenu
                0x0000000001fd9728                LoadDef
                0x0000000001fd9740                SaveDef
                0x0000000001fd9758                msgNames
                0x0000000001fd976c                skullName
                0x0000000001fd9780                MainMenu
                0x0000000001fd97f8                ReadMenu1
                0x0000000001fd980c                detailNames
                0x0000000001fd9820                SaveMenu
                0x0000000001fd9898                SoundMenu
                0x0000000001fd9910                ReadMenu2
                0x0000000001fd9924                OptionsMenu
                0x0000000001fd99b0                NewGameMenu
                0x0000000001fd9a14                EpisodeMenu
 .data          0x0000000001fd9a64        0x4 /home/jbrawley/Desktop/rockbox-photo-cf-support/build/apps/plugins/doom/m_random.o
                0x0000000001fd9a64                rngseed
 .data          0x0000000001fd9a68      0x214 /home/jbrawley/Desktop/rockbox-photo-cf-support/build/apps/plugins/doom/am_map.o
                0x0000000001fd9a9c                mapcolor_plyr
                0x0000000001fd9aac                player_arrow
                0x0000000001fd9b1c                cheat_player_arrow
                0x0000000001fd9bfc                cross_mark
                0x0000000001fd9c1c                thintriangle_guy
                0x0000000001fd9c4c                triangle_guy
 .data          0x0000000001fd9c7c        0x4 /home/jbrawley/Desktop/rockbox-photo-cf-support/build/apps/plugins/doom/p_enemy.o
                0x0000000001fd9c7c                TRACEANGLE
 .data          0x0000000001fd9c80       0x5c /home/jbrawley/Desktop/rockbox-photo-cf-support/build/apps/plugins/doom/p_inter.o
                0x0000000001fd9c80                clipammo
                0x0000000001fd9c90                maxhealth
                0x0000000001fd9c94                green_armor_class
                0x0000000001fd9c98                blue_armor_class
                0x0000000001fd9c9c                max_armor
                0x0000000001fd9ca0                soul_health
                0x0000000001fd9ca4                max_soul
                0x0000000001fd9ca8                mega_health
                0x0000000001fd9cac                maxammo
                0x0000000001fd9cbc                bfgcells
                0x0000000001fd9cc0                idkfa_armor_class
                0x0000000001fd9cc4                idkfa_armor
                0x0000000001fd9cc8                idfa_armor_class
                0x0000000001fd9ccc                idfa_armor
                0x0000000001fd9cd0                god_health
                0x0000000001fd9cd4                initial_bullets
                0x0000000001fd9cd8                initial_health
 .data          0x0000000001fd9cdc       0x14 /home/jbrawley/Desktop/rockbox-photo-cf-support/build/apps/plugins/doom/p_map.o
                0x0000000001fd9cdc                secnodezone
 .data          0x0000000001fd9cf0       0x50 /home/jbrawley/Desktop/rockbox-photo-cf-support/build/apps/plugins/doom/p_pspr.o
                0x0000000001fd9cf0                weapon_preferences
 .data          0x0000000001fd9d40        0x4 /home/jbrawley/Desktop/rockbox-photo-cf-support/build/apps/plugins/doom/p_setup.o
 .data          0x0000000001fd9d44        0x8 /home/jbrawley/Desktop/rockbox-photo-cf-support/build/apps/plugins/doom/r_data.o
                0x0000000001fd9d48                tran_filter_pct
 .data          0x0000000001fd9d4c        0x4 /home/jbrawley/Desktop/rockbox-photo-cf-support/build/apps/plugins/doom/r_main.o
                0x0000000001fd9d4c                validcount
 .data          0x0000000001fd9d50        0x4 /home/jbrawley/Desktop/rockbox-photo-cf-support/build/apps/plugins/doom/r_plane.o
 .data          0x0000000001fd9d54      0x584 /home/jbrawley/Desktop/rockbox-photo-cf-support/build/apps/plugins/doom/wi_stuff.o
 .data          0x0000000001fda2d8       0x18 /home/jbrawley/Desktop/rockbox-photo-cf-support/build/apps/plugins/doom/st_stuff.o
 .data          0x0000000001fda2f0       0x50 /home/jbrawley/Desktop/rockbox-photo-cf-support/build/apps/plugins/doom/hu_stuff.o
                0x0000000001fda2f4                hud_graph_keys
                0x0000000001fda2f8                plyrcoltran
                0x0000000001fda308                player_names
                0x0000000001fda318                chat_macros
 .data          0x0000000001fda340        0x8 /home/jbrawley/Desktop/rockbox-photo-cf-support/build/apps/plugins/doom/s_sound.o
                0x0000000001fda340                snd_MusicVolume
                0x0000000001fda344                snd_SfxVolume
 .data          0x0000000001fda348     0x1394 /home/jbrawley/Desktop/rockbox-photo-cf-support/build/apps/plugins/doom/sounds.o
                0x0000000001fda348                S_sfx
                0x0000000001fdb29c                S_music
 .data          0x0000000001fdb6dc        0x8 /home/jbrawley/Desktop/rockbox-photo-cf-support/build/apps/plugins/doom/d_main.o
                0x0000000001fdb6dc                wipegamestate
                0x0000000001fdb6e0                dehout
 .data          0x0000000001fdb6e4     0x2264 /home/jbrawley/Desktop/rockbox-photo-cf-support/build/apps/plugins/doom/m_misc.o
                0x0000000001fdb6e4                defaults
                0x0000000001fdd944                precache
 .data          0x0000000001fdd948        0x4 /home/jbrawley/Desktop/rockbox-photo-cf-support/build/apps/plugins/doom/i_sound.o
 .data          0x0000000001fdd94c       0x68 /home/jbrawley/Desktop/rockbox-photo-cf-support/build/apps/plugins/doom/rockdoom.o
                0x0000000001fdd94c                fpoint
 .data          0x0000000001fdd9b4      0x4f0 /home/jbrawley/Desktop/rockbox-photo-cf-support/build/apps/plugins/doom/d_deh.o
                0x0000000001fdd9c0                deh_newlevel
                0x0000000001fdd9c4                savegamename
                0x0000000001fdd9c8                startup5
                0x0000000001fdd9cc                startup4
                0x0000000001fdd9d0                startup3
                0x0000000001fdd9d4                startup2
                0x0000000001fdd9d8                startup1
                0x0000000001fdd9dc                bgcastcall
                0x0000000001fdd9e0                bgflat31
                0x0000000001fdd9e4                bgflat15
                0x0000000001fdd9e8                bgflat30
                0x0000000001fdd9ec                bgflat20
                0x0000000001fdd9f0                bgflat11
                0x0000000001fdd9f4                bgflat06
                0x0000000001fdd9f8                bgflatE4
                0x0000000001fdd9fc                bgflatE3
                0x0000000001fdda00                bgflatE2
                0x0000000001fdda04                bgflatE1
                0x0000000001fdda08                s_CC_HERO
                0x0000000001fdda0c                s_CC_CYBER
                0x0000000001fdda10                s_CC_SPIDER
                0x0000000001fdda14                s_CC_ARCH
                0x0000000001fdda18                s_CC_MANCU
                0x0000000001fdda1c                s_CC_REVEN
                0x0000000001fdda20                s_CC_PAIN
                0x0000000001fdda24                s_CC_ARACH
                0x0000000001fdda28                s_CC_BARON
                0x0000000001fdda2c                s_CC_HELL
                0x0000000001fdda30                s_CC_CACO
                0x0000000001fdda34                s_CC_LOST
                0x0000000001fdda38                s_CC_DEMON
                0x0000000001fdda3c                s_CC_IMP
                0x0000000001fdda40                s_CC_HEAVY
                0x0000000001fdda44                s_CC_SHOTGUN
                0x0000000001fdda48                s_CC_ZOMBIE
                0x0000000001fdda4c                s_T6TEXT
                0x0000000001fdda50                s_T5TEXT
                0x0000000001fdda54                s_T4TEXT
                0x0000000001fdda58                s_T3TEXT
                0x0000000001fdda5c                s_T2TEXT
                0x0000000001fdda60                s_T1TEXT
                0x0000000001fdda64                s_P6TEXT
                0x0000000001fdda68                s_P5TEXT
                0x0000000001fdda6c                s_P4TEXT
                0x0000000001fdda70                s_P3TEXT
                0x0000000001fdda74                s_P2TEXT
                0x0000000001fdda78                s_P1TEXT
                0x0000000001fdda7c                s_C6TEXT
                0x0000000001fdda80                s_C5TEXT
                0x0000000001fdda84                s_C4TEXT
                0x0000000001fdda88                s_C3TEXT
                0x0000000001fdda8c                s_C2TEXT
                0x0000000001fdda90                s_C1TEXT
                0x0000000001fdda94                s_E4TEXT
                0x0000000001fdda98                s_E3TEXT
                0x0000000001fdda9c                s_E2TEXT
                0x0000000001fddaa0                s_E1TEXT
                0x0000000001fddaa4                s_STSTR_COMPOFF
                0x0000000001fddaa8                s_STSTR_COMPON
                0x0000000001fddaac                s_STSTR_CLEV
                0x0000000001fddab0                s_STSTR_CHOPPERS
                0x0000000001fddab4                s_STSTR_BEHOLDX
                0x0000000001fddab8                s_STSTR_BEHOLD
                0x0000000001fddabc                s_STSTR_NCOFF
                0x0000000001fddac0                s_STSTR_NCON
                0x0000000001fddac4                s_STSTR_FAADDED
                0x0000000001fddac8                s_STSTR_KFAADDED
                0x0000000001fddacc                s_STSTR_DQDOFF
                0x0000000001fddad0                s_STSTR_DQDON
                0x0000000001fddad4                s_STSTR_NOMUS
                0x0000000001fddad8                s_STSTR_MUS
                0x0000000001fddadc                s_AMSTR_OVERLAYOFF
                0x0000000001fddae0                s_AMSTR_OVERLAYON
                0x0000000001fddae4                s_AMSTR_ROTATEOFF
                0x0000000001fddae8                s_AMSTR_ROTATEON
                0x0000000001fddaec                s_AMSTR_MARKSCLEARED
                0x0000000001fddaf0                s_AMSTR_MARKEDSPOT
                0x0000000001fddaf4                s_AMSTR_GRIDOFF
                0x0000000001fddaf8                s_AMSTR_GRIDON
                0x0000000001fddafc                s_AMSTR_FOLLOWOFF
                0x0000000001fddb00                s_AMSTR_FOLLOWON
                0x0000000001fddb04                s_HUSTR_PLRRED
                0x0000000001fddb08                s_HUSTR_PLRBROWN
                0x0000000001fddb0c                s_HUSTR_PLRINDIGO
                0x0000000001fddb10                s_HUSTR_PLRGREEN
                0x0000000001fddb14                s_HUSTR_MESSAGESENT
                0x0000000001fddb18                s_HUSTR_TALKTOSELF5
                0x0000000001fddb1c                s_HUSTR_TALKTOSELF4
                0x0000000001fddb20                s_HUSTR_TALKTOSELF3
                0x0000000001fddb24                s_HUSTR_TALKTOSELF2
                0x0000000001fddb28                s_HUSTR_TALKTOSELF1
                0x0000000001fddb2c                s_HUSTR_CHATMACRO0
                0x0000000001fddb30                s_HUSTR_CHATMACRO9
                0x0000000001fddb34                s_HUSTR_CHATMACRO8
                0x0000000001fddb38                s_HUSTR_CHATMACRO7
                0x0000000001fddb3c                s_HUSTR_CHATMACRO6
                0x0000000001fddb40                s_HUSTR_CHATMACRO5
                0x0000000001fddb44                s_HUSTR_CHATMACRO4
                0x0000000001fddb48                s_HUSTR_CHATMACRO3
                0x0000000001fddb4c                s_HUSTR_CHATMACRO2
                0x0000000001fddb50                s_HUSTR_CHATMACRO1
                0x0000000001fddb54                s_THUSTR_32
                0x0000000001fddb58                s_THUSTR_31
                0x0000000001fddb5c                s_THUSTR_30
                0x0000000001fddb60                s_THUSTR_29
                0x0000000001fddb64                s_THUSTR_28
                0x0000000001fddb68                s_THUSTR_27