Archive member included to satisfy reference by file (symbol)

/home/jbrawley/Desktop/rockbox-photo-cf-support/build/apps/plugins/libplugin.a(gcc-support.o)
                              /home/jbrawley/Desktop/rockbox-photo-cf-support/build/apps/plugins/doom/f_wipe.o (memcpy)
/home/jbrawley/Desktop/rockbox-photo-cf-support/build/apps/plugins/libplugin.a(helper.o)
                              /home/jbrawley/Desktop/rockbox-photo-cf-support/build/apps/plugins/doom/rockdoom.o (backlight_ignore_timeout)
/home/jbrawley/Desktop/rockbox-photo-cf-support/build/apps/plugins/libplugin.a(strncpy.o)
                              /home/jbrawley/Desktop/rockbox-photo-cf-support/build/apps/plugins/doom/m_menu.o (strncpy)
/home/jbrawley/Desktop/rockbox-photo-cf-support/build/lib/libsetjmp.a(setjmp.o)
                              /home/jbrawley/Desktop/rockbox-photo-cf-support/build/apps/plugins/plugin_crt0.o (setjmp)
/usr/local/lib/gcc/arm-elf-eabi/4.9.4/libgcc.a(_udivsi3.o)
                              /home/jbrawley/Desktop/rockbox-photo-cf-support/build/apps/plugins/doom/tables.o (__aeabi_uidiv)
/usr/local/lib/gcc/arm-elf-eabi/4.9.4/libgcc.a(_divsi3.o)
                              /home/jbrawley/Desktop/rockbox-photo-cf-support/build/apps/plugins/doom/g_game.o (__aeabi_idiv)
/usr/local/lib/gcc/arm-elf-eabi/4.9.4/libgcc.a(_dvmd_tls.o)
                              /usr/local/lib/gcc/arm-elf-eabi/4.9.4/libgcc.a(_udivsi3.o) (__aeabi_idiv0)
/usr/local/lib/gcc/arm-elf-eabi/4.9.4/libgcc.a(_arm_addsubsf3.o)
                              /home/jbrawley/Desktop/rockbox-photo-cf-support/build/apps/plugins/doom/f_finale.o (__aeabi_fadd)
/usr/local/lib/gcc/arm-elf-eabi/4.9.4/libgcc.a(_arm_muldivsf3.o)
                              /home/jbrawley/Desktop/rockbox-photo-cf-support/build/apps/plugins/doom/f_finale.o (__aeabi_fmul)
/usr/local/lib/gcc/arm-elf-eabi/4.9.4/libgcc.a(_arm_cmpsf2.o)
                              /home/jbrawley/Desktop/rockbox-photo-cf-support/build/apps/plugins/doom/f_finale.o (__aeabi_fcmpgt)
/usr/local/lib/gcc/arm-elf-eabi/4.9.4/libgcc.a(_arm_fixsfsi.o)
                              /home/jbrawley/Desktop/rockbox-photo-cf-support/build/apps/plugins/doom/f_finale.o (__aeabi_f2iz)
/usr/local/lib/gcc/arm-elf-eabi/4.9.4/libgcc.a(_aeabi_ldivmod.o)
                              /home/jbrawley/Desktop/rockbox-photo-cf-support/build/apps/plugins/doom/am_map.o (__aeabi_ldivmod)
/usr/local/lib/gcc/arm-elf-eabi/4.9.4/libgcc.a(_aeabi_uldivmod.o)
                              /home/jbrawley/Desktop/rockbox-photo-cf-support/build/apps/plugins/doom/p_enemy.o (__aeabi_uldivmod)
/usr/local/lib/gcc/arm-elf-eabi/4.9.4/libgcc.a(bpabi.o)
                              /usr/local/lib/gcc/arm-elf-eabi/4.9.4/libgcc.a(_aeabi_ldivmod.o) (__gnu_ldivmod_helper)
/usr/local/lib/gcc/arm-elf-eabi/4.9.4/libgcc.a(_divdi3.o)
                              /usr/local/lib/gcc/arm-elf-eabi/4.9.4/libgcc.a(bpabi.o) (__divdi3)
/usr/local/lib/gcc/arm-elf-eabi/4.9.4/libgcc.a(_udivdi3.o)
                              /usr/local/lib/gcc/arm-elf-eabi/4.9.4/libgcc.a(bpabi.o) (__udivdi3)
/usr/local/lib/gcc/arm-elf-eabi/4.9.4/libgcc.a(_clzdi2.o)
                              /usr/local/lib/gcc/arm-elf-eabi/4.9.4/libgcc.a(_divdi3.o) (__clzdi2)
/usr/local/lib/gcc/arm-elf-eabi/4.9.4/libgcc.a(_clzsi2.o)
                              /usr/local/lib/gcc/arm-elf-eabi/4.9.4/libgcc.a(_clzdi2.o) (__clzsi2)

Allocating common symbols
Common symbol       size              file

sidedef             0x4               /home/jbrawley/Desktop/rockbox-photo-cf-support/build/apps/plugins/doom/r_bsp.o
sectors             0x4               /home/jbrawley/Desktop/rockbox-photo-cf-support/build/apps/plugins/doom/p_setup.o
numflats            0x4               /home/jbrawley/Desktop/rockbox-photo-cf-support/build/apps/plugins/doom/r_data.o
pspritescale        0x4               /home/jbrawley/Desktop/rockbox-photo-cf-support/build/apps/plugins/doom/r_things.o
castonmelee         0x4               /home/jbrawley/Desktop/rockbox-photo-cf-support/build/apps/plugins/doom/f_finale.o
timingdemo          0x4               /home/jbrawley/Desktop/rockbox-photo-cf-support/build/apps/plugins/doom/g_game.o
maxdrawsegs         0x4               /home/jbrawley/Desktop/rockbox-photo-cf-support/build/apps/plugins/doom/r_bsp.o
hudcolor_list       0x4               /home/jbrawley/Desktop/rockbox-photo-cf-support/build/apps/plugins/doom/hu_stuff.o
mapcolor_fchg       0x4               /home/jbrawley/Desktop/rockbox-photo-cf-support/build/apps/plugins/doom/am_map.o
paused              0x4               /home/jbrawley/Desktop/rockbox-photo-cf-support/build/apps/plugins/doom/g_game.o
key_spy             0x4               /home/jbrawley/Desktop/rockbox-photo-cf-support/build/apps/plugins/doom/g_game.o
bmapwidth           0x4               /home/jbrawley/Desktop/rockbox-photo-cf-support/build/apps/plugins/doom/p_setup.o
[...]
Memory Configuration

Name             Origin             Length             Attributes
PLUGIN_RAM       0x0000000001f80000 0x0000000000080000
PLUGIN_IRAM      0x000000004000c000 0x000000000000c000
*default*        0x0000000000000000 0xffffffffffffffff

Linker script and memory map

LOAD /home/jbrawley/Desktop/rockbox-photo-cf-support/build/apps/plugins/doom/../../../firmware/libc/sscanf.o
LOAD /home/jbrawley/Desktop/rockbox-photo-cf-support/build/apps/plugins/doom/info.o
LOAD /home/jbrawley/Desktop/rockbox-photo-cf-support/build/apps/plugins/doom/doomdef.o
LOAD /home/jbrawley/Desktop/rockbox-photo-cf-support/build/apps/plugins/doom/doomstat.o
LOAD /home/jbrawley/Desktop/rockbox-photo-cf-support/build/apps/plugins/doom/dstrings.o
LOAD /home/jbrawley/Desktop/rockbox-photo-cf-support/build/apps/plugins/doom/tables.o
LOAD /home/jbrawley/Desktop/rockbox-photo-cf-support/build/apps/plugins/doom/f_finale.o
LOAD /home/jbrawley/Desktop/rockbox-photo-cf-support/build/apps/plugins/doom/f_wipe.o
LOAD /home/jbrawley/Desktop/rockbox-photo-cf-support/build/apps/plugins/doom/d_net.o
LOAD /home/jbrawley/Desktop/rockbox-photo-cf-support/build/apps/plugins/doom/d_items.o
LOAD /home/jbrawley/Desktop/rockbox-photo-cf-support/build/apps/plugins/doom/g_game.o
LOAD /home/jbrawley/Desktop/rockbox-photo-cf-support/build/apps/plugins/doom/m_menu.o
LOAD /home/jbrawley/Desktop/rockbox-photo-cf-support/build/apps/plugins/doom/m_argv.o
LOAD /home/jbrawley/Desktop/rockbox-photo-cf-support/build/apps/plugins/doom/m_cheat.o
LOAD /home/jbrawley/Desktop/rockbox-photo-cf-support/build/apps/plugins/doom/m_random.o
LOAD /home/jbrawley/Desktop/rockbox-photo-cf-support/build/apps/plugins/doom/am_map.o
LOAD /home/jbrawley/Desktop/rockbox-photo-cf-support/build/apps/plugins/doom/p_ceilng.o
LOAD /home/jbrawley/Desktop/rockbox-photo-cf-support/build/apps/plugins/doom/p_doors.o
LOAD /home/jbrawley/Desktop/rockbox-photo-cf-support/build/apps/plugins/doom/p_genlin.o
LOAD /home/jbrawley/Desktop/rockbox-photo-cf-support/build/apps/plugins/doom/p_enemy.o
LOAD /home/jbrawley/Desktop/rockbox-photo-cf-support/build/apps/plugins/doom/p_floor.o
LOAD /home/jbrawley/Desktop/rockbox-photo-cf-support/build/apps/plugins/doom/p_inter.o
LOAD /home/jbrawley/Desktop/rockbox-photo-cf-support/build/apps/plugins/doom/p_lights.o
LOAD /home/jbrawley/Desktop/rockbox-photo-cf-support/build/apps/plugins/doom/p_map.o
LOAD /home/jbrawley/Desktop/rockbox-photo-cf-support/build/apps/plugins/doom/p_maputl.o
LOAD /home/jbrawley/Desktop/rockbox-photo-cf-support/build/apps/plugins/doom/p_plats.o
LOAD /home/jbrawley/Desktop/rockbox-photo-cf-support/build/apps/plugins/doom/p_pspr.o
LOAD /home/jbrawley/Desktop/rockbox-photo-cf-support/build/apps/plugins/doom/p_setup.o
LOAD /home/jbrawley/Desktop/rockbox-photo-cf-support/build/apps/plugins/doom/p_sight.o
LOAD /home/jbrawley/Desktop/rockbox-photo-cf-support/build/apps/plugins/doom/p_spec.o
LOAD /home/jbrawley/Desktop/rockbox-photo-cf-support/build/apps/plugins/doom/p_switch.o
LOAD /home/jbrawley/Desktop/rockbox-photo-cf-support/build/apps/plugins/doom/p_mobj.o
LOAD /home/jbrawley/Desktop/rockbox-photo-cf-support/build/apps/plugins/doom/p_telept.o
LOAD /home/jbrawley/Desktop/rockbox-photo-cf-support/build/apps/plugins/doom/p_tick.o
LOAD /home/jbrawley/Desktop/rockbox-photo-cf-support/build/apps/plugins/doom/p_saveg.o
LOAD /home/jbrawley/Desktop/rockbox-photo-cf-support/build/apps/plugins/doom/p_user.o
LOAD /home/jbrawley/Desktop/rockbox-photo-cf-support/build/apps/plugins/doom/r_bsp.o
LOAD /home/jbrawley/Desktop/rockbox-photo-cf-support/build/apps/plugins/doom/r_data.o
LOAD /home/jbrawley/Desktop/rockbox-photo-cf-support/build/apps/plugins/doom/r_draw.o
LOAD /home/jbrawley/Desktop/rockbox-photo-cf-support/build/apps/plugins/doom/r_main.o
LOAD /home/jbrawley/Desktop/rockbox-photo-cf-support/build/apps/plugins/doom/r_plane.o
LOAD /home/jbrawley/Desktop/rockbox-photo-cf-support/build/apps/plugins/doom/r_segs.o
LOAD /home/jbrawley/Desktop/rockbox-photo-cf-support/build/apps/plugins/doom/r_sky.o
LOAD /home/jbrawley/Desktop/rockbox-photo-cf-support/build/apps/plugins/doom/r_things.o
LOAD /home/jbrawley/Desktop/rockbox-photo-cf-support/build/apps/plugins/doom/wi_stuff.o
LOAD /home/jbrawley/Desktop/rockbox-photo-cf-support/build/apps/plugins/doom/v_video.o
LOAD /home/jbrawley/Desktop/rockbox-photo-cf-support/build/apps/plugins/doom/st_lib.o
LOAD /home/jbrawley/Desktop/rockbox-photo-cf-support/build/apps/plugins/doom/st_stuff.o
LOAD /home/jbrawley/Desktop/rockbox-photo-cf-support/build/apps/plugins/doom/hu_stuff.o
LOAD /home/jbrawley/Desktop/rockbox-photo-cf-support/build/apps/plugins/doom/hu_lib.o
LOAD /home/jbrawley/Desktop/rockbox-photo-cf-support/build/apps/plugins/doom/s_sound.o
LOAD /home/jbrawley/Desktop/rockbox-photo-cf-support/build/apps/plugins/doom/z_zone.o
LOAD /home/jbrawley/Desktop/rockbox-photo-cf-support/build/apps/plugins/doom/z_bmalloc.o
LOAD /home/jbrawley/Desktop/rockbox-photo-cf-support/build/apps/plugins/doom/sounds.o
LOAD /home/jbrawley/Desktop/rockbox-photo-cf-support/build/apps/plugins/doom/d_main.o
LOAD /home/jbrawley/Desktop/rockbox-photo-cf-support/build/apps/plugins/doom/m_misc.o
LOAD /home/jbrawley/Desktop/rockbox-photo-cf-support/build/apps/plugins/doom/m_bbox.o
LOAD /home/jbrawley/Desktop/rockbox-photo-cf-support/build/apps/plugins/doom/i_system.o
LOAD /home/jbrawley/Desktop/rockbox-photo-cf-support/build/apps/plugins/doom/i_sound.o
LOAD /home/jbrawley/Desktop/rockbox-photo-cf-support/build/apps/plugins/doom/i_video.o
LOAD /home/jbrawley/Desktop/rockbox-photo-cf-support/build/apps/plugins/doom/w_wad.o
LOAD /home/jbrawley/Desktop/rockbox-photo-cf-support/build/apps/plugins/doom/rockdoom.o
LOAD /home/jbrawley/Desktop/rockbox-photo-cf-support/build/apps/plugins/doom/d_deh.o
LOAD /home/jbrawley/Desktop/rockbox-photo-cf-support/build/apps/plugins/plugin_crt0.o
LOAD /home/jbrawley/Desktop/rockbox-photo-cf-support/build/apps/plugins/libplugin.a
LOAD /home/jbrawley/Desktop/rockbox-photo-cf-support/build/apps/plugins/bitmaps/libpluginbitmaps.a
LOAD /home/jbrawley/Desktop/rockbox-photo-cf-support/build/lib/libsetjmp.a
LOAD /home/jbrawley/Desktop/rockbox-photo-cf-support/build/lib/libfixedpoint.a
LOAD /usr/local/lib/gcc/arm-elf-eabi/4.9.4/libgcc.a

.header         0x0000000001f80000       0x1c
                0x0000000001f80000                _plugin_start_addr = .
                0x0000000001f80000                plugin_start_addr = .
 *(.header)
 .header        0x0000000001f80000       0x1c /home/jbrawley/Desktop/rockbox-photo-cf-support/build/apps/plugins/plugin_crt0.o
                0x0000000001f80000                __header

.text           0x0000000001f8001c    0x438b4
 *(.text*)
 .text          0x0000000001f8001c      0x46c /home/jbrawley/Desktop/rockbox-photo-cf-support/build/apps/plugins/doom/../../../firmware/libc/sscanf.o
                0x0000000001f801ac                sscanf
 .text          0x0000000001f80488      0x208 /home/jbrawley/Desktop/rockbox-photo-cf-support/build/apps/plugins/doom/tables.o
                0x0000000001f80488                SlopeDiv
                0x0000000001f804b8                R_LoadTrigTables
 .text          0x0000000001f80690     0x1318 /home/jbrawley/Desktop/rockbox-photo-cf-support/build/apps/plugins/doom/f_finale.o
                0x0000000001f80be4                F_StartFinale
                0x0000000001f80fa8                F_Responder
                0x0000000001f80ff0                F_TextWrite
                0x0000000001f81134                F_StartCast
                0x0000000001f811e4                F_Ticker
                0x0000000001f81440                F_CastTicker
                0x0000000001f81460                F_CastResponder
                0x0000000001f81490                F_CastDrawer
                0x0000000001f8167c                F_Drawer
 .text          0x0000000001f819a8      0x524 /home/jbrawley/Desktop/rockbox-photo-cf-support/build/apps/plugins/doom/f_wipe.o
                0x0000000001f81a44                wipe_StartScreen
                0x0000000001f81ac8                wipe_EndScreen
                0x0000000001f81b78                wipe_ScreenWipe
 .text          0x0000000001f81ecc      0x1c4 /home/jbrawley/Desktop/rockbox-photo-cf-support/build/apps/plugins/doom/d_net.o
                0x0000000001f81ecc                D_InitNetGame
                0x0000000001f81f58                D_BuildNewTiccmds
                0x0000000001f81fec                TryRunTics
 .text          0x0000000001f82090     0x46ac /home/jbrawley/Desktop/rockbox-photo-cf-support/build/apps/plugins/doom/g_game.o
                0x0000000001f825c4                G_BuildTiccmd
                0x0000000001f83108                G_RestartLevel
                0x0000000001f8311c                G_Responder
                0x0000000001f833d8                G_PlayerFinishLevel
                0x0000000001f83470                G_ChangedPlayerColour
                0x0000000001f8353c                G_PlayerReborn
                0x0000000001f8362c                G_CheckSpot
                0x0000000001f839c4                G_DeathMatchSpawnPlayer
                0x0000000001f83aa0                G_DoReborn
                0x0000000001f83ac4                G_ExitLevel
                0x0000000001f83ae8                G_SecretExitLevel
                0x0000000001f83b34                G_DoCompleted
                0x0000000001f83edc                G_WorldDone
                0x0000000001f83fa4                G_DoWorldDone
                0x0000000001f84000                G_ForcedLoadGame
                0x0000000001f84024                G_LoadGame
                0x0000000001f8409c                CheckSaveGame
                0x0000000001f84118                G_SaveGameName
                0x0000000001f8416c                G_DeferedInitNew
                0x0000000001f8419c                G_Compatibility
                0x0000000001f841f8                G_ReloadDefaults
                0x0000000001f844c8                G_SetFastParms
                0x0000000001f8459c                G_InitNew
                0x0000000001f84740                G_DoNewGame
                0x0000000001f84794                G_WriteOptions
                0x0000000001f84988                G_ReadOptions
                0x0000000001f84f4c                G_RecordDemo
                0x0000000001f85114                G_BeginRecording
                0x0000000001f85430                G_DeferedPlayDemo
                0x0000000001f85450                G_DoPlayDemo
                0x0000000001f854d4                G_DoLoadGame
                0x0000000001f85948                G_TimeDemo
                0x0000000001f8598c                G_CheckDemoStatus
                0x0000000001f85b70                G_ReadDemoTiccmd
                0x0000000001f85bf4                G_WriteDemoTiccmd
                0x0000000001f85cac                doom_printf
                0x0000000001f8618c                G_SaveGame
                0x0000000001f861f0                G_Ticker
 .text          0x0000000001f8673c     0x26d8 /home/jbrawley/Desktop/rockbox-photo-cf-support/build/apps/plugins/doom/m_menu.o
                0x0000000001f8673c                M_SaveSelect
                0x0000000001f868c4                M_Sound
                0x0000000001f868ec                M_Options
                0x0000000001f86918                M_ChangeMessages
                0x0000000001f86978                M_ReadThis
                0x0000000001f869a4                M_ReadThis2
                0x0000000001f869d0                M_FinishReadThis
                0x0000000001f869fc                M_QuitDOOM
                0x0000000001f86afc                M_DrawMainMenu
                0x0000000001f86b3c                M_DrawNewGame
                0x0000000001f86ba8                M_DrawEpisode
                0x0000000001f86be8                M_LoadSelect
                0x0000000001f86c60                M_SfxVol
                0x0000000001f86cb4                M_MusicVol
                0x0000000001f86d08                M_ChangeGamma
                0x0000000001f86d68                M_SizeDisplay
                0x0000000001f86e00                M_SystemVol
                0x0000000001f86ee4                M_DrawReadThis1
                0x0000000001f86f68                M_DrawReadThis2
                0x0000000001f86fec                M_QuitResponse
                0x0000000001f8706c                M_EndGame
                0x0000000001f871a8                M_QuickLoadResponse
                0x0000000001f871d8                M_VerifyNightmare
                0x0000000001f8722c                M_ChooseSkill
                0x0000000001f872e0                M_EndGameResponse
                0x0000000001f87364                M_NewGame
                0x0000000001f8743c                M_Episode
                0x0000000001f87534                M_ReadSaveStrings
                0x0000000001f87624                M_LoadGame
                0x0000000001f876c8                M_SaveGame
                0x0000000001f87780                M_DrawSaveLoadBorder
                0x0000000001f87838                M_DoSave
                0x0000000001f87880                M_QuickSaveResponse
                0x0000000001f878b0                M_QuickSave
                0x0000000001f879f4                M_QuickLoad
                0x0000000001f87b54                M_DrawThermo
                0x0000000001f87c58                M_DrawSound
                0x0000000001f87d4c                M_DrawOptions
                0x0000000001f87e1c                M_DrawEmptyCell
                0x0000000001f87e74                M_DrawSelCell
                0x0000000001f87ecc                M_StartMessage
                0x0000000001f87f28                M_StopMessage
                0x0000000001f87f54                M_StringWidth
                0x0000000001f87fe0                M_StringHeight
                0x0000000001f88020                M_WriteText
                0x0000000001f880e0                M_DrawLoad
                0x0000000001f88168                M_DrawSave
                0x0000000001f8824c                M_Responder
                0x0000000001f88904                M_StartControlPanel
                0x0000000001f8891c                M_Drawer
                0x0000000001f88c58                M_ClearMenus
                0x0000000001f88c6c                M_SetupNextMenu
                0x0000000001f88c8c                M_Ticker
                0x0000000001f88cd4                M_Init
 .text          0x0000000001f88e14       0x7c /home/jbrawley/Desktop/rockbox-photo-cf-support/build/apps/plugins/doom/m_argv.o
                0x0000000001f88e14                M_CheckParm
 .text          0x0000000001f88e90      0x154 /home/jbrawley/Desktop/rockbox-photo-cf-support/build/apps/plugins/doom/m_random.o
                0x0000000001f88e90                P_Random
                0x0000000001f88f8c                M_ClearRandom
 .text          0x0000000001f88fe4     0x2ae4 /home/jbrawley/Desktop/rockbox-photo-cf-support/build/apps/plugins/doom/am_map.o
                0x0000000001f89070                AM_getIslope
                0x0000000001f8918c                AM_activateNewScale
                0x0000000001f8921c                AM_saveScaleAndLoc
                0x0000000001f89248                AM_restoreScaleAndLoc
                0x0000000001f89360                AM_addMark
                0x0000000001f893fc                AM_findMinMaxBoundaries
                0x0000000001f895e8                AM_changeWindowLoc
                0x0000000001f896c8                AM_initVariables
                0x0000000001f897e4                AM_loadPics
                0x0000000001f897e8                AM_unloadPics
                0x0000000001f897ec                AM_clearMarks
                0x0000000001f89800                AM_LevelInit
                0x0000000001f898e8                AM_Stop
                0x0000000001f89920                AM_Start
                0x0000000001f899b4                AM_minOutWindowScale
                0x0000000001f89a14                AM_maxOutWindowScale
                0x0000000001f89a74                AM_Responder
                0x0000000001f89f50                AM_changeWindowScale
                0x0000000001f89fe8                AM_doFollowPlayer
                0x0000000001f8a098                AM_Ticker
                0x0000000001f8a114                AM_clipMline
                0x0000000001f8a4dc                AM_drawFline
                0x0000000001f8a620                AM_drawMline
                0x0000000001f8a664                AM_drawGrid
                0x0000000001f8a784                AM_DoorColor
                0x0000000001f8a9bc                AM_drawWalls
                0x0000000001f8afac                AM_drawLineCharacter
                0x0000000001f8b1d4                AM_drawPlayers
                0x0000000001f8b3b8                AM_drawThings
                0x0000000001f8b7bc                AM_drawMarks
                0x0000000001f8b9c0                AM_Drawer
 .text          0x0000000001f8bac8      0x5c4 /home/jbrawley/Desktop/rockbox-photo-cf-support/build/apps/plugins/doom/p_ceilng.o
                0x0000000001f8bac8                P_ActivateInStasisCeiling
                0x0000000001f8bb48                EV_CeilingCrushStop
                0x0000000001f8bbb4                P_AddActiveCeiling
                0x0000000001f8bc04                EV_DoCeiling
                0x0000000001f8bdc0                P_RemoveActiveCeiling
                0x0000000001f8be04                T_MoveCeiling
                0x0000000001f8c058                P_RemoveAllActiveCeilings
 .text          0x0000000001f8c08c      0xb74 /home/jbrawley/Desktop/rockbox-photo-cf-support/build/apps/plugins/doom/p_doors.o
                0x0000000001f8c08c                T_VerticalDoor
                0x0000000001f8c4bc                EV_DoDoor
                0x0000000001f8c6a4                EV_DoLockedDoor
                0x0000000001f8c7fc                EV_VerticalDoor
                0x0000000001f8cb10                P_SpawnDoorCloseIn30
                0x0000000001f8cb78                P_SpawnDoorRaiseIn5Mins
 .text          0x0000000001f8cc00     0x1514 /home/jbrawley/Desktop/rockbox-photo-cf-support/build/apps/plugins/doom/p_genlin.o
                0x0000000001f8cc00                EV_DoGenFloor
                0x0000000001f8cf98                EV_DoGenCeiling
                0x0000000001f8d304                EV_DoGenLift
                0x0000000001f8d5a0                EV_DoGenStairs
                0x0000000001f8d9d4                EV_DoGenCrusher
                0x0000000001f8db84                EV_DoGenLockedDoor
                0x0000000001f8dd94                EV_DoGenDoor
 .text          0x0000000001f8e114     0x4620 /home/jbrawley/Desktop/rockbox-photo-cf-support/build/apps/plugins/doom/p_enemy.o
                0x0000000001f8e7a8                PIT_VileCheck
                0x0000000001f8f74c                P_NoiseAlert
                0x0000000001f8f774                P_CheckMissileRange
                0x0000000001f8f96c                P_TryWalk
                0x0000000001f8fed8                A_KeenDie
                0x0000000001f8ff80                A_Look
                0x0000000001f90120                A_KeepChasing
                0x0000000001f90148                A_FaceTarget
                0x0000000001f901d8                A_Chase
                0x0000000001f906dc                A_PosAttack
                0x0000000001f90798                A_SPosAttack
                0x0000000001f90860                A_CPosAttack
                0x0000000001f9091c                A_CPosRefire
                0x0000000001f909b8                A_SpidRefire
                0x0000000001f90a48                A_BspiAttack
                0x0000000001f90a78                A_TroopAttack
                0x0000000001f90afc                A_SargAttack
                0x0000000001f90b70                A_HeadAttack
                0x0000000001f90bf8                A_CyberAttack
                0x0000000001f90c28                A_BruisAttack
                0x0000000001f90ca8                A_SkelMissile
                0x0000000001f90d1c                A_Tracer
                0x0000000001f90ee8                A_SkelWhoosh
                0x0000000001f90f14                A_SkelFist
                0x0000000001f90f9c                A_VileChase
                0x0000000001f911cc                A_VileStart
                0x0000000001f911e0                A_Fire
                0x0000000001f912c8                A_StartFire
                0x0000000001f912e4                A_FireCrackle
                0x0000000001f91300                A_VileTarget
                0x0000000001f91380                A_VileAttack
                0x0000000001f914b4                A_FatRaise
                0x0000000001f914d4                A_FatAttack1
                0x0000000001f91570                A_FatAttack2
                0x0000000001f9160c                A_FatAttack3
                0x0000000001f916ec                A_SkullAttack
                0x0000000001f9180c                A_PainShootSkull
                0x0000000001f91a10                A_PainAttack
                0x0000000001f91a38                A_PainDie
                0x0000000001f91a84                A_Scream
                0x0000000001f91b18                A_XScream
                0x0000000001f91b2c                A_Pain
                0x0000000001f91b48                A_Fall
                0x0000000001f91b60                A_Explode
                0x0000000001f91b78                A_BossDeath
                0x0000000001f91de4                A_Hoof
                0x0000000001f91e00                A_Metal
                0x0000000001f91e1c                A_BabyMetal
                0x0000000001f91e38                A_OpenShotgun2
                0x0000000001f91e50                A_LoadShotgun2
                0x0000000001f91e68                A_CloseShotgun2
                0x0000000001f91e94                P_SpawnBrainTargets
                0x0000000001f91f78                A_BrainAwake
                0x0000000001f91f90                A_BrainPain
                0x0000000001f91fa8                A_BrainScream
                0x0000000001f9205c                A_BrainExplode
                0x0000000001f920f8                A_BrainDie
                0x0000000001f92108                A_BrainSpit
                0x0000000001f92208                A_SpawnSound
                0x0000000001f92248                A_SpawnFly
                0x0000000001f92268                A_PlayerScream
                0x0000000001f922a0                A_Die
                0x0000000001f922bc                A_Detonate
                0x0000000001f922d8                A_Mushroom
                0x0000000001f923bc                A_Spawn
                0x0000000001f923f8                A_Turn
                0x0000000001f9242c                A_Face
                0x0000000001f92458                A_Scratch
                0x0000000001f924bc                A_PlaySound
                0x0000000001f924e0                A_RandomJump
                0x0000000001f92510                A_LineEffect
                0x0000000001f925c8                P_BecomeVisible
                0x0000000001f925e8                P_IncreaseVisibility
                0x0000000001f92688                P_DecreaseVisibility
 .text          0x0000000001f92734     0x1354 /home/jbrawley/Desktop/rockbox-photo-cf-support/build/apps/plugins/doom/p_floor.o
                0x0000000001f92734                T_MovePlane
                0x0000000001f92998                T_MoveFloor
                0x0000000001f92bb4                T_MoveElevator
                0x0000000001f92cd4                EV_DoFloor
                0x0000000001f932ac                EV_DoChange
                0x0000000001f93364                EV_BuildStairs
                0x0000000001f936fc                EV_DoDonut
                0x0000000001f938d0                EV_DoElevator
 .text          0x0000000001f93a88     0x165c /home/jbrawley/Desktop/rockbox-photo-cf-support/build/apps/plugins/doom/p_inter.o
                0x0000000001f93a88                P_GiveAmmo
                0x0000000001f93bd4                P_GiveWeapon
                0x0000000001f93d1c                P_GiveBody
                0x0000000001f93d60                P_GiveArmor
                0x0000000001f93d88                P_GiveCard
                0x0000000001f93da8                P_GivePower
                0x0000000001f93e68                P_TouchSpecialThing
                0x0000000001f947ec                P_DamageMobj
 .text          0x0000000001f950e4      0x648 /home/jbrawley/Desktop/rockbox-photo-cf-support/build/apps/plugins/doom/p_lights.o
                0x0000000001f950e4                T_StrobeFlash
                0x0000000001f95124                T_Glow
                0x0000000001f951a8                T_FireFlicker
                0x0000000001f95208                T_LightFlash
                0x0000000001f95284                P_SpawnFireFlicker
                0x0000000001f952ec                P_SpawnLightFlash
                0x0000000001f95370                P_SpawnStrobeFlash
                0x0000000001f9541c                P_SpawnGlowingLight
                0x0000000001f95480                EV_StartLightStrobing
                0x0000000001f954e8                EV_TurnTagLightsOff
                0x0000000001f9557c                EV_LightTurnOn
                0x0000000001f95650                EV_LightTurnOnPartway
 .text          0x0000000001f9572c     0x33f4 /home/jbrawley/Desktop/rockbox-photo-cf-support/build/apps/plugins/doom/p_map.o
                0x0000000001f9572c                PIT_StompThing
                0x0000000001f95874                PTR_AimTraverse
                0x0000000001f95bc4                PTR_NoWayTraverse
                0x0000000001f96030                PTR_SlideTraverse
                0x0000000001f96120                PTR_ShootTraverse
                0x0000000001f96c68                PTR_UseTraverse
                0x0000000001f96d1c                PIT_RadiusAttack
                0x0000000001f96e28                P_GetFriction
                0x0000000001f96f4c                P_GetMoveFactor
                0x0000000001f96fe4                P_TeleportMove
                0x0000000001f971e0                Check_Sides
                0x0000000001f972f0                P_CheckPosition
                0x0000000001f97558                P_TryMove
                0x0000000001f97970                P_ApplyTorque
                0x0000000001f97a94                P_ThingHeightClip
                0x0000000001f97b44                PIT_ChangeSector
                0x0000000001f97cc4                P_HitSlideLine
                0x0000000001f97f94                P_SlideMove
                0x0000000001f982a4                P_AimLineAttack
                0x0000000001f98384                P_LineAttack
                0x0000000001f98438                P_UseLines
                0x0000000001f98514                P_RadiusAttack
                0x0000000001f985c8                P_ChangeSector
                0x0000000001f98650                P_CheckSector
                0x0000000001f98708                P_AddSecnode
                0x0000000001f987bc                PIT_GetSectors
                0x0000000001f98874                P_DelSecnode
                0x0000000001f988d4                P_DelSeclist
                0x0000000001f988f4                P_CreateSecNodeList
                0x0000000001f98ae4                P_MapStart
                0x0000000001f98b0c                P_MapEnd
 .text          0x0000000001f98b20     0x1058 /home/jbrawley/Desktop/rockbox-photo-cf-support/build/apps/plugins/doom/p_maputl.o
                0x0000000001f98cd8                P_AproxDistance
                0x0000000001f98d00                P_PointOnLineSide
                0x0000000001f98db4                P_BoxOnLineSide
                0x0000000001f98eb8                P_PointOnDivlineSide
                0x0000000001f98f84                P_MakeDivline
                0x0000000001f98fb0                P_InterceptVector
                0x0000000001f9907c                PIT_AddLineIntercepts
                0x0000000001f99188                PIT_AddThingIntercepts
                0x0000000001f99278                P_LineOpening
                0x0000000001f99338                P_UnsetThingPosition
                0x0000000001f993bc                P_SetThingPosition
                0x0000000001f99508                ThingIsOnLine
                0x0000000001f995e8                P_BlockLinesIterator
                0x0000000001f995f8                P_BlockThingsIterator
                0x0000000001f9960c                P_TraverseIntercepts
                0x0000000001f996b8                P_PathTraverse
 .text          0x0000000001f99b78      0x650 /home/jbrawley/Desktop/rockbox-photo-cf-support/build/apps/plugins/doom/p_plats.o
                0x0000000001f99b78                P_ActivateInStasis
                0x0000000001f99bf8                EV_StopPlat
                0x0000000001f99c60                P_AddActivePlat
                0x0000000001f99cb0                EV_DoPlat
                0x0000000001f99f6c                P_RemoveActivePlat
                0x0000000001f99fb0                T_PlatRaise
                0x0000000001f9a194                P_RemoveAllActivePlats
 .text          0x0000000001f9a1c8     0x1214 /home/jbrawley/Desktop/rockbox-photo-cf-support/build/apps/plugins/doom/p_pspr.o
                0x0000000001f9a4b0                P_SwitchWeapon
                0x0000000001f9a684                P_WeaponPreferred
                0x0000000001f9a74c                P_CheckAmmo
                0x0000000001f9a864                P_DropWeapon
                0x0000000001f9a884                A_WeaponReady
                0x0000000001f9a9dc                A_ReFire
                0x0000000001f9aa24                A_CheckReload
                0x0000000001f9aa28                A_Lower
                0x0000000001f9aa70                A_Raise
                0x0000000001f9aaac                A_GunFlash
                0x0000000001f9aad0                A_Punch
                0x0000000001f9ac0c                A_Saw
                0x0000000001f9adc4                A_FireMissile
                0x0000000001f9ae00                A_FireBFG
                0x0000000001f9ae48                A_FireOldBFG
                0x0000000001f9ae4c                A_FirePlasma
                0x0000000001f9aea0                P_GunShot
                0x0000000001f9af2c                A_FirePistol
                0x0000000001f9af9c                A_FireShotgun
                0x0000000001f9b014                A_FireShotgun2
                0x0000000001f9b118                A_FireCGun
                0x0000000001f9b20c                A_Light0
                0x0000000001f9b218                A_Light1
                0x0000000001f9b224                A_Light2
                0x0000000001f9b230                A_BFGSpray
                0x0000000001f9b334                A_BFGsound
                0x0000000001f9b34c                P_SetupPsprites
                0x0000000001f9b364                P_MovePsprites
 .text          0x0000000001f9b3dc     0x21b8 /home/jbrawley/Desktop/rockbox-photo-cf-support/build/apps/plugins/doom/p_setup.o
                0x0000000001f9b484                P_CreateBlockMap
                0x0000000001f9be84                P_GroupLines
                0x0000000001f9c190                P_RemoveSlimeTrails
                0x0000000001f9c37c                P_SetupLevel
                0x0000000001f9d574                P_Init
 .text          0x0000000001f9d594      0xc54 /home/jbrawley/Desktop/rockbox-photo-cf-support/build/apps/plugins/doom/p_sight.o
                0x0000000001f9df20                P_CheckSight
 .text          0x0000000001f9e1e8     0x47a4 /home/jbrawley/Desktop/rockbox-photo-cf-support/build/apps/plugins/doom/p_spec.o
                0x0000000001f9e1e8                T_Scroll
                0x0000000001f9e52c                PIT_PushThing
                0x0000000001f9e714                T_Pusher
                0x0000000001f9e944                P_InitPicAnims
                0x0000000001f9eb10                getSide
                0x0000000001f9eb50                getSector
                0x0000000001f9eb94                twoSided
                0x0000000001f9ebe4                getNextSector
                0x0000000001f9ec3c                P_FindLowestFloorSurrounding
                0x0000000001f9ecd0                P_FindHighestFloorSurrounding
                0x0000000001f9ed70                P_FindNextHighestFloor
                0x0000000001f9eea0                P_FindNextLowestFloor
                0x0000000001f9efd0                P_FindNextLowestCeiling
                0x0000000001f9f100                P_FindNextHighestCeiling
                0x0000000001f9f230                P_FindLowestCeilingSurrounding
                0x0000000001f9f2cc                P_FindHighestCeilingSurrounding
                0x0000000001f9f368                P_FindShortestTextureAround
                0x0000000001f9f444                P_FindShortestUpperAround
                0x0000000001f9f520                P_FindModelFloorSector
                0x0000000001f9f638                P_FindModelCeilingSector
                0x0000000001f9f750                P_FindSectorFromLineTag
                0x0000000001f9f808                P_FindLineFromLineTag
                0x0000000001f9f8c0                P_FindMinSurroundingLight
                0x0000000001f9f950                P_CanUnlockGenDoor
                0x0000000001f9fc48                P_SectorActive
                0x0000000001f9fcc4                P_CheckTag
                0x0000000001fa004c                P_IsSecret
                0x0000000001fa0068                P_WasSecret
                0x0000000001fa0084                P_CrossSpecialLine
                0x0000000001fa11a0                P_ShootSpecialLine
                0x0000000001fa1508                P_PlayerInSpecialSector
                0x0000000001fa17ac                P_UpdateSpecials
                0x0000000001fa1a40                P_SpawnSpecials
                0x0000000001fa2948                P_GetPushThing
 .text          0x0000000001fa298c     0x170c /home/jbrawley/Desktop/rockbox-photo-cf-support/build/apps/plugins/doom/p_switch.o
                0x0000000001fa298c                P_InitSwitchList
                0x0000000001fa2aa4                P_StartButton
                0x0000000001fa2b3c                P_ChangeSwitchTexture
                0x0000000001fa2d38                P_UseSpecialLine
 .text          0x0000000001fa4098     0x2234 /home/jbrawley/Desktop/rockbox-photo-cf-support/build/apps/plugins/doom/p_mobj.o
                0x0000000001fa4098                P_SpawnMobj
                0x0000000001fa4298                P_RemoveMobj
                0x0000000001fa43e4                P_SetMobjState
                0x0000000001fa456c                P_ExplodeMissile
                0x0000000001fa45f8                P_XYMovement
                0x0000000001fa4bfc                P_NightmareRespawn
                0x0000000001fa4d68                P_MobjThinker
                0x0000000001fa54d4                P_FindDoomedNum
                0x0000000001fa5608                P_RespawnSpecials
                0x0000000001fa578c                P_SpawnPlayer
                0x0000000001fa5960                P_SpawnMapThing
                0x0000000001fa5e00                P_SpawnPuff
                0x0000000001fa5e94                P_SpawnBlood
                0x0000000001fa5f40                P_CheckMissileSpawn
                0x0000000001fa5ff0                P_SpawnMissile
                0x0000000001fa613c                P_SpawnPlayerMissile
 .text          0x0000000001fa62cc      0x7e0 /home/jbrawley/Desktop/rockbox-photo-cf-support/build/apps/plugins/doom/p_telept.o
                0x0000000001fa62cc                EV_Teleport
                0x0000000001fa64e4                EV_SilentTeleport
                0x0000000001fa66ec                EV_SilentLineTeleport
 .text          0x0000000001fa6aac      0x2c8 /home/jbrawley/Desktop/rockbox-photo-cf-support/build/apps/plugins/doom/p_tick.o
                0x0000000001fa6aac                P_RemoveThinkerDelayed
                0x0000000001fa6ae4                P_InitThinkers
                0x0000000001fa6b20                P_UpdateThinker
                0x0000000001fa6bc4                P_AddThinker
                0x0000000001fa6bf4                P_RemoveThinker
                0x0000000001fa6c18                P_SetTarget
                0x0000000001fa6c44                P_Ticker
 .text          0x0000000001fa6d74     0x1a1c /home/jbrawley/Desktop/rockbox-photo-cf-support/build/apps/plugins/doom/p_saveg.o
                0x0000000001fa6d74                P_ArchivePlayers
                0x0000000001fa6e58                P_UnArchivePlayers
                0x0000000001fa6f0c                P_ArchiveWorld
                0x0000000001fa70d4                P_UnArchiveWorld
                0x0000000001fa7258                P_ThinkerToIndex
                0x0000000001fa72b0                P_IndexToThinker
                0x0000000001fa72e8                P_ArchiveThinkers
                0x0000000001fa755c                P_UnArchiveThinkers
                0x0000000001fa78a4                P_ArchiveSpecials
                0x0000000001fa7fa0                P_UnArchiveSpecials
                0x0000000001fa84c0                P_ArchiveRNG
                0x0000000001fa84fc                P_UnArchiveRNG
                0x0000000001fa8530                P_ArchiveMap
                0x0000000001fa8638                P_UnArchiveMap
 .text          0x0000000001fa8790      0x7a8 /home/jbrawley/Desktop/rockbox-photo-cf-support/build/apps/plugins/doom/p_user.o
                0x0000000001fa8790                P_Thrust
                0x0000000001fa87f8                P_Bob
                0x0000000001fa8858                P_CalcHeight
                0x0000000001fa8a1c                P_MovePlayer
                0x0000000001fa8b5c                P_DeathThink
                0x0000000001fa8c68                P_PlayerThink
 .text          0x0000000001fa8f38      0xc30 /home/jbrawley/Desktop/rockbox-photo-cf-support/build/apps/plugins/doom/r_bsp.o
                0x0000000001fa8f38                R_ClearDrawSegs
                0x0000000001fa8f54                R_ClipWallSegment
                0x0000000001fa906c                R_ClearClipSegs
                0x0000000001fa9090                R_FakeFlat
                0x0000000001fa937c                R_RenderBSPNode
 .text          0x0000000001fa9b68     0x1b20 /home/jbrawley/Desktop/rockbox-photo-cf-support/build/apps/plugins/doom/r_data.o
                0x0000000001fa9e60                R_DrawColumnInCache
                0x0000000001fa9efc                R_GenerateComposite
                0x0000000001faa1a4                R_GetColumn
                0x0000000001faa288                R_InitTextures
                0x0000000001faa820                R_InitFlats
                0x0000000001faa8c8                R_InitSpriteLumps
                0x0000000001faa9f0                R_InitColormaps
                0x0000000001faaab4                R_ColormapNumForName
                0x0000000001faab10                R_InitTranMap
                0x0000000001faafd8                R_InitData
                0x0000000001fab03c                R_FlatNumForName
                0x0000000001fab084                R_CheckTextureNumForName
                0x0000000001fab098                R_TextureNumForName
                0x0000000001fab0e8                isAnim
                0x0000000001fab148                R_PrecacheLevel
                0x0000000001fab628                R_SetPatchNum
 .text          0x0000000001fab688      0xbc4 /home/jbrawley/Desktop/rockbox-photo-cf-support/build/apps/plugins/doom/r_draw.o
                0x0000000001fab688                R_DrawColumn
                0x0000000001fab838                R_DrawTLColumn
                0x0000000001fab9d4                R_DrawFuzzColumn
                0x0000000001faba84                R_DrawTranslatedColumn
                0x0000000001fabb14                R_InitTranslationTables
                0x0000000001fabc8c                R_DrawSpan
                0x0000000001fabd1c                R_InitBuffer
                0x0000000001fabdb4                R_FillBackScreen
                0x0000000001fac0b0                R_VideoErase
                0x0000000001fac0dc                R_DrawViewBorder
 .text          0x0000000001fac24c      0xf40 /home/jbrawley/Desktop/rockbox-photo-cf-support/build/apps/plugins/doom/r_main.o
                0x0000000001fac24c                R_PointOnSide
                0x0000000001fac310                R_PointOnSegSide
                0x0000000001fac3e0                R_PointToAngle
                0x0000000001fac554                R_PointToAngle2
                0x0000000001fac6b0                R_InitLightTables
                0x0000000001fac7c4                R_SetViewSize
                0x0000000001fac7e4                R_ExecuteSetViewSize
                0x0000000001face24                R_Init
                0x0000000001facecc                R_PointInSubsector
                0x0000000001facf44                R_SetupFrame
                0x0000000001fad150                R_RenderPlayerView
 .text          0x0000000001fad18c      0xc18 /home/jbrawley/Desktop/rockbox-photo-cf-support/build/apps/plugins/doom/r_plane.o
                0x0000000001fad3e8                R_InitPlanes
                0x0000000001fad3ec                R_ClearPlanes
                0x0000000001fad5c8                R_DupPlane
                0x0000000001fad660                R_FindPlane
                0x0000000001fad77c                R_CheckPlane
                0x0000000001fad804                R_DrawPlanes
 .text          0x0000000001fadda4     0x19b0 /home/jbrawley/Desktop/rockbox-photo-cf-support/build/apps/plugins/doom/r_segs.o
                0x0000000001fade94                R_RenderMaskedSegRange
                0x0000000001fae2e8                R_StoreWallRange
 .text          0x0000000001faf754       0x14 /home/jbrawley/Desktop/rockbox-photo-cf-support/build/apps/plugins/doom/r_sky.o
                0x0000000001faf754                R_InitSkyMap
 .text          0x0000000001faf768     0x196c /home/jbrawley/Desktop/rockbox-photo-cf-support/build/apps/plugins/doom/r_things.o
                0x0000000001faf9b8                R_InitSpriteDefs
                0x0000000001fafd50                R_InitSprites
                0x0000000001fafd70                R_ClearSprites
                0x0000000001fafd84                R_NewVisSprite
                0x0000000001fafdf0                R_DrawMaskedColumn
                0x0000000001faff54                R_DrawVisSprite
                0x0000000001fb018c                R_ProjectSprite
                0x0000000001fb077c                R_AddSprites
                0x0000000001fb0830                R_DrawPSprite
                0x0000000001fb0a28                R_DrawPlayerSprites
                0x0000000001fb0b08                R_SortVisSprites
                0x0000000001fb0ba4                R_DrawSprite
                0x0000000001fb1028                R_DrawMasked
 .text          0x0000000001fb10d4     0x2a98 /home/jbrawley/Desktop/rockbox-photo-cf-support/build/apps/plugins/doom/wi_stuff.o
                0x0000000001fb15f4                WI_levelNameLump
                0x0000000001fb167c                WI_Responder
                0x0000000001fb1684                WI_drawLF
                0x0000000001fb1758                WI_drawEL
                0x0000000001fb182c                WI_drawOnLnode
                0x0000000001fb1994                WI_initAnimatedBack
                0x0000000001fb1aa0                WI_updateAnimatedBack
                0x0000000001fb1c1c                WI_drawAnimatedBack
                0x0000000001fb1ce4                WI_initNoState
                0x0000000001fb1d10                WI_updateNoState
                0x0000000001fb1d3c                WI_initShowNextLoc
                0x0000000001fb1da4                WI_updateShowNextLoc
                0x0000000001fb1e18                WI_drawShowNextLoc
                0x0000000001fb1f18                WI_drawNoState
                0x0000000001fb1f2c                WI_fragSum
                0x0000000001fb1f90                WI_initDeathmatchStats
                0x0000000001fb2048                WI_updateDeathmatchStats
                0x0000000001fb22e8                WI_drawDeathmatchStats
                0x0000000001fb25cc                WI_initNetgameStats
                0x0000000001fb26a4                WI_updateNetgameStats
                0x0000000001fb2b80                WI_drawNetgameStats
                0x0000000001fb2f30                WI_initStats
                0x0000000001fb2fc8                WI_updateStats
                0x0000000001fb342c                WI_drawStats
                0x0000000001fb3554                WI_checkForAccelerate
                0x0000000001fb35dc                WI_Ticker
                0x0000000001fb36a0                WI_loadData
                0x0000000001fb385c                WI_unloadData
                0x0000000001fb39d8                WI_End
                0x0000000001fb3a38                WI_Drawer
                0x0000000001fb3a9c                WI_initVariables
                0x0000000001fb3b24                WI_Start
 .text          0x0000000001fb3b6c      0xca4 /home/jbrawley/Desktop/rockbox-photo-cf-support/build/apps/plugins/doom/v_video.o
                0x0000000001fb3b6c                V_InitColorTranslation
                0x0000000001fb3ba8                V_MarkRect
                0x0000000001fb3bf4                V_CopyRect
                0x0000000001fb3d4c                V_DrawBlock
                0x0000000001fb3f04                V_DrawBackground
                0x0000000001fb3fd4                V_GetBlock
                0x0000000001fb4030                V_Init
                0x0000000001fb4084                V_DrawMemPatch
                0x0000000001fb4614                V_DrawNumPatch
                0x0000000001fb4674                V_NamePatchWidth
                0x0000000001fb46a4                V_NamePatchHeight
                0x0000000001fb46d4                V_PatchToBlock
                0x0000000001fb4794                V_SetPalette
                0x0000000001fb47a4                V_FillRect
 .text          0x0000000001fb4810      0x570 /home/jbrawley/Desktop/rockbox-photo-cf-support/build/apps/plugins/doom/st_lib.o
                0x0000000001fb4a2c                STlib_init
                0x0000000001fb4a30                STlib_initNum
                0x0000000001fb4a64                STlib_updateNum
                0x0000000001fb4a78                STlib_initPercent
                0x0000000001fb4ab4                STlib_updatePercent
                0x0000000001fb4b7c                STlib_initMultIcon
                0x0000000001fb4ba8                STlib_updateMultIcon
                0x0000000001fb4c8c                STlib_initBinIcon
                0x0000000001fb4cb8                STlib_updateBinIcon
 .text          0x0000000001fb4d80     0x142c /home/jbrawley/Desktop/rockbox-photo-cf-support/build/apps/plugins/doom/st_stuff.o
                0x0000000001fb51a4                ST_refreshBackground
                0x0000000001fb51bc                ST_Responder
                0x0000000001fb5220                ST_calcPainOffset
                0x0000000001fb5288                ST_updateFaceWidget
                0x0000000001fb5754                ST_updateWidgets
                0x0000000001fb58dc                ST_Ticker
                0x0000000001fb5920                ST_doPaletteStuff
                0x0000000001fb59cc                ST_drawWidgets
                0x0000000001fb5c7c                ST_doRefresh
                0x0000000001fb5ca8                ST_diffDraw
                0x0000000001fb5cb0                ST_Drawer
                0x0000000001fb5d00                ST_loadData
                0x0000000001fb5d08                ST_unloadData
                0x0000000001fb5d10                ST_initData
                0x0000000001fb5dc0                ST_createWidgets
                0x0000000001fb6100                ST_Start
                0x0000000001fb613c                ST_Stop
                0x0000000001fb6168                ST_Init
 .text          0x0000000001fb61ac     0x29a4 /home/jbrawley/Desktop/rockbox-photo-cf-support/build/apps/plugins/doom/hu_stuff.o
                0x0000000001fb61ac                HU_Init
                0x0000000001fb6608                HU_Stop
                0x0000000001fb661c                HU_Start
                0x0000000001fb6e34                HU_MoveHud
                0x0000000001fb6f78                HU_Erase
                0x0000000001fb6fc8                HU_Drawer
                0x0000000001fb8278                HU_Ticker
                0x0000000001fb8528                HU_queueChatChar
                0x0000000001fb856c                HU_dequeueChatChar
                0x0000000001fb859c                HU_Responder
 .text          0x0000000001fb8b50      0xfb8 /home/jbrawley/Desktop/rockbox-photo-cf-support/build/apps/plugins/doom/hu_lib.o
                0x0000000001fb8b50                HUlib_init
                0x0000000001fb8b54                HUlib_clearTextLine
                0x0000000001fb8b70                HUlib_initTextLine
                0x0000000001fb8ba4                HUlib_addCharToTextLine
                0x0000000001fb8c04                HUlib_delCharFromTextLine
                0x0000000001fb8c38                HUlib_drawTextLine
                0x0000000001fb8e04                HUlib_eraseTextLine
                0x0000000001fb8e08                HUlib_initSText
                0x0000000001fb8e88                HUlib_addLineToSText
                0x0000000001fb8f04                HUlib_addMessageToSText
                0x0000000001fb9080                HUlib_drawSText
                0x0000000001fb90e4                HUlib_eraseSText
                0x0000000001fb914c                HUlib_initMText
                0x0000000001fb920c                HUlib_addLineToMText
                0x0000000001fb9290                HUlib_addMessageToMText
                0x0000000001fb93fc                HUlib_drawMBg
                0x0000000001fb965c                HUlib_drawMText
                0x0000000001fb9744                HUlib_eraseMText
                0x0000000001fb9884                HUlib_initIText
                0x0000000001fb98cc                HUlib_delCharFromIText
                0x0000000001fb9904                HUlib_eraseLineFromIText
                0x0000000001fb9948                HUlib_resetIText
                0x0000000001fb9968                HUlib_addPrefixToIText
                0x0000000001fb99dc                HUlib_keyInIText
                0x0000000001fb9ab4                HUlib_drawIText
                0x0000000001fb9acc                HUlib_eraseIText
 .text          0x0000000001fb9b08      0xd80 /home/jbrawley/Desktop/rockbox-photo-cf-support/build/apps/plugins/doom/s_sound.o
                0x0000000001fb9ca8                S_Init
                0x0000000001fb9da0                S_PauseSound
                0x0000000001fb9df8                S_ResumeSound
                0x0000000001fb9e50                S_SetMusicVolume
                0x0000000001fb9e68                S_SetSfxVolume
                0x0000000001fb9ec0                S_StopMusic
                0x0000000001fba020                S_ChangeMusic
                0x0000000001fba038                S_StartMusic
                0x0000000001fba054                S_StopChannel
                0x0000000001fba108                S_Start
                0x0000000001fba220                S_StopSound
                0x0000000001fba29c                S_StartSoundAtVolume
                0x0000000001fba734                S_StartSound
                0x0000000001fba744                S_UpdateSounds
                0x0000000001fba86c                S_AdjustSoundParams
 .text          0x0000000001fba888      0x578 /home/jbrawley/Desktop/rockbox-photo-cf-support/build/apps/plugins/doom/z_zone.o
                0x0000000001fba888                Z_DumpHistory
                0x0000000001fba88c                Z_Close
                0x0000000001fba8a8                Z_Init
                0x0000000001fba93c                Z_Free
                0x0000000001fbaa14                Z_Malloc
                0x0000000001fbabe8                Z_FreeTags
                0x0000000001fbac6c                Z_ChangeTag
                0x0000000001fbac74                Z_Realloc
                0x0000000001fbacd4                Z_Calloc
                0x0000000001fbad20                Z_Strdup
                0x0000000001fbad6c                Z_CheckHeap
 .text          0x0000000001fbae00      0x1a8 /home/jbrawley/Desktop/rockbox-photo-cf-support/build/apps/plugins/doom/z_bmalloc.o
                0x0000000001fbae00                Z_BMalloc
                0x0000000001fbaee0                Z_BFree
 .text          0x0000000001fbafa8     0x10a4 /home/jbrawley/Desktop/rockbox-photo-cf-support/build/apps/plugins/doom/d_main.o
                0x0000000001fbb008                D_PostEvent
                0x0000000001fbb08c                D_PageTicker
                0x0000000001fbb0b8                D_PageDrawer
                0x0000000001fbb520                D_Display
                0x0000000001fbb538                D_AdvanceDemo
                0x0000000001fbb54c                D_DoAdvanceDemo
                0x0000000001fbb660                D_StartTitle
                0x0000000001fbb69c                D_AddFile
                0x0000000001fbb74c                D_DoomMainSetup
                0x0000000001fbbefc                D_DoomMain
 .text          0x0000000001fbc04c      0x628 /home/jbrawley/Desktop/rockbox-photo-cf-support/build/apps/plugins/doom/m_misc.o
                0x0000000001fbc04c                M_DrawText
                0x0000000001fbc0f8                M_WriteFile
                0x0000000001fbc168                M_ReadFile
                0x0000000001fbc210                M_SaveDefaults
                0x0000000001fbc2f0                M_LookupDefault
                0x0000000001fbc39c                M_LoadDefaults
                0x0000000001fbc4e4                M_DoScreenShot
                0x0000000001fbc560                M_ScreenShot
 .text          0x0000000001fbc674       0x58 /home/jbrawley/Desktop/rockbox-photo-cf-support/build/apps/plugins/doom/m_bbox.o
                0x0000000001fbc674                M_ClearBox
                0x0000000001fbc690                M_AddToBox
 .text          0x0000000001fbc6cc      0x150 /home/jbrawley/Desktop/rockbox-photo-cf-support/build/apps/plugins/doom/i_system.o
                0x0000000001fbc6cc                doomtime
                0x0000000001fbc6e4                I_GetTime
                0x0000000001fbc6f4                I_Init
                0x0000000001fbc740                I_Quit
                0x0000000001fbc780                I_WaitVBL
                0x0000000001fbc794                I_Error
 .text          0x0000000001fbc81c      0x744 /home/jbrawley/Desktop/rockbox-photo-cf-support/build/apps/plugins/doom/i_sound.o
                0x0000000001fbc8fc                getsfx
                0x0000000001fbc9a8                addsfx
                0x0000000001fbca38                I_UpdateSoundParams
                0x0000000001fbca3c                I_SetChannels
                0x0000000001fbcb04                I_SetSfxVolume
                0x0000000001fbcb14                I_SetMusicVolume
                0x0000000001fbcb24                I_GetSfxLumpNum
                0x0000000001fbcb6c                I_StartSound
                0x0000000001fbcb9c                I_StopSound
                0x0000000001fbcbb8                I_SoundIsPlaying
                0x0000000001fbcbd8                I_UpdateSound
                0x0000000001fbccc8                get_more
                0x0000000001fbccf8                I_SubmitSound
                0x0000000001fbcd34                I_ShutdownSound
                0x0000000001fbcd68                I_InitSound
                0x0000000001fbceac                I_InitMusic
                0x0000000001fbceb0                I_ShutdownMusic
                0x0000000001fbceb4                I_PlaySong
                0x0000000001fbced8                I_PauseSong
                0x0000000001fbcedc                I_ResumeSong
                0x0000000001fbcee0                I_StopSong
                0x0000000001fbcf00                I_UnRegisterSong
                0x0000000001fbcf04                I_RegisterSong
                0x0000000001fbcf0c                I_QrySongPlaying
                0x0000000001fbcf50                I_HandleSoundTimer
                0x0000000001fbcf54                I_SoundSetTimer
                0x0000000001fbcf5c                I_SoundDelTimer
 .text          0x0000000001fbcf60      0x550 /home/jbrawley/Desktop/rockbox-photo-cf-support/build/apps/plugins/doom/i_video.o
                0x0000000001fbcf60                I_ShutdownGraphics
                0x0000000001fbcf74                I_StartTic
                0x0000000001fbd284                I_FinishUpdate
                0x0000000001fbd304                I_ReadScreen
                0x0000000001fbd328                I_SetPalette
                0x0000000001fbd468                I_InitGraphics
 .text          0x0000000001fbd4b0      0xda0 /home/jbrawley/Desktop/rockbox-photo-cf-support/build/apps/plugins/doom/w_wad.o
                0x0000000001fbd728                ExtractFileBase
                0x0000000001fbd830                AddDefaultExtension
                0x0000000001fbd8bc                W_LumpNameHash
                0x0000000001fbd9ec                W_CheckNumForName
                0x0000000001fbda94                W_GetNumForName
                0x0000000001fbdad8                W_Init
                0x0000000001fbdf8c                W_LumpLength
                0x0000000001fbdfcc                W_ReadLump
                0x0000000001fbe050                W_CacheLumpNum
                0x0000000001fbe118                W_CacheLumpNumPadded
                0x0000000001fbe1f4                W_UnlockLumpNum
 .text          0x0000000001fbe250      0xf70 /home/jbrawley/Desktop/rockbox-photo-cf-support/build/apps/plugins/doom/rockdoom.o
                0x0000000001fbe320                list_action_callback
                0x0000000001fbe32c                my_open
                0x0000000001fbe3d0                printf
                0x0000000001fbe4b4                my_close
                0x0000000001fbe578                fileexists
                0x0000000001fbe5a4                my_strtok
                0x0000000001fbe64c                Dhandle_ver
                0x0000000001fbe90c                Dbuild_base
                0x0000000001fbe9b0                Dbuild_filelistm
                0x0000000001fbeb54                Oset_keys
                0x0000000001fbec38                menuchoice
                0x0000000001fbecc8                doom_menu
                0x0000000001fbef34                plugin_start
 .text          0x0000000001fbf1c0     0x367c /home/jbrawley/Desktop/rockbox-photo-cf-support/build/apps/plugins/doom/d_deh.o
                0x0000000001fbf1c0                deh_procCheat
                0x0000000001fbf1c4                deh_procError
                0x0000000001fbf4b0                strlwr
                0x0000000001fbf4f4                dehfgets
                0x0000000001fbf5cc                dehfeof
                0x0000000001fbf668                deh_procSprite
                0x0000000001fbf760                deh_procPars
                0x0000000001fbf9fc                deh_procBexCodePointers
                0x0000000001fbfca8                dehfgetc
                0x0000000001fbfd1c                ProcessDehFile
                0x0000000001fc01a4                getConvertedDEHBits
                0x0000000001fc01f8                setMobjInfoValue
                0x0000000001fc0204                deh_procStringSub
                0x0000000001fc04b0                deh_procText
                0x0000000001fc0a00                dehReformatStr
                0x0000000001fc0a4c                rstrip
                0x0000000001fc0ad0                ptr_lstrip
                0x0000000001fc0b0c                deh_GetData
                0x0000000001fc0c50                deh_procThing
                0x0000000001fc1038                deh_procFrame
                0x0000000001fc149c                deh_procPointer
                0x0000000001fc17d8                deh_procSounds
                0x0000000001fc1b8c                deh_procAmmo
                0x0000000001fc1d84                deh_procWeapon
                0x0000000001fc2090                deh_procMisc
                0x0000000001fc24f4                deh_procStrings
 .text          0x0000000001fc283c      0x214 /home/jbrawley/Desktop/rockbox-photo-cf-support/build/apps/plugins/plugin_crt0.o
                0x0000000001fc2854                plugin__start
                0x0000000001fc29a4                rb_atexit
                0x0000000001fc29c4                exit
                0x0000000001fc29e4                _exit
                0x0000000001fc29fc                exit_on_usb
 .text.memcpy   0x0000000001fc2a50       0x14 /home/jbrawley/Desktop/rockbox-photo-cf-support/build/apps/plugins/libplugin.a(gcc-support.o)
                0x0000000001fc2a50                memcpy
 .text.backlight_ignore_timeout
                0x0000000001fc2a64       0x58 /home/jbrawley/Desktop/rockbox-photo-cf-support/build/apps/plugins/libplugin.a(helper.o)
                0x0000000001fc2a64                backlight_ignore_timeout
 .text.backlight_use_settings
                0x0000000001fc2abc       0x3c /home/jbrawley/Desktop/rockbox-photo-cf-support/build/apps/plugins/libplugin.a(helper.o)
                0x0000000001fc2abc                backlight_use_settings
 .text.strncpy  0x0000000001fc2af8       0x38 /home/jbrawley/Desktop/rockbox-photo-cf-support/build/apps/plugins/libplugin.a(strncpy.o)
                0x0000000001fc2af8                strncpy
 .text          0x0000000001fc2b30       0x1c /home/jbrawley/Desktop/rockbox-photo-cf-support/build/lib/libsetjmp.a(setjmp.o)
                0x0000000001fc2b30                setjmp
                0x0000000001fc2b3c                longjmp
 .text          0x0000000001fc2b4c      0x114 /usr/local/lib/gcc/arm-elf-eabi/4.9.4/libgcc.a(_udivsi3.o)
                0x0000000001fc2b4c                __udivsi3
                0x0000000001fc2b4c                __aeabi_uidiv
                0x0000000001fc2c40                __aeabi_uidivmod
 .text          0x0000000001fc2c60      0x148 /usr/local/lib/gcc/arm-elf-eabi/4.9.4/libgcc.a(_divsi3.o)
                0x0000000001fc2c60                __aeabi_idiv
                0x0000000001fc2c60                __divsi3
                0x0000000001fc2d88                __aeabi_idivmod
 .text          0x0000000001fc2da8        0x4 /usr/local/lib/gcc/arm-elf-eabi/4.9.4/libgcc.a(_dvmd_tls.o)
                0x0000000001fc2da8                __aeabi_ldiv0
                0x0000000001fc2da8                __aeabi_idiv0
 .text          0x0000000001fc2dac      0x2ac /usr/local/lib/gcc/arm-elf-eabi/4.9.4/libgcc.a(_arm_addsubsf3.o)
                0x0000000001fc2dac                __aeabi_frsub
                0x0000000001fc2db4                __subsf3
                0x0000000001fc2db4                __aeabi_fsub
                0x0000000001fc2db8                __aeabi_fadd
                0x0000000001fc2db8                __addsf3
                0x0000000001fc2f74                __aeabi_ui2f
                0x0000000001fc2f74                __floatunsisf
                0x0000000001fc2f7c                __aeabi_i2f
                0x0000000001fc2f7c                __floatsisf
                0x0000000001fc2f9c                __floatundisf
                0x0000000001fc2f9c                __aeabi_ul2f
                0x0000000001fc2fac                __floatdisf
                0x0000000001fc2fac                __aeabi_l2f
 .text          0x0000000001fc3058      0x2f8 /usr/local/lib/gcc/arm-elf-eabi/4.9.4/libgcc.a(_arm_muldivsf3.o)
                0x0000000001fc3058                __mulsf3
                0x0000000001fc3058                __aeabi_fmul
                0x0000000001fc31f0                __divsf3
                0x0000000001fc31f0                __aeabi_fdiv
 .text          0x0000000001fc3350      0x114 /usr/local/lib/gcc/arm-elf-eabi/4.9.4/libgcc.a(_arm_cmpsf2.o)
                0x0000000001fc3350                __gtsf2
                0x0000000001fc3350                __gesf2
                0x0000000001fc3358                __lesf2
                0x0000000001fc3358                __ltsf2
                0x0000000001fc3360                __nesf2
                0x0000000001fc3360                __eqsf2
                0x0000000001fc3360                __cmpsf2
                0x0000000001fc33c4                __aeabi_cfrcmple
                0x0000000001fc33d4                __aeabi_cfcmple
                0x0000000001fc33d4                __aeabi_cfcmpeq
                0x0000000001fc33ec                __aeabi_fcmpeq
                0x0000000001fc3404                __aeabi_fcmplt
                0x0000000001fc341c                __aeabi_fcmple
                0x0000000001fc3434                __aeabi_fcmpge
                0x0000000001fc344c                __aeabi_fcmpgt
 .text          0x0000000001fc3464       0x5c /usr/local/lib/gcc/arm-elf-eabi/4.9.4/libgcc.a(_arm_fixsfsi.o)
                0x0000000001fc3464                __fixsfsi
                0x0000000001fc3464                __aeabi_f2iz
 .text          0x0000000001fc34c0       0x48 /usr/local/lib/gcc/arm-elf-eabi/4.9.4/libgcc.a(_aeabi_ldivmod.o)
                0x0000000001fc34c0                __aeabi_ldivmod
 .text          0x0000000001fc3508       0x3c /usr/local/lib/gcc/arm-elf-eabi/4.9.4/libgcc.a(_aeabi_uldivmod.o)
                0x0000000001fc3508                __aeabi_uldivmod
 .text          0x0000000001fc3544       0x84 /usr/local/lib/gcc/arm-elf-eabi/4.9.4/libgcc.a(bpabi.o)
                0x0000000001fc3544                __gnu_ldivmod_helper
                0x0000000001fc3588                __gnu_uldivmod_helper
 .text          0x0000000001fc35c8      0x178 /usr/local/lib/gcc/arm-elf-eabi/4.9.4/libgcc.a(_divdi3.o)
                0x0000000001fc35c8                __divdi3
 .text          0x0000000001fc3740      0x120 /usr/local/lib/gcc/arm-elf-eabi/4.9.4/libgcc.a(_udivdi3.o)
                0x0000000001fc3740                __udivdi3
 .text          0x0000000001fc3860       0x28 /usr/local/lib/gcc/arm-elf-eabi/4.9.4/libgcc.a(_clzdi2.o)
                0x0000000001fc3860                __clzdi2
 .text          0x0000000001fc3888       0x48 /usr/local/lib/gcc/arm-elf-eabi/4.9.4/libgcc.a(_clzsi2.o)
                0x0000000001fc3888                __clzsi2
 *(.glue_7)
 .glue_7        0x0000000001fc38d0        0x0 linker stubs
 *(.glue_7t)
 .glue_7t       0x0000000001fc38d0        0x0 linker stubs

.vfp11_veneer   0x0000000001fc38d0        0x0
 .vfp11_veneer  0x0000000001fc38d0        0x0 linker stubs

.v4_bx          0x0000000001fc38d0        0x0
 .v4_bx         0x0000000001fc38d0        0x0 linker stubs

.iplt           0x0000000001fc38d0        0x0
 .iplt          0x0000000001fc38d0        0x0 /home/jbrawley/Desktop/rockbox-photo-cf-support/build/apps/plugins/doom/../../../firmware/libc/sscanf.o

.rodata         0x0000000001fc38d0     0xb100
 *(.rodata*)
 .rodata.str1.4
                0x0000000001fc38d0      0x44d /home/jbrawley/Desktop/rockbox-photo-cf-support/build/apps/plugins/doom/info.o
 *fill*         0x0000000001fc3d1d        0x3 
 .rodata        0x0000000001fc3d20       0x44 /home/jbrawley/Desktop/rockbox-photo-cf-support/build/apps/plugins/doom/dstrings.o
                0x0000000001fc3d20                NUM_QUITMESSAGES
                0x0000000001fc3d24                endmsg
 .rodata.str1.4
                0x0000000001fc3d64      0x36f /home/jbrawley/Desktop/rockbox-photo-cf-support/build/apps/plugins/doom/dstrings.o
 *fill*         0x0000000001fc40d3        0x1 
 .rodata.str1.4
                0x0000000001fc40d4       0xaf /home/jbrawley/Desktop/rockbox-photo-cf-support/build/apps/plugins/doom/tables.o
 *fill*         0x0000000001fc4183        0x1 
 .rodata        0x0000000001fc4184       0x9e /home/jbrawley/Desktop/rockbox-photo-cf-support/build/apps/plugins/doom/f_finale.o
 *fill*         0x0000000001fc4222        0x2 
 .rodata.str1.4
                0x0000000001fc4224       0x3b /home/jbrawley/Desktop/rockbox-photo-cf-support/build/apps/plugins/doom/f_finale.o
 *fill*         0x0000000001fc425f        0x1 
 .rodata        0x0000000001fc4260       0x7c /home/jbrawley/Desktop/rockbox-photo-cf-support/build/apps/plugins/doom/g_game.o
 .rodata.str1.4
                0x0000000001fc42dc      0x46f /home/jbrawley/Desktop/rockbox-photo-cf-support/build/apps/plugins/doom/g_game.o
                                        0x487 (size before relaxing)
 *fill*         0x0000000001fc474b        0x1 
 .rodata.str1.4
                0x0000000001fc474c      0x1fe /home/jbrawley/Desktop/rockbox-photo-cf-support/build/apps/plugins/doom/m_menu.o
                                        0x22e (size before relaxing)
 *fill*         0x0000000001fc494a        0x2 
 .rodata        0x0000000001fc494c      0x100 /home/jbrawley/Desktop/rockbox-photo-cf-support/build/apps/plugins/doom/m_random.o
 .rodata.str1.4
                0x0000000001fc4a4c        0x6 /home/jbrawley/Desktop/rockbox-photo-cf-support/build/apps/plugins/doom/am_map.o
 *fill*         0x0000000001fc4a52        0x2 
 .rodata        0x0000000001fc4a54        0xc /home/jbrawley/Desktop/rockbox-photo-cf-support/build/apps/plugins/doom/p_genlin.o
 .rodata        0x0000000001fc4a60       0x40 /home/jbrawley/Desktop/rockbox-photo-cf-support/build/apps/plugins/doom/p_enemy.o
 .rodata        0x0000000001fc4aa0       0x18 /home/jbrawley/Desktop/rockbox-photo-cf-support/build/apps/plugins/doom/p_inter.o
 .rodata.str1.4
                0x0000000001fc4ab8       0x27 /home/jbrawley/Desktop/rockbox-photo-cf-support/build/apps/plugins/doom/p_inter.o
 *fill*         0x0000000001fc4adf        0x1 
 .rodata.str1.4
                0x0000000001fc4ae0       0x45 /home/jbrawley/Desktop/rockbox-photo-cf-support/build/apps/plugins/doom/p_map.o
 *fill*         0x0000000001fc4b25        0x3 
 .rodata        0x0000000001fc4b28       0x24 /home/jbrawley/Desktop/rockbox-photo-cf-support/build/apps/plugins/doom/p_pspr.o
 .rodata.str1.4
                0x0000000001fc4b4c       0xfd /home/jbrawley/Desktop/rockbox-photo-cf-support/build/apps/plugins/doom/p_setup.o
                                        0x105 (size before relaxing)
 *fill*         0x0000000001fc4c49        0x3 
 .rodata.str1.4
                0x0000000001fc4c4c       0x4b /home/jbrawley/Desktop/rockbox-photo-cf-support/build/apps/plugins/doom/p_spec.o
 *fill*         0x0000000001fc4c97        0x1 
 .rodata.str1.4
                0x0000000001fc4c98       0x31 /home/jbrawley/Desktop/rockbox-photo-cf-support/build/apps/plugins/doom/p_switch.o
 *fill*         0x0000000001fc4cc9        0x3 
 .rodata.str1.4
                0x0000000001fc4ccc       0x7e /home/jbrawley/Desktop/rockbox-photo-cf-support/build/apps/plugins/doom/p_mobj.o
 *fill*         0x0000000001fc4d4a        0x2 
 .rodata.str1.4
                0x0000000001fc4d4c       0x67 /home/jbrawley/Desktop/rockbox-photo-cf-support/build/apps/plugins/doom/p_saveg.o
 *fill*         0x0000000001fc4db3        0x1 
 .rodata        0x0000000001fc4db4       0xc0 /home/jbrawley/Desktop/rockbox-photo-cf-support/build/apps/plugins/doom/r_bsp.o
 .rodata.str1.4
                0x0000000001fc4e74      0x22a /home/jbrawley/Desktop/rockbox-photo-cf-support/build/apps/plugins/doom/r_data.o
                                        0x232 (size before relaxing)
 *fill*         0x0000000001fc509e        0x2 
 .rodata.str1.4
                0x0000000001fc50a0       0x53 /home/jbrawley/Desktop/rockbox-photo-cf-support/build/apps/plugins/doom/r_draw.o
 *fill*         0x0000000001fc50f3        0x1 
 .rodata.str1.4
                0x0000000001fc50f4       0x7a /home/jbrawley/Desktop/rockbox-photo-cf-support/build/apps/plugins/doom/r_main.o
 *fill*         0x0000000001fc516e        0x2 
 .rodata.str1.4
                0x0000000001fc5170       0xa5 /home/jbrawley/Desktop/rockbox-photo-cf-support/build/apps/plugins/doom/r_things.o
 *fill*         0x0000000001fc5215        0x3 
 .rodata        0x0000000001fc5218      0x1d8 /home/jbrawley/Desktop/rockbox-photo-cf-support/build/apps/plugins/doom/wi_stuff.o
 .rodata.str1.4
                0x0000000001fc53f0       0x7f /home/jbrawley/Desktop/rockbox-photo-cf-support/build/apps/plugins/doom/wi_stuff.o
 *fill*         0x0000000001fc546f        0x1 
 .rodata        0x0000000001fc5470      0x560 /home/jbrawley/Desktop/rockbox-photo-cf-support/build/apps/plugins/doom/v_video.o
                0x0000000001fc54d0                gammatable
 .rodata.str1.4
                0x0000000001fc59d0       0xe4 /home/jbrawley/Desktop/rockbox-photo-cf-support/build/apps/plugins/doom/v_video.o
 .rodata.str1.4
                0x0000000001fc5ab4        0x9 /home/jbrawley/Desktop/rockbox-photo-cf-support/build/apps/plugins/doom/st_lib.o
 *fill*         0x0000000001fc5abd        0x3 
 .rodata.str1.4
                0x0000000001fc5ac0       0xad /home/jbrawley/Desktop/rockbox-photo-cf-support/build/apps/plugins/doom/st_stuff.o
 *fill*         0x0000000001fc5b6d        0x3 
 .rodata        0x0000000001fc5b70       0x80 /home/jbrawley/Desktop/rockbox-photo-cf-support/build/apps/plugins/doom/hu_stuff.o
                0x0000000001fc5b70                english_shiftxform
 .rodata.str1.4
                0x0000000001fc5bf0      0x1f0 /home/jbrawley/Desktop/rockbox-photo-cf-support/build/apps/plugins/doom/hu_stuff.o
                                        0x20c (size before relaxing)
 .rodata        0x0000000001fc5de0       0x24 /home/jbrawley/Desktop/rockbox-photo-cf-support/build/apps/plugins/doom/s_sound.o
 .rodata.str1.4
                0x0000000001fc5e04       0xd4 /home/jbrawley/Desktop/rockbox-photo-cf-support/build/apps/plugins/doom/s_sound.o
 .rodata.str1.4
                0x0000000001fc5ed8       0x75 /home/jbrawley/Desktop/rockbox-photo-cf-support/build/apps/plugins/doom/z_zone.o
 *fill*         0x0000000001fc5f4d        0x3 
 .rodata.str1.4
                0x0000000001fc5f50       0x1d /home/jbrawley/Desktop/rockbox-photo-cf-support/build/apps/plugins/doom/z_bmalloc.o
 *fill*         0x0000000001fc5f6d        0x3 
 .rodata.str1.4
                0x0000000001fc5f70      0x56f /home/jbrawley/Desktop/rockbox-photo-cf-support/build/apps/plugins/doom/sounds.o
                                        0x577 (size before relaxing)
 *fill*         0x0000000001fc64df        0x1 
 .rodata        0x0000000001fc64e0      0x1d8 /home/jbrawley/Desktop/rockbox-photo-cf-support/build/apps/plugins/doom/d_main.o
 .rodata.str1.4
                0x0000000001fc66b8      0x43e /home/jbrawley/Desktop/rockbox-photo-cf-support/build/apps/plugins/doom/d_main.o
                                        0x44e (size before relaxing)
 *fill*         0x0000000001fc6af6        0x2 
 .rodata.str1.4
                0x0000000001fc6af8      0xcdc /home/jbrawley/Desktop/rockbox-photo-cf-support/build/apps/plugins/doom/m_misc.o
                                        0xd08 (size before relaxing)
 .rodata.str1.4
                0x0000000001fc77d4      0xcdc /home/jbrawley/Desktop/rockbox-photo-cf-support/build/apps/plugins/doom/i_system.o
                                          0x4 (size before relaxing)
 .rodata.str1.4
                0x0000000001fc77d4       0x91 /home/jbrawley/Desktop/rockbox-photo-cf-support/build/apps/plugins/doom/i_sound.o
 *fill*         0x0000000001fc7865        0x3 
 .rodata.str1.4
                0x0000000001fc7868       0x1a /home/jbrawley/Desktop/rockbox-photo-cf-support/build/apps/plugins/doom/i_video.o
                                         0x22 (size before relaxing)
 *fill*         0x0000000001fc7882        0x2 
 .rodata.str1.4
                0x0000000001fc7884      0x11a /home/jbrawley/Desktop/rockbox-photo-cf-support/build/apps/plugins/doom/w_wad.o
                                        0x15e (size before relaxing)
 *fill*         0x0000000001fc799e        0x2 
 .rodata        0x0000000001fc79a0      0x278 /home/jbrawley/Desktop/rockbox-photo-cf-support/build/apps/plugins/doom/rockdoom.o
                0x0000000001fc79c8                wads_builtin
                0x0000000001fc7a9c                versions_builtin
 .rodata.str1.4
                0x0000000001fc7c18      0x2f5 /home/jbrawley/Desktop/rockbox-photo-cf-support/build/apps/plugins/doom/rockdoom.o
                                        0x305 (size before relaxing)
 *fill*         0x0000000001fc7f0d        0x3 
 .rodata        0x0000000001fc7f10     0x12cc /home/jbrawley/Desktop/rockbox-photo-cf-support/build/apps/plugins/doom/d_deh.o
                0x0000000001fc8fa8                mapnamest
                0x0000000001fc9028                mapnamesp
                0x0000000001fc90a8                mapnames2
                0x0000000001fc9128                mapnames
 .rodata.str1.4
                0x0000000001fc91dc     0x57f4 /home/jbrawley/Desktop/rockbox-photo-cf-support/build/apps/plugins/doom/d_deh.o
                                       0x5a42 (size before relaxing)

.ARM.exidx      0x0000000001fce9d0        0x8
 .ARM.exidx     0x0000000001fce9d0        0x8 /usr/local/lib/gcc/arm-elf-eabi/4.9.4/libgcc.a(_divdi3.o)
 .ARM.exidx     0x0000000001fce9d8        0x0 /usr/local/lib/gcc/arm-elf-eabi/4.9.4/libgcc.a(_udivdi3.o)
                                          0x8 (size before relaxing)

.rel.dyn        0x0000000001fce9d8        0x0
 .rel.iplt      0x0000000001fce9d8        0x0 /home/jbrawley/Desktop/rockbox-photo-cf-support/build/apps/plugins/doom/../../../firmware/libc/sscanf.o

.data           0x0000000001fce9d8     0xf550
 *(.data*)
 .data          0x0000000001fce9d8     0xa9f4 /home/jbrawley/Desktop/rockbox-photo-cf-support/build/apps/plugins/doom/info.o
                0x0000000001fce9d8                mobjinfo
                0x0000000001fd2730                states
                0x0000000001fd919c                sprnames
 .data          0x0000000001fd93cc       0x20 /home/jbrawley/Desktop/rockbox-photo-cf-support/build/apps/plugins/doom/doomstat.o
                0x0000000001fd93cc                rockblock
                0x0000000001fd93d0                enable_sound
                0x0000000001fd93d4                default_distfriend
                0x0000000001fd93d8                distfriend
                0x0000000001fd93dc                default_monster_friction
                0x0000000001fd93e0                default_monster_infighting
                0x0000000001fd93e4                default_compatibility_level
                0x0000000001fd93e8                compatibility_level
 .data          0x0000000001fd93ec        0x4 /home/jbrawley/Desktop/rockbox-photo-cf-support/build/apps/plugins/doom/d_net.o
                0x0000000001fd93ec                ticdup
 .data          0x0000000001fd93f0       0xd8 /home/jbrawley/Desktop/rockbox-photo-cf-support/build/apps/plugins/doom/d_items.o
                0x0000000001fd93f0                weaponinfo
 .data          0x0000000001fd94c8      0x180 /home/jbrawley/Desktop/rockbox-photo-cf-support/build/apps/plugins/doom/g_game.o
                0x0000000001fd94cc                sidemove
                0x0000000001fd94d4                angleturn
                0x0000000001fd94e0                forwardmove
                0x0000000001fd94e8                cpars
                0x0000000001fd9568                pars
                0x0000000001fd960c                DEMOMARKER
                0x0000000001fd9614                comp_lev_str
                0x0000000001fd9640                key_help
                0x0000000001fd9644                key_escape
 .data          0x0000000001fd9648      0x49c /home/jbrawley/Desktop/rockbox-photo-cf-support/build/apps/plugins/doom/m_menu.o
                0x0000000001fd9648                SoundDef
                0x0000000001fd9660                OptionsDef
                0x0000000001fd9678                ReadDef1
                0x0000000001fd9690                ReadDef2
                0x0000000001fd96a8                MainDef
                0x0000000001fd96c0                quitsounds2
                0x0000000001fd96e0                quitsounds
                0x0000000001fd9700                NewDef
                0x0000000001fd9718                EpiDef
                0x0000000001fd9730                LoadMenu
                0x0000000001fd97a8                LoadDef
                0x0000000001fd97c0                SaveDef
                0x0000000001fd97d8                msgNames
                0x0000000001fd97ec                skullName
                0x0000000001fd9800                MainMenu
                0x0000000001fd9878                ReadMenu1
                0x0000000001fd988c                detailNames
                0x0000000001fd98a0                SaveMenu
                0x0000000001fd9918                SoundMenu
                0x0000000001fd9990                ReadMenu2
                0x0000000001fd99a4                OptionsMenu
                0x0000000001fd9a30                NewGameMenu
                0x0000000001fd9a94                EpisodeMenu
 .data          0x0000000001fd9ae4        0x4 /home/jbrawley/Desktop/rockbox-photo-cf-support/build/apps/plugins/doom/m_random.o
                0x0000000001fd9ae4                rngseed
 .data          0x0000000001fd9ae8      0x214 /home/jbrawley/Desktop/rockbox-photo-cf-support/build/apps/plugins/doom/am_map.o
                0x0000000001fd9b1c                mapcolor_plyr
                0x0000000001fd9b2c                player_arrow
                0x0000000001fd9b9c                cheat_player_arrow
                0x0000000001fd9c7c                cross_mark
                0x0000000001fd9c9c                thintriangle_guy
                0x0000000001fd9ccc                triangle_guy
 .data          0x0000000001fd9cfc        0x4 /home/jbrawley/Desktop/rockbox-photo-cf-support/build/apps/plugins/doom/p_enemy.o
                0x0000000001fd9cfc                TRACEANGLE
 .data          0x0000000001fd9d00       0x5c /home/jbrawley/Desktop/rockbox-photo-cf-support/build/apps/plugins/doom/p_inter.o
                0x0000000001fd9d00                clipammo
                0x0000000001fd9d10                maxhealth
                0x0000000001fd9d14                green_armor_class
                0x0000000001fd9d18                blue_armor_class
                0x0000000001fd9d1c                max_armor
                0x0000000001fd9d20                soul_health
                0x0000000001fd9d24                max_soul
                0x0000000001fd9d28                mega_health
                0x0000000001fd9d2c                maxammo
                0x0000000001fd9d3c                bfgcells
                0x0000000001fd9d40                idkfa_armor_class
                0x0000000001fd9d44                idkfa_armor
                0x0000000001fd9d48                idfa_armor_class
                0x0000000001fd9d4c                idfa_armor
                0x0000000001fd9d50                god_health
                0x0000000001fd9d54                initial_bullets
                0x0000000001fd9d58                initial_health
 .data          0x0000000001fd9d5c       0x14 /home/jbrawley/Desktop/rockbox-photo-cf-support/build/apps/plugins/doom/p_map.o
                0x0000000001fd9d5c                secnodezone
 .data          0x0000000001fd9d70       0x50 /home/jbrawley/Desktop/rockbox-photo-cf-support/build/apps/plugins/doom/p_pspr.o
                0x0000000001fd9d70                weapon_preferences
 .data          0x0000000001fd9dc0        0x4 /home/jbrawley/Desktop/rockbox-photo-cf-support/build/apps/plugins/doom/p_setup.o
 .data          0x0000000001fd9dc4        0x8 /home/jbrawley/Desktop/rockbox-photo-cf-support/build/apps/plugins/doom/r_data.o
                0x0000000001fd9dc8                tran_filter_pct
 .data          0x0000000001fd9dcc        0x4 /home/jbrawley/Desktop/rockbox-photo-cf-support/build/apps/plugins/doom/r_main.o
                0x0000000001fd9dcc                validcount
 .data          0x0000000001fd9dd0        0x4 /home/jbrawley/Desktop/rockbox-photo-cf-support/build/apps/plugins/doom/r_plane.o
 .data          0x0000000001fd9dd4      0x584 /home/jbrawley/Desktop/rockbox-photo-cf-support/build/apps/plugins/doom/wi_stuff.o
 .data          0x0000000001fda358       0x18 /home/jbrawley/Desktop/rockbox-photo-cf-support/build/apps/plugins/doom/st_stuff.o
 .data          0x0000000001fda370       0x50 /home/jbrawley/Desktop/rockbox-photo-cf-support/build/apps/plugins/doom/hu_stuff.o
                0x0000000001fda374                hud_graph_keys
                0x0000000001fda378                plyrcoltran
                0x0000000001fda388                player_names
                0x0000000001fda398                chat_macros
 .data          0x0000000001fda3c0        0x8 /home/jbrawley/Desktop/rockbox-photo-cf-support/build/apps/plugins/doom/s_sound.o
                0x0000000001fda3c0                snd_MusicVolume
                0x0000000001fda3c4                snd_SfxVolume
 .data          0x0000000001fda3c8     0x1394 /home/jbrawley/Desktop/rockbox-photo-cf-support/build/apps/plugins/doom/sounds.o
                0x0000000001fda3c8                S_sfx
                0x0000000001fdb31c                S_music
 .data          0x0000000001fdb75c        0x8 /home/jbrawley/Desktop/rockbox-photo-cf-support/build/apps/plugins/doom/d_main.o
                0x0000000001fdb75c                wipegamestate
                0x0000000001fdb760                dehout
 .data          0x0000000001fdb764     0x2264 /home/jbrawley/Desktop/rockbox-photo-cf-support/build/apps/plugins/doom/m_misc.o
                0x0000000001fdb764                defaults
                0x0000000001fdd9c4                precache
 .data          0x0000000001fdd9c8        0x4 /home/jbrawley/Desktop/rockbox-photo-cf-support/build/apps/plugins/doom/i_sound.o
 .data          0x0000000001fdd9cc       0x68 /home/jbrawley/Desktop/rockbox-photo-cf-support/build/apps/plugins/doom/rockdoom.o
                0x0000000001fdd9cc                fpoint
 .data          0x0000000001fdda34      0x4f0 /home/jbrawley/Desktop/rockbox-photo-cf-support/build/apps/plugins/doom/d_deh.o
                0x0000000001fdda40                deh_newlevel
                0x0000000001fdda44                savegamename
                0x0000000001fdda48                startup5
                0x0000000001fdda4c                startup4
                0x0000000001fdda50                startup3
                0x0000000001fdda54                startup2
                0x0000000001fdda58                startup1
                0x0000000001fdda5c                bgcastcall
                0x0000000001fdda60                bgflat31
                0x0000000001fdda64                bgflat15
                0x0000000001fdda68                bgflat30
                0x0000000001fdda6c                bgflat20
                0x0000000001fdda70                bgflat11
                0x0000000001fdda74                bgflat06
                0x0000000001fdda78                bgflatE4
                0x0000000001fdda7c                bgflatE3
                0x0000000001fdda80                bgflatE2
                0x0000000001fdda84                bgflatE1
                0x0000000001fdda88                s_CC_HERO
                0x0000000001fdda8c                s_CC_CYBER
                0x0000000001fdda90                s_CC_SPIDER
                0x0000000001fdda94                s_CC_ARCH
                0x0000000001fdda98                s_CC_MANCU
                0x0000000001fdda9c                s_CC_REVEN
                0x0000000001fddaa0                s_CC_PAIN
                0x0000000001fddaa4                s_CC_ARACH
                0x0000000001fddaa8                s_CC_BARON
                0x0000000001fddaac                s_CC_HELL
                0x0000000001fddab0                s_CC_CACO
                0x0000000001fddab4                s_CC_LOST
                0x0000000001fddab8                s_CC_DEMON
                0x0000000001fddabc                s_CC_IMP
                0x0000000001fddac0                s_CC_HEAVY
                0x0000000001fddac4                s_CC_SHOTGUN
                0x0000000001fddac8                s_CC_ZOMBIE
                0x0000000001fddacc                s_T6TEXT
                0x0000000001fddad0                s_T5TEXT
                0x0000000001fddad4                s_T4TEXT
                0x0000000001fddad8                s_T3TEXT
                0x0000000001fddadc                s_T2TEXT
                0x0000000001fddae0                s_T1TEXT
                0x0000000001fddae4                s_P6TEXT
                0x0000000001fddae8                s_P5TEXT
                0x0000000001fddaec                s_P4TEXT
                0x0000000001fddaf0                s_P3TEXT
                0x0000000001fddaf4                s_P2TEXT
                0x0000000001fddaf8                s_P1TEXT
                0x0000000001fddafc                s_C6TEXT
                0x0000000001fddb00                s_C5TEXT
                0x0000000001fddb04                s_C4TEXT
                0x0000000001fddb08                s_C3TEXT
                0x0000000001fddb0c                s_C2TEXT
                0x0000000001fddb10                s_C1TEXT
                0x0000000001fddb14                s_E4TEXT
                0x0000000001fddb18                s_E3TEXT
                0x0000000001fddb1c                s_E2TEXT
                0x0000000001fddb20                s_E1TEXT
                0x0000000001fddb24                s_STSTR_COMPOFF
                0x0000000001fddb28                s_STSTR_COMPON
                0x0000000001fddb2c                s_STSTR_CLEV
                0x0000000001fddb30                s_STSTR_CHOPPERS
                0x0000000001fddb34                s_STSTR_BEHOLDX
                0x0000000001fddb38                s_STSTR_BEHOLD
                0x0000000001fddb3c                s_STSTR_NCOFF
                0x0000000001fddb40                s_STSTR_NCON
                0x0000000001fddb44                s_STSTR_FAADDED
                0x0000000001fddb48                s_STSTR_KFAADDED
                0x0000000001fddb4c                s_STSTR_DQDOFF
                0x0000000001fddb50                s_STSTR_DQDON
                0x0000000001fddb54                s_STSTR_NOMUS
                0x0000000001fddb58                s_STSTR_MUS
                0x0000000001fddb5c                s_AMSTR_OVERLAYOFF
                0x0000000001fddb60                s_AMSTR_OVERLAYON
                0x0000000001fddb64                s_AMSTR_ROTATEOFF
                0x0000000001fddb68                s_AMSTR_ROTATEON
                0x0000000001fddb6c                s_AMSTR_MARKSCLEARED
                0x0000000001fddb70                s_AMSTR_MARKEDSPOT
                0x0000000001fddb74                s_AMSTR_GRIDOFF
                0x0000000001fddb78                s_AMSTR_GRIDON
                0x0000000001fddb7c                s_AMSTR_FOLLOWOFF
                0x0000000001fddb80                s_AMSTR_FOLLOWON
                0x0000000001fddb84                s_HUSTR_PLRRED
                0x0000000001fddb88                s_HUSTR_PLRBROWN
                0x0000000001fddb8c                s_HUSTR_PLRINDIGO
                0x0000000001fddb90                s_HUSTR_PLRGREEN
                0x0000000001fddb94                s_HUSTR_MESSAGESENT
                0x0000000001fddb98                s_HUSTR_TALKTOSELF5
                0x0000000001fddb9c                s_HUSTR_TALKTOSELF4
                0x0000000001fddba0                s_HUSTR_TALKTOSELF3
                0x0000000001fddba4                s_HUSTR_TALKTOSELF2
                0x0000000001fddba8                s_HUSTR_TALKTOSELF1
                0x0000000001fddbac                s_HUSTR_CHATMACRO0
                0x0000000001fddbb0                s_HUSTR_CHATMACRO9
                0x0000000001fddbb4                s_HUSTR_CHATMACRO8
                0x0000000001fddbb8                s_HUSTR_CHATMACRO7
                0x0000000001fddbbc                s_HUSTR_CHATMACRO6
                0x0000000001fddbc0                s_HUSTR_CHATMACRO5
                0x0000000001fddbc4                s_HUSTR_CHATMACRO4
                0x0000000001fddbc8                s_HUSTR_CHATMACRO3
                0x0000000001fddbcc                s_HUSTR_CHATMACRO2
                0x0000000001fddbd0                s_HUSTR_CHATMACRO1
                0x0000000001fddbd4                s_THUSTR_32
                0x0000000001fddbd8                s_THUSTR_31
                0x0000000001fddbdc                s_THUSTR_30
                0x0000000001fddbe0                s_THUSTR_29
                0x0000000001fddbe4                s_THUSTR_28
                0x0000000001fddbe8                s_THUSTR_27