Archive member included to satisfy reference by file (symbol)

/home/jbrawley/Desktop/rockbox-photo-cf-support/build/apps/plugins/bitmaps/libpluginbitmaps.a(flipit_cursor.40x40x16.o)
                              /home/jbrawley/Desktop/rockbox-photo-cf-support/build/apps/plugins/flipit.o (flipit_cursor)
/home/jbrawley/Desktop/rockbox-photo-cf-support/build/apps/plugins/bitmaps/libpluginbitmaps.a(flipit_tokens.40x80x16.o)
                              /home/jbrawley/Desktop/rockbox-photo-cf-support/build/apps/plugins/flipit.o (flipit_tokens)
/home/jbrawley/Desktop/rockbox-photo-cf-support/build/lib/libsetjmp.a(setjmp.o)
                              /home/jbrawley/Desktop/rockbox-photo-cf-support/build/apps/plugins/plugin_crt0.o (setjmp)
/usr/local/lib/gcc/arm-elf-eabi/4.9.4/libgcc.a(_divsi3.o)
                              /home/jbrawley/Desktop/rockbox-photo-cf-support/build/apps/plugins/flipit.o (__aeabi_idiv)
/usr/local/lib/gcc/arm-elf-eabi/4.9.4/libgcc.a(_dvmd_tls.o)
                              /usr/local/lib/gcc/arm-elf-eabi/4.9.4/libgcc.a(_divsi3.o) (__aeabi_idiv0)

Discarded input sections

 .data          0x0000000000000000        0x0 /home/jbrawley/Desktop/rockbox-photo-cf-support/build/apps/plugins/flipit.o
 .text          0x0000000000000000        0x0 /home/jbrawley/Desktop/rockbox-photo-cf-support/build/apps/plugins/bitmaps/libpluginbitmaps.a(flipit_cursor.40x40x16.o)
 .data          0x0000000000000000        0x0 /home/jbrawley/Desktop/rockbox-photo-cf-support/build/apps/plugins/bitmaps/libpluginbitmaps.a(flipit_cursor.40x40x16.o)
 .bss           0x0000000000000000        0x0 /home/jbrawley/Desktop/rockbox-photo-cf-support/build/apps/plugins/bitmaps/libpluginbitmaps.a(flipit_cursor.40x40x16.o)
 .text          0x0000000000000000        0x0 /home/jbrawley/Desktop/rockbox-photo-cf-support/build/apps/plugins/bitmaps/libpluginbitmaps.a(flipit_tokens.40x80x16.o)
 .data          0x0000000000000000        0x0 /home/jbrawley/Desktop/rockbox-photo-cf-support/build/apps/plugins/bitmaps/libpluginbitmaps.a(flipit_tokens.40x80x16.o)
 .bss           0x0000000000000000        0x0 /home/jbrawley/Desktop/rockbox-photo-cf-support/build/apps/plugins/bitmaps/libpluginbitmaps.a(flipit_tokens.40x80x16.o)
 .data          0x0000000000000000        0x0 /home/jbrawley/Desktop/rockbox-photo-cf-support/build/lib/libsetjmp.a(setjmp.o)
 .bss           0x0000000000000000        0x0 /home/jbrawley/Desktop/rockbox-photo-cf-support/build/lib/libsetjmp.a(setjmp.o)
 .data          0x0000000000000000        0x0 /usr/local/lib/gcc/arm-elf-eabi/4.9.4/libgcc.a(_divsi3.o)
 .bss           0x0000000000000000        0x0 /usr/local/lib/gcc/arm-elf-eabi/4.9.4/libgcc.a(_divsi3.o)
 .data          0x0000000000000000        0x0 /usr/local/lib/gcc/arm-elf-eabi/4.9.4/libgcc.a(_dvmd_tls.o)
 .bss           0x0000000000000000        0x0 /usr/local/lib/gcc/arm-elf-eabi/4.9.4/libgcc.a(_dvmd_tls.o)

Memory Configuration

Name             Origin             Length             Attributes
PLUGIN_RAM       0x0000000001f80000 0x0000000000080000
PLUGIN_IRAM      0x000000004000c000 0x000000000000c000
*default*        0x0000000000000000 0xffffffffffffffff

Linker script and memory map

LOAD /home/jbrawley/Desktop/rockbox-photo-cf-support/build/apps/plugins/flipit.o
LOAD /home/jbrawley/Desktop/rockbox-photo-cf-support/build/apps/plugins/plugin_crt0.o
LOAD /home/jbrawley/Desktop/rockbox-photo-cf-support/build/apps/plugins/libplugin.a
LOAD /home/jbrawley/Desktop/rockbox-photo-cf-support/build/apps/plugins/bitmaps/libpluginbitmaps.a
LOAD /home/jbrawley/Desktop/rockbox-photo-cf-support/build/lib/libsetjmp.a
LOAD /home/jbrawley/Desktop/rockbox-photo-cf-support/build/lib/libfixedpoint.a
LOAD /usr/local/lib/gcc/arm-elf-eabi/4.9.4/libgcc.a

.header         0x0000000001f80000       0x1c
                0x0000000001f80000                _plugin_start_addr = .
                0x0000000001f80000                plugin_start_addr = .
 *(.header)
 .header        0x0000000001f80000       0x1c /home/jbrawley/Desktop/rockbox-photo-cf-support/build/apps/plugins/plugin_crt0.o
                0x0000000001f80000                __header

.text           0x0000000001f8001c      0xc00
 *(.text*)
 .text          0x0000000001f8001c      0x884 /home/jbrawley/Desktop/rockbox-photo-cf-support/build/apps/plugins/flipit.o
                0x0000000001f8047c                plugin_start
 .text          0x0000000001f808a0      0x214 /home/jbrawley/Desktop/rockbox-photo-cf-support/build/apps/plugins/plugin_crt0.o
                0x0000000001f808b8                plugin__start
                0x0000000001f80a08                rb_atexit
                0x0000000001f80a28                exit
                0x0000000001f80a48                _exit
                0x0000000001f80a60                exit_on_usb
 .text          0x0000000001f80ab4       0x1c /home/jbrawley/Desktop/rockbox-photo-cf-support/build/lib/libsetjmp.a(setjmp.o)
                0x0000000001f80ab4                setjmp
                0x0000000001f80ac0                longjmp
 .text          0x0000000001f80ad0      0x148 /usr/local/lib/gcc/arm-elf-eabi/4.9.4/libgcc.a(_divsi3.o)
                0x0000000001f80ad0                __aeabi_idiv
                0x0000000001f80ad0                __divsi3
                0x0000000001f80bf8                __aeabi_idivmod
 .text          0x0000000001f80c18        0x4 /usr/local/lib/gcc/arm-elf-eabi/4.9.4/libgcc.a(_dvmd_tls.o)
                0x0000000001f80c18                __aeabi_ldiv0
                0x0000000001f80c18                __aeabi_idiv0
 *(.glue_7)
 .glue_7        0x0000000001f80c1c        0x0 linker stubs
 *(.glue_7t)
 .glue_7t       0x0000000001f80c1c        0x0 linker stubs

.vfp11_veneer   0x0000000001f80c1c        0x0
 .vfp11_veneer  0x0000000001f80c1c        0x0 linker stubs

.v4_bx          0x0000000001f80c1c        0x0
 .v4_bx         0x0000000001f80c1c        0x0 linker stubs

.iplt           0x0000000001f80c1c        0x0
 .iplt          0x0000000001f80c1c        0x0 /home/jbrawley/Desktop/rockbox-photo-cf-support/build/apps/plugins/flipit.o

.rodata         0x0000000001f80c1c     0x2624
 *(.rodata*)
 .rodata.str1.1
                0x0000000001f80c1c       0x72 /home/jbrawley/Desktop/rockbox-photo-cf-support/build/apps/plugins/flipit.o
 *fill*         0x0000000001f80c8e        0x2 
 .rodata        0x0000000001f80c90      0xc98 /home/jbrawley/Desktop/rockbox-photo-cf-support/build/apps/plugins/bitmaps/libpluginbitmaps.a(flipit_cursor.40x40x16.o)
                0x0000000001f80c90                bm_flipit_cursor
                0x0000000001f80ca8                flipit_cursor
 .rodata        0x0000000001f81928     0x1918 /home/jbrawley/Desktop/rockbox-photo-cf-support/build/apps/plugins/bitmaps/libpluginbitmaps.a(flipit_tokens.40x80x16.o)
                0x0000000001f81928                bm_flipit_tokens
                0x0000000001f81940                flipit_tokens

.rel.dyn        0x0000000001f83240        0x0
 .rel.iplt      0x0000000001f83240        0x0 /home/jbrawley/Desktop/rockbox-photo-cf-support/build/apps/plugins/flipit.o

.data           0x0000000001f83240        0x4
 *(.data*)
 .data          0x0000000001f83240        0x4 /home/jbrawley/Desktop/rockbox-photo-cf-support/build/apps/plugins/plugin_crt0.o
                0x0000000001f83240                rb

.igot.plt       0x0000000001f83244        0x0
 .igot.plt      0x0000000001f83244        0x0 /home/jbrawley/Desktop/rockbox-photo-cf-support/build/apps/plugins/flipit.o

.ncdata         0x0000000011f83244        0xc load address 0x0000000001f83244
                0x0000000011f83250                . = ALIGN (0x10)
 *fill*         0x0000000011f83244        0xc 
 *(.ncdata*)
                0x0000000011f83250                . = ALIGN (0x10)
                0x0000000001f83250                bssaddr = (. - 0x10000000)
                0x0000000001f83250                iramcopy = (. - 0x10000000)

/DISCARD/
 *(.eh_frame)

.bss            0x0000000001f83250      0x108
                0x0000000001f83250                plugin_bss_start = .
                0x0000000001f83250                _plugin_bss_start = .
 *(.bss*)
 .bss           0x0000000001f83250       0xa8 /home/jbrawley/Desktop/rockbox-photo-cf-support/build/apps/plugins/flipit.o
 .bss           0x0000000001f832f8       0x60 /home/jbrawley/Desktop/rockbox-photo-cf-support/build/apps/plugins/plugin_crt0.o
 *(COMMON)
                0x0000000001f83358                . = ALIGN (0x4)

.ncbss          0x0000000011f83358        0x8 load address 0x0000000001f83358
                0x0000000011f83360                . = ALIGN (0x10)
 *fill*         0x0000000011f83358        0x8 
 *(.ncbss*)
                0x0000000011f83360                . = ALIGN (0x10)
                0x0000000001f83360                pluginendaddr = (. - 0x10000000)

.pluginend      0x0000000001f83360        0x0
                0x0000000001f83360                _plugin_end_addr = .
                0x0000000001f83360                plugin_end_addr = .

.iram           0x000000004000c000        0x0 load address 0x0000000001f83250
                0x000000004000c000                iramstart = .
 *(.icode)
 *(.irodata)
 *(.idata)
                0x000000004000c000                iramend = .

.ibss           0x000000004000c000        0x0
                0x000000004000c000                iedata = .
 *(.ibss)
                0x000000004000c000                . = ALIGN (0x4)
                0x000000004000c000                iend = .
                0x0000000001f83360                loadendaddr = MAX (plugin_end_addr, (LOADADDR (.iram) + SIZEOF (.iram)))

.pluginloadend  0x0000000001f83360        0x0
                0x0000000001f83360                _plugin_load_end_addr = .
                0x0000000001f83360                plugin_load_end_addr = .

.comment        0x0000000000000000       0x11
 *(.comment)
 .comment       0x0000000000000000       0x11 /home/jbrawley/Desktop/rockbox-photo-cf-support/build/apps/plugins/flipit.o
                                         0x12 (size before relaxing)
 .comment       0x0000000000000011       0x12 /home/jbrawley/Desktop/rockbox-photo-cf-support/build/apps/plugins/plugin_crt0.o
 .comment       0x0000000000000011       0x12 /home/jbrawley/Desktop/rockbox-photo-cf-support/build/apps/plugins/bitmaps/libpluginbitmaps.a(flipit_cursor.40x40x16.o)
 .comment       0x0000000000000011       0x12 /home/jbrawley/Desktop/rockbox-photo-cf-support/build/apps/plugins/bitmaps/libpluginbitmaps.a(flipit_tokens.40x80x16.o)
OUTPUT(/home/jbrawley/Desktop/rockbox-photo-cf-support/build/apps/plugins/flipit.elf elf32-littlearm)

.ARM.attributes
                0x0000000000000000       0x2e
 .ARM.attributes
                0x0000000000000000       0x30 /home/jbrawley/Desktop/rockbox-photo-cf-support/build/apps/plugins/flipit.o
 .ARM.attributes
                0x0000000000000030       0x30 /home/jbrawley/Desktop/rockbox-photo-cf-support/build/apps/plugins/plugin_crt0.o
 .ARM.attributes
                0x0000000000000060       0x30 /home/jbrawley/Desktop/rockbox-photo-cf-support/build/apps/plugins/bitmaps/libpluginbitmaps.a(flipit_cursor.40x40x16.o)
 .ARM.attributes
                0x0000000000000090       0x30 /home/jbrawley/Desktop/rockbox-photo-cf-support/build/apps/plugins/bitmaps/libpluginbitmaps.a(flipit_tokens.40x80x16.o)
 .ARM.attributes
                0x00000000000000c0       0x20 /home/jbrawley/Desktop/rockbox-photo-cf-support/build/lib/libsetjmp.a(setjmp.o)
 .ARM.attributes
                0x00000000000000e0       0x18 /usr/local/lib/gcc/arm-elf-eabi/4.9.4/libgcc.a(_divsi3.o)
 .ARM.attributes
                0x00000000000000f8       0x18 /usr/local/lib/gcc/arm-elf-eabi/4.9.4/libgcc.a(_dvmd_tls.o)

.debug_frame    0x0000000000000000       0x20
 .debug_frame   0x0000000000000000       0x20 /usr/local/lib/gcc/arm-elf-eabi/4.9.4/libgcc.a(_divsi3.o)

.debug_line     0x0000000000000000       0xeb
 .debug_line    0x0000000000000000       0x8a /usr/local/lib/gcc/arm-elf-eabi/4.9.4/libgcc.a(_divsi3.o)
 .debug_line    0x000000000000008a       0x61 /usr/local/lib/gcc/arm-elf-eabi/4.9.4/libgcc.a(_dvmd_tls.o)

.debug_info     0x0000000000000000      0x110
 .debug_info    0x0000000000000000       0x88 /usr/local/lib/gcc/arm-elf-eabi/4.9.4/libgcc.a(_divsi3.o)
 .debug_info    0x0000000000000088       0x88 /usr/local/lib/gcc/arm-elf-eabi/4.9.4/libgcc.a(_dvmd_tls.o)

.debug_abbrev   0x0000000000000000       0x28
 .debug_abbrev  0x0000000000000000       0x14 /usr/local/lib/gcc/arm-elf-eabi/4.9.4/libgcc.a(_divsi3.o)
 .debug_abbrev  0x0000000000000014       0x14 /usr/local/lib/gcc/arm-elf-eabi/4.9.4/libgcc.a(_dvmd_tls.o)

.debug_aranges  0x0000000000000000       0x40
 .debug_aranges
                0x0000000000000000       0x20 /usr/local/lib/gcc/arm-elf-eabi/4.9.4/libgcc.a(_divsi3.o)
 .debug_aranges
                0x0000000000000020       0x20 /usr/local/lib/gcc/arm-elf-eabi/4.9.4/libgcc.a(_dvmd_tls.o)
