Archive member included to satisfy reference by file (symbol)

/home/jbrawley/Desktop/rockbox-photo-cf-support/build/apps/plugins/libplugin.a(sha1.o)
                              /home/jbrawley/Desktop/rockbox-photo-cf-support/build/apps/plugins/otp.o (hmac_sha1)
/home/jbrawley/Desktop/rockbox-photo-cf-support/build/apps/plugins/libplugin.a(gcc-support.o)
                              /home/jbrawley/Desktop/rockbox-photo-cf-support/build/apps/plugins/otp.o (memcpy)
/home/jbrawley/Desktop/rockbox-photo-cf-support/build/apps/plugins/libplugin.a(pluginlib_actions.o)
                              /home/jbrawley/Desktop/rockbox-photo-cf-support/build/apps/plugins/otp.o (pluginlib_getaction)
/home/jbrawley/Desktop/rockbox-photo-cf-support/build/apps/plugins/libplugin.a(display_text.o)
                              /home/jbrawley/Desktop/rockbox-photo-cf-support/build/apps/plugins/otp.o (display_text)
/home/jbrawley/Desktop/rockbox-photo-cf-support/build/lib/libsetjmp.a(setjmp.o)
                              /home/jbrawley/Desktop/rockbox-photo-cf-support/build/apps/plugins/plugin_crt0.o (setjmp)
/usr/local/lib/gcc/arm-elf-eabi/4.9.4/libgcc.a(_udivsi3.o)
                              /home/jbrawley/Desktop/rockbox-photo-cf-support/build/apps/plugins/otp.o (__aeabi_uidiv)
/usr/local/lib/gcc/arm-elf-eabi/4.9.4/libgcc.a(_divsi3.o)
                              /home/jbrawley/Desktop/rockbox-photo-cf-support/build/apps/plugins/otp.o (__aeabi_idivmod)
/usr/local/lib/gcc/arm-elf-eabi/4.9.4/libgcc.a(_dvmd_tls.o)
                              /usr/local/lib/gcc/arm-elf-eabi/4.9.4/libgcc.a(_udivsi3.o) (__aeabi_idiv0)
/usr/local/lib/gcc/arm-elf-eabi/4.9.4/libgcc.a(_aeabi_uldivmod.o)
                              /home/jbrawley/Desktop/rockbox-photo-cf-support/build/apps/plugins/otp.o (__aeabi_uldivmod)
/usr/local/lib/gcc/arm-elf-eabi/4.9.4/libgcc.a(bpabi.o)
                              /usr/local/lib/gcc/arm-elf-eabi/4.9.4/libgcc.a(_aeabi_uldivmod.o) (__gnu_uldivmod_helper)
/usr/local/lib/gcc/arm-elf-eabi/4.9.4/libgcc.a(_divdi3.o)
                              /usr/local/lib/gcc/arm-elf-eabi/4.9.4/libgcc.a(bpabi.o) (__divdi3)
/usr/local/lib/gcc/arm-elf-eabi/4.9.4/libgcc.a(_udivdi3.o)
                              /usr/local/lib/gcc/arm-elf-eabi/4.9.4/libgcc.a(bpabi.o) (__udivdi3)
/usr/local/lib/gcc/arm-elf-eabi/4.9.4/libgcc.a(_clzdi2.o)
                              /usr/local/lib/gcc/arm-elf-eabi/4.9.4/libgcc.a(_divdi3.o) (__clzdi2)
/usr/local/lib/gcc/arm-elf-eabi/4.9.4/libgcc.a(_clzsi2.o)
                              /usr/local/lib/gcc/arm-elf-eabi/4.9.4/libgcc.a(_clzdi2.o) (__clzsi2)

Allocating common symbols
Common symbol       size              file

temp_sec            0x100             /home/jbrawley/Desktop/rockbox-photo-cf-support/build/apps/plugins/otp.o
data_buf            0x200             /home/jbrawley/Desktop/rockbox-photo-cf-support/build/apps/plugins/otp.o
old_len             0x4               /home/jbrawley/Desktop/rockbox-photo-cf-support/build/apps/plugins/otp.o

Discarded input sections

 .text          0x0000000000000000        0x0 /home/jbrawley/Desktop/rockbox-photo-cf-support/build/apps/plugins/libplugin.a(sha1.o)
 .data          0x0000000000000000        0x0 /home/jbrawley/Desktop/rockbox-photo-cf-support/build/apps/plugins/libplugin.a(sha1.o)
 .bss           0x0000000000000000        0x0 /home/jbrawley/Desktop/rockbox-photo-cf-support/build/apps/plugins/libplugin.a(sha1.o)
 .text.sha1_buffer
                0x0000000000000000       0x44 /home/jbrawley/Desktop/rockbox-photo-cf-support/build/apps/plugins/libplugin.a(sha1.o)
 .text          0x0000000000000000        0x0 /home/jbrawley/Desktop/rockbox-photo-cf-support/build/apps/plugins/libplugin.a(gcc-support.o)
 .data          0x0000000000000000        0x0 /home/jbrawley/Desktop/rockbox-photo-cf-support/build/apps/plugins/libplugin.a(gcc-support.o)
 .bss           0x0000000000000000        0x0 /home/jbrawley/Desktop/rockbox-photo-cf-support/build/apps/plugins/libplugin.a(gcc-support.o)
 .text.__div0   0x0000000000000000       0x14 /home/jbrawley/Desktop/rockbox-photo-cf-support/build/apps/plugins/libplugin.a(gcc-support.o)
 .text.memmove  0x0000000000000000       0x14 /home/jbrawley/Desktop/rockbox-photo-cf-support/build/apps/plugins/libplugin.a(gcc-support.o)
 .text          0x0000000000000000        0x0 /home/jbrawley/Desktop/rockbox-photo-cf-support/build/apps/plugins/libplugin.a(pluginlib_actions.o)
 .data          0x0000000000000000        0x0 /home/jbrawley/Desktop/rockbox-photo-cf-support/build/apps/plugins/libplugin.a(pluginlib_actions.o)
 .bss           0x0000000000000000        0x0 /home/jbrawley/Desktop/rockbox-photo-cf-support/build/apps/plugins/libplugin.a(pluginlib_actions.o)
 .text          0x0000000000000000        0x0 /home/jbrawley/Desktop/rockbox-photo-cf-support/build/apps/plugins/libplugin.a(display_text.o)
 .data          0x0000000000000000        0x0 /home/jbrawley/Desktop/rockbox-photo-cf-support/build/apps/plugins/libplugin.a(display_text.o)
 .bss           0x0000000000000000        0x0 /home/jbrawley/Desktop/rockbox-photo-cf-support/build/apps/plugins/libplugin.a(display_text.o)
 .data          0x0000000000000000        0x0 /home/jbrawley/Desktop/rockbox-photo-cf-support/build/lib/libsetjmp.a(setjmp.o)
 .bss           0x0000000000000000        0x0 /home/jbrawley/Desktop/rockbox-photo-cf-support/build/lib/libsetjmp.a(setjmp.o)
 .data          0x0000000000000000        0x0 /usr/local/lib/gcc/arm-elf-eabi/4.9.4/libgcc.a(_udivsi3.o)
 .bss           0x0000000000000000        0x0 /usr/local/lib/gcc/arm-elf-eabi/4.9.4/libgcc.a(_udivsi3.o)
 .data          0x0000000000000000        0x0 /usr/local/lib/gcc/arm-elf-eabi/4.9.4/libgcc.a(_divsi3.o)
 .bss           0x0000000000000000        0x0 /usr/local/lib/gcc/arm-elf-eabi/4.9.4/libgcc.a(_divsi3.o)
 .data          0x0000000000000000        0x0 /usr/local/lib/gcc/arm-elf-eabi/4.9.4/libgcc.a(_dvmd_tls.o)
 .bss           0x0000000000000000        0x0 /usr/local/lib/gcc/arm-elf-eabi/4.9.4/libgcc.a(_dvmd_tls.o)
 .data          0x0000000000000000        0x0 /usr/local/lib/gcc/arm-elf-eabi/4.9.4/libgcc.a(_aeabi_uldivmod.o)
 .bss           0x0000000000000000        0x0 /usr/local/lib/gcc/arm-elf-eabi/4.9.4/libgcc.a(_aeabi_uldivmod.o)
 .data          0x0000000000000000        0x0 /usr/local/lib/gcc/arm-elf-eabi/4.9.4/libgcc.a(bpabi.o)
 .bss           0x0000000000000000        0x0 /usr/local/lib/gcc/arm-elf-eabi/4.9.4/libgcc.a(bpabi.o)
 .data          0x0000000000000000        0x0 /usr/local/lib/gcc/arm-elf-eabi/4.9.4/libgcc.a(_divdi3.o)
 .bss           0x0000000000000000        0x0 /usr/local/lib/gcc/arm-elf-eabi/4.9.4/libgcc.a(_divdi3.o)
 .ARM.extab     0x0000000000000000        0x0 /usr/local/lib/gcc/arm-elf-eabi/4.9.4/libgcc.a(_divdi3.o)
 .data          0x0000000000000000        0x0 /usr/local/lib/gcc/arm-elf-eabi/4.9.4/libgcc.a(_udivdi3.o)
 .bss           0x0000000000000000        0x0 /usr/local/lib/gcc/arm-elf-eabi/4.9.4/libgcc.a(_udivdi3.o)
 .ARM.extab     0x0000000000000000        0x0 /usr/local/lib/gcc/arm-elf-eabi/4.9.4/libgcc.a(_udivdi3.o)
 .data          0x0000000000000000        0x0 /usr/local/lib/gcc/arm-elf-eabi/4.9.4/libgcc.a(_clzdi2.o)
 .bss           0x0000000000000000        0x0 /usr/local/lib/gcc/arm-elf-eabi/4.9.4/libgcc.a(_clzdi2.o)
 .data          0x0000000000000000        0x0 /usr/local/lib/gcc/arm-elf-eabi/4.9.4/libgcc.a(_clzsi2.o)
 .bss           0x0000000000000000        0x0 /usr/local/lib/gcc/arm-elf-eabi/4.9.4/libgcc.a(_clzsi2.o)

Memory Configuration

Name             Origin             Length             Attributes
PLUGIN_RAM       0x0000000001f80000 0x0000000000080000
PLUGIN_IRAM      0x000000004000c000 0x000000000000c000
*default*        0x0000000000000000 0xffffffffffffffff

Linker script and memory map

LOAD /home/jbrawley/Desktop/rockbox-photo-cf-support/build/apps/plugins/otp.o
LOAD /home/jbrawley/Desktop/rockbox-photo-cf-support/build/apps/plugins/plugin_crt0.o
LOAD /home/jbrawley/Desktop/rockbox-photo-cf-support/build/apps/plugins/libplugin.a
LOAD /home/jbrawley/Desktop/rockbox-photo-cf-support/build/apps/plugins/bitmaps/libpluginbitmaps.a
LOAD /home/jbrawley/Desktop/rockbox-photo-cf-support/build/lib/libsetjmp.a
LOAD /home/jbrawley/Desktop/rockbox-photo-cf-support/build/lib/libfixedpoint.a
LOAD /usr/local/lib/gcc/arm-elf-eabi/4.9.4/libgcc.a

.header         0x0000000001f80000       0x1c
                0x0000000001f80000                _plugin_start_addr = .
                0x0000000001f80000                plugin_start_addr = .
 *(.header)
 .header        0x0000000001f80000       0x1c /home/jbrawley/Desktop/rockbox-photo-cf-support/build/apps/plugins/plugin_crt0.o
                0x0000000001f80000                __header

.text           0x0000000001f8001c     0x4004
 *(.text*)
 .text          0x0000000001f8001c     0x1b18 /home/jbrawley/Desktop/rockbox-photo-cf-support/build/apps/plugins/otp.o
                0x0000000001f80e74                plugin_start
 .text          0x0000000001f81b34      0x214 /home/jbrawley/Desktop/rockbox-photo-cf-support/build/apps/plugins/plugin_crt0.o
                0x0000000001f81b4c                plugin__start
                0x0000000001f81c9c                rb_atexit
                0x0000000001f81cbc                exit
                0x0000000001f81cdc                _exit
                0x0000000001f81cf4                exit_on_usb
 .text.sha1_init_ctx
                0x0000000001f81d48       0x44 /home/jbrawley/Desktop/rockbox-photo-cf-support/build/apps/plugins/libplugin.a(sha1.o)
                0x0000000001f81d48                sha1_init_ctx
 .text.sha1_read_ctx
                0x0000000001f81d8c       0xbc /home/jbrawley/Desktop/rockbox-photo-cf-support/build/apps/plugins/libplugin.a(sha1.o)
                0x0000000001f81d8c                sha1_read_ctx
 .text.sha1_process_block
                0x0000000001f81e48     0x13e4 /home/jbrawley/Desktop/rockbox-photo-cf-support/build/apps/plugins/libplugin.a(sha1.o)
                0x0000000001f81e48                sha1_process_block
 .text.sha1_finish_ctx
                0x0000000001f8322c       0xcc /home/jbrawley/Desktop/rockbox-photo-cf-support/build/apps/plugins/libplugin.a(sha1.o)
                0x0000000001f8322c                sha1_finish_ctx
 .text.sha1_process_bytes
                0x0000000001f832f8      0x10c /home/jbrawley/Desktop/rockbox-photo-cf-support/build/apps/plugins/libplugin.a(sha1.o)
                0x0000000001f832f8                sha1_process_bytes
 .text.memxor   0x0000000001f83404       0x2c /home/jbrawley/Desktop/rockbox-photo-cf-support/build/apps/plugins/libplugin.a(sha1.o)
                0x0000000001f83404                memxor
 .text.hmac_sha1
                0x0000000001f83430      0x104 /home/jbrawley/Desktop/rockbox-photo-cf-support/build/apps/plugins/libplugin.a(sha1.o)
                0x0000000001f83430                hmac_sha1
 .text.memcpy   0x0000000001f83534       0x14 /home/jbrawley/Desktop/rockbox-photo-cf-support/build/apps/plugins/libplugin.a(gcc-support.o)
                0x0000000001f83534                memcpy
 .text.memset   0x0000000001f83548       0x14 /home/jbrawley/Desktop/rockbox-photo-cf-support/build/apps/plugins/libplugin.a(gcc-support.o)
                0x0000000001f83548                memset
 .text.memcmp   0x0000000001f8355c       0x14 /home/jbrawley/Desktop/rockbox-photo-cf-support/build/apps/plugins/libplugin.a(gcc-support.o)
                0x0000000001f8355c                memcmp
 .text.get_context_map
                0x0000000001f83570       0x3c /home/jbrawley/Desktop/rockbox-photo-cf-support/build/apps/plugins/libplugin.a(pluginlib_actions.o)
 .text.pluginlib_getaction
                0x0000000001f835ac       0x50 /home/jbrawley/Desktop/rockbox-photo-cf-support/build/apps/plugins/libplugin.a(pluginlib_actions.o)
                0x0000000001f835ac                pluginlib_getaction
 .text.wait_key_press
                0x0000000001f835fc       0x5c /home/jbrawley/Desktop/rockbox-photo-cf-support/build/apps/plugins/libplugin.a(display_text.o)
 .text.display_text
                0x0000000001f83658      0x384 /home/jbrawley/Desktop/rockbox-photo-cf-support/build/apps/plugins/libplugin.a(display_text.o)
                0x0000000001f83658                display_text
 .text          0x0000000001f839dc       0x1c /home/jbrawley/Desktop/rockbox-photo-cf-support/build/lib/libsetjmp.a(setjmp.o)
                0x0000000001f839dc                setjmp
                0x0000000001f839e8                longjmp
 .text          0x0000000001f839f8      0x114 /usr/local/lib/gcc/arm-elf-eabi/4.9.4/libgcc.a(_udivsi3.o)
                0x0000000001f839f8                __udivsi3
                0x0000000001f839f8                __aeabi_uidiv
                0x0000000001f83aec                __aeabi_uidivmod
 .text          0x0000000001f83b0c      0x148 /usr/local/lib/gcc/arm-elf-eabi/4.9.4/libgcc.a(_divsi3.o)
                0x0000000001f83b0c                __aeabi_idiv
                0x0000000001f83b0c                __divsi3
                0x0000000001f83c34                __aeabi_idivmod
 .text          0x0000000001f83c54        0x4 /usr/local/lib/gcc/arm-elf-eabi/4.9.4/libgcc.a(_dvmd_tls.o)
                0x0000000001f83c54                __aeabi_ldiv0
                0x0000000001f83c54                __aeabi_idiv0
 .text          0x0000000001f83c58       0x3c /usr/local/lib/gcc/arm-elf-eabi/4.9.4/libgcc.a(_aeabi_uldivmod.o)
                0x0000000001f83c58                __aeabi_uldivmod
 .text          0x0000000001f83c94       0x84 /usr/local/lib/gcc/arm-elf-eabi/4.9.4/libgcc.a(bpabi.o)
                0x0000000001f83c94                __gnu_ldivmod_helper
                0x0000000001f83cd8                __gnu_uldivmod_helper
 .text          0x0000000001f83d18      0x178 /usr/local/lib/gcc/arm-elf-eabi/4.9.4/libgcc.a(_divdi3.o)
                0x0000000001f83d18                __divdi3
 .text          0x0000000001f83e90      0x120 /usr/local/lib/gcc/arm-elf-eabi/4.9.4/libgcc.a(_udivdi3.o)
                0x0000000001f83e90                __udivdi3
 .text          0x0000000001f83fb0       0x28 /usr/local/lib/gcc/arm-elf-eabi/4.9.4/libgcc.a(_clzdi2.o)
                0x0000000001f83fb0                __clzdi2
 .text          0x0000000001f83fd8       0x48 /usr/local/lib/gcc/arm-elf-eabi/4.9.4/libgcc.a(_clzsi2.o)
                0x0000000001f83fd8                __clzsi2
 *(.glue_7)
 .glue_7        0x0000000001f84020        0x0 linker stubs
 *(.glue_7t)
 .glue_7t       0x0000000001f84020        0x0 linker stubs

.vfp11_veneer   0x0000000001f84020        0x0
 .vfp11_veneer  0x0000000001f84020        0x0 linker stubs

.v4_bx          0x0000000001f84020        0x0
 .v4_bx         0x0000000001f84020        0x0 linker stubs

.iplt           0x0000000001f84020        0x0
 .iplt          0x0000000001f84020        0x0 /home/jbrawley/Desktop/rockbox-photo-cf-support/build/apps/plugins/otp.o

.rodata         0x0000000001f84020      0xaa4
 *(.rodata*)
 .rodata        0x0000000001f84020       0xc0 /home/jbrawley/Desktop/rockbox-photo-cf-support/build/apps/plugins/otp.o
 .rodata.str1.1
                0x0000000001f840e0      0x8ca /home/jbrawley/Desktop/rockbox-photo-cf-support/build/apps/plugins/otp.o
                                        0x8d8 (size before relaxing)
 .rodata.fillbuf
                0x0000000001f849aa       0x40 /home/jbrawley/Desktop/rockbox-photo-cf-support/build/apps/plugins/libplugin.a(sha1.o)
 *fill*         0x0000000001f849ea        0x2 
 .rodata.pla_main_ctx
                0x0000000001f849ec       0xd8 /home/jbrawley/Desktop/rockbox-photo-cf-support/build/apps/plugins/libplugin.a(pluginlib_actions.o)
                0x0000000001f849ec                pla_main_ctx
 .rodata.str1.1
                0x0000000001f84ac4      0x8ca /home/jbrawley/Desktop/rockbox-photo-cf-support/build/apps/plugins/libplugin.a(display_text.o)
                                          0x3 (size before relaxing)

.ARM.exidx      0x0000000001f84ac4        0x8
 .ARM.exidx     0x0000000001f84ac4        0x8 /usr/local/lib/gcc/arm-elf-eabi/4.9.4/libgcc.a(_divdi3.o)
 .ARM.exidx     0x0000000001f84acc        0x0 /usr/local/lib/gcc/arm-elf-eabi/4.9.4/libgcc.a(_udivdi3.o)
                                          0x8 (size before relaxing)

.rel.dyn        0x0000000001f84acc        0x0
 .rel.iplt      0x0000000001f84acc        0x0 /home/jbrawley/Desktop/rockbox-photo-cf-support/build/apps/plugins/otp.o

.data           0x0000000001f84acc      0x25c
 *(.data*)
 .data          0x0000000001f84acc      0x258 /home/jbrawley/Desktop/rockbox-photo-cf-support/build/apps/plugins/otp.o
 .data          0x0000000001f84d24        0x4 /home/jbrawley/Desktop/rockbox-photo-cf-support/build/apps/plugins/plugin_crt0.o
                0x0000000001f84d24                rb

.igot.plt       0x0000000001f84d28        0x0
 .igot.plt      0x0000000001f84d28        0x0 /home/jbrawley/Desktop/rockbox-photo-cf-support/build/apps/plugins/otp.o

.ncdata         0x0000000011f84d28        0x8 load address 0x0000000001f84d28
                0x0000000011f84d30                . = ALIGN (0x10)
 *fill*         0x0000000011f84d28        0x8 
 *(.ncdata*)
                0x0000000011f84d30                . = ALIGN (0x10)
                0x0000000001f84d30                bssaddr = (. - 0x10000000)
                0x0000000001f84d30                iramcopy = (. - 0x10000000)

/DISCARD/
 *(.eh_frame)

.bss            0x0000000001f84d30      0x380
                0x0000000001f84d30                plugin_bss_start = .
                0x0000000001f84d30                _plugin_bss_start = .
 *(.bss*)
 .bss           0x0000000001f84d30       0x10 /home/jbrawley/Desktop/rockbox-photo-cf-support/build/apps/plugins/otp.o
 .bss           0x0000000001f84d40       0x60 /home/jbrawley/Desktop/rockbox-photo-cf-support/build/apps/plugins/plugin_crt0.o
 .bss.last_context
                0x0000000001f84da0        0x4 /home/jbrawley/Desktop/rockbox-photo-cf-support/build/apps/plugins/libplugin.a(pluginlib_actions.o)
 .bss.plugin_context_order
                0x0000000001f84da4        0x4 /home/jbrawley/Desktop/rockbox-photo-cf-support/build/apps/plugins/libplugin.a(pluginlib_actions.o)
 .bss.plugin_context_count
                0x0000000001f84da8        0x4 /home/jbrawley/Desktop/rockbox-photo-cf-support/build/apps/plugins/libplugin.a(pluginlib_actions.o)
 *(COMMON)
 COMMON         0x0000000001f84dac      0x304 /home/jbrawley/Desktop/rockbox-photo-cf-support/build/apps/plugins/otp.o
                0x0000000001f84dac                temp_sec
                0x0000000001f84eac                data_buf
                0x0000000001f850ac                old_len
                0x0000000001f850b0                . = ALIGN (0x4)

.ncbss          0x0000000011f850b0        0x0 load address 0x0000000001f850b0
                0x0000000011f850b0                . = ALIGN (0x10)
 *(.ncbss*)
                0x0000000011f850b0                . = ALIGN (0x10)
                0x0000000001f850b0                pluginendaddr = (. - 0x10000000)

.pluginend      0x0000000001f850b0        0x0
                0x0000000001f850b0                _plugin_end_addr = .
                0x0000000001f850b0                plugin_end_addr = .

.iram           0x000000004000c000        0x0 load address 0x0000000001f84d30
                0x000000004000c000                iramstart = .
 *(.icode)
 *(.irodata)
 *(.idata)
                0x000000004000c000                iramend = .

.ibss           0x000000004000c000        0x0
                0x000000004000c000                iedata = .
 *(.ibss)
                0x000000004000c000                . = ALIGN (0x4)
                0x000000004000c000                iend = .
                0x0000000001f850b0                loadendaddr = MAX (plugin_end_addr, (LOADADDR (.iram) + SIZEOF (.iram)))

.pluginloadend  0x0000000001f850b0        0x0
                0x0000000001f850b0                _plugin_load_end_addr = .
                0x0000000001f850b0                plugin_load_end_addr = .

.comment        0x0000000000000000       0x11
 *(.comment)
 .comment       0x0000000000000000       0x11 /home/jbrawley/Desktop/rockbox-photo-cf-support/build/apps/plugins/otp.o
                                         0x12 (size before relaxing)
 .comment       0x0000000000000011       0x12 /home/jbrawley/Desktop/rockbox-photo-cf-support/build/apps/plugins/plugin_crt0.o
 .comment       0x0000000000000011       0x12 /home/jbrawley/Desktop/rockbox-photo-cf-support/build/apps/plugins/libplugin.a(sha1.o)
 .comment       0x0000000000000011       0x12 /home/jbrawley/Desktop/rockbox-photo-cf-support/build/apps/plugins/libplugin.a(gcc-support.o)
 .comment       0x0000000000000011       0x12 /home/jbrawley/Desktop/rockbox-photo-cf-support/build/apps/plugins/libplugin.a(pluginlib_actions.o)
 .comment       0x0000000000000011       0x12 /home/jbrawley/Desktop/rockbox-photo-cf-support/build/apps/plugins/libplugin.a(display_text.o)
 .comment       0x0000000000000011       0x12 /usr/local/lib/gcc/arm-elf-eabi/4.9.4/libgcc.a(bpabi.o)
 .comment       0x0000000000000011       0x12 /usr/local/lib/gcc/arm-elf-eabi/4.9.4/libgcc.a(_divdi3.o)
 .comment       0x0000000000000011       0x12 /usr/local/lib/gcc/arm-elf-eabi/4.9.4/libgcc.a(_udivdi3.o)
OUTPUT(/home/jbrawley/Desktop/rockbox-photo-cf-support/build/apps/plugins/otp.elf elf32-littlearm)

.ARM.attributes
                0x0000000000000000       0x2e
 .ARM.attributes
                0x0000000000000000       0x30 /home/jbrawley/Desktop/rockbox-photo-cf-support/build/apps/plugins/otp.o
 .ARM.attributes
                0x0000000000000030       0x30 /home/jbrawley/Desktop/rockbox-photo-cf-support/build/apps/plugins/plugin_crt0.o
 .ARM.attributes
                0x0000000000000060       0x30 /home/jbrawley/Desktop/rockbox-photo-cf-support/build/apps/plugins/libplugin.a(sha1.o)
 .ARM.attributes
                0x0000000000000090       0x30 /home/jbrawley/Desktop/rockbox-photo-cf-support/build/apps/plugins/libplugin.a(gcc-support.o)
 .ARM.attributes
                0x00000000000000c0       0x30 /home/jbrawley/Desktop/rockbox-photo-cf-support/build/apps/plugins/libplugin.a(pluginlib_actions.o)
 .ARM.attributes
                0x00000000000000f0       0x30 /home/jbrawley/Desktop/rockbox-photo-cf-support/build/apps/plugins/libplugin.a(display_text.o)
 .ARM.attributes
                0x0000000000000120       0x20 /home/jbrawley/Desktop/rockbox-photo-cf-support/build/lib/libsetjmp.a(setjmp.o)
 .ARM.attributes
                0x0000000000000140       0x18 /usr/local/lib/gcc/arm-elf-eabi/4.9.4/libgcc.a(_udivsi3.o)
 .ARM.attributes
                0x0000000000000158       0x18 /usr/local/lib/gcc/arm-elf-eabi/4.9.4/libgcc.a(_divsi3.o)
 .ARM.attributes
                0x0000000000000170       0x18 /usr/local/lib/gcc/arm-elf-eabi/4.9.4/libgcc.a(_dvmd_tls.o)
 .ARM.attributes
                0x0000000000000188       0x18 /usr/local/lib/gcc/arm-elf-eabi/4.9.4/libgcc.a(_aeabi_uldivmod.o)
 .ARM.attributes
                0x00000000000001a0       0x30 /usr/local/lib/gcc/arm-elf-eabi/4.9.4/libgcc.a(bpabi.o)
 .ARM.attributes
                0x00000000000001d0       0x30 /usr/local/lib/gcc/arm-elf-eabi/4.9.4/libgcc.a(_divdi3.o)
 .ARM.attributes
                0x0000000000000200       0x30 /usr/local/lib/gcc/arm-elf-eabi/4.9.4/libgcc.a(_udivdi3.o)
 .ARM.attributes
                0x0000000000000230       0x18 /usr/local/lib/gcc/arm-elf-eabi/4.9.4/libgcc.a(_clzdi2.o)
 .ARM.attributes
                0x0000000000000248       0x18 /usr/local/lib/gcc/arm-elf-eabi/4.9.4/libgcc.a(_clzsi2.o)

.debug_frame    0x0000000000000000      0x158
 .debug_frame   0x0000000000000000       0x20 /usr/local/lib/gcc/arm-elf-eabi/4.9.4/libgcc.a(_udivsi3.o)
 .debug_frame   0x0000000000000020       0x20 /usr/local/lib/gcc/arm-elf-eabi/4.9.4/libgcc.a(_divsi3.o)
 .debug_frame   0x0000000000000040       0x28 /usr/local/lib/gcc/arm-elf-eabi/4.9.4/libgcc.a(_aeabi_uldivmod.o)
 .debug_frame   0x0000000000000068       0x68 /usr/local/lib/gcc/arm-elf-eabi/4.9.4/libgcc.a(bpabi.o)
 .debug_frame   0x00000000000000d0       0x48 /usr/local/lib/gcc/arm-elf-eabi/4.9.4/libgcc.a(_divdi3.o)
 .debug_frame   0x0000000000000118       0x40 /usr/local/lib/gcc/arm-elf-eabi/4.9.4/libgcc.a(_udivdi3.o)

.debug_line     0x0000000000000000      0x441
 .debug_line    0x0000000000000000       0x7e /usr/local/lib/gcc/arm-elf-eabi/4.9.4/libgcc.a(_udivsi3.o)
 .debug_line    0x000000000000007e       0x8a /usr/local/lib/gcc/arm-elf-eabi/4.9.4/libgcc.a(_divsi3.o)
 .debug_line    0x0000000000000108       0x61 /usr/local/lib/gcc/arm-elf-eabi/4.9.4/libgcc.a(_dvmd_tls.o)
 .debug_line    0x0000000000000169       0x64 /usr/local/lib/gcc/arm-elf-eabi/4.9.4/libgcc.a(_aeabi_uldivmod.o)
 .debug_line    0x00000000000001cd       0x65 /usr/local/lib/gcc/arm-elf-eabi/4.9.4/libgcc.a(bpabi.o)
 .debug_line    0x0000000000000232       0x9e /usr/local/lib/gcc/arm-elf-eabi/4.9.4/libgcc.a(_divdi3.o)
 .debug_line    0x00000000000002d0       0x98 /usr/local/lib/gcc/arm-elf-eabi/4.9.4/libgcc.a(_udivdi3.o)
 .debug_line    0x0000000000000368       0x6b /usr/local/lib/gcc/arm-elf-eabi/4.9.4/libgcc.a(_clzdi2.o)
 .debug_line    0x00000000000003d3       0x6e /usr/local/lib/gcc/arm-elf-eabi/4.9.4/libgcc.a(_clzsi2.o)

.debug_info     0x0000000000000000      0x8c0
 .debug_info    0x0000000000000000       0x88 /usr/local/lib/gcc/arm-elf-eabi/4.9.4/libgcc.a(_udivsi3.o)
 .debug_info    0x0000000000000088       0x88 /usr/local/lib/gcc/arm-elf-eabi/4.9.4/libgcc.a(_divsi3.o)
 .debug_info    0x0000000000000110       0x88 /usr/local/lib/gcc/arm-elf-eabi/4.9.4/libgcc.a(_dvmd_tls.o)
 .debug_info    0x0000000000000198       0x84 /usr/local/lib/gcc/arm-elf-eabi/4.9.4/libgcc.a(_aeabi_uldivmod.o)
 .debug_info    0x000000000000021c      0x164 /usr/local/lib/gcc/arm-elf-eabi/4.9.4/libgcc.a(bpabi.o)
 .debug_info    0x0000000000000380      0x269 /usr/local/lib/gcc/arm-elf-eabi/4.9.4/libgcc.a(_divdi3.o)
 .debug_info    0x00000000000005e9      0x1c7 /usr/local/lib/gcc/arm-elf-eabi/4.9.4/libgcc.a(_udivdi3.o)
 .debug_info    0x00000000000007b0       0x88 /usr/local/lib/gcc/arm-elf-eabi/4.9.4/libgcc.a(_clzdi2.o)
 .debug_info    0x0000000000000838       0x88 /usr/local/lib/gcc/arm-elf-eabi/4.9.4/libgcc.a(_clzsi2.o)

.debug_abbrev   0x0000000000000000      0x319
 .debug_abbrev  0x0000000000000000       0x14 /usr/local/lib/gcc/arm-elf-eabi/4.9.4/libgcc.a(_udivsi3.o)
 .debug_abbrev  0x0000000000000014       0x14 /usr/local/lib/gcc/arm-elf-eabi/4.9.4/libgcc.a(_divsi3.o)
 .debug_abbrev  0x0000000000000028       0x14 /usr/local/lib/gcc/arm-elf-eabi/4.9.4/libgcc.a(_dvmd_tls.o)
 .debug_abbrev  0x000000000000003c       0x14 /usr/local/lib/gcc/arm-elf-eabi/4.9.4/libgcc.a(_aeabi_uldivmod.o)
 .debug_abbrev  0x0000000000000050       0xb7 /usr/local/lib/gcc/arm-elf-eabi/4.9.4/libgcc.a(bpabi.o)
 .debug_abbrev  0x0000000000000107      0x123 /usr/local/lib/gcc/arm-elf-eabi/4.9.4/libgcc.a(_divdi3.o)
 .debug_abbrev  0x000000000000022a       0xc7 /usr/local/lib/gcc/arm-elf-eabi/4.9.4/libgcc.a(_udivdi3.o)
 .debug_abbrev  0x00000000000002f1       0x14 /usr/local/lib/gcc/arm-elf-eabi/4.9.4/libgcc.a(_clzdi2.o)
 .debug_abbrev  0x0000000000000305       0x14 /usr/local/lib/gcc/arm-elf-eabi/4.9.4/libgcc.a(_clzsi2.o)

.debug_aranges  0x0000000000000000      0x120
 .debug_aranges
                0x0000000000000000       0x20 /usr/local/lib/gcc/arm-elf-eabi/4.9.4/libgcc.a(_udivsi3.o)
 .debug_aranges
                0x0000000000000020       0x20 /usr/local/lib/gcc/arm-elf-eabi/4.9.4/libgcc.a(_divsi3.o)
 .debug_aranges
                0x0000000000000040       0x20 /usr/local/lib/gcc/arm-elf-eabi/4.9.4/libgcc.a(_dvmd_tls.o)
 .debug_aranges
                0x0000000000000060       0x20 /usr/local/lib/gcc/arm-elf-eabi/4.9.4/libgcc.a(_aeabi_uldivmod.o)
 .debug_aranges
                0x0000000000000080       0x20 /usr/local/lib/gcc/arm-elf-eabi/4.9.4/libgcc.a(bpabi.o)
 .debug_aranges
                0x00000000000000a0       0x20 /usr/local/lib/gcc/arm-elf-eabi/4.9.4/libgcc.a(_divdi3.o)
 .debug_aranges
                0x00000000000000c0       0x20 /usr/local/lib/gcc/arm-elf-eabi/4.9.4/libgcc.a(_udivdi3.o)
 .debug_aranges
                0x00000000000000e0       0x20 /usr/local/lib/gcc/arm-elf-eabi/4.9.4/libgcc.a(_clzdi2.o)
 .debug_aranges
                0x0000000000000100       0x20 /usr/local/lib/gcc/arm-elf-eabi/4.9.4/libgcc.a(_clzsi2.o)

.debug_loc      0x0000000000000000      0x500
 .debug_loc     0x0000000000000000       0xa0 /usr/local/lib/gcc/arm-elf-eabi/4.9.4/libgcc.a(bpabi.o)
 .debug_loc     0x00000000000000a0      0x27d /usr/local/lib/gcc/arm-elf-eabi/4.9.4/libgcc.a(_divdi3.o)
 .debug_loc     0x000000000000031d      0x1e3 /usr/local/lib/gcc/arm-elf-eabi/4.9.4/libgcc.a(_udivdi3.o)

.debug_str      0x0000000000000000      0x287
 .debug_str     0x0000000000000000      0x152 /usr/local/lib/gcc/arm-elf-eabi/4.9.4/libgcc.a(bpabi.o)
 .debug_str     0x0000000000000152      0x135 /usr/local/lib/gcc/arm-elf-eabi/4.9.4/libgcc.a(_divdi3.o)
                                        0x1dd (size before relaxing)
 .debug_str     0x0000000000000287      0x1ba /usr/local/lib/gcc/arm-elf-eabi/4.9.4/libgcc.a(_udivdi3.o)

.debug_ranges   0x0000000000000000       0x18
 .debug_ranges  0x0000000000000000       0x18 /usr/local/lib/gcc/arm-elf-eabi/4.9.4/libgcc.a(_udivdi3.o)
