Archive member included to satisfy reference by file (symbol)

/home/jbrawley/Desktop/rockbox-photo-cf-support/build/apps/plugins/libplugin.a(icon_helper.o)
                              /home/jbrawley/Desktop/rockbox-photo-cf-support/build/apps/plugins/pitch_screen.o (cbmp_get_icon)
/home/jbrawley/Desktop/rockbox-photo-cf-support/build/apps/plugins/libplugin.a(arg_helper.o)
                              /home/jbrawley/Desktop/rockbox-photo-cf-support/build/apps/plugins/pitch_screen.o (bool_parse)
/home/jbrawley/Desktop/rockbox-photo-cf-support/build/apps/plugins/libplugin.a(gcc-support.o)
                              /home/jbrawley/Desktop/rockbox-photo-cf-support/build/apps/plugins/libplugin.a(arg_helper.o) (memcpy)
/home/jbrawley/Desktop/rockbox-photo-cf-support/build/lib/libsetjmp.a(setjmp.o)
                              /home/jbrawley/Desktop/rockbox-photo-cf-support/build/apps/plugins/plugin_crt0.o (setjmp)
/usr/local/lib/gcc/arm-elf-eabi/4.9.4/libgcc.a(_udivsi3.o)
                              /home/jbrawley/Desktop/rockbox-photo-cf-support/build/apps/plugins/pitch_screen.o (__aeabi_uidiv)
/usr/local/lib/gcc/arm-elf-eabi/4.9.4/libgcc.a(_divsi3.o)
                              /home/jbrawley/Desktop/rockbox-photo-cf-support/build/apps/plugins/pitch_screen.o (__aeabi_idiv)
/usr/local/lib/gcc/arm-elf-eabi/4.9.4/libgcc.a(_dvmd_tls.o)
                              /usr/local/lib/gcc/arm-elf-eabi/4.9.4/libgcc.a(_udivsi3.o) (__aeabi_idiv0)

Discarded input sections

 .data          0x0000000000000000        0x0 /home/jbrawley/Desktop/rockbox-photo-cf-support/build/apps/plugins/pitch_screen.o
 .text          0x0000000000000000        0x0 /home/jbrawley/Desktop/rockbox-photo-cf-support/build/apps/plugins/libplugin.a(icon_helper.o)
 .data          0x0000000000000000        0x0 /home/jbrawley/Desktop/rockbox-photo-cf-support/build/apps/plugins/libplugin.a(icon_helper.o)
 .bss           0x0000000000000000        0x0 /home/jbrawley/Desktop/rockbox-photo-cf-support/build/apps/plugins/libplugin.a(icon_helper.o)
 .text          0x0000000000000000        0x0 /home/jbrawley/Desktop/rockbox-photo-cf-support/build/apps/plugins/libplugin.a(arg_helper.o)
 .data          0x0000000000000000        0x0 /home/jbrawley/Desktop/rockbox-photo-cf-support/build/apps/plugins/libplugin.a(arg_helper.o)
 .bss           0x0000000000000000        0x0 /home/jbrawley/Desktop/rockbox-photo-cf-support/build/apps/plugins/libplugin.a(arg_helper.o)
 .text.string_parse
                0x0000000000000000       0xc8 /home/jbrawley/Desktop/rockbox-photo-cf-support/build/apps/plugins/libplugin.a(arg_helper.o)
 .text.char_parse
                0x0000000000000000       0x30 /home/jbrawley/Desktop/rockbox-photo-cf-support/build/apps/plugins/libplugin.a(arg_helper.o)
 .text.num_parse
                0x0000000000000000       0x3c /home/jbrawley/Desktop/rockbox-photo-cf-support/build/apps/plugins/libplugin.a(arg_helper.o)
 .text          0x0000000000000000        0x0 /home/jbrawley/Desktop/rockbox-photo-cf-support/build/apps/plugins/libplugin.a(gcc-support.o)
 .data          0x0000000000000000        0x0 /home/jbrawley/Desktop/rockbox-photo-cf-support/build/apps/plugins/libplugin.a(gcc-support.o)
 .bss           0x0000000000000000        0x0 /home/jbrawley/Desktop/rockbox-photo-cf-support/build/apps/plugins/libplugin.a(gcc-support.o)
 .text.__div0   0x0000000000000000       0x14 /home/jbrawley/Desktop/rockbox-photo-cf-support/build/apps/plugins/libplugin.a(gcc-support.o)
 .text.memset   0x0000000000000000       0x14 /home/jbrawley/Desktop/rockbox-photo-cf-support/build/apps/plugins/libplugin.a(gcc-support.o)
 .text.memmove  0x0000000000000000       0x14 /home/jbrawley/Desktop/rockbox-photo-cf-support/build/apps/plugins/libplugin.a(gcc-support.o)
 .text.memcmp   0x0000000000000000       0x14 /home/jbrawley/Desktop/rockbox-photo-cf-support/build/apps/plugins/libplugin.a(gcc-support.o)
 .data          0x0000000000000000        0x0 /home/jbrawley/Desktop/rockbox-photo-cf-support/build/lib/libsetjmp.a(setjmp.o)
 .bss           0x0000000000000000        0x0 /home/jbrawley/Desktop/rockbox-photo-cf-support/build/lib/libsetjmp.a(setjmp.o)
 .data          0x0000000000000000        0x0 /usr/local/lib/gcc/arm-elf-eabi/4.9.4/libgcc.a(_udivsi3.o)
 .bss           0x0000000000000000        0x0 /usr/local/lib/gcc/arm-elf-eabi/4.9.4/libgcc.a(_udivsi3.o)
 .data          0x0000000000000000        0x0 /usr/local/lib/gcc/arm-elf-eabi/4.9.4/libgcc.a(_divsi3.o)
 .bss           0x0000000000000000        0x0 /usr/local/lib/gcc/arm-elf-eabi/4.9.4/libgcc.a(_divsi3.o)
 .data          0x0000000000000000        0x0 /usr/local/lib/gcc/arm-elf-eabi/4.9.4/libgcc.a(_dvmd_tls.o)
 .bss           0x0000000000000000        0x0 /usr/local/lib/gcc/arm-elf-eabi/4.9.4/libgcc.a(_dvmd_tls.o)

Memory Configuration

Name             Origin             Length             Attributes
PLUGIN_RAM       0x0000000001f80000 0x0000000000080000
PLUGIN_IRAM      0x000000004000c000 0x000000000000c000
*default*        0x0000000000000000 0xffffffffffffffff

Linker script and memory map

LOAD /home/jbrawley/Desktop/rockbox-photo-cf-support/build/apps/plugins/pitch_screen.o
LOAD /home/jbrawley/Desktop/rockbox-photo-cf-support/build/apps/plugins/plugin_crt0.o
LOAD /home/jbrawley/Desktop/rockbox-photo-cf-support/build/apps/plugins/libplugin.a
LOAD /home/jbrawley/Desktop/rockbox-photo-cf-support/build/apps/plugins/bitmaps/libpluginbitmaps.a
LOAD /home/jbrawley/Desktop/rockbox-photo-cf-support/build/lib/libsetjmp.a
LOAD /home/jbrawley/Desktop/rockbox-photo-cf-support/build/lib/libfixedpoint.a
LOAD /usr/local/lib/gcc/arm-elf-eabi/4.9.4/libgcc.a

.header         0x0000000001f80000       0x1c
                0x0000000001f80000                _plugin_start_addr = .
                0x0000000001f80000                plugin_start_addr = .
 *(.header)
 .header        0x0000000001f80000       0x1c /home/jbrawley/Desktop/rockbox-photo-cf-support/build/apps/plugins/plugin_crt0.o
                0x0000000001f80000                __header

.text           0x0000000001f8001c     0x219c
 *(.text*)
 .text          0x0000000001f8001c     0x19bc /home/jbrawley/Desktop/rockbox-photo-cf-support/build/apps/plugins/pitch_screen.o
                0x0000000001f80658                viewport_get_nb_lines
                0x0000000001f80694                gui_syncpitchscreen_run
                0x0000000001f816a8                fill_pitchvars
                0x0000000001f81754                plugin_start
 .text          0x0000000001f819d8      0x214 /home/jbrawley/Desktop/rockbox-photo-cf-support/build/apps/plugins/plugin_crt0.o
                0x0000000001f819f0                plugin__start
                0x0000000001f81b40                rb_atexit
                0x0000000001f81b60                exit
                0x0000000001f81b80                _exit
                0x0000000001f81b98                exit_on_usb
 .text.cbmp_get_icon
                0x0000000001f81bec       0x6c /home/jbrawley/Desktop/rockbox-photo-cf-support/build/apps/plugins/libplugin.a(icon_helper.o)
                0x0000000001f81bec                cbmp_get_icon
 .text.bool_parse
                0x0000000001f81c58       0xc0 /home/jbrawley/Desktop/rockbox-photo-cf-support/build/apps/plugins/libplugin.a(arg_helper.o)
                0x0000000001f81c58                bool_parse
 .text.longnum_parse
                0x0000000001f81d18      0x13c /home/jbrawley/Desktop/rockbox-photo-cf-support/build/apps/plugins/libplugin.a(arg_helper.o)
                0x0000000001f81d18                longnum_parse
 .text.argparse
                0x0000000001f81e54       0xd4 /home/jbrawley/Desktop/rockbox-photo-cf-support/build/apps/plugins/libplugin.a(arg_helper.o)
                0x0000000001f81e54                argparse
 .text.memcpy   0x0000000001f81f28       0x14 /home/jbrawley/Desktop/rockbox-photo-cf-support/build/apps/plugins/libplugin.a(gcc-support.o)
                0x0000000001f81f28                memcpy
 .text          0x0000000001f81f3c       0x1c /home/jbrawley/Desktop/rockbox-photo-cf-support/build/lib/libsetjmp.a(setjmp.o)
                0x0000000001f81f3c                setjmp
                0x0000000001f81f48                longjmp
 .text          0x0000000001f81f58      0x114 /usr/local/lib/gcc/arm-elf-eabi/4.9.4/libgcc.a(_udivsi3.o)
                0x0000000001f81f58                __udivsi3
                0x0000000001f81f58                __aeabi_uidiv
                0x0000000001f8204c                __aeabi_uidivmod
 .text          0x0000000001f8206c      0x148 /usr/local/lib/gcc/arm-elf-eabi/4.9.4/libgcc.a(_divsi3.o)
                0x0000000001f8206c                __aeabi_idiv
                0x0000000001f8206c                __divsi3
                0x0000000001f82194                __aeabi_idivmod
 .text          0x0000000001f821b4        0x4 /usr/local/lib/gcc/arm-elf-eabi/4.9.4/libgcc.a(_dvmd_tls.o)
                0x0000000001f821b4                __aeabi_ldiv0
                0x0000000001f821b4                __aeabi_idiv0
 *(.glue_7)
 .glue_7        0x0000000001f821b8        0x0 linker stubs
 *(.glue_7t)
 .glue_7t       0x0000000001f821b8        0x0 linker stubs

.vfp11_veneer   0x0000000001f821b8        0x0
 .vfp11_veneer  0x0000000001f821b8        0x0 linker stubs

.v4_bx          0x0000000001f821b8        0x0
 .v4_bx         0x0000000001f821b8        0x0 linker stubs

.iplt           0x0000000001f821b8        0x0
 .iplt          0x0000000001f821b8        0x0 /home/jbrawley/Desktop/rockbox-photo-cf-support/build/apps/plugins/pitch_screen.o

.rodata         0x0000000001f821b8       0xd7
 *(.rodata*)
 .rodata        0x0000000001f821b8       0x3e /home/jbrawley/Desktop/rockbox-photo-cf-support/build/apps/plugins/pitch_screen.o
 .rodata.str1.1
                0x0000000001f821f6       0x8f /home/jbrawley/Desktop/rockbox-photo-cf-support/build/apps/plugins/pitch_screen.o
                                         0xa3 (size before relaxing)
 .rodata.str1.1
                0x0000000001f82285        0xa /home/jbrawley/Desktop/rockbox-photo-cf-support/build/apps/plugins/libplugin.a(arg_helper.o)

.rel.dyn        0x0000000001f82290        0x0
 .rel.iplt      0x0000000001f82290        0x0 /home/jbrawley/Desktop/rockbox-photo-cf-support/build/apps/plugins/pitch_screen.o

.data           0x0000000001f82290        0x4
 *(.data*)
 .data          0x0000000001f82290        0x4 /home/jbrawley/Desktop/rockbox-photo-cf-support/build/apps/plugins/plugin_crt0.o
                0x0000000001f82290                rb

.igot.plt       0x0000000001f82294        0x0
 .igot.plt      0x0000000001f82294        0x0 /home/jbrawley/Desktop/rockbox-photo-cf-support/build/apps/plugins/pitch_screen.o

.ncdata         0x0000000011f82294        0xc load address 0x0000000001f82294
                0x0000000011f822a0                . = ALIGN (0x10)
 *fill*         0x0000000011f82294        0xc 
 *(.ncdata*)
                0x0000000011f822a0                . = ALIGN (0x10)
                0x0000000001f822a0                bssaddr = (. - 0x10000000)
                0x0000000001f822a0                iramcopy = (. - 0x10000000)

/DISCARD/
 *(.eh_frame)

.bss            0x0000000001f822a0       0x74
                0x0000000001f822a0                plugin_bss_start = .
                0x0000000001f822a0                _plugin_bss_start = .
 *(.bss*)
 .bss           0x0000000001f822a0       0x14 /home/jbrawley/Desktop/rockbox-photo-cf-support/build/apps/plugins/pitch_screen.o
 .bss           0x0000000001f822b4       0x60 /home/jbrawley/Desktop/rockbox-photo-cf-support/build/apps/plugins/plugin_crt0.o
 *(COMMON)
                0x0000000001f82314                . = ALIGN (0x4)

.ncbss          0x0000000011f82314        0xc load address 0x0000000001f82314
                0x0000000011f82320                . = ALIGN (0x10)
 *fill*         0x0000000011f82314        0xc 
 *(.ncbss*)
                0x0000000011f82320                . = ALIGN (0x10)
                0x0000000001f82320                pluginendaddr = (. - 0x10000000)

.pluginend      0x0000000001f82320        0x0
                0x0000000001f82320                _plugin_end_addr = .
                0x0000000001f82320                plugin_end_addr = .

.iram           0x000000004000c000        0x0 load address 0x0000000001f822a0
                0x000000004000c000                iramstart = .
 *(.icode)
 *(.irodata)
 *(.idata)
                0x000000004000c000                iramend = .

.ibss           0x000000004000c000        0x0
                0x000000004000c000                iedata = .
 *(.ibss)
                0x000000004000c000                . = ALIGN (0x4)
                0x000000004000c000                iend = .
                0x0000000001f82320                loadendaddr = MAX (plugin_end_addr, (LOADADDR (.iram) + SIZEOF (.iram)))

.pluginloadend  0x0000000001f82320        0x0
                0x0000000001f82320                _plugin_load_end_addr = .
                0x0000000001f82320                plugin_load_end_addr = .

.comment        0x0000000000000000       0x11
 *(.comment)
 .comment       0x0000000000000000       0x11 /home/jbrawley/Desktop/rockbox-photo-cf-support/build/apps/plugins/pitch_screen.o
                                         0x12 (size before relaxing)
 .comment       0x0000000000000011       0x12 /home/jbrawley/Desktop/rockbox-photo-cf-support/build/apps/plugins/plugin_crt0.o
 .comment       0x0000000000000011       0x12 /home/jbrawley/Desktop/rockbox-photo-cf-support/build/apps/plugins/libplugin.a(icon_helper.o)
 .comment       0x0000000000000011       0x12 /home/jbrawley/Desktop/rockbox-photo-cf-support/build/apps/plugins/libplugin.a(arg_helper.o)
 .comment       0x0000000000000011       0x12 /home/jbrawley/Desktop/rockbox-photo-cf-support/build/apps/plugins/libplugin.a(gcc-support.o)
OUTPUT(/home/jbrawley/Desktop/rockbox-photo-cf-support/build/apps/plugins/pitch_screen.elf elf32-littlearm)

.ARM.attributes
                0x0000000000000000       0x2e
 .ARM.attributes
                0x0000000000000000       0x30 /home/jbrawley/Desktop/rockbox-photo-cf-support/build/apps/plugins/pitch_screen.o
 .ARM.attributes
                0x0000000000000030       0x30 /home/jbrawley/Desktop/rockbox-photo-cf-support/build/apps/plugins/plugin_crt0.o
 .ARM.attributes
                0x0000000000000060       0x30 /home/jbrawley/Desktop/rockbox-photo-cf-support/build/apps/plugins/libplugin.a(icon_helper.o)
 .ARM.attributes
                0x0000000000000090       0x30 /home/jbrawley/Desktop/rockbox-photo-cf-support/build/apps/plugins/libplugin.a(arg_helper.o)
 .ARM.attributes
                0x00000000000000c0       0x30 /home/jbrawley/Desktop/rockbox-photo-cf-support/build/apps/plugins/libplugin.a(gcc-support.o)
 .ARM.attributes
                0x00000000000000f0       0x20 /home/jbrawley/Desktop/rockbox-photo-cf-support/build/lib/libsetjmp.a(setjmp.o)
 .ARM.attributes
                0x0000000000000110       0x18 /usr/local/lib/gcc/arm-elf-eabi/4.9.4/libgcc.a(_udivsi3.o)
 .ARM.attributes
                0x0000000000000128       0x18 /usr/local/lib/gcc/arm-elf-eabi/4.9.4/libgcc.a(_divsi3.o)
 .ARM.attributes
                0x0000000000000140       0x18 /usr/local/lib/gcc/arm-elf-eabi/4.9.4/libgcc.a(_dvmd_tls.o)

.debug_frame    0x0000000000000000       0x40
 .debug_frame   0x0000000000000000       0x20 /usr/local/lib/gcc/arm-elf-eabi/4.9.4/libgcc.a(_udivsi3.o)
 .debug_frame   0x0000000000000020       0x20 /usr/local/lib/gcc/arm-elf-eabi/4.9.4/libgcc.a(_divsi3.o)

.debug_line     0x0000000000000000      0x169
 .debug_line    0x0000000000000000       0x7e /usr/local/lib/gcc/arm-elf-eabi/4.9.4/libgcc.a(_udivsi3.o)
 .debug_line    0x000000000000007e       0x8a /usr/local/lib/gcc/arm-elf-eabi/4.9.4/libgcc.a(_divsi3.o)
 .debug_line    0x0000000000000108       0x61 /usr/local/lib/gcc/arm-elf-eabi/4.9.4/libgcc.a(_dvmd_tls.o)

.debug_info     0x0000000000000000      0x198
 .debug_info    0x0000000000000000       0x88 /usr/local/lib/gcc/arm-elf-eabi/4.9.4/libgcc.a(_udivsi3.o)
 .debug_info    0x0000000000000088       0x88 /usr/local/lib/gcc/arm-elf-eabi/4.9.4/libgcc.a(_divsi3.o)
 .debug_info    0x0000000000000110       0x88 /usr/local/lib/gcc/arm-elf-eabi/4.9.4/libgcc.a(_dvmd_tls.o)

.debug_abbrev   0x0000000000000000       0x3c
 .debug_abbrev  0x0000000000000000       0x14 /usr/local/lib/gcc/arm-elf-eabi/4.9.4/libgcc.a(_udivsi3.o)
 .debug_abbrev  0x0000000000000014       0x14 /usr/local/lib/gcc/arm-elf-eabi/4.9.4/libgcc.a(_divsi3.o)
 .debug_abbrev  0x0000000000000028       0x14 /usr/local/lib/gcc/arm-elf-eabi/4.9.4/libgcc.a(_dvmd_tls.o)

.debug_aranges  0x0000000000000000       0x60
 .debug_aranges
                0x0000000000000000       0x20 /usr/local/lib/gcc/arm-elf-eabi/4.9.4/libgcc.a(_udivsi3.o)
 .debug_aranges
                0x0000000000000020       0x20 /usr/local/lib/gcc/arm-elf-eabi/4.9.4/libgcc.a(_divsi3.o)
 .debug_aranges
                0x0000000000000040       0x20 /usr/local/lib/gcc/arm-elf-eabi/4.9.4/libgcc.a(_dvmd_tls.o)
