Archive member included to satisfy reference by file (symbol)

/home/jbrawley/Desktop/rockbox-photo-cf-support/build/apps/plugins/libplugin.a(configfile.o)
                              /home/jbrawley/Desktop/rockbox-photo-cf-support/build/apps/plugins/solitaire.o (configfile_save)
/home/jbrawley/Desktop/rockbox-photo-cf-support/build/apps/plugins/libplugin.a(playback_control.o)
                              /home/jbrawley/Desktop/rockbox-photo-cf-support/build/apps/plugins/solitaire.o (playback_control)
/home/jbrawley/Desktop/rockbox-photo-cf-support/build/apps/plugins/libplugin.a(display_text.o)
                              /home/jbrawley/Desktop/rockbox-photo-cf-support/build/apps/plugins/solitaire.o (display_text)
/home/jbrawley/Desktop/rockbox-photo-cf-support/build/apps/plugins/bitmaps/libpluginbitmaps.a(card_back.26x33x16.o)
                              /home/jbrawley/Desktop/rockbox-photo-cf-support/build/apps/plugins/solitaire.o (card_back)
/home/jbrawley/Desktop/rockbox-photo-cf-support/build/apps/plugins/bitmaps/libpluginbitmaps.a(card_deck.338x132x16.o)
                              /home/jbrawley/Desktop/rockbox-photo-cf-support/build/apps/plugins/solitaire.o (card_deck)
/home/jbrawley/Desktop/rockbox-photo-cf-support/build/apps/plugins/bitmaps/libpluginbitmaps.a(solitaire_suitsi.26x132x16.o)
                              /home/jbrawley/Desktop/rockbox-photo-cf-support/build/apps/plugins/solitaire.o (solitaire_suitsi)
/home/jbrawley/Desktop/rockbox-photo-cf-support/build/lib/libsetjmp.a(setjmp.o)
                              /home/jbrawley/Desktop/rockbox-photo-cf-support/build/apps/plugins/plugin_crt0.o (setjmp)
/usr/local/lib/gcc/arm-elf-eabi/4.9.4/libgcc.a(_divsi3.o)
                              /home/jbrawley/Desktop/rockbox-photo-cf-support/build/apps/plugins/solitaire.o (__aeabi_idiv)
/usr/local/lib/gcc/arm-elf-eabi/4.9.4/libgcc.a(_dvmd_tls.o)
                              /usr/local/lib/gcc/arm-elf-eabi/4.9.4/libgcc.a(_divsi3.o) (__aeabi_idiv0)

Allocating common symbols
Common symbol       size              file

sol                 0x4               /home/jbrawley/Desktop/rockbox-photo-cf-support/build/apps/plugins/solitaire.o
cards_per_draw      0x4               /home/jbrawley/Desktop/rockbox-photo-cf-support/build/apps/plugins/solitaire.o
cur_col             0x4               /home/jbrawley/Desktop/rockbox-photo-cf-support/build/apps/plugins/solitaire.o
cur_card            0x4               /home/jbrawley/Desktop/rockbox-photo-cf-support/build/apps/plugins/solitaire.o
cols                0x1c              /home/jbrawley/Desktop/rockbox-photo-cf-support/build/apps/plugins/solitaire.o
rem                 0x4               /home/jbrawley/Desktop/rockbox-photo-cf-support/build/apps/plugins/solitaire.o
cur_rem             0x4               /home/jbrawley/Desktop/rockbox-photo-cf-support/build/apps/plugins/solitaire.o
count_rem           0x4               /home/jbrawley/Desktop/rockbox-photo-cf-support/build/apps/plugins/solitaire.o
stacks              0x10              /home/jbrawley/Desktop/rockbox-photo-cf-support/build/apps/plugins/solitaire.o
sel_card            0x4               /home/jbrawley/Desktop/rockbox-photo-cf-support/build/apps/plugins/solitaire.o
deck                0xd0              /home/jbrawley/Desktop/rockbox-photo-cf-support/build/apps/plugins/solitaire.o

Discarded input sections

 .text          0x0000000000000000        0x0 /home/jbrawley/Desktop/rockbox-photo-cf-support/build/apps/plugins/libplugin.a(configfile.o)
 .data          0x0000000000000000        0x0 /home/jbrawley/Desktop/rockbox-photo-cf-support/build/apps/plugins/libplugin.a(configfile.o)
 .bss           0x0000000000000000        0x0 /home/jbrawley/Desktop/rockbox-photo-cf-support/build/apps/plugins/libplugin.a(configfile.o)
 .text.configfile_get_value
                0x0000000000000000       0xfc /home/jbrawley/Desktop/rockbox-photo-cf-support/build/apps/plugins/libplugin.a(configfile.o)
 .text.configfile_update_entry
                0x0000000000000000      0x150 /home/jbrawley/Desktop/rockbox-photo-cf-support/build/apps/plugins/libplugin.a(configfile.o)
 .text          0x0000000000000000        0x0 /home/jbrawley/Desktop/rockbox-photo-cf-support/build/apps/plugins/libplugin.a(playback_control.o)
 .data          0x0000000000000000        0x0 /home/jbrawley/Desktop/rockbox-photo-cf-support/build/apps/plugins/libplugin.a(playback_control.o)
 .bss           0x0000000000000000        0x0 /home/jbrawley/Desktop/rockbox-photo-cf-support/build/apps/plugins/libplugin.a(playback_control.o)
 .text.playback_control_init
                0x0000000000000000       0x10 /home/jbrawley/Desktop/rockbox-photo-cf-support/build/apps/plugins/libplugin.a(playback_control.o)
 .text          0x0000000000000000        0x0 /home/jbrawley/Desktop/rockbox-photo-cf-support/build/apps/plugins/libplugin.a(display_text.o)
 .data          0x0000000000000000        0x0 /home/jbrawley/Desktop/rockbox-photo-cf-support/build/apps/plugins/libplugin.a(display_text.o)
 .bss           0x0000000000000000        0x0 /home/jbrawley/Desktop/rockbox-photo-cf-support/build/apps/plugins/libplugin.a(display_text.o)
 .text          0x0000000000000000        0x0 /home/jbrawley/Desktop/rockbox-photo-cf-support/build/apps/plugins/bitmaps/libpluginbitmaps.a(card_back.26x33x16.o)
 .data          0x0000000000000000        0x0 /home/jbrawley/Desktop/rockbox-photo-cf-support/build/apps/plugins/bitmaps/libpluginbitmaps.a(card_back.26x33x16.o)
 .bss           0x0000000000000000        0x0 /home/jbrawley/Desktop/rockbox-photo-cf-support/build/apps/plugins/bitmaps/libpluginbitmaps.a(card_back.26x33x16.o)
 .text          0x0000000000000000        0x0 /home/jbrawley/Desktop/rockbox-photo-cf-support/build/apps/plugins/bitmaps/libpluginbitmaps.a(card_deck.338x132x16.o)
 .data          0x0000000000000000        0x0 /home/jbrawley/Desktop/rockbox-photo-cf-support/build/apps/plugins/bitmaps/libpluginbitmaps.a(card_deck.338x132x16.o)
 .bss           0x0000000000000000        0x0 /home/jbrawley/Desktop/rockbox-photo-cf-support/build/apps/plugins/bitmaps/libpluginbitmaps.a(card_deck.338x132x16.o)
 .text          0x0000000000000000        0x0 /home/jbrawley/Desktop/rockbox-photo-cf-support/build/apps/plugins/bitmaps/libpluginbitmaps.a(solitaire_suitsi.26x132x16.o)
 .data          0x0000000000000000        0x0 /home/jbrawley/Desktop/rockbox-photo-cf-support/build/apps/plugins/bitmaps/libpluginbitmaps.a(solitaire_suitsi.26x132x16.o)
 .bss           0x0000000000000000        0x0 /home/jbrawley/Desktop/rockbox-photo-cf-support/build/apps/plugins/bitmaps/libpluginbitmaps.a(solitaire_suitsi.26x132x16.o)
 .data          0x0000000000000000        0x0 /home/jbrawley/Desktop/rockbox-photo-cf-support/build/lib/libsetjmp.a(setjmp.o)
 .bss           0x0000000000000000        0x0 /home/jbrawley/Desktop/rockbox-photo-cf-support/build/lib/libsetjmp.a(setjmp.o)
 .data          0x0000000000000000        0x0 /usr/local/lib/gcc/arm-elf-eabi/4.9.4/libgcc.a(_divsi3.o)
 .bss           0x0000000000000000        0x0 /usr/local/lib/gcc/arm-elf-eabi/4.9.4/libgcc.a(_divsi3.o)
 .data          0x0000000000000000        0x0 /usr/local/lib/gcc/arm-elf-eabi/4.9.4/libgcc.a(_dvmd_tls.o)
 .bss           0x0000000000000000        0x0 /usr/local/lib/gcc/arm-elf-eabi/4.9.4/libgcc.a(_dvmd_tls.o)

Memory Configuration

Name             Origin             Length             Attributes
PLUGIN_RAM       0x0000000001f80000 0x0000000000080000
PLUGIN_IRAM      0x000000004000c000 0x000000000000c000
*default*        0x0000000000000000 0xffffffffffffffff

Linker script and memory map

LOAD /home/jbrawley/Desktop/rockbox-photo-cf-support/build/apps/plugins/solitaire.o
LOAD /home/jbrawley/Desktop/rockbox-photo-cf-support/build/apps/plugins/plugin_crt0.o
LOAD /home/jbrawley/Desktop/rockbox-photo-cf-support/build/apps/plugins/libplugin.a
LOAD /home/jbrawley/Desktop/rockbox-photo-cf-support/build/apps/plugins/bitmaps/libpluginbitmaps.a
LOAD /home/jbrawley/Desktop/rockbox-photo-cf-support/build/lib/libsetjmp.a
LOAD /home/jbrawley/Desktop/rockbox-photo-cf-support/build/lib/libfixedpoint.a
LOAD /usr/local/lib/gcc/arm-elf-eabi/4.9.4/libgcc.a

.header         0x0000000001f80000       0x1c
                0x0000000001f80000                _plugin_start_addr = .
                0x0000000001f80000                plugin_start_addr = .
 *(.header)
 .header        0x0000000001f80000       0x1c /home/jbrawley/Desktop/rockbox-photo-cf-support/build/apps/plugins/plugin_crt0.o
                0x0000000001f80000                __header

.text           0x0000000001f8001c     0x2ac8
 *(.text*)
 .text          0x0000000001f8001c     0x1c98 /home/jbrawley/Desktop/rockbox-photo-cf-support/build/apps/plugins/solitaire.o
                0x0000000001f80958                solitaire_init
                0x0000000001f80c44                plugin_start
 .text          0x0000000001f81cb4      0x214 /home/jbrawley/Desktop/rockbox-photo-cf-support/build/apps/plugins/plugin_crt0.o
                0x0000000001f81ccc                plugin__start
                0x0000000001f81e1c                rb_atexit
                0x0000000001f81e3c                exit
                0x0000000001f81e5c                _exit
                0x0000000001f81e74                exit_on_usb
 .text.get_cfg_filename.constprop.1
                0x0000000001f81ec8       0x98 /home/jbrawley/Desktop/rockbox-photo-cf-support/build/apps/plugins/libplugin.a(configfile.o)
 .text.configfile_save
                0x0000000001f81f60      0x15c /home/jbrawley/Desktop/rockbox-photo-cf-support/build/apps/plugins/libplugin.a(configfile.o)
                0x0000000001f81f60                configfile_save
 .text.configfile_load
                0x0000000001f820bc      0x248 /home/jbrawley/Desktop/rockbox-photo-cf-support/build/apps/plugins/libplugin.a(configfile.o)
                0x0000000001f820bc                configfile_load
 .text.prevtrack
                0x0000000001f82304       0x28 /home/jbrawley/Desktop/rockbox-photo-cf-support/build/apps/plugins/libplugin.a(playback_control.o)
 .text.stop     0x0000000001f8232c       0x28 /home/jbrawley/Desktop/rockbox-photo-cf-support/build/apps/plugins/libplugin.a(playback_control.o)
 .text.nexttrack
                0x0000000001f82354       0x28 /home/jbrawley/Desktop/rockbox-photo-cf-support/build/apps/plugins/libplugin.a(playback_control.o)
 .text.volume   0x0000000001f8237c       0x48 /home/jbrawley/Desktop/rockbox-photo-cf-support/build/apps/plugins/libplugin.a(playback_control.o)
 .text.shuffle  0x0000000001f823c4       0x50 /home/jbrawley/Desktop/rockbox-photo-cf-support/build/apps/plugins/libplugin.a(playback_control.o)
 .text.play     0x0000000001f82414       0xa0 /home/jbrawley/Desktop/rockbox-photo-cf-support/build/apps/plugins/libplugin.a(playback_control.o)
 .text.repeat_mode
                0x0000000001f824b4       0x98 /home/jbrawley/Desktop/rockbox-photo-cf-support/build/apps/plugins/libplugin.a(playback_control.o)
 .text.playback_control
                0x0000000001f8254c       0x50 /home/jbrawley/Desktop/rockbox-photo-cf-support/build/apps/plugins/libplugin.a(playback_control.o)
                0x0000000001f8254c                playback_control
 .text.wait_key_press
                0x0000000001f8259c       0x5c /home/jbrawley/Desktop/rockbox-photo-cf-support/build/apps/plugins/libplugin.a(display_text.o)
 .text.display_text
                0x0000000001f825f8      0x384 /home/jbrawley/Desktop/rockbox-photo-cf-support/build/apps/plugins/libplugin.a(display_text.o)
                0x0000000001f825f8                display_text
 .text          0x0000000001f8297c       0x1c /home/jbrawley/Desktop/rockbox-photo-cf-support/build/lib/libsetjmp.a(setjmp.o)
                0x0000000001f8297c                setjmp
                0x0000000001f82988                longjmp
 .text          0x0000000001f82998      0x148 /usr/local/lib/gcc/arm-elf-eabi/4.9.4/libgcc.a(_divsi3.o)
                0x0000000001f82998                __aeabi_idiv
                0x0000000001f82998                __divsi3
                0x0000000001f82ac0                __aeabi_idivmod
 .text          0x0000000001f82ae0        0x4 /usr/local/lib/gcc/arm-elf-eabi/4.9.4/libgcc.a(_dvmd_tls.o)
                0x0000000001f82ae0                __aeabi_ldiv0
                0x0000000001f82ae0                __aeabi_idiv0
 *(.glue_7)
 .glue_7        0x0000000001f82ae4        0x0 linker stubs
 *(.glue_7t)
 .glue_7t       0x0000000001f82ae4        0x0 linker stubs

.vfp11_veneer   0x0000000001f82ae4        0x0
 .vfp11_veneer  0x0000000001f82ae4        0x0 linker stubs

.v4_bx          0x0000000001f82ae4        0x0
 .v4_bx         0x0000000001f82ae4        0x0 linker stubs

.iplt           0x0000000001f82ae4        0x0
 .iplt          0x0000000001f82ae4        0x0 /home/jbrawley/Desktop/rockbox-photo-cf-support/build/apps/plugins/solitaire.o

.rodata         0x0000000001f82ae4    0x18224
 *(.rodata*)
 .rodata        0x0000000001f82ae4       0x28 /home/jbrawley/Desktop/rockbox-photo-cf-support/build/apps/plugins/solitaire.o
 .rodata.str1.1
                0x0000000001f82b0c      0x25f /home/jbrawley/Desktop/rockbox-photo-cf-support/build/apps/plugins/solitaire.o
                                        0x266 (size before relaxing)
 .rodata.str1.1
                0x0000000001f82d6b       0x46 /home/jbrawley/Desktop/rockbox-photo-cf-support/build/apps/plugins/libplugin.a(configfile.o)
 *fill*         0x0000000001f82db1        0x3 
 .rodata.stop_item
                0x0000000001f82db4        0xc /home/jbrawley/Desktop/rockbox-photo-cf-support/build/apps/plugins/libplugin.a(playback_control.o)
                0x0000000001f82db4                stop_item
 .rodata.nexttrack_item_
                0x0000000001f82dc0        0xc /home/jbrawley/Desktop/rockbox-photo-cf-support/build/apps/plugins/libplugin.a(playback_control.o)
 .rodata.playpause_item__
                0x0000000001f82dcc        0x4 /home/jbrawley/Desktop/rockbox-photo-cf-support/build/apps/plugins/libplugin.a(playback_control.o)
 .rodata.prevtrack_item_
                0x0000000001f82dd0        0xc /home/jbrawley/Desktop/rockbox-photo-cf-support/build/apps/plugins/libplugin.a(playback_control.o)
 .rodata.playback_control_menu
                0x0000000001f82ddc        0xc /home/jbrawley/Desktop/rockbox-photo-cf-support/build/apps/plugins/libplugin.a(playback_control.o)
                0x0000000001f82ddc                playback_control_menu
 .rodata.prevtrack_item__
                0x0000000001f82de8        0x4 /home/jbrawley/Desktop/rockbox-photo-cf-support/build/apps/plugins/libplugin.a(playback_control.o)
 .rodata.playback_control_menu__
                0x0000000001f82dec        0xc /home/jbrawley/Desktop/rockbox-photo-cf-support/build/apps/plugins/libplugin.a(playback_control.o)
 .rodata.nexttrack_item
                0x0000000001f82df8        0xc /home/jbrawley/Desktop/rockbox-photo-cf-support/build/apps/plugins/libplugin.a(playback_control.o)
                0x0000000001f82df8                nexttrack_item
 .rodata.volume_item__
                0x0000000001f82e04        0x4 /home/jbrawley/Desktop/rockbox-photo-cf-support/build/apps/plugins/libplugin.a(playback_control.o)
 .rodata.repeat_mode_item
                0x0000000001f82e08        0xc /home/jbrawley/Desktop/rockbox-photo-cf-support/build/apps/plugins/libplugin.a(playback_control.o)
                0x0000000001f82e08                repeat_mode_item
 .rodata.volume_item_
                0x0000000001f82e14        0xc /home/jbrawley/Desktop/rockbox-photo-cf-support/build/apps/plugins/libplugin.a(playback_control.o)
 .rodata.str1.1
                0x0000000001f82e20       0x16 /home/jbrawley/Desktop/rockbox-photo-cf-support/build/apps/plugins/libplugin.a(playback_control.o)
 *fill*         0x0000000001f82e36        0x2 
 .rodata.prevtrack_item
                0x0000000001f82e38        0xc /home/jbrawley/Desktop/rockbox-photo-cf-support/build/apps/plugins/libplugin.a(playback_control.o)
                0x0000000001f82e38                prevtrack_item
 .rodata.stop_item_
                0x0000000001f82e44        0xc /home/jbrawley/Desktop/rockbox-photo-cf-support/build/apps/plugins/libplugin.a(playback_control.o)
 .rodata.stop_item__
                0x0000000001f82e50        0x4 /home/jbrawley/Desktop/rockbox-photo-cf-support/build/apps/plugins/libplugin.a(playback_control.o)
 .rodata.nexttrack_item__
                0x0000000001f82e54        0x4 /home/jbrawley/Desktop/rockbox-photo-cf-support/build/apps/plugins/libplugin.a(playback_control.o)
 .rodata.shuffle_item__
                0x0000000001f82e58        0x4 /home/jbrawley/Desktop/rockbox-photo-cf-support/build/apps/plugins/libplugin.a(playback_control.o)
 .rodata.shuffle_item_
                0x0000000001f82e5c        0xc /home/jbrawley/Desktop/rockbox-photo-cf-support/build/apps/plugins/libplugin.a(playback_control.o)
 .rodata.playpause_item_
                0x0000000001f82e68        0xc /home/jbrawley/Desktop/rockbox-photo-cf-support/build/apps/plugins/libplugin.a(playback_control.o)
 .rodata.repeat_mode_item_
                0x0000000001f82e74        0xc /home/jbrawley/Desktop/rockbox-photo-cf-support/build/apps/plugins/libplugin.a(playback_control.o)
 .rodata.volume_item
                0x0000000001f82e80        0xc /home/jbrawley/Desktop/rockbox-photo-cf-support/build/apps/plugins/libplugin.a(playback_control.o)
                0x0000000001f82e80                volume_item
 .rodata.repeat_mode_item__
                0x0000000001f82e8c        0x4 /home/jbrawley/Desktop/rockbox-photo-cf-support/build/apps/plugins/libplugin.a(playback_control.o)
 .rodata.shuffle_item
                0x0000000001f82e90        0xc /home/jbrawley/Desktop/rockbox-photo-cf-support/build/apps/plugins/libplugin.a(playback_control.o)
                0x0000000001f82e90                shuffle_item
 .rodata.playpause_item
                0x0000000001f82e9c        0xc /home/jbrawley/Desktop/rockbox-photo-cf-support/build/apps/plugins/libplugin.a(playback_control.o)
                0x0000000001f82e9c                playpause_item
 .rodata.str1.1
                0x0000000001f82ea8        0x2 /home/jbrawley/Desktop/rockbox-photo-cf-support/build/apps/plugins/libplugin.a(display_text.o)
                                          0x3 (size before relaxing)
 *fill*         0x0000000001f82eaa        0x2 
 .rodata        0x0000000001f82eac      0x6cc /home/jbrawley/Desktop/rockbox-photo-cf-support/build/apps/plugins/bitmaps/libpluginbitmaps.a(card_back.26x33x16.o)
                0x0000000001f82eac                bm_card_back
                0x0000000001f82ec4                card_back
 .rodata        0x0000000001f83578    0x15ca8 /home/jbrawley/Desktop/rockbox-photo-cf-support/build/apps/plugins/bitmaps/libpluginbitmaps.a(card_deck.338x132x16.o)
                0x0000000001f83578                bm_card_deck
                0x0000000001f83590                card_deck
 .rodata        0x0000000001f99220     0x1ae8 /home/jbrawley/Desktop/rockbox-photo-cf-support/build/apps/plugins/bitmaps/libpluginbitmaps.a(solitaire_suitsi.26x132x16.o)
                0x0000000001f99220                bm_solitaire_suitsi
                0x0000000001f99238                solitaire_suitsi

.rel.dyn        0x0000000001f9ad08        0x0
 .rel.iplt      0x0000000001f9ad08        0x0 /home/jbrawley/Desktop/rockbox-photo-cf-support/build/apps/plugins/solitaire.o

.data           0x0000000001f9ad08      0x1ec
 *(.data*)
 .data          0x0000000001f9ad08      0x1cc /home/jbrawley/Desktop/rockbox-photo-cf-support/build/apps/plugins/solitaire.o
 .data          0x0000000001f9aed4        0x4 /home/jbrawley/Desktop/rockbox-photo-cf-support/build/apps/plugins/plugin_crt0.o
                0x0000000001f9aed4                rb
 .data.playback_control_menu_
                0x0000000001f9aed8       0x1c /home/jbrawley/Desktop/rockbox-photo-cf-support/build/apps/plugins/libplugin.a(playback_control.o)

.igot.plt       0x0000000001f9aef4        0x0
 .igot.plt      0x0000000001f9aef4        0x0 /home/jbrawley/Desktop/rockbox-photo-cf-support/build/apps/plugins/solitaire.o

.ncdata         0x0000000011f9aef4        0xc load address 0x0000000001f9aef4
                0x0000000011f9af00                . = ALIGN (0x10)
 *fill*         0x0000000011f9aef4        0xc 
 *(.ncdata*)
                0x0000000011f9af00                . = ALIGN (0x10)
                0x0000000001f9af00                bssaddr = (. - 0x10000000)
                0x0000000001f9af00                iramcopy = (. - 0x10000000)

/DISCARD/
 *(.eh_frame)

.bss            0x0000000001f9af00      0x188
                0x0000000001f9af00                plugin_bss_start = .
                0x0000000001f9af00                _plugin_bss_start = .
 *(.bss*)
 .bss           0x0000000001f9af00        0x8 /home/jbrawley/Desktop/rockbox-photo-cf-support/build/apps/plugins/solitaire.o
                0x0000000001f9af04                sol_disk
 .bss           0x0000000001f9af08       0x60 /home/jbrawley/Desktop/rockbox-photo-cf-support/build/apps/plugins/plugin_crt0.o
 .bss.parentvp  0x0000000001f9af68        0x4 /home/jbrawley/Desktop/rockbox-photo-cf-support/build/apps/plugins/libplugin.a(playback_control.o)
                0x0000000001f9af68                parentvp
 *(COMMON)
 COMMON         0x0000000001f9af6c      0x11c /home/jbrawley/Desktop/rockbox-photo-cf-support/build/apps/plugins/solitaire.o
                0x0000000001f9af6c                sol
                0x0000000001f9af70                cards_per_draw
                0x0000000001f9af74                cur_col
                0x0000000001f9af78                cur_card
                0x0000000001f9af7c                cols
                0x0000000001f9af98                rem
                0x0000000001f9af9c                cur_rem
                0x0000000001f9afa0                count_rem
                0x0000000001f9afa4                stacks
                0x0000000001f9afb4                sel_card
                0x0000000001f9afb8                deck
                0x0000000001f9b088                . = ALIGN (0x4)

.ncbss          0x0000000011f9b088        0x8 load address 0x0000000001f9b088
                0x0000000011f9b090                . = ALIGN (0x10)
 *fill*         0x0000000011f9b088        0x8 
 *(.ncbss*)
                0x0000000011f9b090                . = ALIGN (0x10)
                0x0000000001f9b090                pluginendaddr = (. - 0x10000000)

.pluginend      0x0000000001f9b090        0x0
                0x0000000001f9b090                _plugin_end_addr = .
                0x0000000001f9b090                plugin_end_addr = .

.iram           0x000000004000c000        0x0 load address 0x0000000001f9af00
                0x000000004000c000                iramstart = .
 *(.icode)
 *(.irodata)
 *(.idata)
                0x000000004000c000                iramend = .

.ibss           0x000000004000c000        0x0
                0x000000004000c000                iedata = .
 *(.ibss)
                0x000000004000c000                . = ALIGN (0x4)
                0x000000004000c000                iend = .
                0x0000000001f9b090                loadendaddr = MAX (plugin_end_addr, (LOADADDR (.iram) + SIZEOF (.iram)))

.pluginloadend  0x0000000001f9b090        0x0
                0x0000000001f9b090                _plugin_load_end_addr = .
                0x0000000001f9b090                plugin_load_end_addr = .

.comment        0x0000000000000000       0x11
 *(.comment)
 .comment       0x0000000000000000       0x11 /home/jbrawley/Desktop/rockbox-photo-cf-support/build/apps/plugins/solitaire.o
                                         0x12 (size before relaxing)
 .comment       0x0000000000000011       0x12 /home/jbrawley/Desktop/rockbox-photo-cf-support/build/apps/plugins/plugin_crt0.o
 .comment       0x0000000000000011       0x12 /home/jbrawley/Desktop/rockbox-photo-cf-support/build/apps/plugins/libplugin.a(configfile.o)
 .comment       0x0000000000000011       0x12 /home/jbrawley/Desktop/rockbox-photo-cf-support/build/apps/plugins/libplugin.a(playback_control.o)
 .comment       0x0000000000000011       0x12 /home/jbrawley/Desktop/rockbox-photo-cf-support/build/apps/plugins/libplugin.a(display_text.o)
 .comment       0x0000000000000011       0x12 /home/jbrawley/Desktop/rockbox-photo-cf-support/build/apps/plugins/bitmaps/libpluginbitmaps.a(card_back.26x33x16.o)
 .comment       0x0000000000000011       0x12 /home/jbrawley/Desktop/rockbox-photo-cf-support/build/apps/plugins/bitmaps/libpluginbitmaps.a(card_deck.338x132x16.o)
 .comment       0x0000000000000011       0x12 /home/jbrawley/Desktop/rockbox-photo-cf-support/build/apps/plugins/bitmaps/libpluginbitmaps.a(solitaire_suitsi.26x132x16.o)
OUTPUT(/home/jbrawley/Desktop/rockbox-photo-cf-support/build/apps/plugins/solitaire.elf elf32-littlearm)

.ARM.attributes
                0x0000000000000000       0x2e
 .ARM.attributes
                0x0000000000000000       0x30 /home/jbrawley/Desktop/rockbox-photo-cf-support/build/apps/plugins/solitaire.o
 .ARM.attributes
                0x0000000000000030       0x30 /home/jbrawley/Desktop/rockbox-photo-cf-support/build/apps/plugins/plugin_crt0.o
 .ARM.attributes
                0x0000000000000060       0x30 /home/jbrawley/Desktop/rockbox-photo-cf-support/build/apps/plugins/libplugin.a(configfile.o)
 .ARM.attributes
                0x0000000000000090       0x30 /home/jbrawley/Desktop/rockbox-photo-cf-support/build/apps/plugins/libplugin.a(playback_control.o)
 .ARM.attributes
                0x00000000000000c0       0x30 /home/jbrawley/Desktop/rockbox-photo-cf-support/build/apps/plugins/libplugin.a(display_text.o)
 .ARM.attributes
                0x00000000000000f0       0x30 /home/jbrawley/Desktop/rockbox-photo-cf-support/build/apps/plugins/bitmaps/libpluginbitmaps.a(card_back.26x33x16.o)
 .ARM.attributes
                0x0000000000000120       0x30 /home/jbrawley/Desktop/rockbox-photo-cf-support/build/apps/plugins/bitmaps/libpluginbitmaps.a(card_deck.338x132x16.o)
 .ARM.attributes
                0x0000000000000150       0x30 /home/jbrawley/Desktop/rockbox-photo-cf-support/build/apps/plugins/bitmaps/libpluginbitmaps.a(solitaire_suitsi.26x132x16.o)
 .ARM.attributes
                0x0000000000000180       0x20 /home/jbrawley/Desktop/rockbox-photo-cf-support/build/lib/libsetjmp.a(setjmp.o)
 .ARM.attributes
                0x00000000000001a0       0x18 /usr/local/lib/gcc/arm-elf-eabi/4.9.4/libgcc.a(_divsi3.o)
 .ARM.attributes
                0x00000000000001b8       0x18 /usr/local/lib/gcc/arm-elf-eabi/4.9.4/libgcc.a(_dvmd_tls.o)

.debug_frame    0x0000000000000000       0x20
 .debug_frame   0x0000000000000000       0x20 /usr/local/lib/gcc/arm-elf-eabi/4.9.4/libgcc.a(_divsi3.o)

.debug_line     0x0000000000000000       0xeb
 .debug_line    0x0000000000000000       0x8a /usr/local/lib/gcc/arm-elf-eabi/4.9.4/libgcc.a(_divsi3.o)
 .debug_line    0x000000000000008a       0x61 /usr/local/lib/gcc/arm-elf-eabi/4.9.4/libgcc.a(_dvmd_tls.o)

.debug_info     0x0000000000000000      0x110
 .debug_info    0x0000000000000000       0x88 /usr/local/lib/gcc/arm-elf-eabi/4.9.4/libgcc.a(_divsi3.o)
 .debug_info    0x0000000000000088       0x88 /usr/local/lib/gcc/arm-elf-eabi/4.9.4/libgcc.a(_dvmd_tls.o)

.debug_abbrev   0x0000000000000000       0x28
 .debug_abbrev  0x0000000000000000       0x14 /usr/local/lib/gcc/arm-elf-eabi/4.9.4/libgcc.a(_divsi3.o)
 .debug_abbrev  0x0000000000000014       0x14 /usr/local/lib/gcc/arm-elf-eabi/4.9.4/libgcc.a(_dvmd_tls.o)

.debug_aranges  0x0000000000000000       0x40
 .debug_aranges
                0x0000000000000000       0x20 /usr/local/lib/gcc/arm-elf-eabi/4.9.4/libgcc.a(_divsi3.o)
 .debug_aranges
                0x0000000000000020       0x20 /usr/local/lib/gcc/arm-elf-eabi/4.9.4/libgcc.a(_dvmd_tls.o)
