Archive member included to satisfy reference by file (symbol)

/home/jbrawley/Desktop/rockbox-photo-cf-support/build/apps/plugins/libplugin.a(configfile.o)
                              /home/jbrawley/Desktop/rockbox-photo-cf-support/build/apps/plugins/theme_remove.o (configfile_save)
/home/jbrawley/Desktop/rockbox-photo-cf-support/build/lib/libsetjmp.a(setjmp.o)
                              /home/jbrawley/Desktop/rockbox-photo-cf-support/build/apps/plugins/plugin_crt0.o (setjmp)

Discarded input sections

 .text          0x0000000000000000        0x0 /home/jbrawley/Desktop/rockbox-photo-cf-support/build/apps/plugins/libplugin.a(configfile.o)
 .data          0x0000000000000000        0x0 /home/jbrawley/Desktop/rockbox-photo-cf-support/build/apps/plugins/libplugin.a(configfile.o)
 .bss           0x0000000000000000        0x0 /home/jbrawley/Desktop/rockbox-photo-cf-support/build/apps/plugins/libplugin.a(configfile.o)
 .text.configfile_get_value
                0x0000000000000000       0xfc /home/jbrawley/Desktop/rockbox-photo-cf-support/build/apps/plugins/libplugin.a(configfile.o)
 .text.configfile_update_entry
                0x0000000000000000      0x150 /home/jbrawley/Desktop/rockbox-photo-cf-support/build/apps/plugins/libplugin.a(configfile.o)
 .data          0x0000000000000000        0x0 /home/jbrawley/Desktop/rockbox-photo-cf-support/build/lib/libsetjmp.a(setjmp.o)
 .bss           0x0000000000000000        0x0 /home/jbrawley/Desktop/rockbox-photo-cf-support/build/lib/libsetjmp.a(setjmp.o)

Memory Configuration

Name             Origin             Length             Attributes
PLUGIN_RAM       0x0000000001f80000 0x0000000000080000
PLUGIN_IRAM      0x000000004000c000 0x000000000000c000
*default*        0x0000000000000000 0xffffffffffffffff

Linker script and memory map

LOAD /home/jbrawley/Desktop/rockbox-photo-cf-support/build/apps/plugins/theme_remove.o
LOAD /home/jbrawley/Desktop/rockbox-photo-cf-support/build/apps/plugins/plugin_crt0.o
LOAD /home/jbrawley/Desktop/rockbox-photo-cf-support/build/apps/plugins/libplugin.a
LOAD /home/jbrawley/Desktop/rockbox-photo-cf-support/build/apps/plugins/bitmaps/libpluginbitmaps.a
LOAD /home/jbrawley/Desktop/rockbox-photo-cf-support/build/lib/libsetjmp.a
LOAD /home/jbrawley/Desktop/rockbox-photo-cf-support/build/lib/libfixedpoint.a
LOAD /usr/local/lib/gcc/arm-elf-eabi/4.9.4/libgcc.a

.header         0x0000000001f80000       0x1c
                0x0000000001f80000                _plugin_start_addr = .
                0x0000000001f80000                plugin_start_addr = .
 *(.header)
 .header        0x0000000001f80000       0x1c /home/jbrawley/Desktop/rockbox-photo-cf-support/build/apps/plugins/plugin_crt0.o
                0x0000000001f80000                __header

.text           0x0000000001f8001c     0x175c
 *(.text*)
 .text          0x0000000001f8001c     0x10f0 /home/jbrawley/Desktop/rockbox-photo-cf-support/build/apps/plugins/theme_remove.o
                0x0000000001f808e4                plugin_start
 .text          0x0000000001f8110c      0x214 /home/jbrawley/Desktop/rockbox-photo-cf-support/build/apps/plugins/plugin_crt0.o
                0x0000000001f81124                plugin__start
                0x0000000001f81274                rb_atexit
                0x0000000001f81294                exit
                0x0000000001f812b4                _exit
                0x0000000001f812cc                exit_on_usb
 .text.get_cfg_filename.constprop.1
                0x0000000001f81320       0x98 /home/jbrawley/Desktop/rockbox-photo-cf-support/build/apps/plugins/libplugin.a(configfile.o)
 .text.configfile_save
                0x0000000001f813b8      0x15c /home/jbrawley/Desktop/rockbox-photo-cf-support/build/apps/plugins/libplugin.a(configfile.o)
                0x0000000001f813b8                configfile_save
 .text.configfile_load
                0x0000000001f81514      0x248 /home/jbrawley/Desktop/rockbox-photo-cf-support/build/apps/plugins/libplugin.a(configfile.o)
                0x0000000001f81514                configfile_load
 .text          0x0000000001f8175c       0x1c /home/jbrawley/Desktop/rockbox-photo-cf-support/build/lib/libsetjmp.a(setjmp.o)
                0x0000000001f8175c                setjmp
                0x0000000001f81768                longjmp
 *(.glue_7)
 .glue_7        0x0000000001f81778        0x0 linker stubs
 *(.glue_7t)
 .glue_7t       0x0000000001f81778        0x0 linker stubs

.vfp11_veneer   0x0000000001f81778        0x0
 .vfp11_veneer  0x0000000001f81778        0x0 linker stubs

.v4_bx          0x0000000001f81778        0x0
 .v4_bx         0x0000000001f81778        0x0 linker stubs

.iplt           0x0000000001f81778        0x0
 .iplt          0x0000000001f81778        0x0 /home/jbrawley/Desktop/rockbox-photo-cf-support/build/apps/plugins/theme_remove.o

.rodata         0x0000000001f81778      0x419
 *(.rodata*)
 .rodata        0x0000000001f81778       0x60 /home/jbrawley/Desktop/rockbox-photo-cf-support/build/apps/plugins/theme_remove.o
 .rodata.str1.1
                0x0000000001f817d8      0x373 /home/jbrawley/Desktop/rockbox-photo-cf-support/build/apps/plugins/theme_remove.o
                                        0x3ba (size before relaxing)
 .rodata.str1.1
                0x0000000001f81b4b       0x46 /home/jbrawley/Desktop/rockbox-photo-cf-support/build/apps/plugins/libplugin.a(configfile.o)

.rel.dyn        0x0000000001f81b94        0x0
 .rel.iplt      0x0000000001f81b94        0x0 /home/jbrawley/Desktop/rockbox-photo-cf-support/build/apps/plugins/theme_remove.o

.data           0x0000000001f81b94      0x8cc
 *(.data*)
 .data          0x0000000001f81b94      0x8c8 /home/jbrawley/Desktop/rockbox-photo-cf-support/build/apps/plugins/theme_remove.o
 .data          0x0000000001f8245c        0x4 /home/jbrawley/Desktop/rockbox-photo-cf-support/build/apps/plugins/plugin_crt0.o
                0x0000000001f8245c                rb

.igot.plt       0x0000000001f82460        0x0
 .igot.plt      0x0000000001f82460        0x0 /home/jbrawley/Desktop/rockbox-photo-cf-support/build/apps/plugins/theme_remove.o

.ncdata         0x0000000011f82460        0x0 load address 0x0000000001f82460
                0x0000000011f82460                . = ALIGN (0x10)
 *(.ncdata*)
                0x0000000011f82460                . = ALIGN (0x10)
                0x0000000001f82460                bssaddr = (. - 0x10000000)
                0x0000000001f82460                iramcopy = (. - 0x10000000)

/DISCARD/
 *(.eh_frame)

.bss            0x0000000001f82460      0x5b8
                0x0000000001f82460                plugin_bss_start = .
                0x0000000001f82460                _plugin_bss_start = .
 *(.bss*)
 .bss           0x0000000001f82460      0x555 /home/jbrawley/Desktop/rockbox-photo-cf-support/build/apps/plugins/theme_remove.o
 *fill*         0x0000000001f829b5        0x3 
 .bss           0x0000000001f829b8       0x60 /home/jbrawley/Desktop/rockbox-photo-cf-support/build/apps/plugins/plugin_crt0.o
 *(COMMON)
                0x0000000001f82a18                . = ALIGN (0x4)

.ncbss          0x0000000011f82a18        0x8 load address 0x0000000001f82a18
                0x0000000011f82a20                . = ALIGN (0x10)
 *fill*         0x0000000011f82a18        0x8 
 *(.ncbss*)
                0x0000000011f82a20                . = ALIGN (0x10)
                0x0000000001f82a20                pluginendaddr = (. - 0x10000000)

.pluginend      0x0000000001f82a20        0x0
                0x0000000001f82a20                _plugin_end_addr = .
                0x0000000001f82a20                plugin_end_addr = .

.iram           0x000000004000c000        0x0 load address 0x0000000001f82460
                0x000000004000c000                iramstart = .
 *(.icode)
 *(.irodata)
 *(.idata)
                0x000000004000c000                iramend = .

.ibss           0x000000004000c000        0x0
                0x000000004000c000                iedata = .
 *(.ibss)
                0x000000004000c000                . = ALIGN (0x4)
                0x000000004000c000                iend = .
                0x0000000001f82a20                loadendaddr = MAX (plugin_end_addr, (LOADADDR (.iram) + SIZEOF (.iram)))

.pluginloadend  0x0000000001f82a20        0x0
                0x0000000001f82a20                _plugin_load_end_addr = .
                0x0000000001f82a20                plugin_load_end_addr = .

.comment        0x0000000000000000       0x11
 *(.comment)
 .comment       0x0000000000000000       0x11 /home/jbrawley/Desktop/rockbox-photo-cf-support/build/apps/plugins/theme_remove.o
                                         0x12 (size before relaxing)
 .comment       0x0000000000000011       0x12 /home/jbrawley/Desktop/rockbox-photo-cf-support/build/apps/plugins/plugin_crt0.o
 .comment       0x0000000000000011       0x12 /home/jbrawley/Desktop/rockbox-photo-cf-support/build/apps/plugins/libplugin.a(configfile.o)
OUTPUT(/home/jbrawley/Desktop/rockbox-photo-cf-support/build/apps/plugins/theme_remove.elf elf32-littlearm)

.ARM.attributes
                0x0000000000000000       0x2e
 .ARM.attributes
                0x0000000000000000       0x30 /home/jbrawley/Desktop/rockbox-photo-cf-support/build/apps/plugins/theme_remove.o
 .ARM.attributes
                0x0000000000000030       0x30 /home/jbrawley/Desktop/rockbox-photo-cf-support/build/apps/plugins/plugin_crt0.o
 .ARM.attributes
                0x0000000000000060       0x30 /home/jbrawley/Desktop/rockbox-photo-cf-support/build/apps/plugins/libplugin.a(configfile.o)
 .ARM.attributes
                0x0000000000000090       0x20 /home/jbrawley/Desktop/rockbox-photo-cf-support/build/lib/libsetjmp.a(setjmp.o)
