Archive member included to satisfy reference by file (symbol)

/home/jbrawley/Desktop/rockbox-photo-cf-support/build/lib/rbcodec/codecs/libfaad.a(decoder.o)
                              /home/jbrawley/Desktop/rockbox-photo-cf-support/build/lib/rbcodec/codecs/aac.o (NeAACDecOpen)
/home/jbrawley/Desktop/rockbox-photo-cf-support/build/lib/rbcodec/codecs/libfaad.a(drc.o)
                              /home/jbrawley/Desktop/rockbox-photo-cf-support/build/lib/rbcodec/codecs/libfaad.a(decoder.o) (drc_init)
/home/jbrawley/Desktop/rockbox-photo-cf-support/build/lib/rbcodec/codecs/libfaad.a(error.o)
                              /home/jbrawley/Desktop/rockbox-photo-cf-support/build/lib/rbcodec/codecs/libfaad.a(decoder.o) (err_msg)
/home/jbrawley/Desktop/rockbox-photo-cf-support/build/lib/rbcodec/codecs/libfaad.a(mp4.o)
                              /home/jbrawley/Desktop/rockbox-photo-cf-support/build/lib/rbcodec/codecs/libfaad.a(decoder.o) (AudioSpecificConfig2)
/home/jbrawley/Desktop/rockbox-photo-cf-support/build/lib/rbcodec/codecs/libfaad.a(syntax.o)
                              /home/jbrawley/Desktop/rockbox-photo-cf-support/build/lib/rbcodec/codecs/libfaad.a(mp4.o) (GASpecificConfig)
/home/jbrawley/Desktop/rockbox-photo-cf-support/build/lib/rbcodec/codecs/libfaad.a(bits.o)
                              /home/jbrawley/Desktop/rockbox-photo-cf-support/build/lib/rbcodec/codecs/libfaad.a(decoder.o) (faad_initbits)
/home/jbrawley/Desktop/rockbox-photo-cf-support/build/lib/rbcodec/codecs/libfaad.a(common.o)
                              /home/jbrawley/Desktop/rockbox-photo-cf-support/build/lib/rbcodec/codecs/libfaad.a(decoder.o) (get_sr_index)
/home/jbrawley/Desktop/rockbox-photo-cf-support/build/lib/rbcodec/codecs/libfaad.a(huffman.o)
                              /home/jbrawley/Desktop/rockbox-photo-cf-support/build/lib/rbcodec/codecs/libfaad.a(syntax.o) (huffman_scale_factor)
/home/jbrawley/Desktop/rockbox-photo-cf-support/build/lib/rbcodec/codecs/libfaad.a(pulse.o)
                              /home/jbrawley/Desktop/rockbox-photo-cf-support/build/lib/rbcodec/codecs/libfaad.a(syntax.o) (pulse_decode)
/home/jbrawley/Desktop/rockbox-photo-cf-support/build/lib/rbcodec/codecs/libfaad.a(sbr_dec.o)
                              /home/jbrawley/Desktop/rockbox-photo-cf-support/build/lib/rbcodec/codecs/libfaad.a(syntax.o) (sbrDecodeInit)
/home/jbrawley/Desktop/rockbox-photo-cf-support/build/lib/rbcodec/codecs/libfaad.a(sbr_hfadj.o)
                              /home/jbrawley/Desktop/rockbox-photo-cf-support/build/lib/rbcodec/codecs/libfaad.a(sbr_dec.o) (hf_adjustment)
/home/jbrawley/Desktop/rockbox-photo-cf-support/build/lib/rbcodec/codecs/libfaad.a(sbr_hfgen.o)
                              /home/jbrawley/Desktop/rockbox-photo-cf-support/build/lib/rbcodec/codecs/libfaad.a(sbr_dec.o) (hf_generation)
/home/jbrawley/Desktop/rockbox-photo-cf-support/build/lib/rbcodec/codecs/libfaad.a(sbr_qmf.o)
                              /home/jbrawley/Desktop/rockbox-photo-cf-support/build/lib/rbcodec/codecs/libfaad.a(sbr_dec.o) (sbr_qmf_analysis_32)
/home/jbrawley/Desktop/rockbox-photo-cf-support/build/lib/rbcodec/codecs/libfaad.a(sbr_syntax.o)
                              /home/jbrawley/Desktop/rockbox-photo-cf-support/build/lib/rbcodec/codecs/libfaad.a(syntax.o) (sbr_extension_data)
/home/jbrawley/Desktop/rockbox-photo-cf-support/build/lib/rbcodec/codecs/libfaad.a(sbr_tf_grid.o)
                              /home/jbrawley/Desktop/rockbox-photo-cf-support/build/lib/rbcodec/codecs/libfaad.a(sbr_syntax.o) (envelope_time_border_vector)
/home/jbrawley/Desktop/rockbox-photo-cf-support/build/lib/rbcodec/codecs/libfaad.a(specrec.o)
                              /home/jbrawley/Desktop/rockbox-photo-cf-support/build/lib/rbcodec/codecs/libfaad.a(syntax.o) (window_grouping_info)
/home/jbrawley/Desktop/rockbox-photo-cf-support/build/lib/rbcodec/codecs/libfaad.a(tns.o)
                              /home/jbrawley/Desktop/rockbox-photo-cf-support/build/lib/rbcodec/codecs/libfaad.a(specrec.o) (tns_decode_frame)
/home/jbrawley/Desktop/rockbox-photo-cf-support/build/lib/rbcodec/codecs/libfaad.a(filtbank.o)
                              /home/jbrawley/Desktop/rockbox-photo-cf-support/build/lib/rbcodec/codecs/libfaad.a(specrec.o) (ifilter_bank)
/home/jbrawley/Desktop/rockbox-photo-cf-support/build/lib/rbcodec/codecs/libfaad.a(is.o)
                              /home/jbrawley/Desktop/rockbox-photo-cf-support/build/lib/rbcodec/codecs/libfaad.a(specrec.o) (is_decode)
/home/jbrawley/Desktop/rockbox-photo-cf-support/build/lib/rbcodec/codecs/libfaad.a(ms.o)
                              /home/jbrawley/Desktop/rockbox-photo-cf-support/build/lib/rbcodec/codecs/libfaad.a(specrec.o) (ms_decode)
/home/jbrawley/Desktop/rockbox-photo-cf-support/build/lib/rbcodec/codecs/libfaad.a(pns.o)
                              /home/jbrawley/Desktop/rockbox-photo-cf-support/build/lib/rbcodec/codecs/libfaad.a(specrec.o) (pns_decode)
/home/jbrawley/Desktop/rockbox-photo-cf-support/build/lib/rbcodec/codecs/libfaad.a(ps_dec.o)
                              /home/jbrawley/Desktop/rockbox-photo-cf-support/build/lib/rbcodec/codecs/libfaad.a(sbr_dec.o) (ps_init)
/home/jbrawley/Desktop/rockbox-photo-cf-support/build/lib/rbcodec/codecs/libfaad.a(ps_syntax.o)
                              /home/jbrawley/Desktop/rockbox-photo-cf-support/build/lib/rbcodec/codecs/libfaad.a(sbr_syntax.o) (ps_data)
/home/jbrawley/Desktop/rockbox-photo-cf-support/build/lib/rbcodec/codecs/libfaad.a(sbr_dct.o)
                              /home/jbrawley/Desktop/rockbox-photo-cf-support/build/lib/rbcodec/codecs/libfaad.a(sbr_qmf.o) (DCT4_32)
/home/jbrawley/Desktop/rockbox-photo-cf-support/build/lib/rbcodec/codecs/libfaad.a(sbr_fbt.o)
                              /home/jbrawley/Desktop/rockbox-photo-cf-support/build/lib/rbcodec/codecs/libfaad.a(sbr_syntax.o) (qmf_start_channel)
/home/jbrawley/Desktop/rockbox-photo-cf-support/build/lib/rbcodec/codecs/libfaad.a(sbr_huff.o)
                              /home/jbrawley/Desktop/rockbox-photo-cf-support/build/lib/rbcodec/codecs/libfaad.a(sbr_syntax.o) (sbr_envelope)
/home/jbrawley/Desktop/rockbox-photo-cf-support/build/lib/rbcodec/codecs/libfaad.a(sbr_e_nf.o)
                              /home/jbrawley/Desktop/rockbox-photo-cf-support/build/lib/rbcodec/codecs/libfaad.a(sbr_huff.o) (extract_envelope_data)
/home/jbrawley/Desktop/rockbox-photo-cf-support/build/lib/rbcodec/codecs/libm4a.a(m4a.o)
                              /home/jbrawley/Desktop/rockbox-photo-cf-support/build/lib/rbcodec/codecs/aac.o (stream_create)
/home/jbrawley/Desktop/rockbox-photo-cf-support/build/lib/rbcodec/codecs/libm4a.a(demux.o)
                              /home/jbrawley/Desktop/rockbox-photo-cf-support/build/lib/rbcodec/codecs/aac.o (qtmovie_read)
/home/jbrawley/Desktop/rockbox-photo-cf-support/build/lib/rbcodec/codecs/libcodec.a(codeclib.o)
                              /home/jbrawley/Desktop/rockbox-photo-cf-support/build/lib/rbcodec/codecs/aac.o (codec_init)
/home/jbrawley/Desktop/rockbox-photo-cf-support/build/lib/rbcodec/codecs/libcodec.a(fft-ffmpeg.o)
                              /home/jbrawley/Desktop/rockbox-photo-cf-support/build/lib/rbcodec/codecs/libfaad.a(sbr_dct.o) (ff_fft_calc_c)
/home/jbrawley/Desktop/rockbox-photo-cf-support/build/lib/rbcodec/codecs/libcodec.a(mdct.o)
                              /home/jbrawley/Desktop/rockbox-photo-cf-support/build/lib/rbcodec/codecs/libfaad.a(filtbank.o) (ff_imdct_calc)
/home/jbrawley/Desktop/rockbox-photo-cf-support/build/lib/rbcodec/codecs/libcodec.a(mdct_lookup.o)
                              /home/jbrawley/Desktop/rockbox-photo-cf-support/build/lib/rbcodec/codecs/libcodec.a(mdct.o) (revtab)
/usr/local/lib/gcc/arm-elf-eabi/4.9.4/libgcc.a(_udivsi3.o)
                              /home/jbrawley/Desktop/rockbox-photo-cf-support/build/lib/rbcodec/codecs/aac.o (__aeabi_uidiv)
/usr/local/lib/gcc/arm-elf-eabi/4.9.4/libgcc.a(_divsi3.o)
                              /home/jbrawley/Desktop/rockbox-photo-cf-support/build/lib/rbcodec/codecs/aac.o (__aeabi_idiv)
/usr/local/lib/gcc/arm-elf-eabi/4.9.4/libgcc.a(_dvmd_tls.o)
                              /usr/local/lib/gcc/arm-elf-eabi/4.9.4/libgcc.a(_udivsi3.o) (__aeabi_idiv0)
/usr/local/lib/gcc/arm-elf-eabi/4.9.4/libgcc.a(_aeabi_ldivmod.o)
                              /home/jbrawley/Desktop/rockbox-photo-cf-support/build/lib/rbcodec/codecs/aac.o (__aeabi_ldivmod)
/usr/local/lib/gcc/arm-elf-eabi/4.9.4/libgcc.a(_aeabi_uldivmod.o)
                              /home/jbrawley/Desktop/rockbox-photo-cf-support/build/lib/rbcodec/codecs/aac.o (__aeabi_uldivmod)
/usr/local/lib/gcc/arm-elf-eabi/4.9.4/libgcc.a(bpabi.o)
                              /usr/local/lib/gcc/arm-elf-eabi/4.9.4/libgcc.a(_aeabi_ldivmod.o) (__gnu_ldivmod_helper)
/usr/local/lib/gcc/arm-elf-eabi/4.9.4/libgcc.a(_divdi3.o)
                              /usr/local/lib/gcc/arm-elf-eabi/4.9.4/libgcc.a(bpabi.o) (__divdi3)
/usr/local/lib/gcc/arm-elf-eabi/4.9.4/libgcc.a(_udivdi3.o)
                              /usr/local/lib/gcc/arm-elf-eabi/4.9.4/libgcc.a(bpabi.o) (__udivdi3)
/usr/local/lib/gcc/arm-elf-eabi/4.9.4/libgcc.a(_clzdi2.o)
                              /usr/local/lib/gcc/arm-elf-eabi/4.9.4/libgcc.a(_divdi3.o) (__clzdi2)
/usr/local/lib/gcc/arm-elf-eabi/4.9.4/libgcc.a(_clzsi2.o)
                              /usr/local/lib/gcc/arm-elf-eabi/4.9.4/libgcc.a(_clzdi2.o) (__clzsi2)

Discarded input sections

 .data          0x0000000000000000        0x0 /home/jbrawley/Desktop/rockbox-photo-cf-support/build/lib/rbcodec/codecs/aac.o
 .bss           0x0000000000000000        0x0 /home/jbrawley/Desktop/rockbox-photo-cf-support/build/lib/rbcodec/codecs/aac.o
 .bss           0x0000000000000000        0x0 /home/jbrawley/Desktop/rockbox-photo-cf-support/build/lib/rbcodec/codecs/codec_crt0.o
 .data          0x0000000000000000        0x0 /home/jbrawley/Desktop/rockbox-photo-cf-support/build/lib/rbcodec/codecs/libfaad.a(decoder.o)
 .data          0x0000000000000000        0x0 /home/jbrawley/Desktop/rockbox-photo-cf-support/build/lib/rbcodec/codecs/libfaad.a(drc.o)
 .text          0x0000000000000000        0x0 /home/jbrawley/Desktop/rockbox-photo-cf-support/build/lib/rbcodec/codecs/libfaad.a(error.o)
 .bss           0x0000000000000000        0x0 /home/jbrawley/Desktop/rockbox-photo-cf-support/build/lib/rbcodec/codecs/libfaad.a(error.o)
 .data          0x0000000000000000        0x0 /home/jbrawley/Desktop/rockbox-photo-cf-support/build/lib/rbcodec/codecs/libfaad.a(mp4.o)
 .bss           0x0000000000000000        0x0 /home/jbrawley/Desktop/rockbox-photo-cf-support/build/lib/rbcodec/codecs/libfaad.a(mp4.o)
 .data          0x0000000000000000        0x0 /home/jbrawley/Desktop/rockbox-photo-cf-support/build/lib/rbcodec/codecs/libfaad.a(syntax.o)
 .data          0x0000000000000000        0x0 /home/jbrawley/Desktop/rockbox-photo-cf-support/build/lib/rbcodec/codecs/libfaad.a(bits.o)
 .bss           0x0000000000000000        0x0 /home/jbrawley/Desktop/rockbox-photo-cf-support/build/lib/rbcodec/codecs/libfaad.a(bits.o)
 .bss           0x0000000000000000        0x0 /home/jbrawley/Desktop/rockbox-photo-cf-support/build/lib/rbcodec/codecs/libfaad.a(common.o)
 .bss           0x0000000000000000        0x0 /home/jbrawley/Desktop/rockbox-photo-cf-support/build/lib/rbcodec/codecs/libfaad.a(huffman.o)
 .data          0x0000000000000000        0x0 /home/jbrawley/Desktop/rockbox-photo-cf-support/build/lib/rbcodec/codecs/libfaad.a(pulse.o)
 .bss           0x0000000000000000        0x0 /home/jbrawley/Desktop/rockbox-photo-cf-support/build/lib/rbcodec/codecs/libfaad.a(pulse.o)
 .data          0x0000000000000000        0x0 /home/jbrawley/Desktop/rockbox-photo-cf-support/build/lib/rbcodec/codecs/libfaad.a(sbr_dec.o)
 .data          0x0000000000000000        0x0 /home/jbrawley/Desktop/rockbox-photo-cf-support/build/lib/rbcodec/codecs/libfaad.a(sbr_hfadj.o)
 .bss           0x0000000000000000        0x0 /home/jbrawley/Desktop/rockbox-photo-cf-support/build/lib/rbcodec/codecs/libfaad.a(sbr_hfadj.o)
 .data          0x0000000000000000        0x0 /home/jbrawley/Desktop/rockbox-photo-cf-support/build/lib/rbcodec/codecs/libfaad.a(sbr_hfgen.o)
 .bss           0x0000000000000000        0x0 /home/jbrawley/Desktop/rockbox-photo-cf-support/build/lib/rbcodec/codecs/libfaad.a(sbr_hfgen.o)
 .data          0x0000000000000000        0x0 /home/jbrawley/Desktop/rockbox-photo-cf-support/build/lib/rbcodec/codecs/libfaad.a(sbr_qmf.o)
 .bss           0x0000000000000000        0x0 /home/jbrawley/Desktop/rockbox-photo-cf-support/build/lib/rbcodec/codecs/libfaad.a(sbr_qmf.o)
 .data          0x0000000000000000        0x0 /home/jbrawley/Desktop/rockbox-photo-cf-support/build/lib/rbcodec/codecs/libfaad.a(sbr_syntax.o)
 .bss           0x0000000000000000        0x0 /home/jbrawley/Desktop/rockbox-photo-cf-support/build/lib/rbcodec/codecs/libfaad.a(sbr_syntax.o)
 .data          0x0000000000000000        0x0 /home/jbrawley/Desktop/rockbox-photo-cf-support/build/lib/rbcodec/codecs/libfaad.a(sbr_tf_grid.o)
 .bss           0x0000000000000000        0x0 /home/jbrawley/Desktop/rockbox-photo-cf-support/build/lib/rbcodec/codecs/libfaad.a(sbr_tf_grid.o)
 .data          0x0000000000000000        0x0 /home/jbrawley/Desktop/rockbox-photo-cf-support/build/lib/rbcodec/codecs/libfaad.a(specrec.o)
 .bss           0x0000000000000000        0x0 /home/jbrawley/Desktop/rockbox-photo-cf-support/build/lib/rbcodec/codecs/libfaad.a(specrec.o)
 .data          0x0000000000000000        0x0 /home/jbrawley/Desktop/rockbox-photo-cf-support/build/lib/rbcodec/codecs/libfaad.a(tns.o)
 .bss           0x0000000000000000        0x0 /home/jbrawley/Desktop/rockbox-photo-cf-support/build/lib/rbcodec/codecs/libfaad.a(tns.o)
 .data          0x0000000000000000        0x0 /home/jbrawley/Desktop/rockbox-photo-cf-support/build/lib/rbcodec/codecs/libfaad.a(filtbank.o)
 .bss           0x0000000000000000        0x0 /home/jbrawley/Desktop/rockbox-photo-cf-support/build/lib/rbcodec/codecs/libfaad.a(filtbank.o)
 .data          0x0000000000000000        0x0 /home/jbrawley/Desktop/rockbox-photo-cf-support/build/lib/rbcodec/codecs/libfaad.a(is.o)
 .bss           0x0000000000000000        0x0 /home/jbrawley/Desktop/rockbox-photo-cf-support/build/lib/rbcodec/codecs/libfaad.a(is.o)
 .data          0x0000000000000000        0x0 /home/jbrawley/Desktop/rockbox-photo-cf-support/build/lib/rbcodec/codecs/libfaad.a(ms.o)
 .bss           0x0000000000000000        0x0 /home/jbrawley/Desktop/rockbox-photo-cf-support/build/lib/rbcodec/codecs/libfaad.a(ms.o)
 .data          0x0000000000000000        0x0 /home/jbrawley/Desktop/rockbox-photo-cf-support/build/lib/rbcodec/codecs/libfaad.a(pns.o)
 .bss           0x0000000000000000        0x0 /home/jbrawley/Desktop/rockbox-photo-cf-support/build/lib/rbcodec/codecs/libfaad.a(pns.o)
 .data          0x0000000000000000        0x0 /home/jbrawley/Desktop/rockbox-photo-cf-support/build/lib/rbcodec/codecs/libfaad.a(ps_dec.o)
 .data          0x0000000000000000        0x0 /home/jbrawley/Desktop/rockbox-photo-cf-support/build/lib/rbcodec/codecs/libfaad.a(ps_syntax.o)
 .bss           0x0000000000000000        0x0 /home/jbrawley/Desktop/rockbox-photo-cf-support/build/lib/rbcodec/codecs/libfaad.a(ps_syntax.o)
 .data          0x0000000000000000        0x0 /home/jbrawley/Desktop/rockbox-photo-cf-support/build/lib/rbcodec/codecs/libfaad.a(sbr_dct.o)
 .bss           0x0000000000000000        0x0 /home/jbrawley/Desktop/rockbox-photo-cf-support/build/lib/rbcodec/codecs/libfaad.a(sbr_dct.o)
 .data          0x0000000000000000        0x0 /home/jbrawley/Desktop/rockbox-photo-cf-support/build/lib/rbcodec/codecs/libfaad.a(sbr_fbt.o)
 .bss           0x0000000000000000        0x0 /home/jbrawley/Desktop/rockbox-photo-cf-support/build/lib/rbcodec/codecs/libfaad.a(sbr_fbt.o)
 .data          0x0000000000000000        0x0 /home/jbrawley/Desktop/rockbox-photo-cf-support/build/lib/rbcodec/codecs/libfaad.a(sbr_huff.o)
 .bss           0x0000000000000000        0x0 /home/jbrawley/Desktop/rockbox-photo-cf-support/build/lib/rbcodec/codecs/libfaad.a(sbr_huff.o)
 .data          0x0000000000000000        0x0 /home/jbrawley/Desktop/rockbox-photo-cf-support/build/lib/rbcodec/codecs/libfaad.a(sbr_e_nf.o)
 .bss           0x0000000000000000        0x0 /home/jbrawley/Desktop/rockbox-photo-cf-support/build/lib/rbcodec/codecs/libfaad.a(sbr_e_nf.o)
 .data          0x0000000000000000        0x0 /home/jbrawley/Desktop/rockbox-photo-cf-support/build/lib/rbcodec/codecs/libm4a.a(m4a.o)
 .bss           0x0000000000000000        0x0 /home/jbrawley/Desktop/rockbox-photo-cf-support/build/lib/rbcodec/codecs/libm4a.a(m4a.o)
 .data          0x0000000000000000        0x0 /home/jbrawley/Desktop/rockbox-photo-cf-support/build/lib/rbcodec/codecs/libm4a.a(demux.o)
 .bss           0x0000000000000000        0x0 /home/jbrawley/Desktop/rockbox-photo-cf-support/build/lib/rbcodec/codecs/libm4a.a(demux.o)
 .text          0x0000000000000000        0x0 /home/jbrawley/Desktop/rockbox-photo-cf-support/build/lib/rbcodec/codecs/libcodec.a(codeclib.o)
 .data          0x0000000000000000        0x0 /home/jbrawley/Desktop/rockbox-photo-cf-support/build/lib/rbcodec/codecs/libcodec.a(codeclib.o)
 .text.codec_calloc
                0x0000000000000000       0x48 /home/jbrawley/Desktop/rockbox-photo-cf-support/build/lib/rbcodec/codecs/libcodec.a(codeclib.o)
 .text.codec_free
                0x0000000000000000        0x4 /home/jbrawley/Desktop/rockbox-photo-cf-support/build/lib/rbcodec/codecs/libcodec.a(codeclib.o)
 .text.codec_realloc
                0x0000000000000000       0x64 /home/jbrawley/Desktop/rockbox-photo-cf-support/build/lib/rbcodec/codecs/libcodec.a(codeclib.o)
 .text.codec_strlen
                0x0000000000000000       0x24 /home/jbrawley/Desktop/rockbox-photo-cf-support/build/lib/rbcodec/codecs/libcodec.a(codeclib.o)
 .text.strcpy   0x0000000000000000       0x24 /home/jbrawley/Desktop/rockbox-photo-cf-support/build/lib/rbcodec/codecs/libcodec.a(codeclib.o)
 .text.strcat   0x0000000000000000       0x24 /home/jbrawley/Desktop/rockbox-photo-cf-support/build/lib/rbcodec/codecs/libcodec.a(codeclib.o)
 .text.strcmp   0x0000000000000000       0x24 /home/jbrawley/Desktop/rockbox-photo-cf-support/build/lib/rbcodec/codecs/libcodec.a(codeclib.o)
 .text.memcmp   0x0000000000000000       0x24 /home/jbrawley/Desktop/rockbox-photo-cf-support/build/lib/rbcodec/codecs/libcodec.a(codeclib.o)
 .text.memchr   0x0000000000000000       0x24 /home/jbrawley/Desktop/rockbox-photo-cf-support/build/lib/rbcodec/codecs/libcodec.a(codeclib.o)
 .text          0x0000000000000000        0x0 /home/jbrawley/Desktop/rockbox-photo-cf-support/build/lib/rbcodec/codecs/libcodec.a(fft-ffmpeg.o)
 .data          0x0000000000000000        0x0 /home/jbrawley/Desktop/rockbox-photo-cf-support/build/lib/rbcodec/codecs/libcodec.a(fft-ffmpeg.o)
 .bss           0x0000000000000000        0x0 /home/jbrawley/Desktop/rockbox-photo-cf-support/build/lib/rbcodec/codecs/libcodec.a(fft-ffmpeg.o)
 .text          0x0000000000000000        0x0 /home/jbrawley/Desktop/rockbox-photo-cf-support/build/lib/rbcodec/codecs/libcodec.a(mdct.o)
 .data          0x0000000000000000        0x0 /home/jbrawley/Desktop/rockbox-photo-cf-support/build/lib/rbcodec/codecs/libcodec.a(mdct.o)
 .bss           0x0000000000000000        0x0 /home/jbrawley/Desktop/rockbox-photo-cf-support/build/lib/rbcodec/codecs/libcodec.a(mdct.o)
 .text          0x0000000000000000        0x0 /home/jbrawley/Desktop/rockbox-photo-cf-support/build/lib/rbcodec/codecs/libcodec.a(mdct_lookup.o)
 .data          0x0000000000000000        0x0 /home/jbrawley/Desktop/rockbox-photo-cf-support/build/lib/rbcodec/codecs/libcodec.a(mdct_lookup.o)
 .bss           0x0000000000000000        0x0 /home/jbrawley/Desktop/rockbox-photo-cf-support/build/lib/rbcodec/codecs/libcodec.a(mdct_lookup.o)
 .data          0x0000000000000000        0x0 /usr/local/lib/gcc/arm-elf-eabi/4.9.4/libgcc.a(_udivsi3.o)
 .bss           0x0000000000000000        0x0 /usr/local/lib/gcc/arm-elf-eabi/4.9.4/libgcc.a(_udivsi3.o)
 .data          0x0000000000000000        0x0 /usr/local/lib/gcc/arm-elf-eabi/4.9.4/libgcc.a(_divsi3.o)
 .bss           0x0000000000000000        0x0 /usr/local/lib/gcc/arm-elf-eabi/4.9.4/libgcc.a(_divsi3.o)
 .data          0x0000000000000000        0x0 /usr/local/lib/gcc/arm-elf-eabi/4.9.4/libgcc.a(_dvmd_tls.o)
 .bss           0x0000000000000000        0x0 /usr/local/lib/gcc/arm-elf-eabi/4.9.4/libgcc.a(_dvmd_tls.o)
 .data          0x0000000000000000        0x0 /usr/local/lib/gcc/arm-elf-eabi/4.9.4/libgcc.a(_aeabi_ldivmod.o)
 .bss           0x0000000000000000        0x0 /usr/local/lib/gcc/arm-elf-eabi/4.9.4/libgcc.a(_aeabi_ldivmod.o)
 .data          0x0000000000000000        0x0 /usr/local/lib/gcc/arm-elf-eabi/4.9.4/libgcc.a(_aeabi_uldivmod.o)
 .bss           0x0000000000000000        0x0 /usr/local/lib/gcc/arm-elf-eabi/4.9.4/libgcc.a(_aeabi_uldivmod.o)
 .data          0x0000000000000000        0x0 /usr/local/lib/gcc/arm-elf-eabi/4.9.4/libgcc.a(bpabi.o)
 .bss           0x0000000000000000        0x0 /usr/local/lib/gcc/arm-elf-eabi/4.9.4/libgcc.a(bpabi.o)
 .data          0x0000000000000000        0x0 /usr/local/lib/gcc/arm-elf-eabi/4.9.4/libgcc.a(_divdi3.o)
 .bss           0x0000000000000000        0x0 /usr/local/lib/gcc/arm-elf-eabi/4.9.4/libgcc.a(_divdi3.o)
 .ARM.extab     0x0000000000000000        0x0 /usr/local/lib/gcc/arm-elf-eabi/4.9.4/libgcc.a(_divdi3.o)
 .data          0x0000000000000000        0x0 /usr/local/lib/gcc/arm-elf-eabi/4.9.4/libgcc.a(_udivdi3.o)
 .bss           0x0000000000000000        0x0 /usr/local/lib/gcc/arm-elf-eabi/4.9.4/libgcc.a(_udivdi3.o)
 .ARM.extab     0x0000000000000000        0x0 /usr/local/lib/gcc/arm-elf-eabi/4.9.4/libgcc.a(_udivdi3.o)
 .data          0x0000000000000000        0x0 /usr/local/lib/gcc/arm-elf-eabi/4.9.4/libgcc.a(_clzdi2.o)
 .bss           0x0000000000000000        0x0 /usr/local/lib/gcc/arm-elf-eabi/4.9.4/libgcc.a(_clzdi2.o)
 .data          0x0000000000000000        0x0 /usr/local/lib/gcc/arm-elf-eabi/4.9.4/libgcc.a(_clzsi2.o)
 .bss           0x0000000000000000        0x0 /usr/local/lib/gcc/arm-elf-eabi/4.9.4/libgcc.a(_clzsi2.o)

Memory Configuration

Name             Origin             Length             Attributes
PLUGIN_RAM       0x0000000001e80000 0x0000000000100000
PLUGIN_IRAM      0x000000004000c000 0x000000000000c000
*default*        0x0000000000000000 0xffffffffffffffff

Linker script and memory map

LOAD /home/jbrawley/Desktop/rockbox-photo-cf-support/build/lib/rbcodec/codecs/aac.o
LOAD /home/jbrawley/Desktop/rockbox-photo-cf-support/build/lib/rbcodec/codecs/codec_crt0.o
LOAD /home/jbrawley/Desktop/rockbox-photo-cf-support/build/lib/rbcodec/codecs/libfaad.a
LOAD /home/jbrawley/Desktop/rockbox-photo-cf-support/build/lib/rbcodec/codecs/libm4a.a
LOAD /home/jbrawley/Desktop/rockbox-photo-cf-support/build/lib/rbcodec/codecs/libcodec.a
LOAD /home/jbrawley/Desktop/rockbox-photo-cf-support/build/lib/libfixedpoint.a
LOAD /usr/local/lib/gcc/arm-elf-eabi/4.9.4/libgcc.a

.header         0x0000000001e80000       0x20
                0x0000000001e80000                _plugin_start_addr = .
                0x0000000001e80000                plugin_start_addr = .
 *(.header)
 .header        0x0000000001e80000       0x20 /home/jbrawley/Desktop/rockbox-photo-cf-support/build/lib/rbcodec/codecs/aac.o
                0x0000000001e80000                __header

.text           0x0000000001e80020    0x18eb0
 *(.text*)
 .text          0x0000000001e80020      0x638 /home/jbrawley/Desktop/rockbox-photo-cf-support/build/lib/rbcodec/codecs/aac.o
                0x0000000001e80020                codec_run
                0x0000000001e80600                codec_main
 .text          0x0000000001e80658       0xec /home/jbrawley/Desktop/rockbox-photo-cf-support/build/lib/rbcodec/codecs/codec_crt0.o
                0x0000000001e80658                _start
                0x0000000001e80660                codec_start
                0x0000000001e80730                __div0
 .text          0x0000000001e80744      0x920 /home/jbrawley/Desktop/rockbox-photo-cf-support/build/lib/rbcodec/codecs/libfaad.a(decoder.o)
                0x0000000001e80744                NeAACDecGetErrorMessage
                0x0000000001e8075c                NeAACDecOpen
                0x0000000001e807fc                NeAACDecGetCurrentConfiguration
                0x0000000001e80808                NeAACDecSetConfiguration
                0x0000000001e80888                NeAACDecInit
                0x0000000001e80bb4                NeAACDecInit2
                0x0000000001e80d9c                NeAACDecPostSeekReset
                0x0000000001e80db8                NeAACDecDecode
 .text          0x0000000001e81064      0x19c /home/jbrawley/Desktop/rockbox-photo-cf-support/build/lib/rbcodec/codecs/libfaad.a(drc.o)
                0x0000000001e81064                drc_init
                0x0000000001e810b8                drc_decode
 .text          0x0000000001e81200      0x500 /home/jbrawley/Desktop/rockbox-photo-cf-support/build/lib/rbcodec/codecs/libfaad.a(mp4.o)
                0x0000000001e812e8                AudioSpecificConfig2
 .text          0x0000000001e81700     0x30cc /home/jbrawley/Desktop/rockbox-photo-cf-support/build/lib/rbcodec/codecs/libfaad.a(syntax.o)
                0x0000000001e838e4                GASpecificConfig
                0x0000000001e83a84                raw_data_block
                0x0000000001e84104                get_adif_header
                0x0000000001e84380                adts_frame
 .text          0x0000000001e847cc      0x1b0 /home/jbrawley/Desktop/rockbox-photo-cf-support/build/lib/rbcodec/codecs/libfaad.a(bits.o)
                0x0000000001e847cc                faad_initbits
                0x0000000001e848a4                faad_endbits
                0x0000000001e848a8                faad_get_processed_bits
                0x0000000001e848c4                faad_byte_align
 .text          0x0000000001e8497c      0x3d8 /home/jbrawley/Desktop/rockbox-photo-cf-support/build/lib/rbcodec/codecs/libfaad.a(common.o)
                0x0000000001e8497c                get_sr_index
                0x0000000001e84a84                get_sample_rate
                0x0000000001e84a9c                max_pred_sfb
                0x0000000001e84ab8                max_tns_sfb
                0x0000000001e84ae4                can_decode_ot
                0x0000000001e84b10                random_int
                0x0000000001e84b64                pow2_fix
                0x0000000001e84bd4                pow2_int
                0x0000000001e84c3c                log2_int
                0x0000000001e84cc4                log2_fix
 .text          0x0000000001e84d54     0x15b4 /home/jbrawley/Desktop/rockbox-photo-cf-support/build/lib/rbcodec/codecs/libfaad.a(huffman.o)
                0x0000000001e851d8                huffman_scale_factor
                0x0000000001e85290                huffman_spectral_data
 .text          0x0000000001e86308       0xb4 /home/jbrawley/Desktop/rockbox-photo-cf-support/build/lib/rbcodec/codecs/libfaad.a(pulse.o)
                0x0000000001e86308                pulse_decode
 .text          0x0000000001e863bc      0xc10 /home/jbrawley/Desktop/rockbox-photo-cf-support/build/lib/rbcodec/codecs/libfaad.a(sbr_dec.o)
                0x0000000001e86930                sbrDecodeInit
                0x0000000001e86ac8                sbrDecodeCoupleFrame
                0x0000000001e86c80                sbrDecodeSingleFrame
                0x0000000001e86db0                sbrDecodeSingleFramePS
 .text          0x0000000001e86fcc     0x1414 /home/jbrawley/Desktop/rockbox-photo-cf-support/build/lib/rbcodec/codecs/libfaad.a(sbr_hfadj.o)
                0x0000000001e871c0                hf_adjustment
 .text          0x0000000001e883e0      0xc70 /home/jbrawley/Desktop/rockbox-photo-cf-support/build/lib/rbcodec/codecs/libfaad.a(sbr_hfgen.o)
                0x0000000001e883e0                hf_generation
 .text          0x0000000001e89050      0xafc /home/jbrawley/Desktop/rockbox-photo-cf-support/build/lib/rbcodec/codecs/libfaad.a(sbr_qmf.o)
                0x0000000001e89050                sbr_qmf_analysis_32
                0x0000000001e894b0                sbr_qmf_synthesis_32
                0x0000000001e898b8                sbr_qmf_synthesis_64
 .text          0x0000000001e89b4c     0x1fb0 /home/jbrawley/Desktop/rockbox-photo-cf-support/build/lib/rbcodec/codecs/libfaad.a(sbr_syntax.o)
                0x0000000001e8a9bc                sbr_extension_data
 .text          0x0000000001e8bafc      0x4e8 /home/jbrawley/Desktop/rockbox-photo-cf-support/build/lib/rbcodec/codecs/libfaad.a(sbr_tf_grid.o)
                0x0000000001e8bafc                envelope_time_border_vector
                0x0000000001e8beac                noise_floor_time_border_vector
 .text          0x0000000001e8bfe4      0xee0 /home/jbrawley/Desktop/rockbox-photo-cf-support/build/lib/rbcodec/codecs/libfaad.a(specrec.o)
                0x0000000001e8c5d0                window_grouping_info
                0x0000000001e8c874                reconstruct_single_channel
                0x0000000001e8cb20                reconstruct_channel_pair
 .text          0x0000000001e8cec4      0x498 /home/jbrawley/Desktop/rockbox-photo-cf-support/build/lib/rbcodec/codecs/libfaad.a(tns.o)
                0x0000000001e8cec4                tns_decode_frame
 .text          0x0000000001e8d35c      0xd7c /home/jbrawley/Desktop/rockbox-photo-cf-support/build/lib/rbcodec/codecs/libfaad.a(filtbank.o)
                0x0000000001e8d35c                ifilter_bank
 .text          0x0000000001e8e0d8      0x284 /home/jbrawley/Desktop/rockbox-photo-cf-support/build/lib/rbcodec/codecs/libfaad.a(is.o)
                0x0000000001e8e0d8                is_decode
 .text          0x0000000001e8e35c      0x1d4 /home/jbrawley/Desktop/rockbox-photo-cf-support/build/lib/rbcodec/codecs/libfaad.a(ms.o)
                0x0000000001e8e35c                ms_decode
 .text          0x0000000001e8e530      0x874 /home/jbrawley/Desktop/rockbox-photo-cf-support/build/lib/rbcodec/codecs/libfaad.a(pns.o)
                0x0000000001e8e530                pns_decode
 .text          0x0000000001e8eda4     0x3a3c /home/jbrawley/Desktop/rockbox-photo-cf-support/build/lib/rbcodec/codecs/libfaad.a(ps_dec.o)
                0x0000000001e8f3dc                ps_init
                0x0000000001e8f574                ps_decode
 .text          0x0000000001e927e0      0xa74 /home/jbrawley/Desktop/rockbox-photo-cf-support/build/lib/rbcodec/codecs/libfaad.a(ps_syntax.o)
                0x0000000001e92a7c                ps_data
 .text          0x0000000001e93254     0x2774 /home/jbrawley/Desktop/rockbox-photo-cf-support/build/lib/rbcodec/codecs/libfaad.a(sbr_dct.o)
                0x0000000001e93254                DCT4_32
                0x0000000001e944dc                dct4_kernel
                0x0000000001e946b4                DST4_32
 .text          0x0000000001e959c8      0xcac /home/jbrawley/Desktop/rockbox-photo-cf-support/build/lib/rbcodec/codecs/libfaad.a(sbr_fbt.o)
                0x0000000001e95a54                qmf_start_channel
                0x0000000001e95ab4                qmf_stop_channel
                0x0000000001e95b9c                master_frequency_table_fs0
                0x0000000001e95cfc                master_frequency_table
                0x0000000001e96120                derived_frequency_table
                0x0000000001e96324                limiter_frequency_table
 .text          0x0000000001e96674      0x8c8 /home/jbrawley/Desktop/rockbox-photo-cf-support/build/lib/rbcodec/codecs/libfaad.a(sbr_huff.o)
                0x0000000001e9675c                sbr_envelope
                0x0000000001e96c40                sbr_noise
 .text          0x0000000001e96f3c      0x4e0 /home/jbrawley/Desktop/rockbox-photo-cf-support/build/lib/rbcodec/codecs/libfaad.a(sbr_e_nf.o)
                0x0000000001e96f3c                extract_envelope_data
                0x0000000001e972ac                extract_noise_floor_data
 .text          0x0000000001e9741c      0x5cc /home/jbrawley/Desktop/rockbox-photo-cf-support/build/lib/rbcodec/codecs/libm4a.a(m4a.o)
                0x0000000001e9741c                stream_read
                0x0000000001e97458                stream_read_int32
                0x0000000001e974b4                stream_tell
                0x0000000001e974c0                stream_read_uint32
                0x0000000001e9751c                stream_read_uint16
                0x0000000001e97578                stream_read_uint8
                0x0000000001e975c4                stream_skip
                0x0000000001e975d4                stream_seek
                0x0000000001e975e4                stream_eof
                0x0000000001e975ec                stream_create
                0x0000000001e975f8                m4a_check_sample_offset
                0x0000000001e976a0                m4a_seek
                0x0000000001e978e0                m4a_seek_raw
 .text          0x0000000001e979e8      0xb24 /home/jbrawley/Desktop/rockbox-photo-cf-support/build/lib/rbcodec/codecs/libm4a.a(demux.o)
                0x0000000001e979e8                qtmovie_read
 .text.codec_init
                0x0000000001e9850c       0x40 /home/jbrawley/Desktop/rockbox-photo-cf-support/build/lib/rbcodec/codecs/libcodec.a(codeclib.o)
                0x0000000001e9850c                codec_init
 .text.codec_set_replaygain
                0x0000000001e9854c       0x54 /home/jbrawley/Desktop/rockbox-photo-cf-support/build/lib/rbcodec/codecs/libcodec.a(codeclib.o)
                0x0000000001e9854c                codec_set_replaygain
 .text.codec_malloc
                0x0000000001e985a0       0x3c /home/jbrawley/Desktop/rockbox-photo-cf-support/build/lib/rbcodec/codecs/libcodec.a(codeclib.o)
                0x0000000001e985a0                codec_malloc
 .text.memcpy   0x0000000001e985dc       0x24 /home/jbrawley/Desktop/rockbox-photo-cf-support/build/lib/rbcodec/codecs/libcodec.a(codeclib.o)
                0x0000000001e985dc                memcpy
 .text.memset   0x0000000001e98600       0x24 /home/jbrawley/Desktop/rockbox-photo-cf-support/build/lib/rbcodec/codecs/libcodec.a(codeclib.o)
                0x0000000001e98600                memset
 .text.memmove  0x0000000001e98624       0x24 /home/jbrawley/Desktop/rockbox-photo-cf-support/build/lib/rbcodec/codecs/libcodec.a(codeclib.o)
                0x0000000001e98624                memmove
 .text.qsort    0x0000000001e98648       0x24 /home/jbrawley/Desktop/rockbox-photo-cf-support/build/lib/rbcodec/codecs/libcodec.a(codeclib.o)
                0x0000000001e98648                qsort
 .text.fft4_dispatch
                0x0000000001e9866c       0x54 /home/jbrawley/Desktop/rockbox-photo-cf-support/build/lib/rbcodec/codecs/libcodec.a(fft-ffmpeg.o)
 .text.fft8_dispatch
                0x0000000001e986c0      0x170 /home/jbrawley/Desktop/rockbox-photo-cf-support/build/lib/rbcodec/codecs/libcodec.a(fft-ffmpeg.o)
 .text.ff_fft_calc_c
                0x0000000001e98830       0x28 /home/jbrawley/Desktop/rockbox-photo-cf-support/build/lib/rbcodec/codecs/libcodec.a(fft-ffmpeg.o)
                0x0000000001e98830                ff_fft_calc_c
 .text          0x0000000001e98858      0x114 /usr/local/lib/gcc/arm-elf-eabi/4.9.4/libgcc.a(_udivsi3.o)
                0x0000000001e98858                __udivsi3
                0x0000000001e98858                __aeabi_uidiv
                0x0000000001e9894c                __aeabi_uidivmod
 .text          0x0000000001e9896c      0x148 /usr/local/lib/gcc/arm-elf-eabi/4.9.4/libgcc.a(_divsi3.o)
                0x0000000001e9896c                __aeabi_idiv
                0x0000000001e9896c                __divsi3
                0x0000000001e98a94                __aeabi_idivmod
 .text          0x0000000001e98ab4        0x4 /usr/local/lib/gcc/arm-elf-eabi/4.9.4/libgcc.a(_dvmd_tls.o)
                0x0000000001e98ab4                __aeabi_ldiv0
                0x0000000001e98ab4                __aeabi_idiv0
 .text          0x0000000001e98ab8       0x48 /usr/local/lib/gcc/arm-elf-eabi/4.9.4/libgcc.a(_aeabi_ldivmod.o)
                0x0000000001e98ab8                __aeabi_ldivmod
 .text          0x0000000001e98b00       0x3c /usr/local/lib/gcc/arm-elf-eabi/4.9.4/libgcc.a(_aeabi_uldivmod.o)
                0x0000000001e98b00                __aeabi_uldivmod
 .text          0x0000000001e98b3c       0x84 /usr/local/lib/gcc/arm-elf-eabi/4.9.4/libgcc.a(bpabi.o)
                0x0000000001e98b3c                __gnu_ldivmod_helper
                0x0000000001e98b80                __gnu_uldivmod_helper
 .text          0x0000000001e98bc0      0x178 /usr/local/lib/gcc/arm-elf-eabi/4.9.4/libgcc.a(_divdi3.o)
                0x0000000001e98bc0                __divdi3
 .text          0x0000000001e98d38      0x120 /usr/local/lib/gcc/arm-elf-eabi/4.9.4/libgcc.a(_udivdi3.o)
                0x0000000001e98d38                __udivdi3
 .text          0x0000000001e98e58       0x28 /usr/local/lib/gcc/arm-elf-eabi/4.9.4/libgcc.a(_clzdi2.o)
                0x0000000001e98e58                __clzdi2
 .text          0x0000000001e98e80       0x48 /usr/local/lib/gcc/arm-elf-eabi/4.9.4/libgcc.a(_clzsi2.o)
                0x0000000001e98e80                __clzsi2
 .text.__stub   0x0000000001e98ec8        0x8 linker stubs
 *(.glue_7)
 .glue_7        0x0000000001e98ed0        0x0 linker stubs
 *(.glue_7t)
 .glue_7t       0x0000000001e98ed0        0x0 linker stubs

.vfp11_veneer   0x0000000001e98ed0        0x0
 .vfp11_veneer  0x0000000001e98ed0        0x0 linker stubs

.v4_bx          0x0000000001e98ed0        0x0
 .v4_bx         0x0000000001e98ed0        0x0 linker stubs

.iplt           0x0000000001e98ed0        0x0
 .iplt          0x0000000001e98ed0        0x0 /home/jbrawley/Desktop/rockbox-photo-cf-support/build/lib/rbcodec/codecs/aac.o

.rodata         0x0000000001e98ed0    0x10180
 *(.rodata*)
 .rodata        0x0000000001e98ed0       0x84 /home/jbrawley/Desktop/rockbox-photo-cf-support/build/lib/rbcodec/codecs/libfaad.a(decoder.o)
 .rodata        0x0000000001e98f54       0xbc /home/jbrawley/Desktop/rockbox-photo-cf-support/build/lib/rbcodec/codecs/libfaad.a(drc.o)
 .rodata.str1.4
                0x0000000001e99010      0x44c /home/jbrawley/Desktop/rockbox-photo-cf-support/build/lib/rbcodec/codecs/libfaad.a(error.o)
                                        0x449 (size before relaxing)
 .rodata        0x0000000001e9945c       0xa4 /home/jbrawley/Desktop/rockbox-photo-cf-support/build/lib/rbcodec/codecs/libfaad.a(mp4.o)
 .rodata        0x0000000001e99500       0x84 /home/jbrawley/Desktop/rockbox-photo-cf-support/build/lib/rbcodec/codecs/libfaad.a(syntax.o)
 .rodata        0x0000000001e99584      0x284 /home/jbrawley/Desktop/rockbox-photo-cf-support/build/lib/rbcodec/codecs/libfaad.a(common.o)
 .rodata        0x0000000001e99808      0x58d /home/jbrawley/Desktop/rockbox-photo-cf-support/build/lib/rbcodec/codecs/libfaad.a(huffman.o)
 *fill*         0x0000000001e99d95        0xb 
 .rodata        0x0000000001e99da0     0x1840 /home/jbrawley/Desktop/rockbox-photo-cf-support/build/lib/rbcodec/codecs/libfaad.a(sbr_hfadj.o)
 .rodata        0x0000000001e9b5e0        0xc /home/jbrawley/Desktop/rockbox-photo-cf-support/build/lib/rbcodec/codecs/libfaad.a(sbr_hfgen.o)
 *fill*         0x0000000001e9b5ec        0x4 
 .rodata        0x0000000001e9b5f0      0xb00 /home/jbrawley/Desktop/rockbox-photo-cf-support/build/lib/rbcodec/codecs/libfaad.a(sbr_qmf.o)
 .rodata        0x0000000001e9c0f0       0x8e /home/jbrawley/Desktop/rockbox-photo-cf-support/build/lib/rbcodec/codecs/libfaad.a(sbr_syntax.o)
 *fill*         0x0000000001e9c17e        0x2 
 .rodata        0x0000000001e9c180     0x80ec /home/jbrawley/Desktop/rockbox-photo-cf-support/build/lib/rbcodec/codecs/libfaad.a(specrec.o)
 .rodata        0x0000000001ea426c      0x100 /home/jbrawley/Desktop/rockbox-photo-cf-support/build/lib/rbcodec/codecs/libfaad.a(tns.o)
 .rodata        0x0000000001ea436c       0x10 /home/jbrawley/Desktop/rockbox-photo-cf-support/build/lib/rbcodec/codecs/libfaad.a(pns.o)
 .rodata        0x0000000001ea437c     0x21b0 /home/jbrawley/Desktop/rockbox-photo-cf-support/build/lib/rbcodec/codecs/libfaad.a(ps_dec.o)
 .rodata        0x0000000001ea652c      0x27a /home/jbrawley/Desktop/rockbox-photo-cf-support/build/lib/rbcodec/codecs/libfaad.a(ps_syntax.o)
 *fill*         0x0000000001ea67a6        0x2 
 .rodata        0x0000000001ea67a8      0x354 /home/jbrawley/Desktop/rockbox-photo-cf-support/build/lib/rbcodec/codecs/libfaad.a(sbr_fbt.o)
 .rodata        0x0000000001ea6afc      0x528 /home/jbrawley/Desktop/rockbox-photo-cf-support/build/lib/rbcodec/codecs/libfaad.a(sbr_huff.o)
 .rodata        0x0000000001ea7024       0x2c /home/jbrawley/Desktop/rockbox-photo-cf-support/build/lib/rbcodec/codecs/libcodec.a(fft-ffmpeg.o)
 .rodata        0x0000000001ea7050     0x2000 /home/jbrawley/Desktop/rockbox-photo-cf-support/build/lib/rbcodec/codecs/libcodec.a(mdct_lookup.o)
                0x0000000001ea7050                revtab

.ARM.exidx      0x0000000001ea9050        0x8
 .ARM.exidx     0x0000000001ea9050        0x8 /usr/local/lib/gcc/arm-elf-eabi/4.9.4/libgcc.a(_divdi3.o)
 .ARM.exidx     0x0000000001ea9058        0x0 /usr/local/lib/gcc/arm-elf-eabi/4.9.4/libgcc.a(_udivdi3.o)
                                          0x8 (size before relaxing)

.rel.dyn        0x0000000001ea9058        0x0
 .rel.iplt      0x0000000001ea9058        0x0 /home/jbrawley/Desktop/rockbox-photo-cf-support/build/lib/rbcodec/codecs/aac.o

.data           0x0000000001ea9058     0x17ac
 *(.data*)
 .data          0x0000000001ea9058        0x4 /home/jbrawley/Desktop/rockbox-photo-cf-support/build/lib/rbcodec/codecs/codec_crt0.o
                0x0000000001ea9058                ci
 .data          0x0000000001ea905c       0x74 /home/jbrawley/Desktop/rockbox-photo-cf-support/build/lib/rbcodec/codecs/libfaad.a(error.o)
                0x0000000001ea905c                err_msg
 .data          0x0000000001ea90d0        0x8 /home/jbrawley/Desktop/rockbox-photo-cf-support/build/lib/rbcodec/codecs/libfaad.a(common.o)
 .data          0x0000000001ea90d8     0x172c /home/jbrawley/Desktop/rockbox-photo-cf-support/build/lib/rbcodec/codecs/libfaad.a(huffman.o)

.igot.plt       0x0000000001eaa804        0x0
 .igot.plt      0x0000000001eaa804        0x0 /home/jbrawley/Desktop/rockbox-photo-cf-support/build/lib/rbcodec/codecs/aac.o

.ncdata         0x0000000011eaa804        0xc load address 0x0000000001eaa804
                0x0000000011eaa810                . = ALIGN (0x10)
 *fill*         0x0000000011eaa804        0xc 
 *(.ncdata*)
                0x0000000011eaa810                . = ALIGN (0x10)
                0x0000000001eaa810                bssaddr = (. - 0x10000000)
                0x0000000001eaa810                iramcopy = (. - 0x10000000)

/DISCARD/
 *(.eh_frame)

.bss            0x0000000001eaa810    0x14c88
                0x0000000001eaa810                plugin_bss_start = .
                0x0000000001eaa810                _plugin_bss_start = .
 *(.bss*)
 .bss           0x0000000001eaa810     0x4230 /home/jbrawley/Desktop/rockbox-photo-cf-support/build/lib/rbcodec/codecs/libfaad.a(decoder.o)
 .bss           0x0000000001eaea40       0x8c /home/jbrawley/Desktop/rockbox-photo-cf-support/build/lib/rbcodec/codecs/libfaad.a(drc.o)
 *fill*         0x0000000001eaeacc        0x4 
 .bss           0x0000000001eaead0     0xa7b6 /home/jbrawley/Desktop/rockbox-photo-cf-support/build/lib/rbcodec/codecs/libfaad.a(syntax.o)
 *fill*         0x0000000001eb9286        0x2 
 .bss           0x0000000001eb9288        0x4 /home/jbrawley/Desktop/rockbox-photo-cf-support/build/lib/rbcodec/codecs/libfaad.a(sbr_dec.o)
 .bss           0x0000000001eb928c     0x6200 /home/jbrawley/Desktop/rockbox-photo-cf-support/build/lib/rbcodec/codecs/libfaad.a(ps_dec.o)
 .bss           0x0000000001ebf48c        0xc /home/jbrawley/Desktop/rockbox-photo-cf-support/build/lib/rbcodec/codecs/libcodec.a(codeclib.o)
 *(COMMON)
                0x0000000001ebf498                . = ALIGN (0x4)

.ncbss          0x0000000011ebf498        0x8 load address 0x0000000001ebf498
                0x0000000011ebf4a0                . = ALIGN (0x10)
 *fill*         0x0000000011ebf498        0x8 
 *(.ncbss*)
                0x0000000011ebf4a0                . = ALIGN (0x10)
                0x0000000001ebf4a0                pluginendaddr = (. - 0x10000000)

.pluginend      0x0000000001ebf4a0        0x0
                0x0000000001ebf4a0                _plugin_end_addr = .
                0x0000000001ebf4a0                plugin_end_addr = .

.iram           0x000000004000c000     0x66c8 load address 0x0000000001eaa810
                0x000000004000c000                iramstart = .
 *(.icode)
 .icode         0x000000004000c000      0xd78 /home/jbrawley/Desktop/rockbox-photo-cf-support/build/lib/rbcodec/codecs/libcodec.a(fft-ffmpeg.o)
 .icode         0x000000004000cd78      0x75c /home/jbrawley/Desktop/rockbox-photo-cf-support/build/lib/rbcodec/codecs/libcodec.a(mdct.o)
                0x000000004000cd78                ff_imdct_half
                0x000000004000d3d8                ff_imdct_calc
 *fill*         0x000000004000d4d4        0x4 
 .icode.__stub  0x000000004000d4d8        0x8 linker stubs
 *(.irodata)
 .irodata       0x000000004000d4e0      0x104 /home/jbrawley/Desktop/rockbox-photo-cf-support/build/lib/rbcodec/codecs/libfaad.a(common.o)
 .irodata       0x000000004000d5e4      0x450 /home/jbrawley/Desktop/rockbox-photo-cf-support/build/lib/rbcodec/codecs/libfaad.a(huffman.o)
 .irodata       0x000000004000da34      0x2ec /home/jbrawley/Desktop/rockbox-photo-cf-support/build/lib/rbcodec/codecs/libfaad.a(specrec.o)
 *fill*         0x000000004000dd20        0x0 
 .irodata       0x000000004000dd20     0x2400 /home/jbrawley/Desktop/rockbox-photo-cf-support/build/lib/rbcodec/codecs/libfaad.a(filtbank.o)
 .irodata       0x0000000040010120       0x1c /home/jbrawley/Desktop/rockbox-photo-cf-support/build/lib/rbcodec/codecs/libfaad.a(is.o)
 *fill*         0x000000004001013c        0x4 
 .irodata       0x0000000040010140      0x380 /home/jbrawley/Desktop/rockbox-photo-cf-support/build/lib/rbcodec/codecs/libfaad.a(sbr_dct.o)
 .irodata       0x00000000400104c0      0x200 /home/jbrawley/Desktop/rockbox-photo-cf-support/build/lib/rbcodec/codecs/libcodec.a(codeclib.o)
                0x00000000400104c0                bs_clz_tab
                0x00000000400105c0                bs_log2_tab
 .irodata       0x00000000400106c0     0x2008 /home/jbrawley/Desktop/rockbox-photo-cf-support/build/lib/rbcodec/codecs/libcodec.a(mdct_lookup.o)
                0x00000000400106c0                sincos_lookup1
                0x00000000400116c0                sincos_lookup0
 *(.idata)
                0x00000000400126c8                iramend = .

.ibss           0x00000000400126d0     0x5800 load address 0x0000000001eb0ee0
                0x00000000400126d0                iedata = .
 *(.ibss)
 .ibss          0x00000000400126d0     0x1000 /home/jbrawley/Desktop/rockbox-photo-cf-support/build/lib/rbcodec/codecs/libfaad.a(syntax.o)
 .ibss          0x00000000400136d0      0x800 /home/jbrawley/Desktop/rockbox-photo-cf-support/build/lib/rbcodec/codecs/libfaad.a(bits.o)
 .ibss          0x0000000040013ed0     0x2000 /home/jbrawley/Desktop/rockbox-photo-cf-support/build/lib/rbcodec/codecs/libfaad.a(specrec.o)
 .ibss          0x0000000040015ed0     0x2000 /home/jbrawley/Desktop/rockbox-photo-cf-support/build/lib/rbcodec/codecs/libfaad.a(filtbank.o)
                0x0000000040017ed0                . = ALIGN (0x4)
                0x0000000040017ed0                iend = .
                0x0000000001ebf4a0                loadendaddr = MAX (plugin_end_addr, (LOADADDR (.iram) + SIZEOF (.iram)))

.pluginloadend  0x0000000001ebf4a0        0x0
                0x0000000001ebf4a0                _plugin_load_end_addr = .
                0x0000000001ebf4a0                plugin_load_end_addr = .

.comment        0x0000000000000000       0x11
 *(.comment)
 .comment       0x0000000000000000       0x11 /home/jbrawley/Desktop/rockbox-photo-cf-support/build/lib/rbcodec/codecs/aac.o
                                         0x12 (size before relaxing)
 .comment       0x0000000000000011       0x12 /home/jbrawley/Desktop/rockbox-photo-cf-support/build/lib/rbcodec/codecs/codec_crt0.o
 .comment       0x0000000000000011       0x12 /home/jbrawley/Desktop/rockbox-photo-cf-support/build/lib/rbcodec/codecs/libfaad.a(decoder.o)
 .comment       0x0000000000000011       0x12 /home/jbrawley/Desktop/rockbox-photo-cf-support/build/lib/rbcodec/codecs/libfaad.a(drc.o)
 .comment       0x0000000000000011       0x12 /home/jbrawley/Desktop/rockbox-photo-cf-support/build/lib/rbcodec/codecs/libfaad.a(error.o)
 .comment       0x0000000000000011       0x12 /home/jbrawley/Desktop/rockbox-photo-cf-support/build/lib/rbcodec/codecs/libfaad.a(mp4.o)
 .comment       0x0000000000000011       0x12 /home/jbrawley/Desktop/rockbox-photo-cf-support/build/lib/rbcodec/codecs/libfaad.a(syntax.o)
 .comment       0x0000000000000011       0x12 /home/jbrawley/Desktop/rockbox-photo-cf-support/build/lib/rbcodec/codecs/libfaad.a(bits.o)
 .comment       0x0000000000000011       0x12 /home/jbrawley/Desktop/rockbox-photo-cf-support/build/lib/rbcodec/codecs/libfaad.a(common.o)
 .comment       0x0000000000000011       0x12 /home/jbrawley/Desktop/rockbox-photo-cf-support/build/lib/rbcodec/codecs/libfaad.a(huffman.o)
 .comment       0x0000000000000011       0x12 /home/jbrawley/Desktop/rockbox-photo-cf-support/build/lib/rbcodec/codecs/libfaad.a(pulse.o)
 .comment       0x0000000000000011       0x12 /home/jbrawley/Desktop/rockbox-photo-cf-support/build/lib/rbcodec/codecs/libfaad.a(sbr_dec.o)
 .comment       0x0000000000000011       0x12 /home/jbrawley/Desktop/rockbox-photo-cf-support/build/lib/rbcodec/codecs/libfaad.a(sbr_hfadj.o)
 .comment       0x0000000000000011       0x12 /home/jbrawley/Desktop/rockbox-photo-cf-support/build/lib/rbcodec/codecs/libfaad.a(sbr_hfgen.o)
 .comment       0x0000000000000011       0x12 /home/jbrawley/Desktop/rockbox-photo-cf-support/build/lib/rbcodec/codecs/libfaad.a(sbr_qmf.o)
 .comment       0x0000000000000011       0x12 /home/jbrawley/Desktop/rockbox-photo-cf-support/build/lib/rbcodec/codecs/libfaad.a(sbr_syntax.o)
 .comment       0x0000000000000011       0x12 /home/jbrawley/Desktop/rockbox-photo-cf-support/build/lib/rbcodec/codecs/libfaad.a(sbr_tf_grid.o)
 .comment       0x0000000000000011       0x12 /home/jbrawley/Desktop/rockbox-photo-cf-support/build/lib/rbcodec/codecs/libfaad.a(specrec.o)
 .comment       0x0000000000000011       0x12 /home/jbrawley/Desktop/rockbox-photo-cf-support/build/lib/rbcodec/codecs/libfaad.a(tns.o)
 .comment       0x0000000000000011       0x12 /home/jbrawley/Desktop/rockbox-photo-cf-support/build/lib/rbcodec/codecs/libfaad.a(filtbank.o)
 .comment       0x0000000000000011       0x12 /home/jbrawley/Desktop/rockbox-photo-cf-support/build/lib/rbcodec/codecs/libfaad.a(is.o)
 .comment       0x0000000000000011       0x12 /home/jbrawley/Desktop/rockbox-photo-cf-support/build/lib/rbcodec/codecs/libfaad.a(ms.o)
 .comment       0x0000000000000011       0x12 /home/jbrawley/Desktop/rockbox-photo-cf-support/build/lib/rbcodec/codecs/libfaad.a(pns.o)
 .comment       0x0000000000000011       0x12 /home/jbrawley/Desktop/rockbox-photo-cf-support/build/lib/rbcodec/codecs/libfaad.a(ps_dec.o)
 .comment       0x0000000000000011       0x12 /home/jbrawley/Desktop/rockbox-photo-cf-support/build/lib/rbcodec/codecs/libfaad.a(ps_syntax.o)
 .comment       0x0000000000000011       0x12 /home/jbrawley/Desktop/rockbox-photo-cf-support/build/lib/rbcodec/codecs/libfaad.a(sbr_dct.o)
 .comment       0x0000000000000011       0x12 /home/jbrawley/Desktop/rockbox-photo-cf-support/build/lib/rbcodec/codecs/libfaad.a(sbr_fbt.o)
 .comment       0x0000000000000011       0x12 /home/jbrawley/Desktop/rockbox-photo-cf-support/build/lib/rbcodec/codecs/libfaad.a(sbr_huff.o)
 .comment       0x0000000000000011       0x12 /home/jbrawley/Desktop/rockbox-photo-cf-support/build/lib/rbcodec/codecs/libfaad.a(sbr_e_nf.o)
 .comment       0x0000000000000011       0x12 /home/jbrawley/Desktop/rockbox-photo-cf-support/build/lib/rbcodec/codecs/libm4a.a(m4a.o)
 .comment       0x0000000000000011       0x12 /home/jbrawley/Desktop/rockbox-photo-cf-support/build/lib/rbcodec/codecs/libm4a.a(demux.o)
 .comment       0x0000000000000011       0x12 /home/jbrawley/Desktop/rockbox-photo-cf-support/build/lib/rbcodec/codecs/libcodec.a(codeclib.o)
 .comment       0x0000000000000011       0x12 /home/jbrawley/Desktop/rockbox-photo-cf-support/build/lib/rbcodec/codecs/libcodec.a(fft-ffmpeg.o)
 .comment       0x0000000000000011       0x12 /home/jbrawley/Desktop/rockbox-photo-cf-support/build/lib/rbcodec/codecs/libcodec.a(mdct.o)
 .comment       0x0000000000000011       0x12 /home/jbrawley/Desktop/rockbox-photo-cf-support/build/lib/rbcodec/codecs/libcodec.a(mdct_lookup.o)
 .comment       0x0000000000000011       0x12 /usr/local/lib/gcc/arm-elf-eabi/4.9.4/libgcc.a(bpabi.o)
 .comment       0x0000000000000011       0x12 /usr/local/lib/gcc/arm-elf-eabi/4.9.4/libgcc.a(_divdi3.o)
 .comment       0x0000000000000011       0x12 /usr/local/lib/gcc/arm-elf-eabi/4.9.4/libgcc.a(_udivdi3.o)
OUTPUT(/home/jbrawley/Desktop/rockbox-photo-cf-support/build/lib/rbcodec/codecs/aac.elf elf32-littlearm)

.ARM.attributes
                0x0000000000000000       0x30
 .ARM.attributes
                0x0000000000000000       0x30 /home/jbrawley/Desktop/rockbox-photo-cf-support/build/lib/rbcodec/codecs/aac.o
 .ARM.attributes
                0x0000000000000030       0x30 /home/jbrawley/Desktop/rockbox-photo-cf-support/build/lib/rbcodec/codecs/codec_crt0.o
 .ARM.attributes
                0x0000000000000060       0x30 /home/jbrawley/Desktop/rockbox-photo-cf-support/build/lib/rbcodec/codecs/libfaad.a(decoder.o)
 .ARM.attributes
                0x0000000000000090       0x30 /home/jbrawley/Desktop/rockbox-photo-cf-support/build/lib/rbcodec/codecs/libfaad.a(drc.o)
 .ARM.attributes
                0x00000000000000c0       0x30 /home/jbrawley/Desktop/rockbox-photo-cf-support/build/lib/rbcodec/codecs/libfaad.a(error.o)
 .ARM.attributes
                0x00000000000000f0       0x30 /home/jbrawley/Desktop/rockbox-photo-cf-support/build/lib/rbcodec/codecs/libfaad.a(mp4.o)
 .ARM.attributes
                0x0000000000000120       0x30 /home/jbrawley/Desktop/rockbox-photo-cf-support/build/lib/rbcodec/codecs/libfaad.a(syntax.o)
 .ARM.attributes
                0x0000000000000150       0x30 /home/jbrawley/Desktop/rockbox-photo-cf-support/build/lib/rbcodec/codecs/libfaad.a(bits.o)
 .ARM.attributes
                0x0000000000000180       0x30 /home/jbrawley/Desktop/rockbox-photo-cf-support/build/lib/rbcodec/codecs/libfaad.a(common.o)
 .ARM.attributes
                0x00000000000001b0       0x30 /home/jbrawley/Desktop/rockbox-photo-cf-support/build/lib/rbcodec/codecs/libfaad.a(huffman.o)
 .ARM.attributes
                0x00000000000001e0       0x30 /home/jbrawley/Desktop/rockbox-photo-cf-support/build/lib/rbcodec/codecs/libfaad.a(pulse.o)
 .ARM.attributes
                0x0000000000000210       0x30 /home/jbrawley/Desktop/rockbox-photo-cf-support/build/lib/rbcodec/codecs/libfaad.a(sbr_dec.o)
 .ARM.attributes
                0x0000000000000240       0x30 /home/jbrawley/Desktop/rockbox-photo-cf-support/build/lib/rbcodec/codecs/libfaad.a(sbr_hfadj.o)
 .ARM.attributes
                0x0000000000000270       0x30 /home/jbrawley/Desktop/rockbox-photo-cf-support/build/lib/rbcodec/codecs/libfaad.a(sbr_hfgen.o)
 .ARM.attributes
                0x00000000000002a0       0x30 /home/jbrawley/Desktop/rockbox-photo-cf-support/build/lib/rbcodec/codecs/libfaad.a(sbr_qmf.o)
 .ARM.attributes
                0x00000000000002d0       0x30 /home/jbrawley/Desktop/rockbox-photo-cf-support/build/lib/rbcodec/codecs/libfaad.a(sbr_syntax.o)
 .ARM.attributes
                0x0000000000000300       0x30 /home/jbrawley/Desktop/rockbox-photo-cf-support/build/lib/rbcodec/codecs/libfaad.a(sbr_tf_grid.o)
 .ARM.attributes
                0x0000000000000330       0x30 /home/jbrawley/Desktop/rockbox-photo-cf-support/build/lib/rbcodec/codecs/libfaad.a(specrec.o)
 .ARM.attributes
                0x0000000000000360       0x30 /home/jbrawley/Desktop/rockbox-photo-cf-support/build/lib/rbcodec/codecs/libfaad.a(tns.o)
 .ARM.attributes
                0x0000000000000390       0x30 /home/jbrawley/Desktop/rockbox-photo-cf-support/build/lib/rbcodec/codecs/libfaad.a(filtbank.o)
 .ARM.attributes
                0x00000000000003c0       0x30 /home/jbrawley/Desktop/rockbox-photo-cf-support/build/lib/rbcodec/codecs/libfaad.a(is.o)
 .ARM.attributes
                0x00000000000003f0       0x30 /home/jbrawley/Desktop/rockbox-photo-cf-support/build/lib/rbcodec/codecs/libfaad.a(ms.o)
 .ARM.attributes
                0x0000000000000420       0x30 /home/jbrawley/Desktop/rockbox-photo-cf-support/build/lib/rbcodec/codecs/libfaad.a(pns.o)
 .ARM.attributes
                0x0000000000000450       0x30 /home/jbrawley/Desktop/rockbox-photo-cf-support/build/lib/rbcodec/codecs/libfaad.a(ps_dec.o)
 .ARM.attributes
                0x0000000000000480       0x30 /home/jbrawley/Desktop/rockbox-photo-cf-support/build/lib/rbcodec/codecs/libfaad.a(ps_syntax.o)
 .ARM.attributes
                0x00000000000004b0       0x30 /home/jbrawley/Desktop/rockbox-photo-cf-support/build/lib/rbcodec/codecs/libfaad.a(sbr_dct.o)
 .ARM.attributes
                0x00000000000004e0       0x30 /home/jbrawley/Desktop/rockbox-photo-cf-support/build/lib/rbcodec/codecs/libfaad.a(sbr_fbt.o)
 .ARM.attributes
                0x0000000000000510       0x30 /home/jbrawley/Desktop/rockbox-photo-cf-support/build/lib/rbcodec/codecs/libfaad.a(sbr_huff.o)
 .ARM.attributes
                0x0000000000000540       0x30 /home/jbrawley/Desktop/rockbox-photo-cf-support/build/lib/rbcodec/codecs/libfaad.a(sbr_e_nf.o)
 .ARM.attributes
                0x0000000000000570       0x30 /home/jbrawley/Desktop/rockbox-photo-cf-support/build/lib/rbcodec/codecs/libm4a.a(m4a.o)
 .ARM.attributes
                0x00000000000005a0       0x30 /home/jbrawley/Desktop/rockbox-photo-cf-support/build/lib/rbcodec/codecs/libm4a.a(demux.o)
 .ARM.attributes
                0x00000000000005d0       0x30 /home/jbrawley/Desktop/rockbox-photo-cf-support/build/lib/rbcodec/codecs/libcodec.a(codeclib.o)
 .ARM.attributes
                0x0000000000000600       0x30 /home/jbrawley/Desktop/rockbox-photo-cf-support/build/lib/rbcodec/codecs/libcodec.a(fft-ffmpeg.o)
 .ARM.attributes
                0x0000000000000630       0x30 /home/jbrawley/Desktop/rockbox-photo-cf-support/build/lib/rbcodec/codecs/libcodec.a(mdct.o)
 .ARM.attributes
                0x0000000000000660       0x30 /home/jbrawley/Desktop/rockbox-photo-cf-support/build/lib/rbcodec/codecs/libcodec.a(mdct_lookup.o)
 .ARM.attributes
                0x0000000000000690       0x18 /usr/local/lib/gcc/arm-elf-eabi/4.9.4/libgcc.a(_udivsi3.o)
 .ARM.attributes
                0x00000000000006a8       0x18 /usr/local/lib/gcc/arm-elf-eabi/4.9.4/libgcc.a(_divsi3.o)
 .ARM.attributes
                0x00000000000006c0       0x18 /usr/local/lib/gcc/arm-elf-eabi/4.9.4/libgcc.a(_dvmd_tls.o)
 .ARM.attributes
                0x00000000000006d8       0x18 /usr/local/lib/gcc/arm-elf-eabi/4.9.4/libgcc.a(_aeabi_ldivmod.o)
 .ARM.attributes
                0x00000000000006f0       0x18 /usr/local/lib/gcc/arm-elf-eabi/4.9.4/libgcc.a(_aeabi_uldivmod.o)
 .ARM.attributes
                0x0000000000000708       0x30 /usr/local/lib/gcc/arm-elf-eabi/4.9.4/libgcc.a(bpabi.o)
 .ARM.attributes
                0x0000000000000738       0x30 /usr/local/lib/gcc/arm-elf-eabi/4.9.4/libgcc.a(_divdi3.o)
 .ARM.attributes
                0x0000000000000768       0x30 /usr/local/lib/gcc/arm-elf-eabi/4.9.4/libgcc.a(_udivdi3.o)
 .ARM.attributes
                0x0000000000000798       0x18 /usr/local/lib/gcc/arm-elf-eabi/4.9.4/libgcc.a(_clzdi2.o)
 .ARM.attributes
                0x00000000000007b0       0x18 /usr/local/lib/gcc/arm-elf-eabi/4.9.4/libgcc.a(_clzsi2.o)

.debug_frame    0x0000000000000000      0x180
 .debug_frame   0x0000000000000000       0x20 /usr/local/lib/gcc/arm-elf-eabi/4.9.4/libgcc.a(_udivsi3.o)
 .debug_frame   0x0000000000000020       0x20 /usr/local/lib/gcc/arm-elf-eabi/4.9.4/libgcc.a(_divsi3.o)
 .debug_frame   0x0000000000000040       0x28 /usr/local/lib/gcc/arm-elf-eabi/4.9.4/libgcc.a(_aeabi_ldivmod.o)
 .debug_frame   0x0000000000000068       0x28 /usr/local/lib/gcc/arm-elf-eabi/4.9.4/libgcc.a(_aeabi_uldivmod.o)
 .debug_frame   0x0000000000000090       0x68 /usr/local/lib/gcc/arm-elf-eabi/4.9.4/libgcc.a(bpabi.o)
 .debug_frame   0x00000000000000f8       0x48 /usr/local/lib/gcc/arm-elf-eabi/4.9.4/libgcc.a(_divdi3.o)
 .debug_frame   0x0000000000000140       0x40 /usr/local/lib/gcc/arm-elf-eabi/4.9.4/libgcc.a(_udivdi3.o)

.debug_line     0x0000000000000000      0x4a6
 .debug_line    0x0000000000000000       0x7e /usr/local/lib/gcc/arm-elf-eabi/4.9.4/libgcc.a(_udivsi3.o)
 .debug_line    0x000000000000007e       0x8a /usr/local/lib/gcc/arm-elf-eabi/4.9.4/libgcc.a(_divsi3.o)
 .debug_line    0x0000000000000108       0x61 /usr/local/lib/gcc/arm-elf-eabi/4.9.4/libgcc.a(_dvmd_tls.o)
 .debug_line    0x0000000000000169       0x65 /usr/local/lib/gcc/arm-elf-eabi/4.9.4/libgcc.a(_aeabi_ldivmod.o)
 .debug_line    0x00000000000001ce       0x64 /usr/local/lib/gcc/arm-elf-eabi/4.9.4/libgcc.a(_aeabi_uldivmod.o)
 .debug_line    0x0000000000000232       0x65 /usr/local/lib/gcc/arm-elf-eabi/4.9.4/libgcc.a(bpabi.o)
 .debug_line    0x0000000000000297       0x9e /usr/local/lib/gcc/arm-elf-eabi/4.9.4/libgcc.a(_divdi3.o)
 .debug_line    0x0000000000000335       0x98 /usr/local/lib/gcc/arm-elf-eabi/4.9.4/libgcc.a(_udivdi3.o)
 .debug_line    0x00000000000003cd       0x6b /usr/local/lib/gcc/arm-elf-eabi/4.9.4/libgcc.a(_clzdi2.o)
 .debug_line    0x0000000000000438       0x6e /usr/local/lib/gcc/arm-elf-eabi/4.9.4/libgcc.a(_clzsi2.o)

.debug_info     0x0000000000000000      0x944
 .debug_info    0x0000000000000000       0x88 /usr/local/lib/gcc/arm-elf-eabi/4.9.4/libgcc.a(_udivsi3.o)
 .debug_info    0x0000000000000088       0x88 /usr/local/lib/gcc/arm-elf-eabi/4.9.4/libgcc.a(_divsi3.o)
 .debug_info    0x0000000000000110       0x88 /usr/local/lib/gcc/arm-elf-eabi/4.9.4/libgcc.a(_dvmd_tls.o)
 .debug_info    0x0000000000000198       0x84 /usr/local/lib/gcc/arm-elf-eabi/4.9.4/libgcc.a(_aeabi_ldivmod.o)
 .debug_info    0x000000000000021c       0x84 /usr/local/lib/gcc/arm-elf-eabi/4.9.4/libgcc.a(_aeabi_uldivmod.o)
 .debug_info    0x00000000000002a0      0x164 /usr/local/lib/gcc/arm-elf-eabi/4.9.4/libgcc.a(bpabi.o)
 .debug_info    0x0000000000000404      0x269 /usr/local/lib/gcc/arm-elf-eabi/4.9.4/libgcc.a(_divdi3.o)
 .debug_info    0x000000000000066d      0x1c7 /usr/local/lib/gcc/arm-elf-eabi/4.9.4/libgcc.a(_udivdi3.o)
 .debug_info    0x0000000000000834       0x88 /usr/local/lib/gcc/arm-elf-eabi/4.9.4/libgcc.a(_clzdi2.o)
 .debug_info    0x00000000000008bc       0x88 /usr/local/lib/gcc/arm-elf-eabi/4.9.4/libgcc.a(_clzsi2.o)

.debug_abbrev   0x0000000000000000      0x32d
 .debug_abbrev  0x0000000000000000       0x14 /usr/local/lib/gcc/arm-elf-eabi/4.9.4/libgcc.a(_udivsi3.o)
 .debug_abbrev  0x0000000000000014       0x14 /usr/local/lib/gcc/arm-elf-eabi/4.9.4/libgcc.a(_divsi3.o)
 .debug_abbrev  0x0000000000000028       0x14 /usr/local/lib/gcc/arm-elf-eabi/4.9.4/libgcc.a(_dvmd_tls.o)
 .debug_abbrev  0x000000000000003c       0x14 /usr/local/lib/gcc/arm-elf-eabi/4.9.4/libgcc.a(_aeabi_ldivmod.o)
 .debug_abbrev  0x0000000000000050       0x14 /usr/local/lib/gcc/arm-elf-eabi/4.9.4/libgcc.a(_aeabi_uldivmod.o)
 .debug_abbrev  0x0000000000000064       0xb7 /usr/local/lib/gcc/arm-elf-eabi/4.9.4/libgcc.a(bpabi.o)
 .debug_abbrev  0x000000000000011b      0x123 /usr/local/lib/gcc/arm-elf-eabi/4.9.4/libgcc.a(_divdi3.o)
 .debug_abbrev  0x000000000000023e       0xc7 /usr/local/lib/gcc/arm-elf-eabi/4.9.4/libgcc.a(_udivdi3.o)
 .debug_abbrev  0x0000000000000305       0x14 /usr/local/lib/gcc/arm-elf-eabi/4.9.4/libgcc.a(_clzdi2.o)
 .debug_abbrev  0x0000000000000319       0x14 /usr/local/lib/gcc/arm-elf-eabi/4.9.4/libgcc.a(_clzsi2.o)

.debug_aranges  0x0000000000000000      0x140
 .debug_aranges
                0x0000000000000000       0x20 /usr/local/lib/gcc/arm-elf-eabi/4.9.4/libgcc.a(_udivsi3.o)
 .debug_aranges
                0x0000000000000020       0x20 /usr/local/lib/gcc/arm-elf-eabi/4.9.4/libgcc.a(_divsi3.o)
 .debug_aranges
                0x0000000000000040       0x20 /usr/local/lib/gcc/arm-elf-eabi/4.9.4/libgcc.a(_dvmd_tls.o)
 .debug_aranges
                0x0000000000000060       0x20 /usr/local/lib/gcc/arm-elf-eabi/4.9.4/libgcc.a(_aeabi_ldivmod.o)
 .debug_aranges
                0x0000000000000080       0x20 /usr/local/lib/gcc/arm-elf-eabi/4.9.4/libgcc.a(_aeabi_uldivmod.o)
 .debug_aranges
                0x00000000000000a0       0x20 /usr/local/lib/gcc/arm-elf-eabi/4.9.4/libgcc.a(bpabi.o)
 .debug_aranges
                0x00000000000000c0       0x20 /usr/local/lib/gcc/arm-elf-eabi/4.9.4/libgcc.a(_divdi3.o)
 .debug_aranges
                0x00000000000000e0       0x20 /usr/local/lib/gcc/arm-elf-eabi/4.9.4/libgcc.a(_udivdi3.o)
 .debug_aranges
                0x0000000000000100       0x20 /usr/local/lib/gcc/arm-elf-eabi/4.9.4/libgcc.a(_clzdi2.o)
 .debug_aranges
                0x0000000000000120       0x20 /usr/local/lib/gcc/arm-elf-eabi/4.9.4/libgcc.a(_clzsi2.o)

.debug_loc      0x0000000000000000      0x500
 .debug_loc     0x0000000000000000       0xa0 /usr/local/lib/gcc/arm-elf-eabi/4.9.4/libgcc.a(bpabi.o)
 .debug_loc     0x00000000000000a0      0x27d /usr/local/lib/gcc/arm-elf-eabi/4.9.4/libgcc.a(_divdi3.o)
 .debug_loc     0x000000000000031d      0x1e3 /usr/local/lib/gcc/arm-elf-eabi/4.9.4/libgcc.a(_udivdi3.o)

.debug_str      0x0000000000000000      0x287
 .debug_str     0x0000000000000000      0x152 /usr/local/lib/gcc/arm-elf-eabi/4.9.4/libgcc.a(bpabi.o)
 .debug_str     0x0000000000000152      0x135 /usr/local/lib/gcc/arm-elf-eabi/4.9.4/libgcc.a(_divdi3.o)
                                        0x1dd (size before relaxing)
 .debug_str     0x0000000000000287      0x1ba /usr/local/lib/gcc/arm-elf-eabi/4.9.4/libgcc.a(_udivdi3.o)

.debug_ranges   0x0000000000000000       0x18
 .debug_ranges  0x0000000000000000       0x18 /usr/local/lib/gcc/arm-elf-eabi/4.9.4/libgcc.a(_udivdi3.o)
