Archive member included to satisfy reference by file (symbol)

/home/jbrawley/Desktop/rockbox-photo-cf-support/build/lib/rbcodec/codecs/libasap.a(asap.o)
                              /home/jbrawley/Desktop/rockbox-photo-cf-support/build/lib/rbcodec/codecs/asap.o (ASAP_Load)
/home/jbrawley/Desktop/rockbox-photo-cf-support/build/lib/rbcodec/codecs/libasap.a(apokeysnd.o)
                              /home/jbrawley/Desktop/rockbox-photo-cf-support/build/lib/rbcodec/codecs/libasap.a(asap.o) (PokeySound_Initialize)
/home/jbrawley/Desktop/rockbox-photo-cf-support/build/lib/rbcodec/codecs/libasap.a(acpu.o)
                              /home/jbrawley/Desktop/rockbox-photo-cf-support/build/lib/rbcodec/codecs/libasap.a(asap.o) (Cpu_RunScanlines)
/home/jbrawley/Desktop/rockbox-photo-cf-support/build/lib/rbcodec/codecs/libcodec.a(codeclib.o)
                              /home/jbrawley/Desktop/rockbox-photo-cf-support/build/lib/rbcodec/codecs/asap.o (codec_init)
/usr/local/lib/gcc/arm-elf-eabi/4.9.4/libgcc.a(_divsi3.o)
                              /home/jbrawley/Desktop/rockbox-photo-cf-support/build/lib/rbcodec/codecs/asap.o (__aeabi_idiv)
/usr/local/lib/gcc/arm-elf-eabi/4.9.4/libgcc.a(_dvmd_tls.o)
                              /usr/local/lib/gcc/arm-elf-eabi/4.9.4/libgcc.a(_divsi3.o) (__aeabi_idiv0)
/usr/local/lib/gcc/arm-elf-eabi/4.9.4/libgcc.a(_arm_addsubdf3.o)
                              /home/jbrawley/Desktop/rockbox-photo-cf-support/build/lib/rbcodec/codecs/asap.o (__aeabi_dadd)
/usr/local/lib/gcc/arm-elf-eabi/4.9.4/libgcc.a(_arm_muldivdf3.o)
                              /home/jbrawley/Desktop/rockbox-photo-cf-support/build/lib/rbcodec/codecs/asap.o (__aeabi_dmul)
/usr/local/lib/gcc/arm-elf-eabi/4.9.4/libgcc.a(_arm_fixdfsi.o)
                              /home/jbrawley/Desktop/rockbox-photo-cf-support/build/lib/rbcodec/codecs/asap.o (__aeabi_d2iz)
/usr/local/lib/gcc/arm-elf-eabi/4.9.4/libgcc.a(_arm_fixunsdfsi.o)
                              /home/jbrawley/Desktop/rockbox-photo-cf-support/build/lib/rbcodec/codecs/asap.o (__aeabi_d2uiz)

Discarded input sections

 .data          0x0000000000000000        0x0 /home/jbrawley/Desktop/rockbox-photo-cf-support/build/lib/rbcodec/codecs/asap.o
 .bss           0x0000000000000000        0x0 /home/jbrawley/Desktop/rockbox-photo-cf-support/build/lib/rbcodec/codecs/asap.o
 .bss           0x0000000000000000        0x0 /home/jbrawley/Desktop/rockbox-photo-cf-support/build/lib/rbcodec/codecs/codec_crt0.o
 .data          0x0000000000000000        0x0 /home/jbrawley/Desktop/rockbox-photo-cf-support/build/lib/rbcodec/codecs/libasap.a(asap.o)
 .data          0x0000000000000000        0x0 /home/jbrawley/Desktop/rockbox-photo-cf-support/build/lib/rbcodec/codecs/libasap.a(apokeysnd.o)
 .bss           0x0000000000000000        0x0 /home/jbrawley/Desktop/rockbox-photo-cf-support/build/lib/rbcodec/codecs/libasap.a(apokeysnd.o)
 .data          0x0000000000000000        0x0 /home/jbrawley/Desktop/rockbox-photo-cf-support/build/lib/rbcodec/codecs/libasap.a(acpu.o)
 .bss           0x0000000000000000        0x0 /home/jbrawley/Desktop/rockbox-photo-cf-support/build/lib/rbcodec/codecs/libasap.a(acpu.o)
 .text          0x0000000000000000        0x0 /home/jbrawley/Desktop/rockbox-photo-cf-support/build/lib/rbcodec/codecs/libcodec.a(codeclib.o)
 .data          0x0000000000000000        0x0 /home/jbrawley/Desktop/rockbox-photo-cf-support/build/lib/rbcodec/codecs/libcodec.a(codeclib.o)
 .text.codec_malloc
                0x0000000000000000       0x3c /home/jbrawley/Desktop/rockbox-photo-cf-support/build/lib/rbcodec/codecs/libcodec.a(codeclib.o)
 .text.codec_calloc
                0x0000000000000000       0x48 /home/jbrawley/Desktop/rockbox-photo-cf-support/build/lib/rbcodec/codecs/libcodec.a(codeclib.o)
 .text.codec_free
                0x0000000000000000        0x4 /home/jbrawley/Desktop/rockbox-photo-cf-support/build/lib/rbcodec/codecs/libcodec.a(codeclib.o)
 .text.codec_realloc
                0x0000000000000000       0x64 /home/jbrawley/Desktop/rockbox-photo-cf-support/build/lib/rbcodec/codecs/libcodec.a(codeclib.o)
 .text.strcat   0x0000000000000000       0x24 /home/jbrawley/Desktop/rockbox-photo-cf-support/build/lib/rbcodec/codecs/libcodec.a(codeclib.o)
 .text.strcmp   0x0000000000000000       0x24 /home/jbrawley/Desktop/rockbox-photo-cf-support/build/lib/rbcodec/codecs/libcodec.a(codeclib.o)
 .text.memchr   0x0000000000000000       0x24 /home/jbrawley/Desktop/rockbox-photo-cf-support/build/lib/rbcodec/codecs/libcodec.a(codeclib.o)
 .text.memmove  0x0000000000000000       0x24 /home/jbrawley/Desktop/rockbox-photo-cf-support/build/lib/rbcodec/codecs/libcodec.a(codeclib.o)
 .text.qsort    0x0000000000000000       0x24 /home/jbrawley/Desktop/rockbox-photo-cf-support/build/lib/rbcodec/codecs/libcodec.a(codeclib.o)
 .irodata       0x0000000000000000      0x200 /home/jbrawley/Desktop/rockbox-photo-cf-support/build/lib/rbcodec/codecs/libcodec.a(codeclib.o)
 .data          0x0000000000000000        0x0 /usr/local/lib/gcc/arm-elf-eabi/4.9.4/libgcc.a(_divsi3.o)
 .bss           0x0000000000000000        0x0 /usr/local/lib/gcc/arm-elf-eabi/4.9.4/libgcc.a(_divsi3.o)
 .data          0x0000000000000000        0x0 /usr/local/lib/gcc/arm-elf-eabi/4.9.4/libgcc.a(_dvmd_tls.o)
 .bss           0x0000000000000000        0x0 /usr/local/lib/gcc/arm-elf-eabi/4.9.4/libgcc.a(_dvmd_tls.o)
 .data          0x0000000000000000        0x0 /usr/local/lib/gcc/arm-elf-eabi/4.9.4/libgcc.a(_arm_addsubdf3.o)
 .bss           0x0000000000000000        0x0 /usr/local/lib/gcc/arm-elf-eabi/4.9.4/libgcc.a(_arm_addsubdf3.o)
 .data          0x0000000000000000        0x0 /usr/local/lib/gcc/arm-elf-eabi/4.9.4/libgcc.a(_arm_muldivdf3.o)
 .bss           0x0000000000000000        0x0 /usr/local/lib/gcc/arm-elf-eabi/4.9.4/libgcc.a(_arm_muldivdf3.o)
 .data          0x0000000000000000        0x0 /usr/local/lib/gcc/arm-elf-eabi/4.9.4/libgcc.a(_arm_fixdfsi.o)
 .bss           0x0000000000000000        0x0 /usr/local/lib/gcc/arm-elf-eabi/4.9.4/libgcc.a(_arm_fixdfsi.o)
 .data          0x0000000000000000        0x0 /usr/local/lib/gcc/arm-elf-eabi/4.9.4/libgcc.a(_arm_fixunsdfsi.o)
 .bss           0x0000000000000000        0x0 /usr/local/lib/gcc/arm-elf-eabi/4.9.4/libgcc.a(_arm_fixunsdfsi.o)

Memory Configuration

Name             Origin             Length             Attributes
PLUGIN_RAM       0x0000000001e80000 0x0000000000100000
PLUGIN_IRAM      0x000000004000c000 0x000000000000c000
*default*        0x0000000000000000 0xffffffffffffffff

Linker script and memory map

LOAD /home/jbrawley/Desktop/rockbox-photo-cf-support/build/lib/rbcodec/codecs/asap.o
LOAD /home/jbrawley/Desktop/rockbox-photo-cf-support/build/lib/rbcodec/codecs/codec_crt0.o
LOAD /home/jbrawley/Desktop/rockbox-photo-cf-support/build/lib/rbcodec/codecs/libasap.a
LOAD /home/jbrawley/Desktop/rockbox-photo-cf-support/build/lib/rbcodec/codecs/libcodec.a
LOAD /home/jbrawley/Desktop/rockbox-photo-cf-support/build/lib/libfixedpoint.a
LOAD /usr/local/lib/gcc/arm-elf-eabi/4.9.4/libgcc.a

.header         0x0000000001e80000       0x20
                0x0000000001e80000                _plugin_start_addr = .
                0x0000000001e80000                plugin_start_addr = .
 *(.header)
 .header        0x0000000001e80000       0x20 /home/jbrawley/Desktop/rockbox-photo-cf-support/build/lib/rbcodec/codecs/asap.o
                0x0000000001e80000                __header

.text           0x0000000001e80020     0xe708
 *(.text*)
 .text          0x0000000001e80020      0x2b8 /home/jbrawley/Desktop/rockbox-photo-cf-support/build/lib/rbcodec/codecs/asap.o
                0x0000000001e80020                codec_run
                0x0000000001e802d0                codec_main
 .text          0x0000000001e802d8       0xec /home/jbrawley/Desktop/rockbox-photo-cf-support/build/lib/rbcodec/codecs/codec_crt0.o
                0x0000000001e802d8                _start
                0x0000000001e802e0                codec_start
                0x0000000001e803b0                __div0
 .text          0x0000000001e803c4     0x5020 /home/jbrawley/Desktop/rockbox-photo-cf-support/build/lib/rbcodec/codecs/libasap.a(asap.o)
                0x0000000001e824a0                ASAP_GetByte
                0x0000000001e825d8                ASAP_PutByte
                0x0000000001e8287c                ASAP_ParseDuration
                0x0000000001e83760                ASAP_IsOurFile
                0x0000000001e83774                ASAP_IsOurExt
                0x0000000001e837c4                ASAP_GetModuleInfo
                0x0000000001e837fc                ASAP_Load
                0x0000000001e83850                ASAP_DetectSilence
                0x0000000001e83884                ASAP_MutePokeyChannels
                0x0000000001e838b8                ASAP_PlaySong
                0x0000000001e83b1c                call_6502_player
                0x0000000001e83e70                ASAP_GetPosition
                0x0000000001e83e98                milliseconds_to_blocks
                0x0000000001e83eb8                ASAP_Seek
                0x0000000001e83f68                ASAP_GetWavHeader
                0x0000000001e840d0                ASAP_Generate
                0x0000000001e841b8                ASAP_CanSetModuleInfo
                0x0000000001e841dc                ASAP_ChangeExt
                0x0000000001e84248                ASAP_DurationToString
                0x0000000001e844c4                ASAP_SetModuleInfo
                0x0000000001e846d0                ASAP_CanConvert
                0x0000000001e84938                ASAP_Convert
                0x0000000001e85348                ASAP_DateToYear
 .text          0x0000000001e853e4     0x2928 /home/jbrawley/Desktop/rockbox-photo-cf-support/build/lib/rbcodec/codecs/libasap.a(apokeysnd.o)
                0x0000000001e86318                PokeySound_Initialize
                0x0000000001e864fc                PokeySound_PutByte
                0x0000000001e877ac                PokeySound_GetRandom
                0x0000000001e87860                PokeySound_StartFrame
                0x0000000001e878a0                PokeySound_EndFrame
                0x0000000001e8794c                PokeySound_Generate
                0x0000000001e87bdc                PokeySound_IsSilent
                0x0000000001e87c08                PokeySound_Mute
 .text          0x0000000001e87d0c     0x5e20 /home/jbrawley/Desktop/rockbox-photo-cf-support/build/lib/rbcodec/codecs/libasap.a(acpu.o)
                0x0000000001e87d0c                Cpu_RunScanlines
 .text.codec_init
                0x0000000001e8db2c       0x40 /home/jbrawley/Desktop/rockbox-photo-cf-support/build/lib/rbcodec/codecs/libcodec.a(codeclib.o)
                0x0000000001e8db2c                codec_init
 .text.codec_set_replaygain
                0x0000000001e8db6c       0x54 /home/jbrawley/Desktop/rockbox-photo-cf-support/build/lib/rbcodec/codecs/libcodec.a(codeclib.o)
                0x0000000001e8db6c                codec_set_replaygain
 .text.codec_strlen
                0x0000000001e8dbc0       0x24 /home/jbrawley/Desktop/rockbox-photo-cf-support/build/lib/rbcodec/codecs/libcodec.a(codeclib.o)
                0x0000000001e8dbc0                codec_strlen
 .text.strcpy   0x0000000001e8dbe4       0x24 /home/jbrawley/Desktop/rockbox-photo-cf-support/build/lib/rbcodec/codecs/libcodec.a(codeclib.o)
                0x0000000001e8dbe4                strcpy
 .text.memcpy   0x0000000001e8dc08       0x24 /home/jbrawley/Desktop/rockbox-photo-cf-support/build/lib/rbcodec/codecs/libcodec.a(codeclib.o)
                0x0000000001e8dc08                memcpy
 .text.memset   0x0000000001e8dc2c       0x24 /home/jbrawley/Desktop/rockbox-photo-cf-support/build/lib/rbcodec/codecs/libcodec.a(codeclib.o)
                0x0000000001e8dc2c                memset
 .text.memcmp   0x0000000001e8dc50       0x24 /home/jbrawley/Desktop/rockbox-photo-cf-support/build/lib/rbcodec/codecs/libcodec.a(codeclib.o)
                0x0000000001e8dc50                memcmp
 .text          0x0000000001e8dc74      0x148 /usr/local/lib/gcc/arm-elf-eabi/4.9.4/libgcc.a(_divsi3.o)
                0x0000000001e8dc74                __aeabi_idiv
                0x0000000001e8dc74                __divsi3
                0x0000000001e8dd9c                __aeabi_idivmod
 .text          0x0000000001e8ddbc        0x4 /usr/local/lib/gcc/arm-elf-eabi/4.9.4/libgcc.a(_dvmd_tls.o)
                0x0000000001e8ddbc                __aeabi_ldiv0
                0x0000000001e8ddbc                __aeabi_idiv0
 .text          0x0000000001e8ddc0      0x41c /usr/local/lib/gcc/arm-elf-eabi/4.9.4/libgcc.a(_arm_addsubdf3.o)
                0x0000000001e8ddc0                __aeabi_drsub
                0x0000000001e8ddc8                __aeabi_dsub
                0x0000000001e8ddc8                __subdf3
                0x0000000001e8ddcc                __adddf3
                0x0000000001e8ddcc                __aeabi_dadd
                0x0000000001e8e0dc                __aeabi_ui2d
                0x0000000001e8e0dc                __floatunsidf
                0x0000000001e8e100                __floatsidf
                0x0000000001e8e100                __aeabi_i2d
                0x0000000001e8e128                __extendsfdf2
                0x0000000001e8e128                __aeabi_f2d
                0x0000000001e8e168                __aeabi_ul2d
                0x0000000001e8e168                __floatundidf
                0x0000000001e8e17c                __floatdidf
                0x0000000001e8e17c                __aeabi_l2d
 .text          0x0000000001e8e1dc      0x49c /usr/local/lib/gcc/arm-elf-eabi/4.9.4/libgcc.a(_arm_muldivdf3.o)
                0x0000000001e8e1dc                __aeabi_dmul
                0x0000000001e8e1dc                __muldf3
                0x0000000001e8e46c                __aeabi_ddiv
                0x0000000001e8e46c                __divdf3
 .text          0x0000000001e8e678       0x5c /usr/local/lib/gcc/arm-elf-eabi/4.9.4/libgcc.a(_arm_fixdfsi.o)
                0x0000000001e8e678                __fixdfsi
                0x0000000001e8e678                __aeabi_d2iz
 .text          0x0000000001e8e6d4       0x54 /usr/local/lib/gcc/arm-elf-eabi/4.9.4/libgcc.a(_arm_fixunsdfsi.o)
                0x0000000001e8e6d4                __fixunsdfsi
                0x0000000001e8e6d4                __aeabi_d2uiz
 *(.glue_7)
 .glue_7        0x0000000001e8e728        0x0 linker stubs
 *(.glue_7t)
 .glue_7t       0x0000000001e8e728        0x0 linker stubs

.vfp11_veneer   0x0000000001e8e728        0x0
 .vfp11_veneer  0x0000000001e8e728        0x0 linker stubs

.v4_bx          0x0000000001e8e728        0x0
 .v4_bx         0x0000000001e8e728        0x0 linker stubs

.iplt           0x0000000001e8e728        0x0
 .iplt          0x0000000001e8e728        0x0 /home/jbrawley/Desktop/rockbox-photo-cf-support/build/lib/rbcodec/codecs/asap.o

.rodata         0x0000000001e8e728     0x5aa4
 *(.rodata*)
 .rodata        0x0000000001e8e728     0x55a4 /home/jbrawley/Desktop/rockbox-photo-cf-support/build/lib/rbcodec/codecs/libasap.a(asap.o)
 .rodata.str1.4
                0x0000000001e93ccc       0xd0 /home/jbrawley/Desktop/rockbox-photo-cf-support/build/lib/rbcodec/codecs/libasap.a(asap.o)
 .rodata        0x0000000001e93d9c       0x2f /home/jbrawley/Desktop/rockbox-photo-cf-support/build/lib/rbcodec/codecs/libasap.a(apokeysnd.o)
 *fill*         0x0000000001e93dcb        0x1 
 .rodata        0x0000000001e93dcc      0x400 /home/jbrawley/Desktop/rockbox-photo-cf-support/build/lib/rbcodec/codecs/libasap.a(acpu.o)

.rel.dyn        0x0000000001e941cc        0x0
 .rel.iplt      0x0000000001e941cc        0x0 /home/jbrawley/Desktop/rockbox-photo-cf-support/build/lib/rbcodec/codecs/asap.o

.data           0x0000000001e941cc        0x4
 *(.data*)
 .data          0x0000000001e941cc        0x4 /home/jbrawley/Desktop/rockbox-photo-cf-support/build/lib/rbcodec/codecs/codec_crt0.o
                0x0000000001e941cc                ci

.igot.plt       0x0000000001e941d0        0x0
 .igot.plt      0x0000000001e941d0        0x0 /home/jbrawley/Desktop/rockbox-photo-cf-support/build/lib/rbcodec/codecs/asap.o

.ncdata         0x0000000011e941d0        0x0 load address 0x0000000001e941d0
                0x0000000011e941d0                . = ALIGN (0x10)
 *(.ncdata*)
                0x0000000011e941d0                . = ALIGN (0x10)
                0x0000000001e941d0                bssaddr = (. - 0x10000000)
                0x0000000001e941d0                iramcopy = (. - 0x10000000)

/DISCARD/
 *(.eh_frame)

.bss            0x0000000001e941d0    0x102d8
                0x0000000001e941d0                plugin_bss_start = .
                0x0000000001e941d0                _plugin_bss_start = .
 *(.bss*)
 .bss           0x0000000001e941d0    0x102cc /home/jbrawley/Desktop/rockbox-photo-cf-support/build/lib/rbcodec/codecs/libasap.a(asap.o)
 .bss           0x0000000001ea449c        0xc /home/jbrawley/Desktop/rockbox-photo-cf-support/build/lib/rbcodec/codecs/libcodec.a(codeclib.o)
 *(COMMON)
                0x0000000001ea44a8                . = ALIGN (0x4)

.ncbss          0x0000000011ea44a8        0x8 load address 0x0000000001ea44a8
                0x0000000011ea44b0                . = ALIGN (0x10)
 *fill*         0x0000000011ea44a8        0x8 
 *(.ncbss*)
                0x0000000011ea44b0                . = ALIGN (0x10)
                0x0000000001ea44b0                pluginendaddr = (. - 0x10000000)

.pluginend      0x0000000001ea44b0        0x0
                0x0000000001ea44b0                _plugin_end_addr = .
                0x0000000001ea44b0                plugin_end_addr = .

.iram           0x000000004000c000        0x0 load address 0x0000000001e941d0
                0x000000004000c000                iramstart = .
 *(.icode)
 *(.irodata)
 *(.idata)
                0x000000004000c000                iramend = .

.ibss           0x000000004000c000     0x675c
                0x000000004000c000                iedata = .
 *(.ibss)
 .ibss          0x000000004000c000     0x675c /home/jbrawley/Desktop/rockbox-photo-cf-support/build/lib/rbcodec/codecs/asap.o
                0x000000004001275c                . = ALIGN (0x4)
                0x000000004001275c                iend = .
                0x0000000001ea44b0                loadendaddr = MAX (plugin_end_addr, (LOADADDR (.iram) + SIZEOF (.iram)))

.pluginloadend  0x0000000001ea44b0        0x0
                0x0000000001ea44b0                _plugin_load_end_addr = .
                0x0000000001ea44b0                plugin_load_end_addr = .

.comment        0x0000000000000000       0x11
 *(.comment)
 .comment       0x0000000000000000       0x11 /home/jbrawley/Desktop/rockbox-photo-cf-support/build/lib/rbcodec/codecs/asap.o
                                         0x12 (size before relaxing)
 .comment       0x0000000000000011       0x12 /home/jbrawley/Desktop/rockbox-photo-cf-support/build/lib/rbcodec/codecs/codec_crt0.o
 .comment       0x0000000000000011       0x12 /home/jbrawley/Desktop/rockbox-photo-cf-support/build/lib/rbcodec/codecs/libasap.a(asap.o)
 .comment       0x0000000000000011       0x12 /home/jbrawley/Desktop/rockbox-photo-cf-support/build/lib/rbcodec/codecs/libasap.a(apokeysnd.o)
 .comment       0x0000000000000011       0x12 /home/jbrawley/Desktop/rockbox-photo-cf-support/build/lib/rbcodec/codecs/libasap.a(acpu.o)
 .comment       0x0000000000000011       0x12 /home/jbrawley/Desktop/rockbox-photo-cf-support/build/lib/rbcodec/codecs/libcodec.a(codeclib.o)
OUTPUT(/home/jbrawley/Desktop/rockbox-photo-cf-support/build/lib/rbcodec/codecs/asap.elf elf32-littlearm)

.ARM.attributes
                0x0000000000000000       0x30
 .ARM.attributes
                0x0000000000000000       0x30 /home/jbrawley/Desktop/rockbox-photo-cf-support/build/lib/rbcodec/codecs/asap.o
 .ARM.attributes
                0x0000000000000030       0x30 /home/jbrawley/Desktop/rockbox-photo-cf-support/build/lib/rbcodec/codecs/codec_crt0.o
 .ARM.attributes
                0x0000000000000060       0x30 /home/jbrawley/Desktop/rockbox-photo-cf-support/build/lib/rbcodec/codecs/libasap.a(asap.o)
 .ARM.attributes
                0x0000000000000090       0x30 /home/jbrawley/Desktop/rockbox-photo-cf-support/build/lib/rbcodec/codecs/libasap.a(apokeysnd.o)
 .ARM.attributes
                0x00000000000000c0       0x30 /home/jbrawley/Desktop/rockbox-photo-cf-support/build/lib/rbcodec/codecs/libasap.a(acpu.o)
 .ARM.attributes
                0x00000000000000f0       0x30 /home/jbrawley/Desktop/rockbox-photo-cf-support/build/lib/rbcodec/codecs/libcodec.a(codeclib.o)
 .ARM.attributes
                0x0000000000000120       0x18 /usr/local/lib/gcc/arm-elf-eabi/4.9.4/libgcc.a(_divsi3.o)
 .ARM.attributes
                0x0000000000000138       0x18 /usr/local/lib/gcc/arm-elf-eabi/4.9.4/libgcc.a(_dvmd_tls.o)
 .ARM.attributes
                0x0000000000000150       0x18 /usr/local/lib/gcc/arm-elf-eabi/4.9.4/libgcc.a(_arm_addsubdf3.o)
 .ARM.attributes
                0x0000000000000168       0x18 /usr/local/lib/gcc/arm-elf-eabi/4.9.4/libgcc.a(_arm_muldivdf3.o)
 .ARM.attributes
                0x0000000000000180       0x18 /usr/local/lib/gcc/arm-elf-eabi/4.9.4/libgcc.a(_arm_fixdfsi.o)
 .ARM.attributes
                0x0000000000000198       0x18 /usr/local/lib/gcc/arm-elf-eabi/4.9.4/libgcc.a(_arm_fixunsdfsi.o)

.debug_frame    0x0000000000000000       0x20
 .debug_frame   0x0000000000000000       0x20 /usr/local/lib/gcc/arm-elf-eabi/4.9.4/libgcc.a(_divsi3.o)

.debug_line     0x0000000000000000      0x4bd
 .debug_line    0x0000000000000000       0x8a /usr/local/lib/gcc/arm-elf-eabi/4.9.4/libgcc.a(_divsi3.o)
 .debug_line    0x000000000000008a       0x61 /usr/local/lib/gcc/arm-elf-eabi/4.9.4/libgcc.a(_dvmd_tls.o)
 .debug_line    0x00000000000000eb      0x164 /usr/local/lib/gcc/arm-elf-eabi/4.9.4/libgcc.a(_arm_addsubdf3.o)
 .debug_line    0x000000000000024f      0x180 /usr/local/lib/gcc/arm-elf-eabi/4.9.4/libgcc.a(_arm_muldivdf3.o)
 .debug_line    0x00000000000003cf       0x78 /usr/local/lib/gcc/arm-elf-eabi/4.9.4/libgcc.a(_arm_fixdfsi.o)
 .debug_line    0x0000000000000447       0x76 /usr/local/lib/gcc/arm-elf-eabi/4.9.4/libgcc.a(_arm_fixunsdfsi.o)

.debug_info     0x0000000000000000      0x334
 .debug_info    0x0000000000000000       0x88 /usr/local/lib/gcc/arm-elf-eabi/4.9.4/libgcc.a(_divsi3.o)
 .debug_info    0x0000000000000088       0x88 /usr/local/lib/gcc/arm-elf-eabi/4.9.4/libgcc.a(_dvmd_tls.o)
 .debug_info    0x0000000000000110       0x89 /usr/local/lib/gcc/arm-elf-eabi/4.9.4/libgcc.a(_arm_addsubdf3.o)
 .debug_info    0x0000000000000199       0x89 /usr/local/lib/gcc/arm-elf-eabi/4.9.4/libgcc.a(_arm_muldivdf3.o)
 .debug_info    0x0000000000000222       0x89 /usr/local/lib/gcc/arm-elf-eabi/4.9.4/libgcc.a(_arm_fixdfsi.o)
 .debug_info    0x00000000000002ab       0x89 /usr/local/lib/gcc/arm-elf-eabi/4.9.4/libgcc.a(_arm_fixunsdfsi.o)

.debug_abbrev   0x0000000000000000       0x78
 .debug_abbrev  0x0000000000000000       0x14 /usr/local/lib/gcc/arm-elf-eabi/4.9.4/libgcc.a(_divsi3.o)
 .debug_abbrev  0x0000000000000014       0x14 /usr/local/lib/gcc/arm-elf-eabi/4.9.4/libgcc.a(_dvmd_tls.o)
 .debug_abbrev  0x0000000000000028       0x14 /usr/local/lib/gcc/arm-elf-eabi/4.9.4/libgcc.a(_arm_addsubdf3.o)
 .debug_abbrev  0x000000000000003c       0x14 /usr/local/lib/gcc/arm-elf-eabi/4.9.4/libgcc.a(_arm_muldivdf3.o)
 .debug_abbrev  0x0000000000000050       0x14 /usr/local/lib/gcc/arm-elf-eabi/4.9.4/libgcc.a(_arm_fixdfsi.o)
 .debug_abbrev  0x0000000000000064       0x14 /usr/local/lib/gcc/arm-elf-eabi/4.9.4/libgcc.a(_arm_fixunsdfsi.o)

.debug_aranges  0x0000000000000000       0xc0
 .debug_aranges
                0x0000000000000000       0x20 /usr/local/lib/gcc/arm-elf-eabi/4.9.4/libgcc.a(_divsi3.o)
 .debug_aranges
                0x0000000000000020       0x20 /usr/local/lib/gcc/arm-elf-eabi/4.9.4/libgcc.a(_dvmd_tls.o)
 .debug_aranges
                0x0000000000000040       0x20 /usr/local/lib/gcc/arm-elf-eabi/4.9.4/libgcc.a(_arm_addsubdf3.o)
 .debug_aranges
                0x0000000000000060       0x20 /usr/local/lib/gcc/arm-elf-eabi/4.9.4/libgcc.a(_arm_muldivdf3.o)
 .debug_aranges
                0x0000000000000080       0x20 /usr/local/lib/gcc/arm-elf-eabi/4.9.4/libgcc.a(_arm_fixdfsi.o)
 .debug_aranges
                0x00000000000000a0       0x20 /usr/local/lib/gcc/arm-elf-eabi/4.9.4/libgcc.a(_arm_fixunsdfsi.o)
