Archive member included to satisfy reference by file (symbol)

/home/jbrawley/Desktop/rockbox-photo-cf-support/build/lib/rbcodec/codecs/libhes.a(hes_emu.o)
                              /home/jbrawley/Desktop/rockbox-photo-cf-support/build/lib/rbcodec/codecs/hes.o (Hes_init)
/home/jbrawley/Desktop/rockbox-photo-cf-support/build/lib/rbcodec/codecs/libhes.a(blip_buffer.o)
                              /home/jbrawley/Desktop/rockbox-photo-cf-support/build/lib/rbcodec/codecs/libhes.a(hes_emu.o) (volume_unit)
/home/jbrawley/Desktop/rockbox-photo-cf-support/build/lib/rbcodec/codecs/libhes.a(multi_buffer.o)
                              /home/jbrawley/Desktop/rockbox-photo-cf-support/build/lib/rbcodec/codecs/libhes.a(hes_emu.o) (Buffer_init)
/home/jbrawley/Desktop/rockbox-photo-cf-support/build/lib/rbcodec/codecs/libhes.a(rom_data.o)
                              /home/jbrawley/Desktop/rockbox-photo-cf-support/build/lib/rbcodec/codecs/libhes.a(hes_emu.o) (Rom_load)
/home/jbrawley/Desktop/rockbox-photo-cf-support/build/lib/rbcodec/codecs/libhes.a(track_filter.o)
                              /home/jbrawley/Desktop/rockbox-photo-cf-support/build/lib/rbcodec/codecs/libhes.a(hes_emu.o) (track_init)
/home/jbrawley/Desktop/rockbox-photo-cf-support/build/lib/rbcodec/codecs/libhes.a(hes_apu.o)
                              /home/jbrawley/Desktop/rockbox-photo-cf-support/build/lib/rbcodec/codecs/libhes.a(hes_emu.o) (Apu_reset)
/home/jbrawley/Desktop/rockbox-photo-cf-support/build/lib/rbcodec/codecs/libhes.a(hes_apu_adpcm.o)
                              /home/jbrawley/Desktop/rockbox-photo-cf-support/build/lib/rbcodec/codecs/libhes.a(hes_emu.o) (Adpcm_reset)
/home/jbrawley/Desktop/rockbox-photo-cf-support/build/lib/rbcodec/codecs/libhes.a(hes_cpu.o)
                              /home/jbrawley/Desktop/rockbox-photo-cf-support/build/lib/rbcodec/codecs/libhes.a(hes_emu.o) (set_mmr)
/home/jbrawley/Desktop/rockbox-photo-cf-support/build/lib/rbcodec/codecs/libcodec.a(codeclib.o)
                              /home/jbrawley/Desktop/rockbox-photo-cf-support/build/lib/rbcodec/codecs/hes.o (codec_init)
/usr/local/lib/gcc/arm-elf-eabi/4.9.4/libgcc.a(_udivsi3.o)
                              /home/jbrawley/Desktop/rockbox-photo-cf-support/build/lib/rbcodec/codecs/hes.o (__aeabi_uidiv)
/usr/local/lib/gcc/arm-elf-eabi/4.9.4/libgcc.a(_divsi3.o)
                              /home/jbrawley/Desktop/rockbox-photo-cf-support/build/lib/rbcodec/codecs/hes.o (__aeabi_idiv)
/usr/local/lib/gcc/arm-elf-eabi/4.9.4/libgcc.a(_dvmd_tls.o)
                              /usr/local/lib/gcc/arm-elf-eabi/4.9.4/libgcc.a(_udivsi3.o) (__aeabi_idiv0)
/usr/local/lib/gcc/arm-elf-eabi/4.9.4/libgcc.a(_aeabi_ldivmod.o)
                              /home/jbrawley/Desktop/rockbox-photo-cf-support/build/lib/rbcodec/codecs/libhes.a(hes_emu.o) (__aeabi_ldivmod)
/usr/local/lib/gcc/arm-elf-eabi/4.9.4/libgcc.a(bpabi.o)
                              /usr/local/lib/gcc/arm-elf-eabi/4.9.4/libgcc.a(_aeabi_ldivmod.o) (__gnu_ldivmod_helper)
/usr/local/lib/gcc/arm-elf-eabi/4.9.4/libgcc.a(_divdi3.o)
                              /usr/local/lib/gcc/arm-elf-eabi/4.9.4/libgcc.a(bpabi.o) (__divdi3)
/usr/local/lib/gcc/arm-elf-eabi/4.9.4/libgcc.a(_udivdi3.o)
                              /usr/local/lib/gcc/arm-elf-eabi/4.9.4/libgcc.a(bpabi.o) (__udivdi3)
/usr/local/lib/gcc/arm-elf-eabi/4.9.4/libgcc.a(_clzdi2.o)
                              /usr/local/lib/gcc/arm-elf-eabi/4.9.4/libgcc.a(_divdi3.o) (__clzdi2)
/usr/local/lib/gcc/arm-elf-eabi/4.9.4/libgcc.a(_clzsi2.o)
                              /usr/local/lib/gcc/arm-elf-eabi/4.9.4/libgcc.a(_clzdi2.o) (__clzsi2)

Discarded input sections

 .data          0x0000000000000000        0x0 /home/jbrawley/Desktop/rockbox-photo-cf-support/build/lib/rbcodec/codecs/hes.o
 .bss           0x0000000000000000        0x0 /home/jbrawley/Desktop/rockbox-photo-cf-support/build/lib/rbcodec/codecs/codec_crt0.o
 .data          0x0000000000000000        0x0 /home/jbrawley/Desktop/rockbox-photo-cf-support/build/lib/rbcodec/codecs/libhes.a(hes_emu.o)
 .bss           0x0000000000000000        0x0 /home/jbrawley/Desktop/rockbox-photo-cf-support/build/lib/rbcodec/codecs/libhes.a(hes_emu.o)
 .data          0x0000000000000000        0x0 /home/jbrawley/Desktop/rockbox-photo-cf-support/build/lib/rbcodec/codecs/libhes.a(blip_buffer.o)
 .bss           0x0000000000000000        0x0 /home/jbrawley/Desktop/rockbox-photo-cf-support/build/lib/rbcodec/codecs/libhes.a(blip_buffer.o)
 .data          0x0000000000000000        0x0 /home/jbrawley/Desktop/rockbox-photo-cf-support/build/lib/rbcodec/codecs/libhes.a(multi_buffer.o)
 .bss           0x0000000000000000        0x0 /home/jbrawley/Desktop/rockbox-photo-cf-support/build/lib/rbcodec/codecs/libhes.a(multi_buffer.o)
 .rodata        0x0000000000000000        0x4 /home/jbrawley/Desktop/rockbox-photo-cf-support/build/lib/rbcodec/codecs/libhes.a(multi_buffer.o)
 .data          0x0000000000000000        0x0 /home/jbrawley/Desktop/rockbox-photo-cf-support/build/lib/rbcodec/codecs/libhes.a(rom_data.o)
 .bss           0x0000000000000000        0x0 /home/jbrawley/Desktop/rockbox-photo-cf-support/build/lib/rbcodec/codecs/libhes.a(rom_data.o)
 .data          0x0000000000000000        0x0 /home/jbrawley/Desktop/rockbox-photo-cf-support/build/lib/rbcodec/codecs/libhes.a(track_filter.o)
 .bss           0x0000000000000000        0x0 /home/jbrawley/Desktop/rockbox-photo-cf-support/build/lib/rbcodec/codecs/libhes.a(track_filter.o)
 .rodata        0x0000000000000000        0xc /home/jbrawley/Desktop/rockbox-photo-cf-support/build/lib/rbcodec/codecs/libhes.a(track_filter.o)
 .data          0x0000000000000000        0x0 /home/jbrawley/Desktop/rockbox-photo-cf-support/build/lib/rbcodec/codecs/libhes.a(hes_apu.o)
 .bss           0x0000000000000000        0x0 /home/jbrawley/Desktop/rockbox-photo-cf-support/build/lib/rbcodec/codecs/libhes.a(hes_apu.o)
 .data          0x0000000000000000        0x0 /home/jbrawley/Desktop/rockbox-photo-cf-support/build/lib/rbcodec/codecs/libhes.a(hes_apu_adpcm.o)
 .bss           0x0000000000000000        0x0 /home/jbrawley/Desktop/rockbox-photo-cf-support/build/lib/rbcodec/codecs/libhes.a(hes_apu_adpcm.o)
 .data          0x0000000000000000        0x0 /home/jbrawley/Desktop/rockbox-photo-cf-support/build/lib/rbcodec/codecs/libhes.a(hes_cpu.o)
 .bss           0x0000000000000000        0x0 /home/jbrawley/Desktop/rockbox-photo-cf-support/build/lib/rbcodec/codecs/libhes.a(hes_cpu.o)
 .text          0x0000000000000000        0x0 /home/jbrawley/Desktop/rockbox-photo-cf-support/build/lib/rbcodec/codecs/libcodec.a(codeclib.o)
 .data          0x0000000000000000        0x0 /home/jbrawley/Desktop/rockbox-photo-cf-support/build/lib/rbcodec/codecs/libcodec.a(codeclib.o)
 .text.codec_malloc
                0x0000000000000000       0x3c /home/jbrawley/Desktop/rockbox-photo-cf-support/build/lib/rbcodec/codecs/libcodec.a(codeclib.o)
 .text.codec_calloc
                0x0000000000000000       0x48 /home/jbrawley/Desktop/rockbox-photo-cf-support/build/lib/rbcodec/codecs/libcodec.a(codeclib.o)
 .text.codec_free
                0x0000000000000000        0x4 /home/jbrawley/Desktop/rockbox-photo-cf-support/build/lib/rbcodec/codecs/libcodec.a(codeclib.o)
 .text.codec_realloc
                0x0000000000000000       0x64 /home/jbrawley/Desktop/rockbox-photo-cf-support/build/lib/rbcodec/codecs/libcodec.a(codeclib.o)
 .text.codec_strlen
                0x0000000000000000       0x24 /home/jbrawley/Desktop/rockbox-photo-cf-support/build/lib/rbcodec/codecs/libcodec.a(codeclib.o)
 .text.strcpy   0x0000000000000000       0x24 /home/jbrawley/Desktop/rockbox-photo-cf-support/build/lib/rbcodec/codecs/libcodec.a(codeclib.o)
 .text.strcat   0x0000000000000000       0x24 /home/jbrawley/Desktop/rockbox-photo-cf-support/build/lib/rbcodec/codecs/libcodec.a(codeclib.o)
 .text.strcmp   0x0000000000000000       0x24 /home/jbrawley/Desktop/rockbox-photo-cf-support/build/lib/rbcodec/codecs/libcodec.a(codeclib.o)
 .text.memchr   0x0000000000000000       0x24 /home/jbrawley/Desktop/rockbox-photo-cf-support/build/lib/rbcodec/codecs/libcodec.a(codeclib.o)
 .text.qsort    0x0000000000000000       0x24 /home/jbrawley/Desktop/rockbox-photo-cf-support/build/lib/rbcodec/codecs/libcodec.a(codeclib.o)
 .irodata       0x0000000000000000      0x200 /home/jbrawley/Desktop/rockbox-photo-cf-support/build/lib/rbcodec/codecs/libcodec.a(codeclib.o)
 .data          0x0000000000000000        0x0 /usr/local/lib/gcc/arm-elf-eabi/4.9.4/libgcc.a(_udivsi3.o)
 .bss           0x0000000000000000        0x0 /usr/local/lib/gcc/arm-elf-eabi/4.9.4/libgcc.a(_udivsi3.o)
 .data          0x0000000000000000        0x0 /usr/local/lib/gcc/arm-elf-eabi/4.9.4/libgcc.a(_divsi3.o)
 .bss           0x0000000000000000        0x0 /usr/local/lib/gcc/arm-elf-eabi/4.9.4/libgcc.a(_divsi3.o)
 .data          0x0000000000000000        0x0 /usr/local/lib/gcc/arm-elf-eabi/4.9.4/libgcc.a(_dvmd_tls.o)
 .bss           0x0000000000000000        0x0 /usr/local/lib/gcc/arm-elf-eabi/4.9.4/libgcc.a(_dvmd_tls.o)
 .data          0x0000000000000000        0x0 /usr/local/lib/gcc/arm-elf-eabi/4.9.4/libgcc.a(_aeabi_ldivmod.o)
 .bss           0x0000000000000000        0x0 /usr/local/lib/gcc/arm-elf-eabi/4.9.4/libgcc.a(_aeabi_ldivmod.o)
 .data          0x0000000000000000        0x0 /usr/local/lib/gcc/arm-elf-eabi/4.9.4/libgcc.a(bpabi.o)
 .bss           0x0000000000000000        0x0 /usr/local/lib/gcc/arm-elf-eabi/4.9.4/libgcc.a(bpabi.o)
 .data          0x0000000000000000        0x0 /usr/local/lib/gcc/arm-elf-eabi/4.9.4/libgcc.a(_divdi3.o)
 .bss           0x0000000000000000        0x0 /usr/local/lib/gcc/arm-elf-eabi/4.9.4/libgcc.a(_divdi3.o)
 .ARM.extab     0x0000000000000000        0x0 /usr/local/lib/gcc/arm-elf-eabi/4.9.4/libgcc.a(_divdi3.o)
 .data          0x0000000000000000        0x0 /usr/local/lib/gcc/arm-elf-eabi/4.9.4/libgcc.a(_udivdi3.o)
 .bss           0x0000000000000000        0x0 /usr/local/lib/gcc/arm-elf-eabi/4.9.4/libgcc.a(_udivdi3.o)
 .ARM.extab     0x0000000000000000        0x0 /usr/local/lib/gcc/arm-elf-eabi/4.9.4/libgcc.a(_udivdi3.o)
 .data          0x0000000000000000        0x0 /usr/local/lib/gcc/arm-elf-eabi/4.9.4/libgcc.a(_clzdi2.o)
 .bss           0x0000000000000000        0x0 /usr/local/lib/gcc/arm-elf-eabi/4.9.4/libgcc.a(_clzdi2.o)
 .data          0x0000000000000000        0x0 /usr/local/lib/gcc/arm-elf-eabi/4.9.4/libgcc.a(_clzsi2.o)
 .bss           0x0000000000000000        0x0 /usr/local/lib/gcc/arm-elf-eabi/4.9.4/libgcc.a(_clzsi2.o)

Memory Configuration

Name             Origin             Length             Attributes
PLUGIN_RAM       0x0000000001e80000 0x0000000000100000
PLUGIN_IRAM      0x000000004000c000 0x000000000000c000
*default*        0x0000000000000000 0xffffffffffffffff

Linker script and memory map

LOAD /home/jbrawley/Desktop/rockbox-photo-cf-support/build/lib/rbcodec/codecs/hes.o
LOAD /home/jbrawley/Desktop/rockbox-photo-cf-support/build/lib/rbcodec/codecs/codec_crt0.o
LOAD /home/jbrawley/Desktop/rockbox-photo-cf-support/build/lib/rbcodec/codecs/libhes.a
LOAD /home/jbrawley/Desktop/rockbox-photo-cf-support/build/lib/rbcodec/codecs/libcodec.a
LOAD /home/jbrawley/Desktop/rockbox-photo-cf-support/build/lib/libfixedpoint.a
LOAD /usr/local/lib/gcc/arm-elf-eabi/4.9.4/libgcc.a

.header         0x0000000001e80000       0x20
                0x0000000001e80000                _plugin_start_addr = .
                0x0000000001e80000                plugin_start_addr = .
 *(.header)
 .header        0x0000000001e80000       0x20 /home/jbrawley/Desktop/rockbox-photo-cf-support/build/lib/rbcodec/codecs/hes.o
                0x0000000001e80000                __header

.text           0x0000000001e80020     0x5970
 *(.text*)
 .text          0x0000000001e80020      0x290 /home/jbrawley/Desktop/rockbox-photo-cf-support/build/lib/rbcodec/codecs/hes.o
                0x0000000001e80020                codec_run
                0x0000000001e80220                codec_main
 .text          0x0000000001e802b0       0xec /home/jbrawley/Desktop/rockbox-photo-cf-support/build/lib/rbcodec/codecs/codec_crt0.o
                0x0000000001e802b0                _start
                0x0000000001e802b8                codec_start
                0x0000000001e80388                __div0
 .text          0x0000000001e8039c      0xdc8 /home/jbrawley/Desktop/rockbox-photo-cf-support/build/lib/rbcodec/codecs/libhes.a(hes_emu.o)
                0x0000000001e8039c                Hes_init
                0x0000000001e80458                run_until
                0x0000000001e804b8                irq_changed
                0x0000000001e8058c                write_vdp
                0x0000000001e805f0                write_mem_
                0x0000000001e80788                read_mem_
                0x0000000001e80898                cpu_done
                0x0000000001e8092c                Hes_set_sample_rate
                0x0000000001e80998                Sound_mute_voices
                0x0000000001e80a64                play_
                0x0000000001e80be0                Sound_mute_voice
                0x0000000001e80c08                Sound_set_tempo
                0x0000000001e80c80                Hes_load_mem
                0x0000000001e80e18                Hes_start_track
                0x0000000001e80fa4                Track_tell
                0x0000000001e80ff4                Track_seek
                0x0000000001e81074                skip_
                0x0000000001e810d8                Track_skip
                0x0000000001e810ec                Track_set_fade
                0x0000000001e81150                Hes_play
 .text          0x0000000001e81164      0x200 /home/jbrawley/Desktop/rockbox-photo-cf-support/build/lib/rbcodec/codecs/libhes.a(blip_buffer.o)
                0x0000000001e81164                Blip_clear
                0x0000000001e81194                Blip_init
                0x0000000001e811d0                Blip_clock_rate_factor
                0x0000000001e81204                Blip_bass_freq
                0x0000000001e8125c                Blip_set_sample_rate
                0x0000000001e81314                volume_unit
                0x0000000001e81350                Synth_init
 .text          0x0000000001e81364      0x4b4 /home/jbrawley/Desktop/rockbox-photo-cf-support/build/lib/rbcodec/codecs/libhes.a(multi_buffer.o)
                0x0000000001e81364                Tracked_init
                0x0000000001e81384                Tracked_clear
                0x0000000001e813a0                Tracked_end_frame
                0x0000000001e813d8                Tracked_non_silent
                0x0000000001e813ec                Tracked_remove_silence
                0x0000000001e8141c                Tracked_remove_samples
                0x0000000001e8144c                Tracked_remove_all_samples
                0x0000000001e8147c                Tracked_read_samples
                0x0000000001e814ac                Mixer_init
                0x0000000001e814b8                Mixer_read_pairs
                0x0000000001e81648                Buffer_init
                0x0000000001e816cc                Buffer_set_sample_rate
                0x0000000001e81730                Buffer_clock_rate
                0x0000000001e81774                Buffer_bass_freq
                0x0000000001e817b0                Buffer_set_channel_count
                0x0000000001e817c0                Buffer_channel
                0x0000000001e817dc                Buffer_clear
 .text          0x0000000001e81818      0x11c /home/jbrawley/Desktop/rockbox-photo-cf-support/build/lib/rbcodec/codecs/libhes.a(rom_data.o)
                0x0000000001e81818                Rom_load
                0x0000000001e818ac                Rom_set_addr
 .text          0x0000000001e81934      0x650 /home/jbrawley/Desktop/rockbox-photo-cf-support/build/lib/rbcodec/codecs/libhes.a(track_filter.o)
                0x0000000001e81994                track_init
                0x0000000001e819a0                track_stop
                0x0000000001e819d8                track_create
                0x0000000001e81a04                track_skip
                0x0000000001e81abc                skippy_
                0x0000000001e81b60                track_set_fade
                0x0000000001e81b88                fill_buf
                0x0000000001e81c14                track_start
                0x0000000001e81c8c                track_play
 .text          0x0000000001e81f84      0x908 /home/jbrawley/Desktop/rockbox-photo-cf-support/build/lib/rbcodec/codecs/libhes.a(hes_apu.o)
                0x0000000001e82540                Apu_reset
                0x0000000001e825b4                Apu_init
                0x0000000001e825f0                Apu_osc_output
                0x0000000001e8265c                Apu_write_data
                0x0000000001e82840                Apu_end_frame
 .text          0x0000000001e8288c      0x6e0 /home/jbrawley/Desktop/rockbox-photo-cf-support/build/lib/rbcodec/codecs/libhes.a(hes_apu_adpcm.o)
                0x0000000001e82b94                Adpcm_reset
                0x0000000001e82c04                Adpcm_init
                0x0000000001e82c34                Adpcm_write_data
                0x0000000001e82e74                Adpcm_read_data
                0x0000000001e82f28                Adpcm_end_frame
 .text          0x0000000001e82f6c     0x22a4 /home/jbrawley/Desktop/rockbox-photo-cf-support/build/lib/rbcodec/codecs/libhes.a(hes_cpu.o)
                0x0000000001e82f6c                read_mem
                0x0000000001e82fac                write_mem
                0x0000000001e82fec                set_mmr
                0x0000000001e830c4                Cpu_reset
                0x0000000001e83104                run_cpu
 .text.codec_init
                0x0000000001e85210       0x40 /home/jbrawley/Desktop/rockbox-photo-cf-support/build/lib/rbcodec/codecs/libcodec.a(codeclib.o)
                0x0000000001e85210                codec_init
 .text.codec_set_replaygain
                0x0000000001e85250       0x54 /home/jbrawley/Desktop/rockbox-photo-cf-support/build/lib/rbcodec/codecs/libcodec.a(codeclib.o)
                0x0000000001e85250                codec_set_replaygain
 .text.memcpy   0x0000000001e852a4       0x24 /home/jbrawley/Desktop/rockbox-photo-cf-support/build/lib/rbcodec/codecs/libcodec.a(codeclib.o)
                0x0000000001e852a4                memcpy
 .text.memset   0x0000000001e852c8       0x24 /home/jbrawley/Desktop/rockbox-photo-cf-support/build/lib/rbcodec/codecs/libcodec.a(codeclib.o)
                0x0000000001e852c8                memset
 .text.memcmp   0x0000000001e852ec       0x24 /home/jbrawley/Desktop/rockbox-photo-cf-support/build/lib/rbcodec/codecs/libcodec.a(codeclib.o)
                0x0000000001e852ec                memcmp
 .text.memmove  0x0000000001e85310       0x24 /home/jbrawley/Desktop/rockbox-photo-cf-support/build/lib/rbcodec/codecs/libcodec.a(codeclib.o)
                0x0000000001e85310                memmove
 .text          0x0000000001e85334      0x114 /usr/local/lib/gcc/arm-elf-eabi/4.9.4/libgcc.a(_udivsi3.o)
                0x0000000001e85334                __udivsi3
                0x0000000001e85334                __aeabi_uidiv
                0x0000000001e85428                __aeabi_uidivmod
 .text          0x0000000001e85448      0x148 /usr/local/lib/gcc/arm-elf-eabi/4.9.4/libgcc.a(_divsi3.o)
                0x0000000001e85448                __aeabi_idiv
                0x0000000001e85448                __divsi3
                0x0000000001e85570                __aeabi_idivmod
 .text          0x0000000001e85590        0x4 /usr/local/lib/gcc/arm-elf-eabi/4.9.4/libgcc.a(_dvmd_tls.o)
                0x0000000001e85590                __aeabi_ldiv0
                0x0000000001e85590                __aeabi_idiv0
 .text          0x0000000001e85594       0x48 /usr/local/lib/gcc/arm-elf-eabi/4.9.4/libgcc.a(_aeabi_ldivmod.o)
                0x0000000001e85594                __aeabi_ldivmod
 .text          0x0000000001e855dc       0x84 /usr/local/lib/gcc/arm-elf-eabi/4.9.4/libgcc.a(bpabi.o)
                0x0000000001e855dc                __gnu_ldivmod_helper
                0x0000000001e85620                __gnu_uldivmod_helper
 .text          0x0000000001e85660      0x178 /usr/local/lib/gcc/arm-elf-eabi/4.9.4/libgcc.a(_divdi3.o)
                0x0000000001e85660                __divdi3
 .text          0x0000000001e857d8      0x120 /usr/local/lib/gcc/arm-elf-eabi/4.9.4/libgcc.a(_udivdi3.o)
                0x0000000001e857d8                __udivdi3
 .text          0x0000000001e858f8       0x28 /usr/local/lib/gcc/arm-elf-eabi/4.9.4/libgcc.a(_clzdi2.o)
                0x0000000001e858f8                __clzdi2
 .text          0x0000000001e85920       0x48 /usr/local/lib/gcc/arm-elf-eabi/4.9.4/libgcc.a(_clzsi2.o)
                0x0000000001e85920                __clzsi2
 .text.__stub   0x0000000001e85968       0x28 linker stubs
 *(.glue_7)
 .glue_7        0x0000000001e85990        0x0 linker stubs
 *(.glue_7t)
 .glue_7t       0x0000000001e85990        0x0 linker stubs

.vfp11_veneer   0x0000000001e85990        0x0
 .vfp11_veneer  0x0000000001e85990        0x0 linker stubs

.v4_bx          0x0000000001e85990        0x0
 .v4_bx         0x0000000001e85990        0x0 linker stubs

.iplt           0x0000000001e85990        0x0
 .iplt          0x0000000001e85990        0x0 /home/jbrawley/Desktop/rockbox-photo-cf-support/build/lib/rbcodec/codecs/hes.o

.rodata         0x0000000001e85990      0x224
 *(.rodata*)
 .rodata        0x0000000001e85990       0x54 /home/jbrawley/Desktop/rockbox-photo-cf-support/build/lib/rbcodec/codecs/libhes.a(hes_emu.o)
                0x0000000001e85990                gme_wrong_file_type
                0x0000000001e859d0                period_60hz
                0x0000000001e859d4                unmapped
                0x0000000001e859d8                i_flag_mask
                0x0000000001e859dc                vdp_mask
                0x0000000001e859e0                timer_mask
 .rodata.str1.4
                0x0000000001e859e4        0x8 /home/jbrawley/Desktop/rockbox-photo-cf-support/build/lib/rbcodec/codecs/libhes.a(hes_emu.o)
                                          0x5 (size before relaxing)
 .rodata        0x0000000001e859ec       0x40 /home/jbrawley/Desktop/rockbox-photo-cf-support/build/lib/rbcodec/codecs/libhes.a(hes_apu.o)
 .rodata        0x0000000001e85a2c       0x84 /home/jbrawley/Desktop/rockbox-photo-cf-support/build/lib/rbcodec/codecs/libhes.a(hes_apu_adpcm.o)
 .rodata        0x0000000001e85ab0      0x104 /home/jbrawley/Desktop/rockbox-photo-cf-support/build/lib/rbcodec/codecs/libhes.a(hes_cpu.o)
                0x0000000001e85bb0                ram_addr

.ARM.exidx      0x0000000001e85bb4        0x8
 .ARM.exidx     0x0000000001e85bb4        0x8 /usr/local/lib/gcc/arm-elf-eabi/4.9.4/libgcc.a(_divdi3.o)
 .ARM.exidx     0x0000000001e85bbc        0x0 /usr/local/lib/gcc/arm-elf-eabi/4.9.4/libgcc.a(_udivdi3.o)
                                          0x8 (size before relaxing)

.data           0x0000000001e85bbc        0x4
 *(.data*)
 .data          0x0000000001e85bbc        0x4 /home/jbrawley/Desktop/rockbox-photo-cf-support/build/lib/rbcodec/codecs/codec_crt0.o
                0x0000000001e85bbc                ci

.igot.plt       0x0000000001e85bc0        0x0
 .igot.plt      0x0000000001e85bc0        0x0 /home/jbrawley/Desktop/rockbox-photo-cf-support/build/lib/rbcodec/codecs/hes.o

.ncdata         0x0000000011e85bc0        0x0 load address 0x0000000001e85bc0
                0x0000000011e85bc0                . = ALIGN (0x10)
 *(.ncdata*)
                0x0000000011e85bc0                . = ALIGN (0x10)
                0x0000000001e85bc0                bssaddr = (. - 0x10000000)
                0x0000000001e85bc0                iramcopy = (. - 0x10000000)

/DISCARD/
 *(.eh_frame)

.bss            0x0000000001e85bc0    0x2a894
                0x0000000001e85bc0                plugin_bss_start = .
                0x0000000001e85bc0                _plugin_bss_start = .
 *(.bss*)
 .bss           0x0000000001e85bc0    0x2a888 /home/jbrawley/Desktop/rockbox-photo-cf-support/build/lib/rbcodec/codecs/hes.o
 .bss           0x0000000001eb0448        0xc /home/jbrawley/Desktop/rockbox-photo-cf-support/build/lib/rbcodec/codecs/libcodec.a(codeclib.o)
 *(COMMON)
                0x0000000001eb0454                . = ALIGN (0x4)

.ncbss          0x0000000011eb0454        0xc load address 0x0000000001eb0454
                0x0000000011eb0460                . = ALIGN (0x10)
 *fill*         0x0000000011eb0454        0xc 
 *(.ncbss*)
                0x0000000011eb0460                . = ALIGN (0x10)
                0x0000000001eb0460                pluginendaddr = (. - 0x10000000)

.pluginend      0x0000000001eb0460        0x0
                0x0000000001eb0460                _plugin_end_addr = .
                0x0000000001eb0460                plugin_end_addr = .

.iram           0x000000004000c000      0x350 load address 0x0000000001e85bc0
                0x000000004000c000                iramstart = .
 *(.icode)
 .icode         0x000000004000c000      0x20c /home/jbrawley/Desktop/rockbox-photo-cf-support/build/lib/rbcodec/codecs/libhes.a(blip_buffer.o)
                0x000000004000c000                Blip_end_frame
                0x000000004000c014                Blip_count_samples
                0x000000004000c02c                Blip_count_clocks
                0x000000004000c060                Blip_remove_samples
                0x000000004000c0b8                Blip_read_samples
                0x000000004000c1a4                Blip_mix_samples
 .icode         0x000000004000c20c      0x108 /home/jbrawley/Desktop/rockbox-photo-cf-support/build/lib/rbcodec/codecs/libhes.a(multi_buffer.o)
                0x000000004000c20c                Buffer_end_frame
                0x000000004000c248                Buffer_read_samples
 *fill*         0x000000004000c314        0x4 
 .icode.__stub  0x000000004000c318       0x38 linker stubs
 *(.irodata)
 *(.idata)
                0x000000004000c350                iramend = .

.rel.dyn        0x000000004000c350        0x0 load address 0x0000000001e85f10
 .rel.iplt      0x000000004000c350        0x0 /home/jbrawley/Desktop/rockbox-photo-cf-support/build/lib/rbcodec/codecs/hes.o

.ibss           0x000000004000c350     0x1000 load address 0x0000000001e85f10
                0x000000004000c350                iedata = .
 *(.ibss)
 .ibss          0x000000004000c350     0x1000 /home/jbrawley/Desktop/rockbox-photo-cf-support/build/lib/rbcodec/codecs/hes.o
                0x000000004000d350                . = ALIGN (0x4)
                0x000000004000d350                iend = .
                0x0000000001eb0460                loadendaddr = MAX (plugin_end_addr, (LOADADDR (.iram) + SIZEOF (.iram)))

.pluginloadend  0x0000000001eb0460        0x0
                0x0000000001eb0460                _plugin_load_end_addr = .
                0x0000000001eb0460                plugin_load_end_addr = .

.comment        0x0000000000000000       0x11
 *(.comment)
 .comment       0x0000000000000000       0x11 /home/jbrawley/Desktop/rockbox-photo-cf-support/build/lib/rbcodec/codecs/hes.o
                                         0x12 (size before relaxing)
 .comment       0x0000000000000011       0x12 /home/jbrawley/Desktop/rockbox-photo-cf-support/build/lib/rbcodec/codecs/codec_crt0.o
 .comment       0x0000000000000011       0x12 /home/jbrawley/Desktop/rockbox-photo-cf-support/build/lib/rbcodec/codecs/libhes.a(hes_emu.o)
 .comment       0x0000000000000011       0x12 /home/jbrawley/Desktop/rockbox-photo-cf-support/build/lib/rbcodec/codecs/libhes.a(blip_buffer.o)
 .comment       0x0000000000000011       0x12 /home/jbrawley/Desktop/rockbox-photo-cf-support/build/lib/rbcodec/codecs/libhes.a(multi_buffer.o)
 .comment       0x0000000000000011       0x12 /home/jbrawley/Desktop/rockbox-photo-cf-support/build/lib/rbcodec/codecs/libhes.a(rom_data.o)
 .comment       0x0000000000000011       0x12 /home/jbrawley/Desktop/rockbox-photo-cf-support/build/lib/rbcodec/codecs/libhes.a(track_filter.o)
 .comment       0x0000000000000011       0x12 /home/jbrawley/Desktop/rockbox-photo-cf-support/build/lib/rbcodec/codecs/libhes.a(hes_apu.o)
 .comment       0x0000000000000011       0x12 /home/jbrawley/Desktop/rockbox-photo-cf-support/build/lib/rbcodec/codecs/libhes.a(hes_apu_adpcm.o)
 .comment       0x0000000000000011       0x12 /home/jbrawley/Desktop/rockbox-photo-cf-support/build/lib/rbcodec/codecs/libhes.a(hes_cpu.o)
 .comment       0x0000000000000011       0x12 /home/jbrawley/Desktop/rockbox-photo-cf-support/build/lib/rbcodec/codecs/libcodec.a(codeclib.o)
 .comment       0x0000000000000011       0x12 /usr/local/lib/gcc/arm-elf-eabi/4.9.4/libgcc.a(bpabi.o)
 .comment       0x0000000000000011       0x12 /usr/local/lib/gcc/arm-elf-eabi/4.9.4/libgcc.a(_divdi3.o)
 .comment       0x0000000000000011       0x12 /usr/local/lib/gcc/arm-elf-eabi/4.9.4/libgcc.a(_udivdi3.o)
OUTPUT(/home/jbrawley/Desktop/rockbox-photo-cf-support/build/lib/rbcodec/codecs/hes.elf elf32-littlearm)

.ARM.attributes
                0x0000000000000000       0x30
 .ARM.attributes
                0x0000000000000000       0x30 /home/jbrawley/Desktop/rockbox-photo-cf-support/build/lib/rbcodec/codecs/hes.o
 .ARM.attributes
                0x0000000000000030       0x30 /home/jbrawley/Desktop/rockbox-photo-cf-support/build/lib/rbcodec/codecs/codec_crt0.o
 .ARM.attributes
                0x0000000000000060       0x30 /home/jbrawley/Desktop/rockbox-photo-cf-support/build/lib/rbcodec/codecs/libhes.a(hes_emu.o)
 .ARM.attributes
                0x0000000000000090       0x30 /home/jbrawley/Desktop/rockbox-photo-cf-support/build/lib/rbcodec/codecs/libhes.a(blip_buffer.o)
 .ARM.attributes
                0x00000000000000c0       0x30 /home/jbrawley/Desktop/rockbox-photo-cf-support/build/lib/rbcodec/codecs/libhes.a(multi_buffer.o)
 .ARM.attributes
                0x00000000000000f0       0x30 /home/jbrawley/Desktop/rockbox-photo-cf-support/build/lib/rbcodec/codecs/libhes.a(rom_data.o)
 .ARM.attributes
                0x0000000000000120       0x30 /home/jbrawley/Desktop/rockbox-photo-cf-support/build/lib/rbcodec/codecs/libhes.a(track_filter.o)
 .ARM.attributes
                0x0000000000000150       0x30 /home/jbrawley/Desktop/rockbox-photo-cf-support/build/lib/rbcodec/codecs/libhes.a(hes_apu.o)
 .ARM.attributes
                0x0000000000000180       0x30 /home/jbrawley/Desktop/rockbox-photo-cf-support/build/lib/rbcodec/codecs/libhes.a(hes_apu_adpcm.o)
 .ARM.attributes
                0x00000000000001b0       0x30 /home/jbrawley/Desktop/rockbox-photo-cf-support/build/lib/rbcodec/codecs/libhes.a(hes_cpu.o)
 .ARM.attributes
                0x00000000000001e0       0x30 /home/jbrawley/Desktop/rockbox-photo-cf-support/build/lib/rbcodec/codecs/libcodec.a(codeclib.o)
 .ARM.attributes
                0x0000000000000210       0x18 /usr/local/lib/gcc/arm-elf-eabi/4.9.4/libgcc.a(_udivsi3.o)
 .ARM.attributes
                0x0000000000000228       0x18 /usr/local/lib/gcc/arm-elf-eabi/4.9.4/libgcc.a(_divsi3.o)
 .ARM.attributes
                0x0000000000000240       0x18 /usr/local/lib/gcc/arm-elf-eabi/4.9.4/libgcc.a(_dvmd_tls.o)
 .ARM.attributes
                0x0000000000000258       0x18 /usr/local/lib/gcc/arm-elf-eabi/4.9.4/libgcc.a(_aeabi_ldivmod.o)
 .ARM.attributes
                0x0000000000000270       0x30 /usr/local/lib/gcc/arm-elf-eabi/4.9.4/libgcc.a(bpabi.o)
 .ARM.attributes
                0x00000000000002a0       0x30 /usr/local/lib/gcc/arm-elf-eabi/4.9.4/libgcc.a(_divdi3.o)
 .ARM.attributes
                0x00000000000002d0       0x30 /usr/local/lib/gcc/arm-elf-eabi/4.9.4/libgcc.a(_udivdi3.o)
 .ARM.attributes
                0x0000000000000300       0x18 /usr/local/lib/gcc/arm-elf-eabi/4.9.4/libgcc.a(_clzdi2.o)
 .ARM.attributes
                0x0000000000000318       0x18 /usr/local/lib/gcc/arm-elf-eabi/4.9.4/libgcc.a(_clzsi2.o)

.debug_frame    0x0000000000000000      0x158
 .debug_frame   0x0000000000000000       0x20 /usr/local/lib/gcc/arm-elf-eabi/4.9.4/libgcc.a(_udivsi3.o)
 .debug_frame   0x0000000000000020       0x20 /usr/local/lib/gcc/arm-elf-eabi/4.9.4/libgcc.a(_divsi3.o)
 .debug_frame   0x0000000000000040       0x28 /usr/local/lib/gcc/arm-elf-eabi/4.9.4/libgcc.a(_aeabi_ldivmod.o)
 .debug_frame   0x0000000000000068       0x68 /usr/local/lib/gcc/arm-elf-eabi/4.9.4/libgcc.a(bpabi.o)
 .debug_frame   0x00000000000000d0       0x48 /usr/local/lib/gcc/arm-elf-eabi/4.9.4/libgcc.a(_divdi3.o)
 .debug_frame   0x0000000000000118       0x40 /usr/local/lib/gcc/arm-elf-eabi/4.9.4/libgcc.a(_udivdi3.o)

.debug_line     0x0000000000000000      0x442
 .debug_line    0x0000000000000000       0x7e /usr/local/lib/gcc/arm-elf-eabi/4.9.4/libgcc.a(_udivsi3.o)
 .debug_line    0x000000000000007e       0x8a /usr/local/lib/gcc/arm-elf-eabi/4.9.4/libgcc.a(_divsi3.o)
 .debug_line    0x0000000000000108       0x61 /usr/local/lib/gcc/arm-elf-eabi/4.9.4/libgcc.a(_dvmd_tls.o)
 .debug_line    0x0000000000000169       0x65 /usr/local/lib/gcc/arm-elf-eabi/4.9.4/libgcc.a(_aeabi_ldivmod.o)
 .debug_line    0x00000000000001ce       0x65 /usr/local/lib/gcc/arm-elf-eabi/4.9.4/libgcc.a(bpabi.o)
 .debug_line    0x0000000000000233       0x9e /usr/local/lib/gcc/arm-elf-eabi/4.9.4/libgcc.a(_divdi3.o)
 .debug_line    0x00000000000002d1       0x98 /usr/local/lib/gcc/arm-elf-eabi/4.9.4/libgcc.a(_udivdi3.o)
 .debug_line    0x0000000000000369       0x6b /usr/local/lib/gcc/arm-elf-eabi/4.9.4/libgcc.a(_clzdi2.o)
 .debug_line    0x00000000000003d4       0x6e /usr/local/lib/gcc/arm-elf-eabi/4.9.4/libgcc.a(_clzsi2.o)

.debug_info     0x0000000000000000      0x8c0
 .debug_info    0x0000000000000000       0x88 /usr/local/lib/gcc/arm-elf-eabi/4.9.4/libgcc.a(_udivsi3.o)
 .debug_info    0x0000000000000088       0x88 /usr/local/lib/gcc/arm-elf-eabi/4.9.4/libgcc.a(_divsi3.o)
 .debug_info    0x0000000000000110       0x88 /usr/local/lib/gcc/arm-elf-eabi/4.9.4/libgcc.a(_dvmd_tls.o)
 .debug_info    0x0000000000000198       0x84 /usr/local/lib/gcc/arm-elf-eabi/4.9.4/libgcc.a(_aeabi_ldivmod.o)
 .debug_info    0x000000000000021c      0x164 /usr/local/lib/gcc/arm-elf-eabi/4.9.4/libgcc.a(bpabi.o)
 .debug_info    0x0000000000000380      0x269 /usr/local/lib/gcc/arm-elf-eabi/4.9.4/libgcc.a(_divdi3.o)
 .debug_info    0x00000000000005e9      0x1c7 /usr/local/lib/gcc/arm-elf-eabi/4.9.4/libgcc.a(_udivdi3.o)
 .debug_info    0x00000000000007b0       0x88 /usr/local/lib/gcc/arm-elf-eabi/4.9.4/libgcc.a(_clzdi2.o)
 .debug_info    0x0000000000000838       0x88 /usr/local/lib/gcc/arm-elf-eabi/4.9.4/libgcc.a(_clzsi2.o)

.debug_abbrev   0x0000000000000000      0x319
 .debug_abbrev  0x0000000000000000       0x14 /usr/local/lib/gcc/arm-elf-eabi/4.9.4/libgcc.a(_udivsi3.o)
 .debug_abbrev  0x0000000000000014       0x14 /usr/local/lib/gcc/arm-elf-eabi/4.9.4/libgcc.a(_divsi3.o)
 .debug_abbrev  0x0000000000000028       0x14 /usr/local/lib/gcc/arm-elf-eabi/4.9.4/libgcc.a(_dvmd_tls.o)
 .debug_abbrev  0x000000000000003c       0x14 /usr/local/lib/gcc/arm-elf-eabi/4.9.4/libgcc.a(_aeabi_ldivmod.o)
 .debug_abbrev  0x0000000000000050       0xb7 /usr/local/lib/gcc/arm-elf-eabi/4.9.4/libgcc.a(bpabi.o)
 .debug_abbrev  0x0000000000000107      0x123 /usr/local/lib/gcc/arm-elf-eabi/4.9.4/libgcc.a(_divdi3.o)
 .debug_abbrev  0x000000000000022a       0xc7 /usr/local/lib/gcc/arm-elf-eabi/4.9.4/libgcc.a(_udivdi3.o)
 .debug_abbrev  0x00000000000002f1       0x14 /usr/local/lib/gcc/arm-elf-eabi/4.9.4/libgcc.a(_clzdi2.o)
 .debug_abbrev  0x0000000000000305       0x14 /usr/local/lib/gcc/arm-elf-eabi/4.9.4/libgcc.a(_clzsi2.o)

.debug_aranges  0x0000000000000000      0x120
 .debug_aranges
                0x0000000000000000       0x20 /usr/local/lib/gcc/arm-elf-eabi/4.9.4/libgcc.a(_udivsi3.o)
 .debug_aranges
                0x0000000000000020       0x20 /usr/local/lib/gcc/arm-elf-eabi/4.9.4/libgcc.a(_divsi3.o)
 .debug_aranges
                0x0000000000000040       0x20 /usr/local/lib/gcc/arm-elf-eabi/4.9.4/libgcc.a(_dvmd_tls.o)
 .debug_aranges
                0x0000000000000060       0x20 /usr/local/lib/gcc/arm-elf-eabi/4.9.4/libgcc.a(_aeabi_ldivmod.o)
 .debug_aranges
                0x0000000000000080       0x20 /usr/local/lib/gcc/arm-elf-eabi/4.9.4/libgcc.a(bpabi.o)
 .debug_aranges
                0x00000000000000a0       0x20 /usr/local/lib/gcc/arm-elf-eabi/4.9.4/libgcc.a(_divdi3.o)
 .debug_aranges
                0x00000000000000c0       0x20 /usr/local/lib/gcc/arm-elf-eabi/4.9.4/libgcc.a(_udivdi3.o)
 .debug_aranges
                0x00000000000000e0       0x20 /usr/local/lib/gcc/arm-elf-eabi/4.9.4/libgcc.a(_clzdi2.o)
 .debug_aranges
                0x0000000000000100       0x20 /usr/local/lib/gcc/arm-elf-eabi/4.9.4/libgcc.a(_clzsi2.o)

.debug_loc      0x0000000000000000      0x500
 .debug_loc     0x0000000000000000       0xa0 /usr/local/lib/gcc/arm-elf-eabi/4.9.4/libgcc.a(bpabi.o)
 .debug_loc     0x00000000000000a0      0x27d /usr/local/lib/gcc/arm-elf-eabi/4.9.4/libgcc.a(_divdi3.o)
 .debug_loc     0x000000000000031d      0x1e3 /usr/local/lib/gcc/arm-elf-eabi/4.9.4/libgcc.a(_udivdi3.o)

.debug_str      0x0000000000000000      0x287
 .debug_str     0x0000000000000000      0x152 /usr/local/lib/gcc/arm-elf-eabi/4.9.4/libgcc.a(bpabi.o)
 .debug_str     0x0000000000000152      0x135 /usr/local/lib/gcc/arm-elf-eabi/4.9.4/libgcc.a(_divdi3.o)
                                        0x1dd (size before relaxing)
 .debug_str     0x0000000000000287      0x1ba /usr/local/lib/gcc/arm-elf-eabi/4.9.4/libgcc.a(_udivdi3.o)

.debug_ranges   0x0000000000000000       0x18
 .debug_ranges  0x0000000000000000       0x18 /usr/local/lib/gcc/arm-elf-eabi/4.9.4/libgcc.a(_udivdi3.o)
