Archive member included to satisfy reference by file (symbol)

/home/jbrawley/Desktop/rockbox-photo-cf-support/build/lib/libtlsf.a(tlsf.o)
                              /home/jbrawley/Desktop/rockbox-photo-cf-support/build/apps/plugins/pdbox/pdbox.o (destroy_memory_pool)
/home/jbrawley/Desktop/rockbox-photo-cf-support/build/apps/plugins/libplugin.a(gcc-support.o)
                              /home/jbrawley/Desktop/rockbox-photo-cf-support/build/apps/plugins/pdbox/pdbox-net.o (memcpy)
/home/jbrawley/Desktop/rockbox-photo-cf-support/build/apps/plugins/libplugin.a(helper.o)
                              /home/jbrawley/Desktop/rockbox-photo-cf-support/build/apps/plugins/pdbox/pdbox.o (backlight_ignore_timeout)
/home/jbrawley/Desktop/rockbox-photo-cf-support/build/apps/plugins/libplugin.a(strncpy.o)
                              /home/jbrawley/Desktop/rockbox-photo-cf-support/build/apps/plugins/pdbox/pdbox-gui.o (strncpy)
/home/jbrawley/Desktop/rockbox-photo-cf-support/build/lib/libsetjmp.a(setjmp.o)
                              /home/jbrawley/Desktop/rockbox-photo-cf-support/build/apps/plugins/plugin_crt0.o (setjmp)
/usr/local/lib/gcc/arm-elf-eabi/4.9.4/libgcc.a(_divsi3.o)
                              /home/jbrawley/Desktop/rockbox-photo-cf-support/build/apps/plugins/pdbox/pdbox-func.o (__aeabi_idiv)
/usr/local/lib/gcc/arm-elf-eabi/4.9.4/libgcc.a(_dvmd_tls.o)
                              /usr/local/lib/gcc/arm-elf-eabi/4.9.4/libgcc.a(_divsi3.o) (__aeabi_idiv0)
/usr/local/lib/gcc/arm-elf-eabi/4.9.4/libgcc.a(_ashldi3.o)
                              /home/jbrawley/Desktop/rockbox-photo-cf-support/build/apps/plugins/pdbox/PDa/intern/tabosc4~.o (__aeabi_llsl)
/usr/local/lib/gcc/arm-elf-eabi/4.9.4/libgcc.a(_arm_addsubdf3.o)
                              /home/jbrawley/Desktop/rockbox-photo-cf-support/build/apps/plugins/pdbox/pdbox-func.o (__aeabi_dsub)
/usr/local/lib/gcc/arm-elf-eabi/4.9.4/libgcc.a(_arm_muldivdf3.o)
                              /home/jbrawley/Desktop/rockbox-photo-cf-support/build/apps/plugins/pdbox/pdbox.o (__aeabi_dmul)
/usr/local/lib/gcc/arm-elf-eabi/4.9.4/libgcc.a(_arm_cmpdf2.o)
                              /home/jbrawley/Desktop/rockbox-photo-cf-support/build/apps/plugins/pdbox/PDa/src/d_resample.o (__aeabi_dcmpeq)
/usr/local/lib/gcc/arm-elf-eabi/4.9.4/libgcc.a(_arm_fixdfsi.o)
                              /home/jbrawley/Desktop/rockbox-photo-cf-support/build/apps/plugins/pdbox/pdbox-func.o (__aeabi_d2iz)
/usr/local/lib/gcc/arm-elf-eabi/4.9.4/libgcc.a(_arm_truncdfsf2.o)
                              /home/jbrawley/Desktop/rockbox-photo-cf-support/build/apps/plugins/pdbox/pdbox-func.o (__aeabi_d2f)
/usr/local/lib/gcc/arm-elf-eabi/4.9.4/libgcc.a(_arm_addsubsf3.o)
                              /home/jbrawley/Desktop/rockbox-photo-cf-support/build/apps/plugins/pdbox/pdbox-func.o (__aeabi_fsub)
/usr/local/lib/gcc/arm-elf-eabi/4.9.4/libgcc.a(_arm_muldivsf3.o)
                              /home/jbrawley/Desktop/rockbox-photo-cf-support/build/apps/plugins/pdbox/pdbox-func.o (__aeabi_fmul)
/usr/local/lib/gcc/arm-elf-eabi/4.9.4/libgcc.a(_arm_cmpsf2.o)
                              /home/jbrawley/Desktop/rockbox-photo-cf-support/build/apps/plugins/pdbox/pdbox-func.o (__aeabi_fcmpeq)
/usr/local/lib/gcc/arm-elf-eabi/4.9.4/libgcc.a(_arm_fixsfsi.o)
                              /home/jbrawley/Desktop/rockbox-photo-cf-support/build/apps/plugins/pdbox/pdbox-func.o (__aeabi_f2iz)
/usr/local/lib/gcc/arm-elf-eabi/4.9.4/libgcc.a(_arm_fixunssfsi.o)
                              /home/jbrawley/Desktop/rockbox-photo-cf-support/build/apps/plugins/pdbox/PDa/src/d_soundfile.o (__aeabi_f2uiz)
/usr/local/lib/gcc/arm-elf-eabi/4.9.4/libgcc.a(_aeabi_ldivmod.o)
                              /home/jbrawley/Desktop/rockbox-photo-cf-support/build/apps/plugins/pdbox/PDa/src/d_arithmetic.o (__aeabi_ldivmod)
/usr/local/lib/gcc/arm-elf-eabi/4.9.4/libgcc.a(_aeabi_uldivmod.o)
                              /home/jbrawley/Desktop/rockbox-photo-cf-support/build/apps/plugins/pdbox/PDa/src/x_misc.o (__aeabi_uldivmod)
/usr/local/lib/gcc/arm-elf-eabi/4.9.4/libgcc.a(_fixsfdi.o)
                              /home/jbrawley/Desktop/rockbox-photo-cf-support/build/apps/plugins/pdbox/PDa/src/x_qlist.o (__aeabi_f2lz)
/usr/local/lib/gcc/arm-elf-eabi/4.9.4/libgcc.a(_fixdfdi.o)
                              /home/jbrawley/Desktop/rockbox-photo-cf-support/build/apps/plugins/pdbox/pdbox.o (__aeabi_d2lz)
/usr/local/lib/gcc/arm-elf-eabi/4.9.4/libgcc.a(_fixunssfdi.o)
                              /usr/local/lib/gcc/arm-elf-eabi/4.9.4/libgcc.a(_fixsfdi.o) (__aeabi_f2ulz)
/usr/local/lib/gcc/arm-elf-eabi/4.9.4/libgcc.a(_fixunsdfdi.o)
                              /usr/local/lib/gcc/arm-elf-eabi/4.9.4/libgcc.a(_fixdfdi.o) (__aeabi_d2ulz)
/usr/local/lib/gcc/arm-elf-eabi/4.9.4/libgcc.a(bpabi.o)
                              /usr/local/lib/gcc/arm-elf-eabi/4.9.4/libgcc.a(_aeabi_ldivmod.o) (__gnu_ldivmod_helper)
[...]
Memory Configuration

Name             Origin             Length             Attributes
PLUGIN_RAM       0x0000000001f80000 0x0000000000080000
PLUGIN_IRAM      0x000000004000c000 0x000000000000c000
*default*        0x0000000000000000 0xffffffffffffffff

Linker script and memory map

LOAD /home/jbrawley/Desktop/rockbox-photo-cf-support/build/apps/plugins/pdbox/pdbox.o
LOAD /home/jbrawley/Desktop/rockbox-photo-cf-support/build/apps/plugins/pdbox/pdbox-net.o
LOAD /home/jbrawley/Desktop/rockbox-photo-cf-support/build/apps/plugins/pdbox/pdbox-func.o
LOAD /home/jbrawley/Desktop/rockbox-photo-cf-support/build/apps/plugins/pdbox/pdbox-gui.o
LOAD /home/jbrawley/Desktop/rockbox-photo-cf-support/build/apps/plugins/pdbox/PDa/src/s_audio_rockbox.o
LOAD /home/jbrawley/Desktop/rockbox-photo-cf-support/build/apps/plugins/pdbox/PDa/src/d_arithmetic.o
LOAD /home/jbrawley/Desktop/rockbox-photo-cf-support/build/apps/plugins/pdbox/PDa/src/d_ctl.o
LOAD /home/jbrawley/Desktop/rockbox-photo-cf-support/build/apps/plugins/pdbox/PDa/src/d_dac.o
LOAD /home/jbrawley/Desktop/rockbox-photo-cf-support/build/apps/plugins/pdbox/PDa/src/d_fft.o
LOAD /home/jbrawley/Desktop/rockbox-photo-cf-support/build/apps/plugins/pdbox/PDa/src/d_fftroutine.o
LOAD /home/jbrawley/Desktop/rockbox-photo-cf-support/build/apps/plugins/pdbox/PDa/src/d_global.o
LOAD /home/jbrawley/Desktop/rockbox-photo-cf-support/build/apps/plugins/pdbox/PDa/src/d_imayer_fft.o
LOAD /home/jbrawley/Desktop/rockbox-photo-cf-support/build/apps/plugins/pdbox/PDa/src/d_mayer_fft.o
LOAD /home/jbrawley/Desktop/rockbox-photo-cf-support/build/apps/plugins/pdbox/PDa/src/d_misc.o
LOAD /home/jbrawley/Desktop/rockbox-photo-cf-support/build/apps/plugins/pdbox/PDa/src/d_resample.o
LOAD /home/jbrawley/Desktop/rockbox-photo-cf-support/build/apps/plugins/pdbox/PDa/src/d_soundfile.o
LOAD /home/jbrawley/Desktop/rockbox-photo-cf-support/build/apps/plugins/pdbox/PDa/src/d_ugen.o
LOAD /home/jbrawley/Desktop/rockbox-photo-cf-support/build/apps/plugins/pdbox/PDa/src/g_all_guis.o
LOAD /home/jbrawley/Desktop/rockbox-photo-cf-support/build/apps/plugins/pdbox/PDa/src/g_array.o
LOAD /home/jbrawley/Desktop/rockbox-photo-cf-support/build/apps/plugins/pdbox/PDa/src/g_bang.o
LOAD /home/jbrawley/Desktop/rockbox-photo-cf-support/build/apps/plugins/pdbox/PDa/src/g_canvas.o
LOAD /home/jbrawley/Desktop/rockbox-photo-cf-support/build/apps/plugins/pdbox/PDa/src/g_editor.o
LOAD /home/jbrawley/Desktop/rockbox-photo-cf-support/build/apps/plugins/pdbox/PDa/src/g_graph.o
LOAD /home/jbrawley/Desktop/rockbox-photo-cf-support/build/apps/plugins/pdbox/PDa/src/g_guiconnect.o
LOAD /home/jbrawley/Desktop/rockbox-photo-cf-support/build/apps/plugins/pdbox/PDa/src/g_hdial.o
LOAD /home/jbrawley/Desktop/rockbox-photo-cf-support/build/apps/plugins/pdbox/PDa/src/g_hslider.o
LOAD /home/jbrawley/Desktop/rockbox-photo-cf-support/build/apps/plugins/pdbox/PDa/src/g_io.o
LOAD /home/jbrawley/Desktop/rockbox-photo-cf-support/build/apps/plugins/pdbox/PDa/src/g_mycanvas.o
LOAD /home/jbrawley/Desktop/rockbox-photo-cf-support/build/apps/plugins/pdbox/PDa/src/g_numbox.o
LOAD /home/jbrawley/Desktop/rockbox-photo-cf-support/build/apps/plugins/pdbox/PDa/src/g_readwrite.o
LOAD /home/jbrawley/Desktop/rockbox-photo-cf-support/build/apps/plugins/pdbox/PDa/src/g_rtext.o
LOAD /home/jbrawley/Desktop/rockbox-photo-cf-support/build/apps/plugins/pdbox/PDa/src/g_scalar.o
LOAD /home/jbrawley/Desktop/rockbox-photo-cf-support/build/apps/plugins/pdbox/PDa/src/g_template.o
LOAD /home/jbrawley/Desktop/rockbox-photo-cf-support/build/apps/plugins/pdbox/PDa/src/g_text.o
LOAD /home/jbrawley/Desktop/rockbox-photo-cf-support/build/apps/plugins/pdbox/PDa/src/g_toggle.o
LOAD /home/jbrawley/Desktop/rockbox-photo-cf-support/build/apps/plugins/pdbox/PDa/src/g_traversal.o
LOAD /home/jbrawley/Desktop/rockbox-photo-cf-support/build/apps/plugins/pdbox/PDa/src/g_vdial.o
LOAD /home/jbrawley/Desktop/rockbox-photo-cf-support/build/apps/plugins/pdbox/PDa/src/g_vslider.o
LOAD /home/jbrawley/Desktop/rockbox-photo-cf-support/build/apps/plugins/pdbox/PDa/src/g_vumeter.o
LOAD /home/jbrawley/Desktop/rockbox-photo-cf-support/build/apps/plugins/pdbox/PDa/src/m_atom.o
LOAD /home/jbrawley/Desktop/rockbox-photo-cf-support/build/apps/plugins/pdbox/PDa/src/m_binbuf.o
LOAD /home/jbrawley/Desktop/rockbox-photo-cf-support/build/apps/plugins/pdbox/PDa/src/m_class.o
LOAD /home/jbrawley/Desktop/rockbox-photo-cf-support/build/apps/plugins/pdbox/PDa/src/m_conf.o
LOAD /home/jbrawley/Desktop/rockbox-photo-cf-support/build/apps/plugins/pdbox/PDa/src/m_fixed.o
LOAD /home/jbrawley/Desktop/rockbox-photo-cf-support/build/apps/plugins/pdbox/PDa/src/m_glob.o
LOAD /home/jbrawley/Desktop/rockbox-photo-cf-support/build/apps/plugins/pdbox/PDa/src/m_memory.o
LOAD /home/jbrawley/Desktop/rockbox-photo-cf-support/build/apps/plugins/pdbox/PDa/src/m_obj.o
LOAD /home/jbrawley/Desktop/rockbox-photo-cf-support/build/apps/plugins/pdbox/PDa/src/m_pd.o
LOAD /home/jbrawley/Desktop/rockbox-photo-cf-support/build/apps/plugins/pdbox/PDa/src/m_sched.o
LOAD /home/jbrawley/Desktop/rockbox-photo-cf-support/build/apps/plugins/pdbox/PDa/src/s_audio.o
LOAD /home/jbrawley/Desktop/rockbox-photo-cf-support/build/apps/plugins/pdbox/PDa/src/s_file.o
LOAD /home/jbrawley/Desktop/rockbox-photo-cf-support/build/apps/plugins/pdbox/PDa/src/s_loader.o
LOAD /home/jbrawley/Desktop/rockbox-photo-cf-support/build/apps/plugins/pdbox/PDa/src/s_path.o
LOAD /home/jbrawley/Desktop/rockbox-photo-cf-support/build/apps/plugins/pdbox/PDa/src/s_print.o
LOAD /home/jbrawley/Desktop/rockbox-photo-cf-support/build/apps/plugins/pdbox/PDa/src/x_acoustics.o
LOAD /home/jbrawley/Desktop/rockbox-photo-cf-support/build/apps/plugins/pdbox/PDa/src/x_arithmetic.o
LOAD /home/jbrawley/Desktop/rockbox-photo-cf-support/build/apps/plugins/pdbox/PDa/src/x_connective.o
LOAD /home/jbrawley/Desktop/rockbox-photo-cf-support/build/apps/plugins/pdbox/PDa/src/x_interface.o
LOAD /home/jbrawley/Desktop/rockbox-photo-cf-support/build/apps/plugins/pdbox/PDa/src/x_misc.o
LOAD /home/jbrawley/Desktop/rockbox-photo-cf-support/build/apps/plugins/pdbox/PDa/src/x_net.o
LOAD /home/jbrawley/Desktop/rockbox-photo-cf-support/build/apps/plugins/pdbox/PDa/src/x_qlist.o
LOAD /home/jbrawley/Desktop/rockbox-photo-cf-support/build/apps/plugins/pdbox/PDa/src/x_time.o
LOAD /home/jbrawley/Desktop/rockbox-photo-cf-support/build/apps/plugins/pdbox/PDa/intern/biquad~.o
LOAD /home/jbrawley/Desktop/rockbox-photo-cf-support/build/apps/plugins/pdbox/PDa/intern/bp~.o
LOAD /home/jbrawley/Desktop/rockbox-photo-cf-support/build/apps/plugins/pdbox/PDa/intern/clip~.o
LOAD /home/jbrawley/Desktop/rockbox-photo-cf-support/build/apps/plugins/pdbox/PDa/intern/cos~.o
LOAD /home/jbrawley/Desktop/rockbox-photo-cf-support/build/apps/plugins/pdbox/PDa/intern/cos_table.o
LOAD /home/jbrawley/Desktop/rockbox-photo-cf-support/build/apps/plugins/pdbox/PDa/intern/dbtopow~.o
LOAD /home/jbrawley/Desktop/rockbox-photo-cf-support/build/apps/plugins/pdbox/PDa/intern/dbtorms~.o
LOAD /home/jbrawley/Desktop/rockbox-photo-cf-support/build/apps/plugins/pdbox/PDa/intern/delread~.o
LOAD /home/jbrawley/Desktop/rockbox-photo-cf-support/build/apps/plugins/pdbox/PDa/intern/delwrite~.o
LOAD /home/jbrawley/Desktop/rockbox-photo-cf-support/build/apps/plugins/pdbox/PDa/intern/env~.o
LOAD /home/jbrawley/Desktop/rockbox-photo-cf-support/build/apps/plugins/pdbox/PDa/intern/ftom~.o
LOAD /home/jbrawley/Desktop/rockbox-photo-cf-support/build/apps/plugins/pdbox/PDa/intern/hip~.o
LOAD /home/jbrawley/Desktop/rockbox-photo-cf-support/build/apps/plugins/pdbox/PDa/intern/intern_setup.o
LOAD /home/jbrawley/Desktop/rockbox-photo-cf-support/build/apps/plugins/pdbox/PDa/intern/line~.o
LOAD /home/jbrawley/Desktop/rockbox-photo-cf-support/build/apps/plugins/pdbox/PDa/intern/lop~.o
LOAD /home/jbrawley/Desktop/rockbox-photo-cf-support/build/apps/plugins/pdbox/PDa/intern/mtof~.o
LOAD /home/jbrawley/Desktop/rockbox-photo-cf-support/build/apps/plugins/pdbox/PDa/intern/noise~.o
LOAD /home/jbrawley/Desktop/rockbox-photo-cf-support/build/apps/plugins/pdbox/PDa/intern/osc~.o
LOAD /home/jbrawley/Desktop/rockbox-photo-cf-support/build/apps/plugins/pdbox/PDa/intern/phasor~.o
LOAD /home/jbrawley/Desktop/rockbox-photo-cf-support/build/apps/plugins/pdbox/PDa/intern/powtodb~.o
LOAD /home/jbrawley/Desktop/rockbox-photo-cf-support/build/apps/plugins/pdbox/PDa/intern/print~.o
LOAD /home/jbrawley/Desktop/rockbox-photo-cf-support/build/apps/plugins/pdbox/PDa/intern/rmstodb~.o
LOAD /home/jbrawley/Desktop/rockbox-photo-cf-support/build/apps/plugins/pdbox/PDa/intern/rsqrt~.o
LOAD /home/jbrawley/Desktop/rockbox-photo-cf-support/build/apps/plugins/pdbox/PDa/intern/samphold~.o
LOAD /home/jbrawley/Desktop/rockbox-photo-cf-support/build/apps/plugins/pdbox/PDa/intern/sfread~.o
LOAD /home/jbrawley/Desktop/rockbox-photo-cf-support/build/apps/plugins/pdbox/PDa/intern/sfwrite~.o
LOAD /home/jbrawley/Desktop/rockbox-photo-cf-support/build/apps/plugins/pdbox/PDa/intern/snapshot~.o
LOAD /home/jbrawley/Desktop/rockbox-photo-cf-support/build/apps/plugins/pdbox/PDa/intern/sqrt~.o
LOAD /home/jbrawley/Desktop/rockbox-photo-cf-support/build/apps/plugins/pdbox/PDa/intern/tabosc4~.o
LOAD /home/jbrawley/Desktop/rockbox-photo-cf-support/build/apps/plugins/pdbox/PDa/intern/tabplay~.o
LOAD /home/jbrawley/Desktop/rockbox-photo-cf-support/build/apps/plugins/pdbox/PDa/intern/tabread.o
LOAD /home/jbrawley/Desktop/rockbox-photo-cf-support/build/apps/plugins/pdbox/PDa/intern/tabread4~.o
LOAD /home/jbrawley/Desktop/rockbox-photo-cf-support/build/apps/plugins/pdbox/PDa/intern/tabread~.o
LOAD /home/jbrawley/Desktop/rockbox-photo-cf-support/build/apps/plugins/pdbox/PDa/intern/tabreceive~.o
LOAD /home/jbrawley/Desktop/rockbox-photo-cf-support/build/apps/plugins/pdbox/PDa/intern/tabsend~.o
LOAD /home/jbrawley/Desktop/rockbox-photo-cf-support/build/apps/plugins/pdbox/PDa/intern/tabwrite.o
LOAD /home/jbrawley/Desktop/rockbox-photo-cf-support/build/apps/plugins/pdbox/PDa/intern/tabwrite~.o
LOAD /home/jbrawley/Desktop/rockbox-photo-cf-support/build/apps/plugins/pdbox/PDa/intern/threshold~.o
LOAD /home/jbrawley/Desktop/rockbox-photo-cf-support/build/apps/plugins/pdbox/PDa/intern/vcf~.o
LOAD /home/jbrawley/Desktop/rockbox-photo-cf-support/build/apps/plugins/pdbox/PDa/intern/vd~.o
LOAD /home/jbrawley/Desktop/rockbox-photo-cf-support/build/apps/plugins/pdbox/PDa/intern/vline~.o
LOAD /home/jbrawley/Desktop/rockbox-photo-cf-support/build/apps/plugins/pdbox/PDa/intern/vsnapshot~.o
LOAD /home/jbrawley/Desktop/rockbox-photo-cf-support/build/apps/plugins/pdbox/PDa/intern/wrap~.o
LOAD /home/jbrawley/Desktop/rockbox-photo-cf-support/build/apps/plugins/pdbox/PDa/extra/bandpass.o
LOAD /home/jbrawley/Desktop/rockbox-photo-cf-support/build/apps/plugins/pdbox/PDa/extra/equalizer.o
LOAD /home/jbrawley/Desktop/rockbox-photo-cf-support/build/apps/plugins/pdbox/PDa/extra/gcanvas.o
LOAD /home/jbrawley/Desktop/rockbox-photo-cf-support/build/apps/plugins/pdbox/PDa/extra/highpass.o
LOAD /home/jbrawley/Desktop/rockbox-photo-cf-support/build/apps/plugins/pdbox/PDa/extra/highshelf.o
LOAD /home/jbrawley/Desktop/rockbox-photo-cf-support/build/apps/plugins/pdbox/PDa/extra/hlshelf.o
LOAD /home/jbrawley/Desktop/rockbox-photo-cf-support/build/apps/plugins/pdbox/PDa/extra/image.o
LOAD /home/jbrawley/Desktop/rockbox-photo-cf-support/build/apps/plugins/pdbox/PDa/extra/lowpass.o
LOAD /home/jbrawley/Desktop/rockbox-photo-cf-support/build/apps/plugins/pdbox/PDa/extra/lowshelf.o
LOAD /home/jbrawley/Desktop/rockbox-photo-cf-support/build/apps/plugins/pdbox/PDa/extra/moog~.o
LOAD /home/jbrawley/Desktop/rockbox-photo-cf-support/build/apps/plugins/pdbox/PDa/extra/notch.o
LOAD /home/jbrawley/Desktop/rockbox-photo-cf-support/build/apps/plugins/pdbox/PDa/extra/zerox~.o
LOAD /home/jbrawley/Desktop/rockbox-photo-cf-support/build/apps/plugins/plugin_crt0.o
LOAD /home/jbrawley/Desktop/rockbox-photo-cf-support/build/lib/libtlsf.a
LOAD /home/jbrawley/Desktop/rockbox-photo-cf-support/build/apps/plugins/libplugin.a
LOAD /home/jbrawley/Desktop/rockbox-photo-cf-support/build/apps/plugins/bitmaps/libpluginbitmaps.a
LOAD /home/jbrawley/Desktop/rockbox-photo-cf-support/build/lib/libsetjmp.a
LOAD /home/jbrawley/Desktop/rockbox-photo-cf-support/build/lib/libfixedpoint.a
LOAD /usr/local/lib/gcc/arm-elf-eabi/4.9.4/libgcc.a

.header         0x0000000001f80000       0x1c
                0x0000000001f80000                _plugin_start_addr = .
                0x0000000001f80000                plugin_start_addr = .
 *(.header)
 .header        0x0000000001f80000       0x1c /home/jbrawley/Desktop/rockbox-photo-cf-support/build/apps/plugins/plugin_crt0.o
                0x0000000001f80000                __header

.text           0x0000000001f80020    0x47de8
 *(.text*)
 .text          0x0000000001f80020      0x4cc /home/jbrawley/Desktop/rockbox-photo-cf-support/build/apps/plugins/pdbox/pdbox.o
                0x0000000001f80020                gui_thread
                0x0000000001f8010c                core_thread
                0x0000000001f801f8                plugin_start
 .text          0x0000000001f804ec      0x1ec /home/jbrawley/Desktop/rockbox-photo-cf-support/build/apps/plugins/pdbox/pdbox-net.o
                0x0000000001f804ec                net_init
                0x0000000001f8055c                send_datagram
                0x0000000001f805f4                receive_datagram
                0x0000000001f8069c                net_destroy
 .text          0x0000000001f806d8     0x1bc0 /home/jbrawley/Desktop/rockbox-photo-cf-support/build/apps/plugins/pdbox/pdbox-func.o
                0x0000000001f806d8                rb_strncat
                0x0000000001f807b8                rb_floor
                0x0000000001f807f4                rb_strtod
                0x0000000001f80a94                rb_atof
                0x0000000001f80a9c                rb_ftoan
                0x0000000001f80d34                rb_atol
                0x0000000001f80dc8                rb_sin
                0x0000000001f80f88                rb_cos
                0x0000000001f80fb0                rb_fscanf_f
                0x0000000001f81024                rb_fprintf_f
                0x0000000001f8109c                rb_log
                0x0000000001f8146c                rb_log10
                0x0000000001f81574                rb_sqrt
                0x0000000001f81664                rb_fabs
                0x0000000001f81688                rb_atan
                0x0000000001f819ac                rb_atan2
                0x0000000001f81b64                rb_tan
                0x0000000001f81b90                __fpclassifyf
                0x0000000001f81bdc                __isinff
                0x0000000001f81bf4                rb_exp
                0x0000000001f81e3c                rb_pow
                0x0000000001f81f2c                rb_sinh
                0x0000000001f81f60                div
                0x0000000001f81fb4                sys_listmididevs
                0x0000000001f81fb8                sys_microsleep
                0x0000000001f81fbc                sys_getrealtime
                0x0000000001f81fcc                glob_ping
                0x0000000001f81fd0                glob_quit
                0x0000000001f81ff8                openit
                0x0000000001f820c0                rb_getcwd
                0x0000000001f8213c                glob_initfromgui
                0x0000000001f82190                sys_startgui
                0x0000000001f8225c                sys_getblksize
                0x0000000001f82264                sys_findlibdir
 .text          0x0000000001f82298     0x1df0 /home/jbrawley/Desktop/rockbox-photo-cf-support/build/apps/plugins/pdbox/pdbox-gui.o
                0x0000000001f82298                drawcircle
                0x0000000001f82458                fillcircle
                0x0000000001f825d4                pd_gui_init
                0x0000000001f826a8                pd_gui_load_patch
                0x0000000001f8340c                pd_gui_draw_standard
                0x0000000001f834f8                pd_gui_draw_custom
                0x0000000001f83a44                pd_gui_draw
                0x0000000001f83a74                pd_gui_parse_buttons
                0x0000000001f83edc                pd_gui_apply_timeouts
                0x0000000001f83f38                pd_gui_parse_message
 .text          0x0000000001f84088      0x100 /home/jbrawley/Desktop/rockbox-photo-cf-support/build/apps/plugins/pdbox/PDa/src/s_audio_rockbox.o
                0x0000000001f84088                rockbox_open_audio
                0x0000000001f84134                rockbox_close_audio
 .text          0x0000000001f84188     0x1f00 /home/jbrawley/Desktop/rockbox-photo-cf-support/build/apps/plugins/pdbox/PDa/src/d_arithmetic.o
                0x0000000001f84188                plus_perform
                0x0000000001f841c8                plus_perf8
                0x0000000001f842b8                scalarplus_perform
                0x0000000001f84324                scalarplus_perf8
                0x0000000001f843f0                minus_perform
                0x0000000001f84430                minus_perf8
                0x0000000001f84520                scalarminus_perform
                0x0000000001f8458c                scalarminus_perf8
                0x0000000001f84658                times_perform
                0x0000000001f846a4                times_perf8
                0x0000000001f84808                scalartimes_perform
                0x0000000001f84888                scalartimes_perf8
                0x0000000001f849bc                over_perform
                0x0000000001f84a2c                over_perf8
                0x0000000001f84c8c                scalarover_perform
                0x0000000001f84d20                scalarover_perf8
                0x0000000001f84e74                max_perform
                0x0000000001f84eb4                max_perf8
                0x0000000001f84fc4                scalarmax_perform
                0x0000000001f85038                scalarmax_perf8
                0x0000000001f85124                min_perform
                0x0000000001f85164                min_perf8
                0x0000000001f85274                scalarmin_perform
                0x0000000001f852e8                scalarmin_perf8
                0x0000000001f85ad0                dsp_add_plus
                0x0000000001f85b2c                d_arithmetic_setup
 .text          0x0000000001f86088      0x1b0 /home/jbrawley/Desktop/rockbox-photo-cf-support/build/apps/plugins/pdbox/PDa/src/d_ctl.o
                0x0000000001f86178                dsp_add_scalarcopy
                0x0000000001f861b4                sig_tilde_setup
 .text          0x0000000001f86238      0x4e0 /home/jbrawley/Desktop/rockbox-photo-cf-support/build/apps/plugins/pdbox/PDa/src/d_dac.o
                0x0000000001f86238                copy_perform
                0x0000000001f86268                copy_perf8
                0x0000000001f86528                dsp_add_copy
                0x0000000001f865fc                d_dac_setup
 .text          0x0000000001f86718      0x768 /home/jbrawley/Desktop/rockbox-photo-cf-support/build/apps/plugins/pdbox/PDa/src/d_fft.o
                0x0000000001f86cb0                d_fft_setup
 .text          0x0000000001f86e80      0x7f8 /home/jbrawley/Desktop/rockbox-photo-cf-support/build/apps/plugins/pdbox/PDa/src/d_global.o
                0x0000000001f873ec                d_global_setup
 .text          0x0000000001f87678      0x80c /home/jbrawley/Desktop/rockbox-photo-cf-support/build/apps/plugins/pdbox/PDa/src/d_imayer_fft.o
                0x0000000001f87c8c                imayer_fft
                0x0000000001f87d28                imayer_ifft
                0x0000000001f87dcc                imayer_realfft
                0x0000000001f87e30                imayer_realifft
 .text          0x0000000001f87e84      0x640 /home/jbrawley/Desktop/rockbox-photo-cf-support/build/apps/plugins/pdbox/PDa/src/d_misc.o
                0x0000000001f882e0                print_setup
                0x0000000001f8837c                d_misc_setup
 .text          0x0000000001f884c4      0x55c /home/jbrawley/Desktop/rockbox-photo-cf-support/build/apps/plugins/pdbox/PDa/src/d_resample.o
                0x0000000001f884c4                downsampling_perform_0
                0x0000000001f88510                upsampling_perform_0
                0x0000000001f88568                upsampling_perform_hold
                0x0000000001f885bc                upsampling_perform_linear
                0x0000000001f88710                resample_init
                0x0000000001f88740                resample_free
                0x0000000001f887a8                resample_dsp
                0x0000000001f88900                resamplefrom_dsp
                0x0000000001f88990                resampleto_dsp
 .text          0x0000000001f88a20     0x253c /home/jbrawley/Desktop/rockbox-photo-cf-support/build/apps/plugins/pdbox/PDa/src/d_soundfile.o
                0x0000000001f88a98                open_soundfile
                0x0000000001f89a20                soundfiler_dowrite
                0x0000000001f8aebc                d_soundfile_setup
 .text          0x0000000001f8af5c     0x165c /home/jbrawley/Desktop/rockbox-photo-cf-support/build/apps/plugins/pdbox/PDa/src/d_ugen.o
                0x0000000001f8af5c                zero_perform
                0x0000000001f8af78                zero_perf8
                0x0000000001f8b0d0                dsp_add
                0x0000000001f8b164                dsp_add_zero
                0x0000000001f8b188                dsp_addv
                0x0000000001f8b208                dsp_tick
                0x0000000001f8b24c                ilog2
                0x0000000001f8b470                signal_cleanup
                0x0000000001f8b4e4                signal_makereusable
                0x0000000001f8b5cc                signal_new
                0x0000000001f8b698                signal_setborrowed
                0x0000000001f8b6f4                signal_compatible
                0x0000000001f8bb20                ugen_stop
                0x0000000001f8bb54                ugen_start
                0x0000000001f8bba8                ugen_getsortno
                0x0000000001f8bbb8                ugen_start_graph
                0x0000000001f8bc08                ugen_add
                0x0000000001f8bcac                ugen_connect
                0x0000000001f8bdf4                ugen_done_graph
                0x0000000001f8c470                ugen_getiosig
                0x0000000001f8c4cc                d_ugen_setup
 .text          0x0000000001f8c5b8     0x1028 /home/jbrawley/Desktop/rockbox-photo-cf-support/build/apps/plugins/pdbox/PDa/src/g_all_guis.o
                0x0000000001f8c634                iemgui_clip_size
                0x0000000001f8c640                iemgui_clip_font
                0x0000000001f8c64c                iemgui_modulo_color
                0x0000000001f8c668                iemgui_raute2dollar
                0x0000000001f8c6b0                iemgui_dollar2raute
                0x0000000001f8c6f8                iemgui_verify_snd_ne_rcv
                0x0000000001f8c75c                iemgui_new_dogetname
                0x0000000001f8c7dc                iemgui_new_getnames
                0x0000000001f8c860                iemgui_all_dollararg2sym
                0x0000000001f8c8bc                iemgui_all_sym2dollararg
                0x0000000001f8c930                iemgui_first_dollararg2sym
                0x0000000001f8c934                iemgui_all_col2save
                0x0000000001f8c9a4                iemgui_all_colfromload
                0x0000000001f8ca98                iemgui_compatible_col
                0x0000000001f8cac4                iemgui_all_dollar2raute
                0x0000000001f8caf8                iemgui_all_raute2dollar
                0x0000000001f8cb2c                iemgui_send
                0x0000000001f8cbf0                iemgui_receive
                0x0000000001f8cd00                iemgui_label
                0x0000000001f8cd2c                iemgui_label_pos
                0x0000000001f8cd68                iemgui_label_font
                0x0000000001f8ce18                iemgui_size
                0x0000000001f8ce64                iemgui_delta
                0x0000000001f8ceec                iemgui_pos
                0x0000000001f8cf64                iemgui_color
                0x0000000001f8cff8                iemgui_displace
                0x0000000001f8d044                iemgui_select
                0x0000000001f8d064                iemgui_delete
                0x0000000001f8d080                iemgui_vis
                0x0000000001f8d094                iemgui_save
                0x0000000001f8d0cc                iemgui_properties
                0x0000000001f8d0fc                iemgui_dialog
                0x0000000001f8d4fc                iem_inttosymargs
                0x0000000001f8d55c                iem_symargstoint
                0x0000000001f8d578                iem_inttofstyle
                0x0000000001f8d5d4                iem_fstyletoint
 .text          0x0000000001f8d5e0     0x2f0c /home/jbrawley/Desktop/rockbox-photo-cf-support/build/apps/plugins/pdbox/PDa/src/g_array.o
                0x0000000001f8ddf8                array_new
                0x0000000001f8de74                array_resize
                0x0000000001f8def4                array_free
                0x0000000001f8df58                graph_array
                0x0000000001f8e1ac                canvas_menuarray
                0x0000000001f8e1b0                garray_properties
                0x0000000001f8e1b4                glist_arraydialog
                0x0000000001f8e2a4                array_getcoordinate
                0x0000000001f8e598                array_doclick
                0x0000000001f8ed8c                garray_usedindsp
                0x0000000001f8ed98                garray_redraw
                0x0000000001f8edc4                garray_resize
                0x0000000001f8ef58                garray_template
                0x0000000001f8fca8                garray_npoints
                0x0000000001f8fcb0                garray_vec
                0x0000000001f8fcb8                garray_getfloatarray
                0x0000000001f8ff84                garray_get
                0x0000000001f90030                garray_setsaveit
                0x0000000001f90074                garray_arraydialog
                0x0000000001f90148                garray_ambigendian
                0x0000000001f90150                g_array_setup
 .text          0x0000000001f904ec      0xed4 /home/jbrawley/Desktop/rockbox-photo-cf-support/build/apps/plugins/pdbox/PDa/src/g_bang.o
                0x0000000001f904ec                bng_draw
                0x0000000001f90a98                bng_draw_update
                0x0000000001f90a9c                bng_draw_new
                0x0000000001f90aa0                bng_draw_move
                0x0000000001f90aa4                bng_draw_erase
                0x0000000001f90aa8                bng_draw_config
                0x0000000001f90aac                bng_draw_io
                0x0000000001f90ab0                bng_draw_select
                0x0000000001f90ab4                bng_check_minmax
                0x0000000001f91000                g_bang_setup
 .text          0x0000000001f913c0     0x28a0 /home/jbrawley/Desktop/rockbox-photo-cf-support/build/apps/plugins/pdbox/PDa/src/g_canvas.o
                0x0000000001f9156c                canvas_updatewindowlist
                0x0000000001f915f0                canvas_setargs
                0x0000000001f91634                glob_setfilename
                0x0000000001f91644                canvas_getcurrent
                0x0000000001f91668                canvas_setcurrent
                0x0000000001f91678                canvas_unsetcurrent
                0x0000000001f91688                canvas_getenv
                0x0000000001f917c8                canvas_getdollarzero
                0x0000000001f917f8                canvas_getargs
                0x0000000001f91824                canvas_realizedollar
                0x0000000001f9188c                canvas_getcurrentdir
                0x0000000001f918a4                canvas_getdir
                0x0000000001f918b8                canvas_makefilename
                0x0000000001f91998                canvas_getindex
                0x0000000001f919b8                linetraverser_start
                0x0000000001f919d0                linetraverser_skipobject
                0x0000000001f919e4                glist_init
                0x0000000001f91a58                glist_isgraph
                0x0000000001f91a64                canvas_makebindsym
                0x0000000001f91ac0                canvas_create_editor
                0x0000000001f91c44                glist_isvisible
                0x0000000001f91c70                canvas_rename
                0x0000000001f91d7c                linetraverser_next
                0x0000000001f920e0                glist_addglist
                0x0000000001f92408                glist_glist
                0x0000000001f9250c                canvas_map
                0x0000000001f925fc                canvas_vis
                0x0000000001f92790                canvas_restore
                0x0000000001f92900                canvas_redraw
                0x0000000001f92938                canvas_new
                0x0000000001f92e90                glist_menu_open
                0x0000000001f92f20                glist_istoplevel
                0x0000000001f92f3c                glist_getfont
                0x0000000001f92f50                canvas_fixlinesfor
                0x0000000001f92f88                canvas_deletelinesfor
                0x0000000001f92ff0                canvas_deletelinesforio
                0x0000000001f93078                canvas_loadbangsubpatches
                0x0000000001f93120                canvas_loadbang
                0x0000000001f931a4                canvas_popabstraction
                0x0000000001f931e0                canvas_logerror
                0x0000000001f931e4                canvas_fattensub
                0x0000000001f93204                canvas_isabstraction
                0x0000000001f93214                canvas_istable
                0x0000000001f9327c                canvas_showtext
                0x0000000001f932e8                canvas_getrootfor
                0x0000000001f93308                canvas_dirty
                0x0000000001f93348                canvas_suspend_dsp
                0x0000000001f93378                canvas_resume_dsp
                0x0000000001f93384                canvas_free
                0x0000000001f934b8                canvas_update_dsp
                0x0000000001f934d0                glob_dsp
                0x0000000001f93548                glist_redrawitem
                0x0000000001f935fc                canvas_redrawallfortemplate
                0x0000000001f9362c                g_canvas_setup
 .text          0x0000000001f93c60     0x4548 /home/jbrawley/Desktop/rockbox-photo-cf-support/build/apps/plugins/pdbox/PDa/src/g_editor.o
                0x0000000001f93c60                canvas_print
                0x0000000001f93d48                canvas_disconnect
                0x0000000001f93e48                canvas_connect
                0x0000000001f93fb4                canvas_menuclose
                0x0000000001f940e4                gobj_getrect
                0x0000000001f94110                gobj_displace
                0x0000000001f94234                gobj_select
                0x0000000001f94254                gobj_activate
                0x0000000001f94274                gobj_delete
                0x0000000001f94294                gobj_vis
                0x0000000001f942b4                gobj_click
                0x0000000001f942e4                glist_deselectline
                0x0000000001f942fc                glist_isselected
                0x0000000001f94334                glist_select
                0x0000000001f943b4                glist_getindex
                0x0000000001f943d4                glist_selectionindex
                0x0000000001f9486c                canvas_setundo
                0x0000000001f951b4                canvas_noundo
                0x0000000001f951e8                canvas_setcursor
                0x0000000001f95234                canvas_hitbox
                0x0000000001f95590                canvas_setgraph
                0x0000000001f95858                canvas_isconnected
                0x0000000001f958d0                canvas_doconnect
                0x0000000001f95b10                canvas_selectinrect
                0x0000000001f95bbc                canvas_mouseup
                0x0000000001f95d60                canvas_stowconnections
                0x0000000001f95ed4                glist_deselect
                0x0000000001f96070                glist_noselect
                0x0000000001f960c0                glist_selectline
                0x0000000001f9612c                glist_selectall
                0x0000000001f96324                canvas_key
                0x0000000001f96984                canvas_reload
                0x0000000001f969cc                canvas_editmode
                0x0000000001f96ef0                canvas_finderror
                0x0000000001f972c4                canvas_doclick
                0x0000000001f97988                canvas_mousedown
                0x0000000001f979f0                canvas_motion
                0x0000000001f97be8                canvas_restoreconnections
                0x0000000001f97c40                glob_key
                0x0000000001f97c50                glist_getnextxy
                0x0000000001f97c80                canvas_startmotion
                0x0000000001f97ce8                g_editor_setup
 .text          0x0000000001f981a8     0x20d4 /home/jbrawley/Desktop/rockbox-photo-cf-support/build/apps/plugins/pdbox/PDa/src/g_graph.o
                0x0000000001f98328                glist_sort
                0x0000000001f98438                canvas_setdeleting
                0x0000000001f98458                glist_getcanvas
                0x0000000001f98484                glist_add
                0x0000000001f9851c                glist_delete
                0x0000000001f986fc                glist_clear
                0x0000000001f98770                glist_retext
                0x0000000001f987b4                glist_grab
                0x0000000001f98950                glist_cleanup
                0x0000000001f98988                glist_free
                0x0000000001f989a8                canvas_rminlet
                0x0000000001f98a5c                canvas_resortinlets
                0x0000000001f98bb4                canvas_addinlet
                0x0000000001f98c34                canvas_rmoutlet
                0x0000000001f98ce8                canvas_resortoutlets
                0x0000000001f98e40                canvas_addoutlet
                0x0000000001f98ec0                text_ypix
                0x0000000001f98fac                glist_pixelstox
                0x0000000001f990dc                glist_dpixtodx
                0x0000000001f99120                glist_pixelstoy
                0x0000000001f99250                glist_dpixtody
                0x0000000001f99294                glist_xtopixels
                0x0000000001f993d8                text_xpix
                0x0000000001f9946c                glist_ytopixels
                0x0000000001f99bb0                glist_redraw
                0x0000000001f99fec                graph_properties
                0x0000000001f9a028                glist_findgraph
                0x0000000001f9a068                g_graph_setup
 .text          0x0000000001f9a27c      0x1c4 /home/jbrawley/Desktop/rockbox-photo-cf-support/build/apps/plugins/pdbox/PDa/src/g_guiconnect.o
                0x0000000001f9a304                guiconnect_new
                0x0000000001f9a340                guiconnect_notarget
                0x0000000001f9a3c4                g_guiconnect_setup
 .text          0x0000000001f9a440     0x170c /home/jbrawley/Desktop/rockbox-photo-cf-support/build/apps/plugins/pdbox/PDa/src/g_hdial.o
                0x0000000001f9a440                hradio_draw
                0x0000000001f9b3e4                hradio_draw_update
                0x0000000001f9b3e8                hradio_draw_new
                0x0000000001f9b3ec                hradio_draw_move
                0x0000000001f9b3f0                hradio_draw_erase
                0x0000000001f9b3f4                hradio_draw_config
                0x0000000001f9b3f8                hradio_draw_io
                0x0000000001f9b3fc                hradio_draw_select
                0x0000000001f9b400                g_hradio_setup
 .text          0x0000000001f9bb4c     0x1848 /home/jbrawley/Desktop/rockbox-photo-cf-support/build/apps/plugins/pdbox/PDa/src/g_hslider.o
                0x0000000001f9bb4c                hslider_draw
                0x0000000001f9c59c                hslider_check_width
                0x0000000001f9c6b0                hslider_check_minmax
                0x0000000001f9cf14                g_hslider_setup
 .text          0x0000000001f9d394      0xd5c /home/jbrawley/Desktop/rockbox-photo-cf-support/build/apps/plugins/pdbox/PDa/src/g_io.o
                0x0000000001f9d394                vinlet_perform
                0x0000000001f9d3dc                vinlet_doprolog
                0x0000000001f9d45c                voutlet_perform
                0x0000000001f9d9b4                vinlet_getit
                0x0000000001f9d9e8                vinlet_issignal
                0x0000000001f9d9f8                vinlet_dspprolog
                0x0000000001f9dbd0                voutlet_getit
                0x0000000001f9dc04                voutlet_issignal
                0x0000000001f9dc14                voutlet_dspprolog
                0x0000000001f9dc84                voutlet_dspepilog
                0x0000000001f9dec8                g_io_setup
 .text          0x0000000001f9e0f0      0xc10 /home/jbrawley/Desktop/rockbox-photo-cf-support/build/apps/plugins/pdbox/PDa/src/g_mycanvas.o
                0x0000000001f9e0f0                my_canvas_draw
                0x0000000001f9e9d8                my_canvas_draw_new
                0x0000000001f9e9dc                my_canvas_draw_move
                0x0000000001f9e9e0                my_canvas_draw_erase
                0x0000000001f9e9e4                my_canvas_draw_config
                0x0000000001f9e9e8                my_canvas_draw_select
                0x0000000001f9e9ec                g_mycanvas_setup
 .text          0x0000000001f9ed00     0x1b40 /home/jbrawley/Desktop/rockbox-photo-cf-support/build/apps/plugins/pdbox/PDa/src/g_numbox.o
                0x0000000001f9ed10                my_numbox_draw
                0x0000000001f9f3f8                my_numbox_clip
                0x0000000001f9f7a4                my_numbox_calc_fontwidth
                0x0000000001f9f8f4                my_numbox_ftoa
                0x0000000001f9fa6c                my_numbox_check_minmax
                0x0000000001fa03b0                g_numbox_setup
 .text          0x0000000001fa0840     0x17e4 /home/jbrawley/Desktop/rockbox-photo-cf-support/build/apps/plugins/pdbox/PDa/src/g_readwrite.o
                0x0000000001fa0b80                glist_readscalar
                0x0000000001fa0e7c                glist_readfrombinbuf
                0x0000000001fa12bc                glist_read
                0x0000000001fa12c4                glist_mergefile
                0x0000000001fa12cc                canvas_dataproperties
                0x0000000001fa1418                canvas_doaddtemplate
                0x0000000001fa1944                canvas_writescalar
                0x0000000001fa1b8c                glist_writetobinbuf
                0x0000000001fa1ecc                g_readwrite_setup
 .text          0x0000000001fa2024      0xadc /home/jbrawley/Desktop/rockbox-photo-cf-support/build/apps/plugins/pdbox/PDa/src/g_rtext.o
                0x0000000001fa22cc                rtext_new
                0x0000000001fa2390                rtext_free
                0x0000000001fa2420                rtext_gettag
                0x0000000001fa2428                rtext_gettext
                0x0000000001fa243c                rtext_retext
                0x0000000001fa25e0                glist_findrtext
                0x0000000001fa2620                rtext_width
                0x0000000001fa2654                rtext_height
                0x0000000001fa2688                rtext_draw
                0x0000000001fa26bc                rtext_erase
                0x0000000001fa26c0                rtext_displace
                0x0000000001fa26c4                rtext_select
                0x0000000001fa26e4                rtext_activate
                0x0000000001fa2768                rtext_key
                0x0000000001fa2a3c                rtext_mouse
 .text          0x0000000001fa2b00      0x9b4 /home/jbrawley/Desktop/rockbox-photo-cf-support/build/apps/plugins/pdbox/PDa/src/g_scalar.o
                0x0000000001fa2b80                word_init
                0x0000000001fa2c1c                word_restore
                0x0000000001fa2cc4                word_free
                0x0000000001fa2d78                scalar_new
                0x0000000001fa2e10                glist_scalar
                0x0000000001fa2ec4                scalar_getbasexy
                0x0000000001fa3440                g_scalar_setup
 .text          0x0000000001fa34b4     0x29ec /home/jbrawley/Desktop/rockbox-photo-cf-support/build/apps/plugins/pdbox/PDa/src/g_template.o
                0x0000000001fa36f4                template_free
                0x0000000001fa3c40                template_new
                0x0000000001fa3df4                template_size
                0x0000000001fa3e00                template_find_field
                0x0000000001fa3e88                template_getfloat
                0x0000000001fa4574                template_setfloat
                0x0000000001fa4758                template_getsymbol
                0x0000000001fa4b0c                template_setsymbol
                0x0000000001fa4b9c                template_match
                0x0000000001fa4c38                template_findbyname
                0x0000000001fa4f04                template_conform
                0x0000000001fa5460                template_findcanvas
                0x0000000001fa5488                gtemplate_get
                0x0000000001fa5490                array_getfields
                0x0000000001fa5c48                g_template_setup
 .text          0x0000000001fa5ea0     0x2558 /home/jbrawley/Desktop/rockbox-photo-cf-support/build/apps/plugins/pdbox/PDa/src/g_text.o
                0x0000000001fa6fe0                glist_text
                0x0000000001fa7184                canvas_obj
                0x0000000001fa7264                canvas_iemguis
                0x0000000001fa7304                canvas_bng
                0x0000000001fa7328                canvas_toggle
                0x0000000001fa734c                canvas_vslider
                0x0000000001fa7370                canvas_hslider
                0x0000000001fa7394                canvas_hdial
                0x0000000001fa73b8                canvas_vdial
                0x0000000001fa73dc                canvas_hradio
                0x0000000001fa7400                canvas_vradio
                0x0000000001fa7424                canvas_vumeter
                0x0000000001fa7448                canvas_mycnv
                0x0000000001fa746c                canvas_numbox
                0x0000000001fa7490                canvas_objfor
                0x0000000001fa751c                canvas_msg
                0x0000000001fa7688                canvas_atom
                0x0000000001fa797c                canvas_floatatom
                0x0000000001fa79a8                canvas_symbolatom
                0x0000000001fa79d4                text_shouldvis
                0x0000000001fa7a24                text_save
                0x0000000001fa7c58                glist_drawiofor
                0x0000000001fa7c5c                text_drawborder
                0x0000000001fa7d50                glist_eraseiofor
                0x0000000001fa7d70                text_eraseborder
                0x0000000001fa7f10                text_setto
                0x0000000001fa80f0                g_text_setup
 .text          0x0000000001fa83f8      0xdc8 /home/jbrawley/Desktop/rockbox-photo-cf-support/build/apps/plugins/pdbox/PDa/src/g_toggle.o
                0x0000000001fa83f8                toggle_draw
                0x0000000001fa8dd0                toggle_draw_update
                0x0000000001fa8dd4                toggle_draw_new
                0x0000000001fa8dd8                toggle_draw_move
                0x0000000001fa8ddc                toggle_draw_erase
                0x0000000001fa8de0                toggle_draw_config
                0x0000000001fa8de4                toggle_draw_io
                0x0000000001fa8de8                toggle_draw_select
                0x0000000001fa8dec                g_toggle_setup
 .text          0x0000000001fa91c0     0x16fc /home/jbrawley/Desktop/rockbox-photo-cf-support/build/apps/plugins/pdbox/PDa/src/g_traversal.o
                0x0000000001fa9a28                gstub_new
                0x0000000001fa9a68                gstub_cutoff
                0x0000000001fa9aa8                gpointer_check
                0x0000000001faa1c0                gpointer_copy
                0x0000000001faa1f4                gpointer_unset
                0x0000000001faa438                gpointer_setglist
                0x0000000001faa5c8                gpointer_init
                0x0000000001faa5dc                g_traversal_setup
 .text          0x0000000001faa8bc     0x16d8 /home/jbrawley/Desktop/rockbox-photo-cf-support/build/apps/plugins/pdbox/PDa/src/g_vdial.o
                0x0000000001faa8bc                vradio_draw
                0x0000000001fab828                vradio_draw_update
                0x0000000001fab82c                vradio_draw_new
                0x0000000001fab830                vradio_draw_move
                0x0000000001fab834                vradio_draw_erase
                0x0000000001fab838                vradio_draw_config
                0x0000000001fab83c                vradio_draw_io
                0x0000000001fab840                vradio_draw_select
                0x0000000001fab844                g_vradio_setup
 .text          0x0000000001fabf94     0x1730 /home/jbrawley/Desktop/rockbox-photo-cf-support/build/apps/plugins/pdbox/PDa/src/g_vslider.o
                0x0000000001fabf94                vslider_draw
                0x0000000001fac8e0                vslider_check_height
                0x0000000001fac9e8                vslider_check_minmax
                0x0000000001fad244                g_vslider_setup
 .text          0x0000000001fad6c4      0xd60 /home/jbrawley/Desktop/rockbox-photo-cf-support/build/apps/plugins/pdbox/PDa/src/g_vumeter.o
                0x0000000001fad6c4                vu_draw
                0x0000000001fadbc4                vu_check_height
                0x0000000001fae144                g_vumeter_setup
 .text          0x0000000001fae424      0x3f4 /home/jbrawley/Desktop/rockbox-photo-cf-support/build/apps/plugins/pdbox/PDa/src/m_atom.o
                0x0000000001fae424                atom_getfloat
                0x0000000001fae438                atom_getint
                0x0000000001fae458                atom_getsymbol
                0x0000000001fae470                atom_gensym
                0x0000000001fae4e0                atom_getfloatarg
                0x0000000001fae508                atom_getintarg
                0x0000000001fae51c                atom_getsymbolarg
                0x0000000001fae548                atom_string
 .text          0x0000000001fae818     0x30c8 /home/jbrawley/Desktop/rockbox-photo-cf-support/build/apps/plugins/pdbox/PDa/src/m_binbuf.o
                0x0000000001fae860                binbuf_new
                0x0000000001fae88c                binbuf_free
                0x0000000001fae8b8                binbuf_duplicate
                0x0000000001fae8fc                binbuf_clear
                0x0000000001fae92c                binbuf_text
                0x0000000001faecb8                binbuf_gettext
                0x0000000001faee0c                binbuf_add
                0x0000000001faee8c                binbuf_addv
                0x0000000001fb08c4                binbuf_addbinbuf
                0x0000000001fb0a38                binbuf_addsemi
                0x0000000001fb0a60                binbuf_restore
                0x0000000001fb0bd8                binbuf_print
                0x0000000001fb0c54                binbuf_getnatom
                0x0000000001fb0c5c                binbuf_getvec
                0x0000000001fb0c64                binbuf_realizedollsym
                0x0000000001fb0d70                binbuf_eval
                0x0000000001fb112c                binbuf_read
                0x0000000001fb12ec                binbuf_read_via_path
                0x0000000001fb1388                binbuf_write
                0x0000000001fb16b8                binbuf_match
                0x0000000001fb1778                binbuf_evalfile
                0x0000000001fb1864                glob_evalfile
 .text          0x0000000001fb18e0     0x1414 /home/jbrawley/Desktop/rockbox-photo-cf-support/build/apps/plugins/pdbox/PDa/src/m_class.o
                0x0000000001fb1a48                nullfn
                0x0000000001fb1bc8                class_addmethod
                0x0000000001fb1d88                class_new
                0x0000000001fb2038                class_addcreator
                0x0000000001fb20f4                class_addbang
                0x0000000001fb20fc                class_addpointer
                0x0000000001fb2104                class_doaddfloat
                0x0000000001fb210c                class_addsymbol
                0x0000000001fb2114                class_addlist
                0x0000000001fb211c                class_addanything
                0x0000000001fb2124                class_setwidget
                0x0000000001fb212c                class_setparentwidget
                0x0000000001fb2134                class_getname
                0x0000000001fb2140                class_gethelpname
                0x0000000001fb214c                class_sethelpsymbol
                0x0000000001fb2154                pd_getparentwidget
                0x0000000001fb2160                class_setdrawcommand
                0x0000000001fb216c                class_isdrawcommand
                0x0000000001fb2174                class_domainsignalin
                0x0000000001fb21c4                class_set_extern_dir
                0x0000000001fb21d4                class_gethelpdir
                0x0000000001fb21e0                class_setsavefn
                0x0000000001fb21e8                class_getsavefn
                0x0000000001fb21f0                class_setpropertiesfn
                0x0000000001fb21f8                class_getpropertiesfn
                0x0000000001fb2200                dogensym
                0x0000000001fb22d4                gensym
                0x0000000001fb22e8                addfileextent
                0x0000000001fb2388                mess_init
                0x0000000001fb2448                pd_newest
                0x0000000001fb2458                pd_typedmess
                0x0000000001fb2910                new_anything
                0x0000000001fb2ab4                pd_vmess
                0x0000000001fb2bb8                pd_forwardmess
                0x0000000001fb2c44                getfn
                0x0000000001fb2cac                zgetfn
 .text          0x0000000001fb2cf4       0x94 /home/jbrawley/Desktop/rockbox-photo-cf-support/build/apps/plugins/pdbox/PDa/src/m_conf.o
                0x0000000001fb2cf4                conf_init
 .text          0x0000000001fb2d88      0x374 /home/jbrawley/Desktop/rockbox-photo-cf-support/build/apps/plugins/pdbox/PDa/src/m_fixed.o
                0x0000000001fb2ef0                pd_checkgui
 .text          0x0000000001fb30fc      0x33c /home/jbrawley/Desktop/rockbox-photo-cf-support/build/apps/plugins/pdbox/PDa/src/m_glob.o
                0x0000000001fb30fc                max_default
                0x0000000001fb3168                glob_init
 .text          0x0000000001fb3438      0x10c /home/jbrawley/Desktop/rockbox-photo-cf-support/build/apps/plugins/pdbox/PDa/src/m_memory.o
                0x0000000001fb3438                getbytes
                0x0000000001fb3468                getzbytes
                0x0000000001fb346c                copybytes
                0x0000000001fb34a0                resizebytes
                0x0000000001fb3534                freebytes
 .text          0x0000000001fb3544     0x1094 /home/jbrawley/Desktop/rockbox-photo-cf-support/build/apps/plugins/pdbox/PDa/src/m_obj.o
                0x0000000001fb3888                inlet_new
                0x0000000001fb3904                inlet_free
                0x0000000001fb3950                pointerinlet_new
                0x0000000001fb39bc                floatinlet_new
                0x0000000001fb3a28                symbolinlet_new
                0x0000000001fb3a94                obj_list
                0x0000000001fb3b4c                obj_init
                0x0000000001fb3c84                outlet_setstacklim
                0x0000000001fb3cb8                sched_geteventno
                0x0000000001fb3cc8                outlet_new
                0x0000000001fb3d24                outlet_bang
                0x0000000001fb3d78                outlet_pointer
                0x0000000001fb3de0                outlet_float
                0x0000000001fb3e3c                outlet_symbol
                0x0000000001fb3e98                outlet_list
                0x0000000001fb3f04                outlet_anything
                0x0000000001fb3f70                outlet_getsymbol
                0x0000000001fb3f78                outlet_free
                0x0000000001fb3fc4                obj_connect
                0x0000000001fb408c                obj_disconnect
                0x0000000001fb4154                obj_noutlets
                0x0000000001fb4170                obj_ninlets
                0x0000000001fb41a0                obj_starttraverseoutlet
                0x0000000001fb41cc                obj_nexttraverseoutlet
                0x0000000001fb4260                pd_checkobject
                0x0000000001fb4274                obj_moveinletfirst
                0x0000000001fb42b8                obj_moveoutletfirst
                0x0000000001fb42fc                obj_nsiginlets
                0x0000000001fb434c                obj_siginletindex
                0x0000000001fb43d0                obj_issignalinlet
                0x0000000001fb4438                obj_nsigoutlets
                0x0000000001fb4468                obj_sigoutletindex
                0x0000000001fb44ac                obj_issignaloutlet
                0x0000000001fb44e4                obj_findsignalscalar
                0x0000000001fb4560                inlet_getsignalindex
                0x0000000001fb459c                outlet_getsignalindex
 .text          0x0000000001fb45d8      0x65c /home/jbrawley/Desktop/rockbox-photo-cf-support/build/apps/plugins/pdbox/PDa/src/m_pd.o
                0x0000000001fb4618                pd_new
                0x0000000001fb4654                pd_free
                0x0000000001fb46c8                gobj_save
                0x0000000001fb46dc                m_pd_setup
                0x0000000001fb477c                pd_bind
                0x0000000001fb4814                pd_unbind
                0x0000000001fb48ec                zz
                0x0000000001fb48f0                pd_findbyclass
                0x0000000001fb499c                pd_setloadingabstraction
                0x0000000001fb49d8                pd_pushsym
                0x0000000001fb4a2c                pd_popsym
                0x0000000001fb4a90                pd_doloadbang
                0x0000000001fb4adc                pd_bang
                0x0000000001fb4b10                pd_float
                0x0000000001fb4b4c                pd_pointer
                0x0000000001fb4b88                pd_symbol
                0x0000000001fb4bc4                pd_list
                0x0000000001fb4c18                pd_init
 .text          0x0000000001fb4c34      0x594 /home/jbrawley/Desktop/rockbox-photo-cf-support/build/apps/plugins/pdbox/PDa/src/m_sched.o
                0x0000000001fb4c34                clock_new
                0x0000000001fb4c6c                clock_unset
                0x0000000001fb4cc0                clock_set
                0x0000000001fb4d60                clock_delay
                0x0000000001fb4da0                clock_getlogicaltime
                0x0000000001fb4db0                clock_getsystime
                0x0000000001fb4dc0                clock_gettimesince
                0x0000000001fb4df0                clock_getsystimeafter
                0x0000000001fb4e28                clock_free
                0x0000000001fb4e48                sys_printhist
                0x0000000001fb4e74                sys_addhist
                0x0000000001fb4e7c                glob_audiostatus
                0x0000000001fb4f88                sys_log_error
                0x0000000001fb5044                glob_meters
                0x0000000001fb50a4                sched_set_using_dacs
                0x0000000001fb5144                sched_tick
 .text          0x0000000001fb51c8      0xaa0 /home/jbrawley/Desktop/rockbox-photo-cf-support/build/apps/plugins/pdbox/PDa/src/s_audio.o
                0x0000000001fb52c8                sys_open_audio
                0x0000000001fb57a4                sys_close_audio
                0x0000000001fb5800                sys_reopen_audio
                0x0000000001fb5884                sys_send_dacs
                0x0000000001fb59b0                sys_getsr
                0x0000000001fb59c0                sys_get_outchannels
                0x0000000001fb59d0                sys_get_inchannels
                0x0000000001fb59e0                sys_audiobuf
                0x0000000001fb5a14                sys_getmeters
                0x0000000001fb5a4c                sys_reportidle
                0x0000000001fb5a50                sys_listdevs
                0x0000000001fb5a7c                sys_setblocksize
                0x0000000001fb5ad4                sys_set_audio_api
                0x0000000001fb5b0c                sys_set_audio_state
                0x0000000001fb5b58                sys_get_audio_apis
                0x0000000001fb5bb8                glob_foo
 .text          0x0000000001fb5c68       0x78 /home/jbrawley/Desktop/rockbox-photo-cf-support/build/apps/plugins/pdbox/PDa/src/s_file.o
                0x0000000001fb5c68                sys_isreadablefile
                0x0000000001fb5cb0                sys_bashfilename
                0x0000000001fb5cc8                sys_unbashfilename
 .text          0x0000000001fb5ce0        0x8 /home/jbrawley/Desktop/rockbox-photo-cf-support/build/apps/plugins/pdbox/PDa/src/s_loader.o
                0x0000000001fb5ce0                sys_load_lib
 .text          0x0000000001fb5ce8      0x794 /home/jbrawley/Desktop/rockbox-photo-cf-support/build/apps/plugins/pdbox/PDa/src/s_path.o
                0x0000000001fb5e78                namelist_append
                0x0000000001fb5f94                namelist_free
                0x0000000001fb5ff0                sys_addpath
                0x0000000001fb6014                sys_addhelppath
                0x0000000001fb6038                open_via_path
                0x0000000001fb6278                open_via_helppath
                0x0000000001fb641c                glob_start_path_dialog
                0x0000000001fb6420                glob_path_dialog
 .text          0x0000000001fb647c       0xe4 /home/jbrawley/Desktop/rockbox-photo-cf-support/build/apps/plugins/pdbox/PDa/src/s_print.o
                0x0000000001fb647c                post
                0x0000000001fb6488                startpost
                0x0000000001fb6494                poststring
                0x0000000001fb6498                postatom
                0x0000000001fb64d8                postfloat
                0x0000000001fb6500                endpost
                0x0000000001fb6504                error
                0x0000000001fb6510                pd_error
                0x0000000001fb651c                glob_finderror
                0x0000000001fb653c                bug
                0x0000000001fb6548                sys_logerror
                0x0000000001fb6558                sys_unixerror
                0x0000000001fb655c                sys_ouch
 .text          0x0000000001fb6560      0x66c /home/jbrawley/Desktop/rockbox-photo-cf-support/build/apps/plugins/pdbox/PDa/src/x_acoustics.o
                0x0000000001fb6680                mtof
                0x0000000001fb6724                ftom
                0x0000000001fb67b0                powtodb
                0x0000000001fb6848                rmstodb
                0x0000000001fb68e0                dbtopow
                0x0000000001fb6974                dbtorms
                0x0000000001fb6a08                x_acoustics_setup
 .text          0x0000000001fb6bcc     0x1b10 /home/jbrawley/Desktop/rockbox-photo-cf-support/build/apps/plugins/pdbox/PDa/src/x_arithmetic.o
                0x0000000001fb7cb0                x_arithmetic_setup
 .text          0x0000000001fb86dc     0x2504 /home/jbrawley/Desktop/rockbox-photo-cf-support/build/apps/plugins/pdbox/PDa/src/x_connective.o
                0x0000000001fba058                pdint_setup
                0x0000000001fba0ec                pdfloat_setup
                0x0000000001fba180                pdsymbol_setup
                0x0000000001fba1f4                bang_setup
                0x0000000001fba2a0                select_setup
                0x0000000001fba38c                route_setup
                0x0000000001fba3f8                swap_setup
                0x0000000001fba48c                change_setup
                0x0000000001fba520                value_get
                0x0000000001fba5c4                value_release
                0x0000000001fba628                value_getfloat
                0x0000000001fba65c                value_setfloat
                0x0000000001fba68c                x_connective_setup
 .text          0x0000000001fbabe0      0x210 /home/jbrawley/Desktop/rockbox-photo-cf-support/build/apps/plugins/pdbox/PDa/src/x_interface.o
                0x0000000001fbad5c                x_interface_setup
 .text          0x0000000001fbadf0      0x5ec /home/jbrawley/Desktop/rockbox-photo-cf-support/build/apps/plugins/pdbox/PDa/src/x_misc.o
                0x0000000001fbb1d4                x_misc_setup
 .text          0x0000000001fbb3dc      0x3d8 /home/jbrawley/Desktop/rockbox-photo-cf-support/build/apps/plugins/pdbox/PDa/src/x_net.o
                0x0000000001fbb50c                rockbox_receive_callback
                0x0000000001fbb69c                x_net_setup
 .text          0x0000000001fbb7b4      0xc2c /home/jbrawley/Desktop/rockbox-photo-cf-support/build/apps/plugins/pdbox/PDa/src/x_qlist.o
                0x0000000001fbbfd8                x_qlist_setup
 .text          0x0000000001fbc3e0     0x10f4 /home/jbrawley/Desktop/rockbox-photo-cf-support/build/apps/plugins/pdbox/PDa/src/x_time.o
                0x0000000001fbd1c8                x_time_setup
 .text          0x0000000001fbd4d4      0x4f8 /home/jbrawley/Desktop/rockbox-photo-cf-support/build/apps/plugins/pdbox/PDa/intern/biquad~.o
                0x0000000001fbd8e8                biquad_tilde_setup
 .text          0x0000000001fbd9cc      0x584 /home/jbrawley/Desktop/rockbox-photo-cf-support/build/apps/plugins/pdbox/PDa/intern/bp~.o
                0x0000000001fbde30                bp_tilde_setup
 .text          0x0000000001fbdf50      0x1d0 /home/jbrawley/Desktop/rockbox-photo-cf-support/build/apps/plugins/pdbox/PDa/intern/clip~.o
                0x0000000001fbe098                clip_tilde_setup
 .text          0x0000000001fbe120      0x194 /home/jbrawley/Desktop/rockbox-photo-cf-support/build/apps/plugins/pdbox/PDa/intern/cos~.o
                0x0000000001fbe21c                cos_tilde_setup
 .text          0x0000000001fbe2b4      0x1ac /home/jbrawley/Desktop/rockbox-photo-cf-support/build/apps/plugins/pdbox/PDa/intern/dbtopow~.o
                0x0000000001fbe3e8                dbtopow_tilde_setup
 .text          0x0000000001fbe460      0x1ac /home/jbrawley/Desktop/rockbox-photo-cf-support/build/apps/plugins/pdbox/PDa/intern/dbtorms~.o
                0x0000000001fbe594                dbtorms_tilde_setup
 .text          0x0000000001fbe60c      0x33c /home/jbrawley/Desktop/rockbox-photo-cf-support/build/apps/plugins/pdbox/PDa/intern/delread~.o
                0x0000000001fbe8bc                delread_tilde_setup
 .text          0x0000000001fbe948      0x288 /home/jbrawley/Desktop/rockbox-photo-cf-support/build/apps/plugins/pdbox/PDa/intern/delwrite~.o
                0x0000000001fbeb44                delwrite_tilde_setup
 .text          0x0000000001fbebd0      0x404 /home/jbrawley/Desktop/rockbox-photo-cf-support/build/apps/plugins/pdbox/PDa/intern/env~.o
                0x0000000001fbef48                env_tilde_setup
 .text          0x0000000001fbefd4      0x1d8 /home/jbrawley/Desktop/rockbox-photo-cf-support/build/apps/plugins/pdbox/PDa/intern/ftom~.o
                0x0000000001fbf134                ftom_tilde_setup
 .text          0x0000000001fbf1ac      0x330 /home/jbrawley/Desktop/rockbox-photo-cf-support/build/apps/plugins/pdbox/PDa/intern/hip~.o
                0x0000000001fbf3f0                hip_tilde_setup
 .text          0x0000000001fbf4dc       0xb4 /home/jbrawley/Desktop/rockbox-photo-cf-support/build/apps/plugins/pdbox/PDa/intern/intern_setup.o
                0x0000000001fbf4dc                d_intern_setup
 .text          0x0000000001fbf590      0x36c /home/jbrawley/Desktop/rockbox-photo-cf-support/build/apps/plugins/pdbox/PDa/intern/line~.o
                0x0000000001fbf858                line_tilde_setup
 .text          0x0000000001fbf8fc      0x304 /home/jbrawley/Desktop/rockbox-photo-cf-support/build/apps/plugins/pdbox/PDa/intern/lop~.o
                0x0000000001fbfb30                lop_tilde_setup
 .text          0x0000000001fbfc00      0x1d8 /home/jbrawley/Desktop/rockbox-photo-cf-support/build/apps/plugins/pdbox/PDa/intern/mtof~.o
                0x0000000001fbfd60                mtof_tilde_setup
 .text          0x0000000001fbfdd8      0x150 /home/jbrawley/Desktop/rockbox-photo-cf-support/build/apps/plugins/pdbox/PDa/intern/noise~.o
                0x0000000001fbfeb8                noise_tilde_setup
 .text          0x0000000001fbff28      0x318 /home/jbrawley/Desktop/rockbox-photo-cf-support/build/apps/plugins/pdbox/PDa/intern/osc~.o
                0x0000000001fc0198                osc_tilde_setup
 .text          0x0000000001fc0240      0x290 /home/jbrawley/Desktop/rockbox-photo-cf-support/build/apps/plugins/pdbox/PDa/intern/phasor~.o
                0x0000000001fc040c                phasor_tilde_setup
 .text          0x0000000001fc04d0      0x1b4 /home/jbrawley/Desktop/rockbox-photo-cf-support/build/apps/plugins/pdbox/PDa/intern/powtodb~.o
                0x0000000001fc060c                powtodb_tilde_setup
 .text          0x0000000001fc0684      0x320 /home/jbrawley/Desktop/rockbox-photo-cf-support/build/apps/plugins/pdbox/PDa/intern/print~.o
                0x0000000001fc0908                print_tilde_setup
 .text          0x0000000001fc09a4      0x1ac /home/jbrawley/Desktop/rockbox-photo-cf-support/build/apps/plugins/pdbox/PDa/intern/rmstodb~.o
                0x0000000001fc0ad8                rmstodb_tilde_setup
 .text          0x0000000001fc0b50      0x35c /home/jbrawley/Desktop/rockbox-photo-cf-support/build/apps/plugins/pdbox/PDa/intern/rsqrt~.o
                0x0000000001fc0cd4                q8_rsqrt
                0x0000000001fc0d20                q8_sqrt
                0x0000000001fc0d74                qsqrt
                0x0000000001fc0d78                qrsqrt
                0x0000000001fc0d7c                rsqrt_tilde_setup
 .text          0x0000000001fc0eac      0x1ec /home/jbrawley/Desktop/rockbox-photo-cf-support/build/apps/plugins/pdbox/PDa/intern/samphold~.o
                0x0000000001fc0fcc                samphold_tilde_setup
 .text          0x0000000001fc1098      0x9c4 /home/jbrawley/Desktop/rockbox-photo-cf-support/build/apps/plugins/pdbox/PDa/intern/sfread~.o
                0x0000000001fc149c                sfread_open
                0x0000000001fc1898                sfread_tilde_setup
 .text          0x0000000001fc1a5c      0x61c /home/jbrawley/Desktop/rockbox-photo-cf-support/build/apps/plugins/pdbox/PDa/intern/sfwrite~.o
                0x0000000001fc1f44                sfwrite_tilde_setup
 .text          0x0000000001fc2078      0x1b8 /home/jbrawley/Desktop/rockbox-photo-cf-support/build/apps/plugins/pdbox/PDa/intern/snapshot~.o
                0x0000000001fc217c                snapshot_tilde_setup
 .text          0x0000000001fc2230      0x2c8 /home/jbrawley/Desktop/rockbox-photo-cf-support/build/apps/plugins/pdbox/PDa/intern/sqrt~.o
                0x0000000001fc2230                sigsqrt_perform
                0x0000000001fc23c8                sqrt_tilde_setup
 .text          0x0000000001fc24f8      0x40c /home/jbrawley/Desktop/rockbox-photo-cf-support/build/apps/plugins/pdbox/PDa/intern/tabosc4~.o
                0x0000000001fc2650                tabosc4_tilde_set
                0x0000000001fc2830                tabosc4_tilde_setup
 .text          0x0000000001fc2904      0x388 /home/jbrawley/Desktop/rockbox-photo-cf-support/build/apps/plugins/pdbox/PDa/intern/tabplay~.o
                0x0000000001fc2acc                tabplay_tilde_set
                0x0000000001fc2bac                tabplay_tilde_setup
 .text          0x0000000001fc2c8c      0x198 /home/jbrawley/Desktop/rockbox-photo-cf-support/build/apps/plugins/pdbox/PDa/intern/tabread.o
                0x0000000001fc2d9c                tabread_setup
 .text          0x0000000001fc2e24      0x2d4 /home/jbrawley/Desktop/rockbox-photo-cf-support/build/apps/plugins/pdbox/PDa/intern/tabread4~.o
                0x0000000001fc2f64                tabread4_tilde_set
                0x0000000001fc304c                tabread4_tilde_setup
 .text          0x0000000001fc30f8      0x278 /home/jbrawley/Desktop/rockbox-photo-cf-support/build/apps/plugins/pdbox/PDa/intern/tabread~.o
                0x0000000001fc31dc                tabread_tilde_set
                0x0000000001fc32c4                tabread_tilde_setup
 .text          0x0000000001fc3370      0x1cc /home/jbrawley/Desktop/rockbox-photo-cf-support/build/apps/plugins/pdbox/PDa/intern/tabreceive~.o
                0x0000000001fc34c4                tabreceive_tilde_setup
 .text          0x0000000001fc353c      0x278 /home/jbrawley/Desktop/rockbox-photo-cf-support/build/apps/plugins/pdbox/PDa/intern/tabsend~.o
                0x0000000001fc3730                tabsend_tilde_setup
 .text          0x0000000001fc37b4      0x2b4 /home/jbrawley/Desktop/rockbox-photo-cf-support/build/apps/plugins/pdbox/PDa/intern/tabwrite.o
                0x0000000001fc39dc                tabwrite_setup
 .text          0x0000000001fc3a68      0x35c /home/jbrawley/Desktop/rockbox-photo-cf-support/build/apps/plugins/pdbox/PDa/intern/tabwrite~.o
                0x0000000001fc3bf0                tabwrite_tilde_set
                0x0000000001fc3cd0                tabwrite_tilde_setup
 .text          0x0000000001fc3dc4      0x40c /home/jbrawley/Desktop/rockbox-photo-cf-support/build/apps/plugins/pdbox/PDa/intern/threshold~.o
                0x0000000001fc3e84                threshold_tilde_dsp
                0x0000000001fc40d4                threshold_tilde_setup
 .text          0x0000000001fc41d0      0x488 /home/jbrawley/Desktop/rockbox-photo-cf-support/build/apps/plugins/pdbox/PDa/intern/vcf~.o
                0x0000000001fc4594                vcf_tilde_setup
 .text          0x0000000001fc4658      0x2ec /home/jbrawley/Desktop/rockbox-photo-cf-support/build/apps/plugins/pdbox/PDa/intern/vd~.o
                0x0000000001fc48c4                vd_tilde_setup
 .text          0x0000000001fc4944      0x63c /home/jbrawley/Desktop/rockbox-photo-cf-support/build/apps/plugins/pdbox/PDa/intern/vline~.o
                0x0000000001fc4ed8                vline_tilde_setup
 .text          0x0000000001fc4f80      0x240 /home/jbrawley/Desktop/rockbox-photo-cf-support/build/apps/plugins/pdbox/PDa/intern/vsnapshot~.o
                0x0000000001fc5134                vsnapshot_tilde_setup
 .text          0x0000000001fc51c0      0x118 /home/jbrawley/Desktop/rockbox-photo-cf-support/build/apps/plugins/pdbox/PDa/intern/wrap~.o
                0x0000000001fc5260                wrap_tilde_setup
 .text          0x0000000001fc52d8      0x214 /home/jbrawley/Desktop/rockbox-photo-cf-support/build/apps/plugins/plugin_crt0.o
                0x0000000001fc52f0                plugin__start
                0x0000000001fc5440                rb_atexit
                0x0000000001fc5460                exit
                0x0000000001fc5480                _exit
                0x0000000001fc5498                exit_on_usb
 .text.ls_bit   0x0000000001fc54ec       0x44 /home/jbrawley/Desktop/rockbox-photo-cf-support/build/lib/libtlsf.a(tlsf.o)
 .text.ms_bit   0x0000000001fc5530       0x3c /home/jbrawley/Desktop/rockbox-photo-cf-support/build/lib/libtlsf.a(tlsf.o)
 .text.set_bit  0x0000000001fc556c       0x1c /home/jbrawley/Desktop/rockbox-photo-cf-support/build/lib/libtlsf.a(tlsf.o)
 .text.clear_bit
                0x0000000001fc5588       0x1c /home/jbrawley/Desktop/rockbox-photo-cf-support/build/lib/libtlsf.a(tlsf.o)
 .text.MAPPING_SEARCH
                0x0000000001fc55a4       0x8c /home/jbrawley/Desktop/rockbox-photo-cf-support/build/lib/libtlsf.a(tlsf.o)
 .text.FIND_SUITABLE_BLOCK
                0x0000000001fc5630       0x78 /home/jbrawley/Desktop/rockbox-photo-cf-support/build/lib/libtlsf.a(tlsf.o)
 .text.process_area
                0x0000000001fc56a8       0x60 /home/jbrawley/Desktop/rockbox-photo-cf-support/build/lib/libtlsf.a(tlsf.o)
 .text.MAPPING_INSERT
                0x0000000001fc5708       0x5c /home/jbrawley/Desktop/rockbox-photo-cf-support/build/lib/libtlsf.a(tlsf.o)
 .text.panicf   0x0000000001fc5764        0x8 /home/jbrawley/Desktop/rockbox-photo-cf-support/build/lib/libtlsf.a(tlsf.o)
                0x0000000001fc5764                panicf
 .text.get_new_area
                0x0000000001fc576c        0x8 /home/jbrawley/Desktop/rockbox-photo-cf-support/build/lib/libtlsf.a(tlsf.o)
                0x0000000001fc576c                get_new_area
 .text.destroy_memory_pool
                0x0000000001fc5774        0xc /home/jbrawley/Desktop/rockbox-photo-cf-support/build/lib/libtlsf.a(tlsf.o)
                0x0000000001fc5774                destroy_memory_pool
 .text.free_ex  0x0000000001fc5780      0x2a0 /home/jbrawley/Desktop/rockbox-photo-cf-support/build/lib/libtlsf.a(tlsf.o)
                0x0000000001fc5780                free_ex
 .text.init_memory_pool
                0x0000000001fc5a20       0xcc /home/jbrawley/Desktop/rockbox-photo-cf-support/build/lib/libtlsf.a(tlsf.o)
                0x0000000001fc5a20                init_memory_pool
 .text.add_new_area
                0x0000000001fc5aec      0x16c /home/jbrawley/Desktop/rockbox-photo-cf-support/build/lib/libtlsf.a(tlsf.o)
                0x0000000001fc5aec                add_new_area
 .text.malloc_ex
                0x0000000001fc5c58      0x260 /home/jbrawley/Desktop/rockbox-photo-cf-support/build/lib/libtlsf.a(tlsf.o)
                0x0000000001fc5c58                malloc_ex
 .text.tlsf_malloc
                0x0000000001fc5eb8       0x60 /home/jbrawley/Desktop/rockbox-photo-cf-support/build/lib/libtlsf.a(tlsf.o)
                0x0000000001fc5eb8                tlsf_malloc
 .text.tlsf_free
                0x0000000001fc5f18       0x10 /home/jbrawley/Desktop/rockbox-photo-cf-support/build/lib/libtlsf.a(tlsf.o)
                0x0000000001fc5f18                tlsf_free
 .text.realloc_ex
                0x0000000001fc5f28      0x3a8 /home/jbrawley/Desktop/rockbox-photo-cf-support/build/lib/libtlsf.a(tlsf.o)
                0x0000000001fc5f28                realloc_ex
 .text.tlsf_realloc
                0x0000000001fc62d0       0x1c /home/jbrawley/Desktop/rockbox-photo-cf-support/build/lib/libtlsf.a(tlsf.o)
                0x0000000001fc62d0                tlsf_realloc
 .text.calloc_ex
                0x0000000001fc62ec       0x4c /home/jbrawley/Desktop/rockbox-photo-cf-support/build/lib/libtlsf.a(tlsf.o)
                0x0000000001fc62ec                calloc_ex
 .text.tlsf_calloc
                0x0000000001fc6338       0x10 /home/jbrawley/Desktop/rockbox-photo-cf-support/build/lib/libtlsf.a(tlsf.o)
                0x0000000001fc6338                tlsf_calloc
 .text.memcpy   0x0000000001fc6348       0x14 /home/jbrawley/Desktop/rockbox-photo-cf-support/build/apps/plugins/libplugin.a(gcc-support.o)
                0x0000000001fc6348                memcpy
 .text.memset   0x0000000001fc635c       0x14 /home/jbrawley/Desktop/rockbox-photo-cf-support/build/apps/plugins/libplugin.a(gcc-support.o)
                0x0000000001fc635c                memset
 .text.memmove  0x0000000001fc6370       0x14 /home/jbrawley/Desktop/rockbox-photo-cf-support/build/apps/plugins/libplugin.a(gcc-support.o)
                0x0000000001fc6370                memmove
 .text.backlight_ignore_timeout
                0x0000000001fc6384       0x58 /home/jbrawley/Desktop/rockbox-photo-cf-support/build/apps/plugins/libplugin.a(helper.o)
                0x0000000001fc6384                backlight_ignore_timeout
 .text.backlight_use_settings
                0x0000000001fc63dc       0x3c /home/jbrawley/Desktop/rockbox-photo-cf-support/build/apps/plugins/libplugin.a(helper.o)
                0x0000000001fc63dc                backlight_use_settings
 .text.strncpy  0x0000000001fc6418       0x38 /home/jbrawley/Desktop/rockbox-photo-cf-support/build/apps/plugins/libplugin.a(strncpy.o)
                0x0000000001fc6418                strncpy
 .text          0x0000000001fc6450       0x1c /home/jbrawley/Desktop/rockbox-photo-cf-support/build/lib/libsetjmp.a(setjmp.o)
                0x0000000001fc6450                setjmp
                0x0000000001fc645c                longjmp
 .text          0x0000000001fc646c      0x148 /usr/local/lib/gcc/arm-elf-eabi/4.9.4/libgcc.a(_divsi3.o)
                0x0000000001fc646c                __aeabi_idiv
                0x0000000001fc646c                __divsi3
                0x0000000001fc6594                __aeabi_idivmod
 .text          0x0000000001fc65b4        0x4 /usr/local/lib/gcc/arm-elf-eabi/4.9.4/libgcc.a(_dvmd_tls.o)
                0x0000000001fc65b4                __aeabi_ldiv0
                0x0000000001fc65b4                __aeabi_idiv0
 .text          0x0000000001fc65b8       0x1c /usr/local/lib/gcc/arm-elf-eabi/4.9.4/libgcc.a(_ashldi3.o)
                0x0000000001fc65b8                __ashldi3
                0x0000000001fc65b8                __aeabi_llsl
 .text          0x0000000001fc65d4      0x41c /usr/local/lib/gcc/arm-elf-eabi/4.9.4/libgcc.a(_arm_addsubdf3.o)
                0x0000000001fc65d4                __aeabi_drsub
                0x0000000001fc65dc                __aeabi_dsub
                0x0000000001fc65dc                __subdf3
                0x0000000001fc65e0                __adddf3
                0x0000000001fc65e0                __aeabi_dadd
                0x0000000001fc68f0                __aeabi_ui2d
                0x0000000001fc68f0                __floatunsidf
                0x0000000001fc6914                __floatsidf
                0x0000000001fc6914                __aeabi_i2d
                0x0000000001fc693c                __extendsfdf2
                0x0000000001fc693c                __aeabi_f2d
                0x0000000001fc697c                __aeabi_ul2d
                0x0000000001fc697c                __floatundidf
                0x0000000001fc6990                __floatdidf
                0x0000000001fc6990                __aeabi_l2d
 .text          0x0000000001fc69f0      0x49c /usr/local/lib/gcc/arm-elf-eabi/4.9.4/libgcc.a(_arm_muldivdf3.o)
                0x0000000001fc69f0                __aeabi_dmul
                0x0000000001fc69f0                __muldf3
                0x0000000001fc6c80                __aeabi_ddiv
                0x0000000001fc6c80                __divdf3
 .text          0x0000000001fc6e8c      0x144 /usr/local/lib/gcc/arm-elf-eabi/4.9.4/libgcc.a(_arm_cmpdf2.o)
                0x0000000001fc6e8c                __gtdf2
                0x0000000001fc6e8c                __gedf2
                0x0000000001fc6e94                __ltdf2
                0x0000000001fc6e94                __ledf2
                0x0000000001fc6e9c                __cmpdf2
                0x0000000001fc6e9c                __eqdf2
                0x0000000001fc6e9c                __nedf2
                0x0000000001fc6f24                __aeabi_cdrcmple
                0x0000000001fc6f40                __aeabi_cdcmple
                0x0000000001fc6f40                __aeabi_cdcmpeq
                0x0000000001fc6f58                __aeabi_dcmpeq
                0x0000000001fc6f70                __aeabi_dcmplt
                0x0000000001fc6f88                __aeabi_dcmple
                0x0000000001fc6fa0                __aeabi_dcmpge
                0x0000000001fc6fb8                __aeabi_dcmpgt
 .text          0x0000000001fc6fd0       0x5c /usr/local/lib/gcc/arm-elf-eabi/4.9.4/libgcc.a(_arm_fixdfsi.o)
                0x0000000001fc6fd0                __fixdfsi
                0x0000000001fc6fd0                __aeabi_d2iz
 .text          0x0000000001fc702c       0xa0 /usr/local/lib/gcc/arm-elf-eabi/4.9.4/libgcc.a(_arm_truncdfsf2.o)
                0x0000000001fc702c                __aeabi_d2f
                0x0000000001fc702c                __truncdfsf2
 .text          0x0000000001fc70cc      0x2ac /usr/local/lib/gcc/arm-elf-eabi/4.9.4/libgcc.a(_arm_addsubsf3.o)
                0x0000000001fc70cc                __aeabi_frsub
                0x0000000001fc70d4                __subsf3
                0x0000000001fc70d4                __aeabi_fsub
                0x0000000001fc70d8                __aeabi_fadd
                0x0000000001fc70d8                __addsf3
                0x0000000001fc7294                __aeabi_ui2f
                0x0000000001fc7294                __floatunsisf
                0x0000000001fc729c                __aeabi_i2f
                0x0000000001fc729c                __floatsisf
                0x0000000001fc72bc                __floatundisf
                0x0000000001fc72bc                __aeabi_ul2f
                0x0000000001fc72cc                __floatdisf
                0x0000000001fc72cc                __aeabi_l2f
 .text          0x0000000001fc7378      0x2f8 /usr/local/lib/gcc/arm-elf-eabi/4.9.4/libgcc.a(_arm_muldivsf3.o)
                0x0000000001fc7378                __mulsf3
                0x0000000001fc7378                __aeabi_fmul
                0x0000000001fc7510                __divsf3
                0x0000000001fc7510                __aeabi_fdiv
 .text          0x0000000001fc7670      0x114 /usr/local/lib/gcc/arm-elf-eabi/4.9.4/libgcc.a(_arm_cmpsf2.o)
                0x0000000001fc7670                __gtsf2
                0x0000000001fc7670                __gesf2
                0x0000000001fc7678                __lesf2
                0x0000000001fc7678                __ltsf2
                0x0000000001fc7680                __nesf2
                0x0000000001fc7680                __eqsf2
                0x0000000001fc7680                __cmpsf2
                0x0000000001fc76e4                __aeabi_cfrcmple
                0x0000000001fc76f4                __aeabi_cfcmple
                0x0000000001fc76f4                __aeabi_cfcmpeq
                0x0000000001fc770c                __aeabi_fcmpeq
                0x0000000001fc7724                __aeabi_fcmplt
                0x0000000001fc773c                __aeabi_fcmple
                0x0000000001fc7754                __aeabi_fcmpge
                0x0000000001fc776c                __aeabi_fcmpgt
 .text          0x0000000001fc7784       0x5c /usr/local/lib/gcc/arm-elf-eabi/4.9.4/libgcc.a(_arm_fixsfsi.o)
                0x0000000001fc7784                __fixsfsi
                0x0000000001fc7784                __aeabi_f2iz
 .text          0x0000000001fc77e0       0x54 /usr/local/lib/gcc/arm-elf-eabi/4.9.4/libgcc.a(_arm_fixunssfsi.o)
                0x0000000001fc77e0                __aeabi_f2uiz
                0x0000000001fc77e0                __fixunssfsi
 .text          0x0000000001fc7834       0x48 /usr/local/lib/gcc/arm-elf-eabi/4.9.4/libgcc.a(_aeabi_ldivmod.o)
                0x0000000001fc7834                __aeabi_ldivmod
 .text          0x0000000001fc787c       0x3c /usr/local/lib/gcc/arm-elf-eabi/4.9.4/libgcc.a(_aeabi_uldivmod.o)
                0x0000000001fc787c                __aeabi_uldivmod
 .text          0x0000000001fc78b8       0x40 /usr/local/lib/gcc/arm-elf-eabi/4.9.4/libgcc.a(_fixsfdi.o)
                0x0000000001fc78b8                __aeabi_f2lz
                0x0000000001fc78b8                __fixsfdi
 .text          0x0000000001fc78f8       0x4c /usr/local/lib/gcc/arm-elf-eabi/4.9.4/libgcc.a(_fixdfdi.o)
                0x0000000001fc78f8                __aeabi_d2lz
                0x0000000001fc78f8                __fixdfdi
 .text          0x0000000001fc7944       0x70 /usr/local/lib/gcc/arm-elf-eabi/4.9.4/libgcc.a(_fixunssfdi.o)
                0x0000000001fc7944                __aeabi_f2ulz
                0x0000000001fc7944                __fixunssfdi
 .text          0x0000000001fc79b4       0x6c /usr/local/lib/gcc/arm-elf-eabi/4.9.4/libgcc.a(_fixunsdfdi.o)
                0x0000000001fc79b4                __aeabi_d2ulz
                0x0000000001fc79b4                __fixunsdfdi
 .text          0x0000000001fc7a20       0x84 /usr/local/lib/gcc/arm-elf-eabi/4.9.4/libgcc.a(bpabi.o)
                0x0000000001fc7a20                __gnu_ldivmod_helper
                0x0000000001fc7a64                __gnu_uldivmod_helper
 .text          0x0000000001fc7aa4       0x54 /usr/local/lib/gcc/arm-elf-eabi/4.9.4/libgcc.a(_arm_fixunsdfsi.o)
                0x0000000001fc7aa4                __fixunsdfsi
                0x0000000001fc7aa4                __aeabi_d2uiz
 .text          0x0000000001fc7af8      0x178 /usr/local/lib/gcc/arm-elf-eabi/4.9.4/libgcc.a(_divdi3.o)
                0x0000000001fc7af8                __divdi3
 .text          0x0000000001fc7c70      0x120 /usr/local/lib/gcc/arm-elf-eabi/4.9.4/libgcc.a(_udivdi3.o)
                0x0000000001fc7c70                __udivdi3
 .text          0x0000000001fc7d90       0x28 /usr/local/lib/gcc/arm-elf-eabi/4.9.4/libgcc.a(_clzdi2.o)
                0x0000000001fc7d90                __clzdi2
 .text          0x0000000001fc7db8       0x48 /usr/local/lib/gcc/arm-elf-eabi/4.9.4/libgcc.a(_clzsi2.o)
                0x0000000001fc7db8                __clzsi2
 .text.__stub   0x0000000001fc7e00        0x8 linker stubs
 *(.glue_7)
 .glue_7        0x0000000001fc7e08        0x0 linker stubs
 *(.glue_7t)
 .glue_7t       0x0000000001fc7e08        0x0 linker stubs

.vfp11_veneer   0x0000000001fc7e08        0x0
 .vfp11_veneer  0x0000000001fc7e08        0x0 linker stubs

.v4_bx          0x0000000001fc7e08        0x0
 .v4_bx         0x0000000001fc7e08        0x0 linker stubs

.iplt           0x0000000001fc7e08        0x0
 .iplt          0x0000000001fc7e08        0x0 /home/jbrawley/Desktop/rockbox-photo-cf-support/build/apps/plugins/pdbox/pdbox.o

.rodata         0x0000000001fc7e08     0x436e
 *(.rodata*)
 .rodata.str1.1
                0x0000000001fc7e08       0x33 /home/jbrawley/Desktop/rockbox-photo-cf-support/build/apps/plugins/pdbox/pdbox.o
 *fill*         0x0000000001fc7e3b        0x5 
 .rodata        0x0000000001fc7e40      0xe54 /home/jbrawley/Desktop/rockbox-photo-cf-support/build/apps/plugins/pdbox/pdbox-func.o
                0x0000000001fc7e60                __exp_deltatable
                0x0000000001fc8128                __exp_atable
 .rodata.str1.1
                0x0000000001fc8c94       0x14 /home/jbrawley/Desktop/rockbox-photo-cf-support/build/apps/plugins/pdbox/pdbox-func.o
                                         0x1e (size before relaxing)
 .rodata.str1.1
                0x0000000001fc8ca8       0xbc /home/jbrawley/Desktop/rockbox-photo-cf-support/build/apps/plugins/pdbox/pdbox-gui.o
                                         0xc3 (size before relaxing)
 .rodata.str1.1
                0x0000000001fc8d64       0xcc /home/jbrawley/Desktop/rockbox-photo-cf-support/build/apps/plugins/pdbox/PDa/src/d_arithmetic.o
                                         0xd0 (size before relaxing)
 .rodata.str1.1
                0x0000000001fc8e30        0xc /home/jbrawley/Desktop/rockbox-photo-cf-support/build/apps/plugins/pdbox/PDa/src/d_ctl.o
                                         0x10 (size before relaxing)
 .rodata.str1.1
                0x0000000001fc8e3c       0x3b /home/jbrawley/Desktop/rockbox-photo-cf-support/build/apps/plugins/pdbox/PDa/src/d_dac.o
                                         0x44 (size before relaxing)
 .rodata.str1.1
                0x0000000001fc8e77       0x23 /home/jbrawley/Desktop/rockbox-photo-cf-support/build/apps/plugins/pdbox/PDa/src/d_fft.o
                                         0x39 (size before relaxing)
 .rodata.str1.1
                0x0000000001fc8e9a       0xd2 /home/jbrawley/Desktop/rockbox-photo-cf-support/build/apps/plugins/pdbox/PDa/src/d_global.o
                                         0xef (size before relaxing)
 .rodata        0x0000000001fc8f6c       0xb0 /home/jbrawley/Desktop/rockbox-photo-cf-support/build/apps/plugins/pdbox/PDa/src/d_imayer_fft.o
 .rodata.str1.1
                0x0000000001fc901c       0xaa /home/jbrawley/Desktop/rockbox-photo-cf-support/build/apps/plugins/pdbox/PDa/src/d_misc.o
                                         0xc1 (size before relaxing)
 .rodata.str1.1
                0x0000000001fc90c6       0x41 /home/jbrawley/Desktop/rockbox-photo-cf-support/build/apps/plugins/pdbox/PDa/src/d_resample.o
 .rodata.str1.1
                0x0000000001fc9107      0x3f2 /home/jbrawley/Desktop/rockbox-photo-cf-support/build/apps/plugins/pdbox/PDa/src/d_soundfile.o
                                        0x421 (size before relaxing)
 .rodata.str1.1
                0x0000000001fc94f9      0x231 /home/jbrawley/Desktop/rockbox-photo-cf-support/build/apps/plugins/pdbox/PDa/src/d_ugen.o
                                        0x239 (size before relaxing)
 .rodata.str1.1
                0x0000000001fc972a       0x63 /home/jbrawley/Desktop/rockbox-photo-cf-support/build/apps/plugins/pdbox/PDa/src/g_all_guis.o
                                         0x67 (size before relaxing)
 .rodata.str1.1
                0x0000000001fc978d      0x35e /home/jbrawley/Desktop/rockbox-photo-cf-support/build/apps/plugins/pdbox/PDa/src/g_array.o
                                        0x3bb (size before relaxing)
 *fill*         0x0000000001fc9aeb        0x1 
 .rodata        0x0000000001fc9aec        0xc /home/jbrawley/Desktop/rockbox-photo-cf-support/build/apps/plugins/pdbox/PDa/src/g_bang.o
 .rodata.str1.1
                0x0000000001fc9af8       0x53 /home/jbrawley/Desktop/rockbox-photo-cf-support/build/apps/plugins/pdbox/PDa/src/g_bang.o
                                         0xa1 (size before relaxing)
 .rodata.str1.1
                0x0000000001fc9b4b      0x16e /home/jbrawley/Desktop/rockbox-photo-cf-support/build/apps/plugins/pdbox/PDa/src/g_canvas.o
                                        0x1f3 (size before relaxing)
 .rodata.str1.1
                0x0000000001fc9cb9      0x215 /home/jbrawley/Desktop/rockbox-photo-cf-support/build/apps/plugins/pdbox/PDa/src/g_editor.o
                                        0x267 (size before relaxing)
 .rodata.str1.1
                0x0000000001fc9ece       0x84 /home/jbrawley/Desktop/rockbox-photo-cf-support/build/apps/plugins/pdbox/PDa/src/g_graph.o
                                         0xc4 (size before relaxing)
 .rodata.str1.1
                0x0000000001fc9f52       0x13 /home/jbrawley/Desktop/rockbox-photo-cf-support/build/apps/plugins/pdbox/PDa/src/g_guiconnect.o
 *fill*         0x0000000001fc9f65        0x3 
 .rodata        0x0000000001fc9f68        0xc /home/jbrawley/Desktop/rockbox-photo-cf-support/build/apps/plugins/pdbox/PDa/src/g_hdial.o
 .rodata.str1.1
                0x0000000001fc9f74       0x4e /home/jbrawley/Desktop/rockbox-photo-cf-support/build/apps/plugins/pdbox/PDa/src/g_hdial.o
                                         0xdf (size before relaxing)
 *fill*         0x0000000001fc9fc2        0x2 
 .rodata        0x0000000001fc9fc4        0xc /home/jbrawley/Desktop/rockbox-photo-cf-support/build/apps/plugins/pdbox/PDa/src/g_hslider.o
 .rodata.str1.1
                0x0000000001fc9fd0       0x1f /home/jbrawley/Desktop/rockbox-photo-cf-support/build/apps/plugins/pdbox/PDa/src/g_hslider.o
                                         0xc3 (size before relaxing)
 .rodata.str1.1