Archive member included to satisfy reference by file (symbol)

/home/jbrawley/Desktop/rockbox-photo-cf-support/build/lib/libtlsf.a(tlsf.o)
                              /home/jbrawley/Desktop/rockbox-photo-cf-support/build/apps/plugins/puzzles/rockbox.o (init_memory_pool)
/home/jbrawley/Desktop/rockbox-photo-cf-support/build/apps/plugins/libplugin.a(gcc-support.o)
                              /home/jbrawley/Desktop/rockbox-photo-cf-support/build/apps/plugins/puzzles/src/solo.o (memcpy)
/home/jbrawley/Desktop/rockbox-photo-cf-support/build/apps/plugins/libplugin.a(helper.o)
                              /home/jbrawley/Desktop/rockbox-photo-cf-support/build/apps/plugins/puzzles/rockbox.o (sw_poweroff_disable)
/home/jbrawley/Desktop/rockbox-photo-cf-support/build/apps/plugins/libplugin.a(playback_control.o)
                              /home/jbrawley/Desktop/rockbox-photo-cf-support/build/apps/plugins/puzzles/rockbox.o (playback_control)
/home/jbrawley/Desktop/rockbox-photo-cf-support/build/apps/plugins/libplugin.a(display_text.o)
                              /home/jbrawley/Desktop/rockbox-photo-cf-support/build/apps/plugins/puzzles/rockbox.o (display_text)
/home/jbrawley/Desktop/rockbox-photo-cf-support/build/apps/plugins/libplugin.a(strncpy.o)
                              /home/jbrawley/Desktop/rockbox-photo-cf-support/build/apps/plugins/puzzles/src/midend.o (strncpy)
/home/jbrawley/Desktop/rockbox-photo-cf-support/build/apps/plugins/libplugin.a(stdio_compat.o)
                              /home/jbrawley/Desktop/rockbox-photo-cf-support/build/apps/plugins/puzzles/src/misc.o (_fgets_)
/home/jbrawley/Desktop/rockbox-photo-cf-support/build/apps/plugins/libplugin.a(xlcd_draw.o)
                              /home/jbrawley/Desktop/rockbox-photo-cf-support/build/apps/plugins/puzzles/rockbox.o (xlcd_filltriangle)
/home/jbrawley/Desktop/rockbox-photo-cf-support/build/apps/plugins/libplugin.a(xlcd_core.o)
                              /home/jbrawley/Desktop/rockbox-photo-cf-support/build/apps/plugins/libplugin.a(xlcd_draw.o) (get_framebuffer)
/home/jbrawley/Desktop/rockbox-photo-cf-support/build/apps/plugins/bitmaps/libpluginbitmaps.a(puzzles_cursor.11x16x24.o)
                              /home/jbrawley/Desktop/rockbox-photo-cf-support/build/apps/plugins/puzzles/rockbox.o (puzzles_cursor)
/home/jbrawley/Desktop/rockbox-photo-cf-support/build/lib/libsetjmp.a(setjmp.o)
                              /home/jbrawley/Desktop/rockbox-photo-cf-support/build/apps/plugins/plugin_crt0.o (setjmp)
/home/jbrawley/Desktop/rockbox-photo-cf-support/build/lib/libfixedpoint.a(fixedpoint.o)
                              /home/jbrawley/Desktop/rockbox-photo-cf-support/build/apps/plugins/puzzles/rbwrappers.o (fp_sincos)
/usr/local/lib/gcc/arm-elf-eabi/4.9.4/libgcc.a(_udivsi3.o)
                              /home/jbrawley/Desktop/rockbox-photo-cf-support/build/apps/plugins/puzzles/src/random.o (__aeabi_uidiv)
/usr/local/lib/gcc/arm-elf-eabi/4.9.4/libgcc.a(_divsi3.o)
                              /home/jbrawley/Desktop/rockbox-photo-cf-support/build/apps/plugins/puzzles/src/solo.o (__aeabi_idiv)
/usr/local/lib/gcc/arm-elf-eabi/4.9.4/libgcc.a(_dvmd_tls.o)
                              /usr/local/lib/gcc/arm-elf-eabi/4.9.4/libgcc.a(_udivsi3.o) (__aeabi_idiv0)
/usr/local/lib/gcc/arm-elf-eabi/4.9.4/libgcc.a(_ashrdi3.o)
                              /home/jbrawley/Desktop/rockbox-photo-cf-support/build/lib/libfixedpoint.a(fixedpoint.o) (__aeabi_lasr)
/usr/local/lib/gcc/arm-elf-eabi/4.9.4/libgcc.a(_ashldi3.o)
                              /home/jbrawley/Desktop/rockbox-photo-cf-support/build/lib/libfixedpoint.a(fixedpoint.o) (__aeabi_llsl)
/usr/local/lib/gcc/arm-elf-eabi/4.9.4/libgcc.a(_arm_addsubdf3.o)
                              /home/jbrawley/Desktop/rockbox-photo-cf-support/build/apps/plugins/puzzles/rbwrappers.o (__aeabi_dsub)
/usr/local/lib/gcc/arm-elf-eabi/4.9.4/libgcc.a(_arm_muldivdf3.o)
                              /home/jbrawley/Desktop/rockbox-photo-cf-support/build/apps/plugins/puzzles/rbwrappers.o (__aeabi_dmul)
/usr/local/lib/gcc/arm-elf-eabi/4.9.4/libgcc.a(_arm_cmpdf2.o)
                              /home/jbrawley/Desktop/rockbox-photo-cf-support/build/apps/plugins/puzzles/src/grid.o (__aeabi_dcmpeq)
/usr/local/lib/gcc/arm-elf-eabi/4.9.4/libgcc.a(_arm_fixdfsi.o)
                              /home/jbrawley/Desktop/rockbox-photo-cf-support/build/apps/plugins/puzzles/src/grid.o (__aeabi_d2iz)
/usr/local/lib/gcc/arm-elf-eabi/4.9.4/libgcc.a(_arm_fixunsdfsi.o)
                              /home/jbrawley/Desktop/rockbox-photo-cf-support/build/apps/plugins/puzzles/rbwrappers.o (__aeabi_d2uiz)
/usr/local/lib/gcc/arm-elf-eabi/4.9.4/libgcc.a(_arm_truncdfsf2.o)
                              /home/jbrawley/Desktop/rockbox-photo-cf-support/build/apps/plugins/puzzles/rbwrappers.o (__aeabi_d2f)
/usr/local/lib/gcc/arm-elf-eabi/4.9.4/libgcc.a(_arm_addsubsf3.o)
[...]
Memory Configuration

Name             Origin             Length             Attributes
PLUGIN_RAM       0x0000000001f80000 0x0000000000080000
PLUGIN_IRAM      0x000000004000c000 0x000000000000c000
*default*        0x0000000000000000 0xffffffffffffffff

Linker script and memory map

LOAD /home/jbrawley/Desktop/rockbox-photo-cf-support/build/apps/plugins/puzzles/src/solo.o
LOAD /home/jbrawley/Desktop/rockbox-photo-cf-support/build/apps/plugins/puzzles/help/solo.o
LOAD /home/jbrawley/Desktop/rockbox-photo-cf-support/build/apps/plugins/puzzles/rockbox.o
LOAD /home/jbrawley/Desktop/rockbox-photo-cf-support/build/apps/plugins/puzzles/rbwrappers.o
LOAD /home/jbrawley/Desktop/rockbox-photo-cf-support/build/apps/plugins/puzzles/rbmalloc.o
LOAD /home/jbrawley/Desktop/rockbox-photo-cf-support/build/apps/plugins/puzzles/lz4tiny.o
LOAD /home/jbrawley/Desktop/rockbox-photo-cf-support/build/apps/plugins/puzzles/src/combi.o
LOAD /home/jbrawley/Desktop/rockbox-photo-cf-support/build/apps/plugins/puzzles/src/divvy.o
LOAD /home/jbrawley/Desktop/rockbox-photo-cf-support/build/apps/plugins/puzzles/src/drawing.o
LOAD /home/jbrawley/Desktop/rockbox-photo-cf-support/build/apps/plugins/puzzles/src/dsf.o
LOAD /home/jbrawley/Desktop/rockbox-photo-cf-support/build/apps/plugins/puzzles/src/findloop.o
LOAD /home/jbrawley/Desktop/rockbox-photo-cf-support/build/apps/plugins/puzzles/src/grid.o
LOAD /home/jbrawley/Desktop/rockbox-photo-cf-support/build/apps/plugins/puzzles/src/latin.o
LOAD /home/jbrawley/Desktop/rockbox-photo-cf-support/build/apps/plugins/puzzles/src/laydomino.o
LOAD /home/jbrawley/Desktop/rockbox-photo-cf-support/build/apps/plugins/puzzles/src/loopgen.o
LOAD /home/jbrawley/Desktop/rockbox-photo-cf-support/build/apps/plugins/puzzles/src/matching.o
LOAD /home/jbrawley/Desktop/rockbox-photo-cf-support/build/apps/plugins/puzzles/src/midend.o
LOAD /home/jbrawley/Desktop/rockbox-photo-cf-support/build/apps/plugins/puzzles/src/misc.o
LOAD /home/jbrawley/Desktop/rockbox-photo-cf-support/build/apps/plugins/puzzles/src/penrose.o
LOAD /home/jbrawley/Desktop/rockbox-photo-cf-support/build/apps/plugins/puzzles/src/printing.o
LOAD /home/jbrawley/Desktop/rockbox-photo-cf-support/build/apps/plugins/puzzles/src/random.o
LOAD /home/jbrawley/Desktop/rockbox-photo-cf-support/build/apps/plugins/puzzles/src/sort.o
LOAD /home/jbrawley/Desktop/rockbox-photo-cf-support/build/apps/plugins/puzzles/src/tdq.o
LOAD /home/jbrawley/Desktop/rockbox-photo-cf-support/build/apps/plugins/puzzles/src/tree234.o
LOAD /home/jbrawley/Desktop/rockbox-photo-cf-support/build/apps/plugins/puzzles/src/version.o
LOAD /home/jbrawley/Desktop/rockbox-photo-cf-support/build/apps/plugins/plugin_crt0.o
LOAD /home/jbrawley/Desktop/rockbox-photo-cf-support/build/lib/libtlsf.a
LOAD /home/jbrawley/Desktop/rockbox-photo-cf-support/build/apps/plugins/libplugin.a
LOAD /home/jbrawley/Desktop/rockbox-photo-cf-support/build/apps/plugins/bitmaps/libpluginbitmaps.a
LOAD /home/jbrawley/Desktop/rockbox-photo-cf-support/build/lib/libsetjmp.a
LOAD /home/jbrawley/Desktop/rockbox-photo-cf-support/build/lib/libfixedpoint.a
LOAD /usr/local/lib/gcc/arm-elf-eabi/4.9.4/libgcc.a

.header         0x0000000001f80000       0x1c
                0x0000000001f80000                _plugin_start_addr = .
                0x0000000001f80000                plugin_start_addr = .
 *(.header)
 .header        0x0000000001f80000       0x1c /home/jbrawley/Desktop/rockbox-photo-cf-support/build/apps/plugins/plugin_crt0.o
                0x0000000001f80000                __header

.text           0x0000000001f8001c    0x1b9a0
 *(.text*)
 .text.decode_params
                0x0000000001f8001c      0x390 /home/jbrawley/Desktop/rockbox-photo-cf-support/build/apps/plugins/puzzles/src/solo.o
 .text.validate_params
                0x0000000001f803ac       0x9c /home/jbrawley/Desktop/rockbox-photo-cf-support/build/apps/plugins/puzzles/src/solo.o
 .text.gridgen_place
                0x0000000001f80448       0xf8 /home/jbrawley/Desktop/rockbox-photo-cf-support/build/apps/plugins/puzzles/src/solo.o
 .text.encode_block_structure_desc
                0x0000000001f80540      0x134 /home/jbrawley/Desktop/rockbox-photo-cf-support/build/apps/plugins/puzzles/src/solo.o
 .text.validate_grid_desc
                0x0000000001f80674      0x12c /home/jbrawley/Desktop/rockbox-photo-cf-support/build/apps/plugins/puzzles/src/solo.o
 .text.game_can_format_as_text_now
                0x0000000001f807a0        0xc /home/jbrawley/Desktop/rockbox-photo-cf-support/build/apps/plugins/puzzles/src/solo.o
 .text.encode_ui
                0x0000000001f807ac        0x8 /home/jbrawley/Desktop/rockbox-photo-cf-support/build/apps/plugins/puzzles/src/solo.o
 .text.decode_ui
                0x0000000001f807b4        0x4 /home/jbrawley/Desktop/rockbox-photo-cf-support/build/apps/plugins/puzzles/src/solo.o
 .text.game_changed_state
                0x0000000001f807b8       0x48 /home/jbrawley/Desktop/rockbox-photo-cf-support/build/apps/plugins/puzzles/src/solo.o
 .text.game_compute_size
                0x0000000001f80800       0x44 /home/jbrawley/Desktop/rockbox-photo-cf-support/build/apps/plugins/puzzles/src/solo.o
 .text.game_set_size
                0x0000000001f80844        0x8 /home/jbrawley/Desktop/rockbox-photo-cf-support/build/apps/plugins/puzzles/src/solo.o
 .text.game_anim_length
                0x0000000001f8084c        0x8 /home/jbrawley/Desktop/rockbox-photo-cf-support/build/apps/plugins/puzzles/src/solo.o
 .text.game_flash_length
                0x0000000001f80854       0x44 /home/jbrawley/Desktop/rockbox-photo-cf-support/build/apps/plugins/puzzles/src/solo.o
 .text.game_status
                0x0000000001f80898        0x8 /home/jbrawley/Desktop/rockbox-photo-cf-support/build/apps/plugins/puzzles/src/solo.o
 .text.game_timing_state
                0x0000000001f808a0        0xc /home/jbrawley/Desktop/rockbox-photo-cf-support/build/apps/plugins/puzzles/src/solo.o
 .text.game_print_size
                0x0000000001f808ac       0x4c /home/jbrawley/Desktop/rockbox-photo-cf-support/build/apps/plugins/puzzles/src/solo.o
 .text.encode_grid
                0x0000000001f808f8       0xdc /home/jbrawley/Desktop/rockbox-photo-cf-support/build/apps/plugins/puzzles/src/solo.o
 .text.game_request_keys
                0x0000000001f809d4       0x74 /home/jbrawley/Desktop/rockbox-photo-cf-support/build/apps/plugins/puzzles/src/solo.o
 .text.new_ui   0x0000000001f80a48       0x2c /home/jbrawley/Desktop/rockbox-photo-cf-support/build/apps/plugins/puzzles/src/solo.o
 .text.alloc_block_structure
                0x0000000001f80a74       0xb8 /home/jbrawley/Desktop/rockbox-photo-cf-support/build/apps/plugins/puzzles/src/solo.o
 .text.custom_params
                0x0000000001f80b2c       0x98 /home/jbrawley/Desktop/rockbox-photo-cf-support/build/apps/plugins/puzzles/src/solo.o
 .text.dup_params
                0x0000000001f80bc4       0x38 /home/jbrawley/Desktop/rockbox-photo-cf-support/build/apps/plugins/puzzles/src/solo.o
 .text.default_params
                0x0000000001f80bfc       0x38 /home/jbrawley/Desktop/rockbox-photo-cf-support/build/apps/plugins/puzzles/src/solo.o
 .text.game_text_format
                0x0000000001f80c34      0x400 /home/jbrawley/Desktop/rockbox-photo-cf-support/build/apps/plugins/puzzles/src/solo.o
 .text.solver_place
                0x0000000001f81034      0x28c /home/jbrawley/Desktop/rockbox-photo-cf-support/build/apps/plugins/puzzles/src/solo.o
 .text.solver_elim
                0x0000000001f812c0       0xfc /home/jbrawley/Desktop/rockbox-photo-cf-support/build/apps/plugins/puzzles/src/solo.o
 .text.find_sum_bits
                0x0000000001f813bc      0x118 /home/jbrawley/Desktop/rockbox-photo-cf-support/build/apps/plugins/puzzles/src/solo.o
 .text.precompute_sum_bits
                0x0000000001f814d4      0x150 /home/jbrawley/Desktop/rockbox-photo-cf-support/build/apps/plugins/puzzles/src/solo.o
 .text.make_blocks_from_whichblock
                0x0000000001f81624       0xe8 /home/jbrawley/Desktop/rockbox-photo-cf-support/build/apps/plugins/puzzles/src/solo.o
 .text.spec_to_grid
                0x0000000001f8170c      0x180 /home/jbrawley/Desktop/rockbox-photo-cf-support/build/apps/plugins/puzzles/src/solo.o
 .text.game_free_drawstate
                0x0000000001f8188c       0x38 /home/jbrawley/Desktop/rockbox-photo-cf-support/build/apps/plugins/puzzles/src/solo.o
 .text.free_ui  0x0000000001f818c4       0x10 /home/jbrawley/Desktop/rockbox-photo-cf-support/build/apps/plugins/puzzles/src/solo.o
 .text.free_params
                0x0000000001f818d4       0x10 /home/jbrawley/Desktop/rockbox-photo-cf-support/build/apps/plugins/puzzles/src/solo.o
 .text.dup_block_structure
                0x0000000001f818e4       0xb4 /home/jbrawley/Desktop/rockbox-photo-cf-support/build/apps/plugins/puzzles/src/solo.o
 .text.dup_game
                0x0000000001f81998       0xec /home/jbrawley/Desktop/rockbox-photo-cf-support/build/apps/plugins/puzzles/src/solo.o
 .text.game_new_drawstate
                0x0000000001f81a84       0xc0 /home/jbrawley/Desktop/rockbox-photo-cf-support/build/apps/plugins/puzzles/src/solo.o
 .text.game_colours
                0x0000000001f81b44      0x13c /home/jbrawley/Desktop/rockbox-photo-cf-support/build/apps/plugins/puzzles/src/solo.o
 .text.interpret_move
                0x0000000001f81c80      0x348 /home/jbrawley/Desktop/rockbox-photo-cf-support/build/apps/plugins/puzzles/src/solo.o
 .text.game_configure
                0x0000000001f81fc8      0x138 /home/jbrawley/Desktop/rockbox-photo-cf-support/build/apps/plugins/puzzles/src/solo.o
 .text.encode_params
                0x0000000001f82100      0x2c8 /home/jbrawley/Desktop/rockbox-photo-cf-support/build/apps/plugins/puzzles/src/solo.o
 .text.spec_to_dsf
                0x0000000001f823c8      0x174 /home/jbrawley/Desktop/rockbox-photo-cf-support/build/apps/plugins/puzzles/src/solo.o
 .text.dsf_to_blocks
                0x0000000001f8253c       0xd0 /home/jbrawley/Desktop/rockbox-photo-cf-support/build/apps/plugins/puzzles/src/solo.o
 .text.new_game
                0x0000000001f8260c      0x378 /home/jbrawley/Desktop/rockbox-photo-cf-support/build/apps/plugins/puzzles/src/solo.o
 .text.validate_block_desc
                0x0000000001f82984      0x27c /home/jbrawley/Desktop/rockbox-photo-cf-support/build/apps/plugins/puzzles/src/solo.o
 .text.validate_desc
                0x0000000001f82c00      0x148 /home/jbrawley/Desktop/rockbox-photo-cf-support/build/apps/plugins/puzzles/src/solo.o
 .text.gridgen_real
                0x0000000001f82d48      0x48c /home/jbrawley/Desktop/rockbox-photo-cf-support/build/apps/plugins/puzzles/src/solo.o
 .text.unlikely.solver_intersect.isra.0
                0x0000000001f831d4       0xe8 /home/jbrawley/Desktop/rockbox-photo-cf-support/build/apps/plugins/puzzles/src/solo.o
 .text.solver_killer_minmax.isra.1
                0x0000000001f832bc      0x1e8 /home/jbrawley/Desktop/rockbox-photo-cf-support/build/apps/plugins/puzzles/src/solo.o
 .text.symmetries.isra.2
                0x0000000001f834a4      0x174 /home/jbrawley/Desktop/rockbox-photo-cf-support/build/apps/plugins/puzzles/src/solo.o
 .text.game_get_cursor_location
                0x0000000001f83618       0x84 /home/jbrawley/Desktop/rockbox-photo-cf-support/build/apps/plugins/puzzles/src/solo.o
 .text.check_killer_cage_sum.isra.6
                0x0000000001f8369c      0x118 /home/jbrawley/Desktop/rockbox-photo-cf-support/build/apps/plugins/puzzles/src/solo.o
 .text.game_redraw
                0x0000000001f837b4     0x1718 /home/jbrawley/Desktop/rockbox-photo-cf-support/build/apps/plugins/puzzles/src/solo.o
 .text.solver_killer_sums.isra.7
                0x0000000001f84ecc      0x360 /home/jbrawley/Desktop/rockbox-photo-cf-support/build/apps/plugins/puzzles/src/solo.o
 .text.encode_solve_move
                0x0000000001f8522c       0xd8 /home/jbrawley/Desktop/rockbox-photo-cf-support/build/apps/plugins/puzzles/src/solo.o
 .text.outline_block_structure.isra.9
                0x0000000001f85304      0x588 /home/jbrawley/Desktop/rockbox-photo-cf-support/build/apps/plugins/puzzles/src/solo.o
 .text.game_print
                0x0000000001f8588c      0x3ec /home/jbrawley/Desktop/rockbox-photo-cf-support/build/apps/plugins/puzzles/src/solo.o
 .text.free_block_structure.part.10
                0x0000000001f85c78       0x38 /home/jbrawley/Desktop/rockbox-photo-cf-support/build/apps/plugins/puzzles/src/solo.o
 .text.free_game
                0x0000000001f85cb0       0x84 /home/jbrawley/Desktop/rockbox-photo-cf-support/build/apps/plugins/puzzles/src/solo.o
 .text.check_valid.isra.11
                0x0000000001f85d34      0x3c0 /home/jbrawley/Desktop/rockbox-photo-cf-support/build/apps/plugins/puzzles/src/solo.o
 .text.execute_move
                0x0000000001f860f4      0x30c /home/jbrawley/Desktop/rockbox-photo-cf-support/build/apps/plugins/puzzles/src/solo.o
 .text.unlikely.solver_set.isra.12
                0x0000000001f86400      0x328 /home/jbrawley/Desktop/rockbox-photo-cf-support/build/apps/plugins/puzzles/src/solo.o
 .text.solver   0x0000000001f86728     0x26f0 /home/jbrawley/Desktop/rockbox-photo-cf-support/build/apps/plugins/puzzles/src/solo.o
 .text.solve_game
                0x0000000001f88e18       0xf4 /home/jbrawley/Desktop/rockbox-photo-cf-support/build/apps/plugins/puzzles/src/solo.o
 .text.compute_kclues.isra.13
                0x0000000001f88f0c      0x11c /home/jbrawley/Desktop/rockbox-photo-cf-support/build/apps/plugins/puzzles/src/solo.o
 .text.game_fetch_preset
                0x0000000001f89028       0x58 /home/jbrawley/Desktop/rockbox-photo-cf-support/build/apps/plugins/puzzles/src/solo.o
 .text.merge_some_cages.isra.15
                0x0000000001f89080      0x1d0 /home/jbrawley/Desktop/rockbox-photo-cf-support/build/apps/plugins/puzzles/src/solo.o
 .text.new_game_desc
                0x0000000001f89250     0x119c /home/jbrawley/Desktop/rockbox-photo-cf-support/build/apps/plugins/puzzles/src/solo.o
 .text.unload_fonts
                0x0000000001f8a3ec       0x88 /home/jbrawley/Desktop/rockbox-photo-cf-support/build/apps/plugins/puzzles/rockbox.o
 .text.trim_rect
                0x0000000001f8a474       0xc0 /home/jbrawley/Desktop/rockbox-photo-cf-support/build/apps/plugins/puzzles/rockbox.o
 .text.rb_blitter_save
                0x0000000001f8a534      0x11c /home/jbrawley/Desktop/rockbox-photo-cf-support/build/apps/plugins/puzzles/rockbox.o
 .text.rb_draw_update
                0x0000000001f8a650       0xb0 /home/jbrawley/Desktop/rockbox-photo-cf-support/build/apps/plugins/puzzles/rockbox.o
 .text.rb_start_draw
                0x0000000001f8a700       0x54 /home/jbrawley/Desktop/rockbox-photo-cf-support/build/apps/plugins/puzzles/rockbox.o
 .text.zoom_clamp_panning
                0x0000000001f8a754       0x74 /home/jbrawley/Desktop/rockbox-photo-cf-support/build/apps/plugins/puzzles/rockbox.o
 .text.config_formatter
                0x0000000001f8a7c8       0x44 /home/jbrawley/Desktop/rockbox-photo-cf-support/build/apps/plugins/puzzles/rockbox.o
                0x0000000001f8a7c8                config_formatter
 .text.preset_formatter
                0x0000000001f8a80c       0x48 /home/jbrawley/Desktop/rockbox-photo-cf-support/build/apps/plugins/puzzles/rockbox.o
 .text.quick_help
                0x0000000001f8a854       0x84 /home/jbrawley/Desktop/rockbox-photo-cf-support/build/apps/plugins/puzzles/rockbox.o
 .text.reset_drawing
                0x0000000001f8a8d8       0x60 /home/jbrawley/Desktop/rockbox-photo-cf-support/build/apps/plugins/puzzles/rockbox.o
 .text.read_wrapper
                0x0000000001f8a938       0x34 /home/jbrawley/Desktop/rockbox-photo-cf-support/build/apps/plugins/puzzles/rockbox.o
 .text.write_wrapper
                0x0000000001f8a96c       0x14 /home/jbrawley/Desktop/rockbox-photo-cf-support/build/apps/plugins/puzzles/rockbox.o
 .text.rb_blitter_free
                0x0000000001f8a980       0x20 /home/jbrawley/Desktop/rockbox-photo-cf-support/build/apps/plugins/puzzles/rockbox.o
 .text.rb_blitter_new
                0x0000000001f8a9a0       0x44 /home/jbrawley/Desktop/rockbox-photo-cf-support/build/apps/plugins/puzzles/rockbox.o
 .text.rb_status_bar
                0x0000000001f8a9e4       0x30 /home/jbrawley/Desktop/rockbox-photo-cf-support/build/apps/plugins/puzzles/rockbox.o
 .text.config_choices_formatter
                0x0000000001f8aa14       0xc0 /home/jbrawley/Desktop/rockbox-photo-cf-support/build/apps/plugins/puzzles/rockbox.o
 .text.send_click
                0x0000000001f8aad4       0xa4 /home/jbrawley/Desktop/rockbox-photo-cf-support/build/apps/plugins/puzzles/rockbox.o
 .text.exit_handler
                0x0000000001f8ab78       0x40 /home/jbrawley/Desktop/rockbox-photo-cf-support/build/apps/plugins/puzzles/rockbox.o
 .text.mainmenu_cb
                0x0000000001f8abb8       0xc0 /home/jbrawley/Desktop/rockbox-photo-cf-support/build/apps/plugins/puzzles/rockbox.o
 .text.do_preset_menu
                0x0000000001f8ac78      0x1b8 /home/jbrawley/Desktop/rockbox-photo-cf-support/build/apps/plugins/puzzles/rockbox.o
 .text.presets_menu
                0x0000000001f8ae30       0x8c /home/jbrawley/Desktop/rockbox-photo-cf-support/build/apps/plugins/puzzles/rockbox.o
 .text.fix_size
                0x0000000001f8aebc       0x9c /home/jbrawley/Desktop/rockbox-photo-cf-support/build/apps/plugins/puzzles/rockbox.o
 .text.new_game_notify
                0x0000000001f8af58       0x4c /home/jbrawley/Desktop/rockbox-photo-cf-support/build/apps/plugins/puzzles/rockbox.o
 .text.pausemenu_cb
                0x0000000001f8afa4      0x114 /home/jbrawley/Desktop/rockbox-photo-cf-support/build/apps/plugins/puzzles/rockbox.o
 .text.timer_cb
                0x0000000001f8b0b8       0xdc /home/jbrawley/Desktop/rockbox-photo-cf-support/build/apps/plugins/puzzles/rockbox.o
 .text.zoom_drawpixel
                0x0000000001f8b194       0x9c /home/jbrawley/Desktop/rockbox-photo-cf-support/build/apps/plugins/puzzles/rockbox.o
 .text.zoom_hline
                0x0000000001f8b230       0xd4 /home/jbrawley/Desktop/rockbox-photo-cf-support/build/apps/plugins/puzzles/rockbox.o
 .text.offset_coords.part.2
                0x0000000001f8b304       0x2c /home/jbrawley/Desktop/rockbox-photo-cf-support/build/apps/plugins/puzzles/rockbox.o
 .text.rb_blitter_load
                0x0000000001f8b330      0x16c /home/jbrawley/Desktop/rockbox-photo-cf-support/build/apps/plugins/puzzles/rockbox.o
 .text.rb_clip  0x0000000001f8b49c       0xf8 /home/jbrawley/Desktop/rockbox-photo-cf-support/build/apps/plugins/puzzles/rockbox.o
 .text.rb_unclip
                0x0000000001f8b594       0x9c /home/jbrawley/Desktop/rockbox-photo-cf-support/build/apps/plugins/puzzles/rockbox.o
 .text.draw_mouse
                0x0000000001f8b630       0xf8 /home/jbrawley/Desktop/rockbox-photo-cf-support/build/apps/plugins/puzzles/rockbox.o
 .text.draw_title
                0x0000000001f8b728      0x1dc /home/jbrawley/Desktop/rockbox-photo-cf-support/build/apps/plugins/puzzles/rockbox.o
 .text.clear_mouse
                0x0000000001f8b904       0xa8 /home/jbrawley/Desktop/rockbox-photo-cf-support/build/apps/plugins/puzzles/rockbox.o
 .text.clear_and_draw
                0x0000000001f8b9ac       0x7c /home/jbrawley/Desktop/rockbox-photo-cf-support/build/apps/plugins/puzzles/rockbox.o
 .text.rb_end_draw
                0x0000000001f8ba28       0x98 /home/jbrawley/Desktop/rockbox-photo-cf-support/build/apps/plugins/puzzles/rockbox.o
 .text.full_help.isra.9
                0x0000000001f8bac0      0x1b8 /home/jbrawley/Desktop/rockbox-photo-cf-support/build/apps/plugins/puzzles/rockbox.o
 .text.draw_antialiased_line
                0x0000000001f8bc78      0x5f8 /home/jbrawley/Desktop/rockbox-photo-cf-support/build/apps/plugins/puzzles/rockbox.o
 .text.fatal    0x0000000001f8c270       0xbc /home/jbrawley/Desktop/rockbox-photo-cf-support/build/apps/plugins/puzzles/rockbox.o
                0x0000000001f8c270                fatal
 .text.rb_color
                0x0000000001f8c32c       0x38 /home/jbrawley/Desktop/rockbox-photo-cf-support/build/apps/plugins/puzzles/rockbox.o
 .text.rb_draw_line
                0x0000000001f8c364      0x130 /home/jbrawley/Desktop/rockbox-photo-cf-support/build/apps/plugins/puzzles/rockbox.o
 .text.rb_draw_rect
                0x0000000001f8c494       0xc4 /home/jbrawley/Desktop/rockbox-photo-cf-support/build/apps/plugins/puzzles/rockbox.o
 .text.rb_draw_circle
                0x0000000001f8c558      0x2d8 /home/jbrawley/Desktop/rockbox-photo-cf-support/build/apps/plugins/puzzles/rockbox.o
 .text.rb_draw_poly
                0x0000000001f8c830      0x608 /home/jbrawley/Desktop/rockbox-photo-cf-support/build/apps/plugins/puzzles/rockbox.o
 .text.rb_setfont
                0x0000000001f8ce38      0x30c /home/jbrawley/Desktop/rockbox-photo-cf-support/build/apps/plugins/puzzles/rockbox.o
 .text.rb_draw_text
                0x0000000001f8d144      0x4e0 /home/jbrawley/Desktop/rockbox-photo-cf-support/build/apps/plugins/puzzles/rockbox.o
 .text.config_menu
                0x0000000001f8d624      0x870 /home/jbrawley/Desktop/rockbox-photo-cf-support/build/apps/plugins/puzzles/rockbox.o
 .text.pause_menu
                0x0000000001f8de94      0xcc0 /home/jbrawley/Desktop/rockbox-photo-cf-support/build/apps/plugins/puzzles/rockbox.o
 .text.process_input
                0x0000000001f8eb54      0x930 /home/jbrawley/Desktop/rockbox-photo-cf-support/build/apps/plugins/puzzles/rockbox.o
 .text.init_for_game.constprop.11
                0x0000000001f8f484      0x36c /home/jbrawley/Desktop/rockbox-photo-cf-support/build/apps/plugins/puzzles/rockbox.o
 .text.load_game
                0x0000000001f8f7f0      0x1d4 /home/jbrawley/Desktop/rockbox-photo-cf-support/build/apps/plugins/puzzles/rockbox.o
 .text.save_game
                0x0000000001f8f9c4      0x3d8 /home/jbrawley/Desktop/rockbox-photo-cf-support/build/apps/plugins/puzzles/rockbox.o
 .text.puzzles_main
                0x0000000001f8fd9c      0x4e0 /home/jbrawley/Desktop/rockbox-photo-cf-support/build/apps/plugins/puzzles/rockbox.o
 .text.get_random_seed
                0x0000000001f9027c       0x5c /home/jbrawley/Desktop/rockbox-photo-cf-support/build/apps/plugins/puzzles/rockbox.o
                0x0000000001f9027c                get_random_seed
 .text.activate_timer
                0x0000000001f902d8       0x34 /home/jbrawley/Desktop/rockbox-photo-cf-support/build/apps/plugins/puzzles/rockbox.o
                0x0000000001f902d8                activate_timer
 .text.deactivate_timer
                0x0000000001f9030c       0x14 /home/jbrawley/Desktop/rockbox-photo-cf-support/build/apps/plugins/puzzles/rockbox.o
                0x0000000001f9030c                deactivate_timer
 .text.frontend_default_colour
                0x0000000001f90320       0x18 /home/jbrawley/Desktop/rockbox-photo-cf-support/build/apps/plugins/puzzles/rockbox.o
                0x0000000001f90320                frontend_default_colour
 .text.plugin_start
                0x0000000001f90338      0x140 /home/jbrawley/Desktop/rockbox-photo-cf-support/build/apps/plugins/puzzles/rockbox.o
                0x0000000001f90338                plugin_start
 .text.sprintf_wrapper
                0x0000000001f90478       0x4c /home/jbrawley/Desktop/rockbox-photo-cf-support/build/apps/plugins/puzzles/rbwrappers.o
                0x0000000001f90478                sprintf_wrapper
 .text.getenv_wrapper
                0x0000000001f904c4       0x40 /home/jbrawley/Desktop/rockbox-photo-cf-support/build/apps/plugins/puzzles/rbwrappers.o
                0x0000000001f904c4                getenv_wrapper
 .text.sqrt_wrapper
                0x0000000001f90504       0x58 /home/jbrawley/Desktop/rockbox-photo-cf-support/build/apps/plugins/puzzles/rbwrappers.o
                0x0000000001f90504                sqrt_wrapper
 .text.strtol_wrapper
                0x0000000001f9055c      0x1f4 /home/jbrawley/Desktop/rockbox-photo-cf-support/build/apps/plugins/puzzles/rbwrappers.o
                0x0000000001f9055c                strtol_wrapper
 .text.atof_wrapper
                0x0000000001f90750      0x358 /home/jbrawley/Desktop/rockbox-photo-cf-support/build/apps/plugins/puzzles/rbwrappers.o
                0x0000000001f90750                atof_wrapper
 .text.rb_vsscanf
                0x0000000001f90aa8      0xb00 /home/jbrawley/Desktop/rockbox-photo-cf-support/build/apps/plugins/puzzles/rbwrappers.o
                0x0000000001f90aa8                rb_vsscanf
 .text.sscanf_wrapper
                0x0000000001f915a8       0x30 /home/jbrawley/Desktop/rockbox-photo-cf-support/build/apps/plugins/puzzles/rbwrappers.o
                0x0000000001f915a8                sscanf_wrapper
 .text.strcspn_wrapper
                0x0000000001f915d8       0x40 /home/jbrawley/Desktop/rockbox-photo-cf-support/build/apps/plugins/puzzles/rbwrappers.o
                0x0000000001f915d8                strcspn_wrapper
 .text.grab_audiobuf.part.0
                0x0000000001f91618       0x84 /home/jbrawley/Desktop/rockbox-photo-cf-support/build/apps/plugins/puzzles/rbmalloc.o
 .text.smalloc  0x0000000001f9169c       0x54 /home/jbrawley/Desktop/rockbox-photo-cf-support/build/apps/plugins/puzzles/rbmalloc.o
                0x0000000001f9169c                smalloc
 .text.sfree    0x0000000001f916f0       0x2c /home/jbrawley/Desktop/rockbox-photo-cf-support/build/apps/plugins/puzzles/rbmalloc.o
                0x0000000001f916f0                sfree
 .text.srealloc
                0x0000000001f9171c       0x88 /home/jbrawley/Desktop/rockbox-photo-cf-support/build/apps/plugins/puzzles/rbmalloc.o
                0x0000000001f9171c                srealloc
 .text.dupstr   0x0000000001f917a4       0x4c /home/jbrawley/Desktop/rockbox-photo-cf-support/build/apps/plugins/puzzles/rbmalloc.o
                0x0000000001f917a4                dupstr
 .text.LZ4_decompress_tiny
                0x0000000001f917f0      0x208 /home/jbrawley/Desktop/rockbox-photo-cf-support/build/apps/plugins/puzzles/lz4tiny.o
                0x0000000001f917f0                LZ4_decompress_tiny
 .text.addremcommon
                0x0000000001f919f8      0x148 /home/jbrawley/Desktop/rockbox-photo-cf-support/build/apps/plugins/puzzles/src/divvy.o
 .text.divvy_rectangle
                0x0000000001f91b40      0xae0 /home/jbrawley/Desktop/rockbox-photo-cf-support/build/apps/plugins/puzzles/src/divvy.o
                0x0000000001f91b40                divvy_rectangle
 .text.print_generic_colour
                0x0000000001f92620       0x90 /home/jbrawley/Desktop/rockbox-photo-cf-support/build/apps/plugins/puzzles/src/drawing.o
 .text.drawing_new
                0x0000000001f926b0       0x48 /home/jbrawley/Desktop/rockbox-photo-cf-support/build/apps/plugins/puzzles/src/drawing.o
                0x0000000001f926b0                drawing_new
 .text.drawing_free
                0x0000000001f926f8       0x28 /home/jbrawley/Desktop/rockbox-photo-cf-support/build/apps/plugins/puzzles/src/drawing.o
                0x0000000001f926f8                drawing_free
 .text.draw_text
                0x0000000001f92720       0x18 /home/jbrawley/Desktop/rockbox-photo-cf-support/build/apps/plugins/puzzles/src/drawing.o
                0x0000000001f92720                draw_text
 .text.draw_rect
                0x0000000001f92738       0x18 /home/jbrawley/Desktop/rockbox-photo-cf-support/build/apps/plugins/puzzles/src/drawing.o
                0x0000000001f92738                draw_rect
 .text.draw_line
                0x0000000001f92750       0x18 /home/jbrawley/Desktop/rockbox-photo-cf-support/build/apps/plugins/puzzles/src/drawing.o
                0x0000000001f92750                draw_line
 .text.draw_polygon
                0x0000000001f92768       0x18 /home/jbrawley/Desktop/rockbox-photo-cf-support/build/apps/plugins/puzzles/src/drawing.o
                0x0000000001f92768                draw_polygon
 .text.draw_update
                0x0000000001f92780       0x24 /home/jbrawley/Desktop/rockbox-photo-cf-support/build/apps/plugins/puzzles/src/drawing.o
                0x0000000001f92780                draw_update
 .text.clip     0x0000000001f927a4       0x18 /home/jbrawley/Desktop/rockbox-photo-cf-support/build/apps/plugins/puzzles/src/drawing.o
                0x0000000001f927a4                clip
 .text.unclip   0x0000000001f927bc       0x10 /home/jbrawley/Desktop/rockbox-photo-cf-support/build/apps/plugins/puzzles/src/drawing.o
                0x0000000001f927bc                unclip
 .text.start_draw
                0x0000000001f927cc       0x10 /home/jbrawley/Desktop/rockbox-photo-cf-support/build/apps/plugins/puzzles/src/drawing.o
                0x0000000001f927cc                start_draw
 .text.end_draw
                0x0000000001f927dc       0x10 /home/jbrawley/Desktop/rockbox-photo-cf-support/build/apps/plugins/puzzles/src/drawing.o
                0x0000000001f927dc                end_draw
 .text.status_bar
                0x0000000001f927ec       0xbc /home/jbrawley/Desktop/rockbox-photo-cf-support/build/apps/plugins/puzzles/src/drawing.o
                0x0000000001f927ec                status_bar
 .text.print_mono_colour
                0x0000000001f928a8       0x48 /home/jbrawley/Desktop/rockbox-photo-cf-support/build/apps/plugins/puzzles/src/drawing.o
                0x0000000001f928a8                print_mono_colour
 .text.print_grey_colour
                0x0000000001f928f0       0x34 /home/jbrawley/Desktop/rockbox-photo-cf-support/build/apps/plugins/puzzles/src/drawing.o
                0x0000000001f928f0                print_grey_colour
 .text.print_line_width
                0x0000000001f92924       0x4c /home/jbrawley/Desktop/rockbox-photo-cf-support/build/apps/plugins/puzzles/src/drawing.o
                0x0000000001f92924                print_line_width
 .text.print_line_dotted
                0x0000000001f92970       0x10 /home/jbrawley/Desktop/rockbox-photo-cf-support/build/apps/plugins/puzzles/src/drawing.o
                0x0000000001f92970                print_line_dotted
 .text.dsf_init
                0x0000000001f92980       0x20 /home/jbrawley/Desktop/rockbox-photo-cf-support/build/apps/plugins/puzzles/src/dsf.o
                0x0000000001f92980                dsf_init
 .text.snew_dsf
                0x0000000001f929a0       0x3c /home/jbrawley/Desktop/rockbox-photo-cf-support/build/apps/plugins/puzzles/src/dsf.o
                0x0000000001f929a0                snew_dsf
 .text.edsf_canonify
                0x0000000001f929dc       0xd0 /home/jbrawley/Desktop/rockbox-photo-cf-support/build/apps/plugins/puzzles/src/dsf.o
                0x0000000001f929dc                edsf_canonify
 .text.dsf_canonify
                0x0000000001f92aac        0x8 /home/jbrawley/Desktop/rockbox-photo-cf-support/build/apps/plugins/puzzles/src/dsf.o
                0x0000000001f92aac                dsf_canonify
 .text.edsf_merge
                0x0000000001f92ab4      0x15c /home/jbrawley/Desktop/rockbox-photo-cf-support/build/apps/plugins/puzzles/src/dsf.o
                0x0000000001f92ab4                edsf_merge
 .text.dsf_merge
                0x0000000001f92c10        0x8 /home/jbrawley/Desktop/rockbox-photo-cf-support/build/apps/plugins/puzzles/src/dsf.o
                0x0000000001f92c10                dsf_merge
 .text.midend_size_new_drawstate
                0x0000000001f92c18       0x50 /home/jbrawley/Desktop/rockbox-photo-cf-support/build/apps/plugins/puzzles/src/midend.o
 .text.midend_free_game
                0x0000000001f92c68       0x84 /home/jbrawley/Desktop/rockbox-photo-cf-support/build/apps/plugins/puzzles/src/midend.o
 .text.midend_free_preset_menu
                0x0000000001f92cec       0x94 /home/jbrawley/Desktop/rockbox-photo-cf-support/build/apps/plugins/puzzles/src/midend.o
 .text.midend_purge_states
                0x0000000001f92d80       0x74 /home/jbrawley/Desktop/rockbox-photo-cf-support/build/apps/plugins/puzzles/src/midend.o
 .text.preset_menu_add
                0x0000000001f92df4       0x80 /home/jbrawley/Desktop/rockbox-photo-cf-support/build/apps/plugins/puzzles/src/midend.o
 .text.newgame_serialise_write
                0x0000000001f92e74       0xa8 /home/jbrawley/Desktop/rockbox-photo-cf-support/build/apps/plugins/puzzles/src/midend.o
 .text.newgame_undo_deserialise_read
                0x0000000001f92f1c       0x4c /home/jbrawley/Desktop/rockbox-photo-cf-support/build/apps/plugins/puzzles/src/midend.o
 .text.midend_set_timer
                0x0000000001f92f68       0xa0 /home/jbrawley/Desktop/rockbox-photo-cf-support/build/apps/plugins/puzzles/src/midend.o
 .text.midend_finish_move
                0x0000000001f93008      0x110 /home/jbrawley/Desktop/rockbox-photo-cf-support/build/apps/plugins/puzzles/src/midend.o
 .text.midend_deserialise_internal
                0x0000000001f93118      0xc54 /home/jbrawley/Desktop/rockbox-photo-cf-support/build/apps/plugins/puzzles/src/midend.o
 .text.midend_game_id_int
                0x0000000001f93d6c      0x3c0 /home/jbrawley/Desktop/rockbox-photo-cf-support/build/apps/plugins/puzzles/src/midend.o
 .text.newgame_undo_deserialise_check
                0x0000000001f9412c       0xdc /home/jbrawley/Desktop/rockbox-photo-cf-support/build/apps/plugins/puzzles/src/midend.o
 .text.preset_menu_alloc_ids.isra.1
                0x0000000001f94208       0x98 /home/jbrawley/Desktop/rockbox-photo-cf-support/build/apps/plugins/puzzles/src/midend.o
 .text.preset_menu_encode_params.isra.2
                0x0000000001f942a0       0x90 /home/jbrawley/Desktop/rockbox-photo-cf-support/build/apps/plugins/puzzles/src/midend.o
 .text.midend_reset_tilesize
                0x0000000001f94330       0xec /home/jbrawley/Desktop/rockbox-photo-cf-support/build/apps/plugins/puzzles/src/midend.o
                0x0000000001f94330                midend_reset_tilesize
 .text.midend_new
                0x0000000001f9441c      0x1e0 /home/jbrawley/Desktop/rockbox-photo-cf-support/build/apps/plugins/puzzles/src/midend.o
                0x0000000001f9441c                midend_new
 .text.midend_which_game
                0x0000000001f945fc        0x8 /home/jbrawley/Desktop/rockbox-photo-cf-support/build/apps/plugins/puzzles/src/midend.o
                0x0000000001f945fc                midend_which_game
 .text.midend_free
                0x0000000001f94604       0xf4 /home/jbrawley/Desktop/rockbox-photo-cf-support/build/apps/plugins/puzzles/src/midend.o
                0x0000000001f94604                midend_free
 .text.midend_size
                0x0000000001f946f8      0x160 /home/jbrawley/Desktop/rockbox-photo-cf-support/build/apps/plugins/puzzles/src/midend.o
                0x0000000001f946f8                midend_size
 .text.midend_set_params
                0x0000000001f94858       0x40 /home/jbrawley/Desktop/rockbox-photo-cf-support/build/apps/plugins/puzzles/src/midend.o
                0x0000000001f94858                midend_set_params
 .text.midend_can_undo
                0x0000000001f94898       0x24 /home/jbrawley/Desktop/rockbox-photo-cf-support/build/apps/plugins/puzzles/src/midend.o
                0x0000000001f94898                midend_can_undo
 .text.midend_can_redo
                0x0000000001f948bc       0x28 /home/jbrawley/Desktop/rockbox-photo-cf-support/build/apps/plugins/puzzles/src/midend.o
                0x0000000001f948bc                midend_can_redo
 .text.midend_request_keys
                0x0000000001f948e4       0xa0 /home/jbrawley/Desktop/rockbox-photo-cf-support/build/apps/plugins/puzzles/src/midend.o
                0x0000000001f948e4                midend_request_keys
 .text.midend_redraw
                0x0000000001f94984      0x184 /home/jbrawley/Desktop/rockbox-photo-cf-support/build/apps/plugins/puzzles/src/midend.o
                0x0000000001f94984                midend_redraw
 .text.midend_force_redraw
                0x0000000001f94b08       0x58 /home/jbrawley/Desktop/rockbox-photo-cf-support/build/apps/plugins/puzzles/src/midend.o
                0x0000000001f94b08                midend_force_redraw
 .text.midend_stop_anim
                0x0000000001f94b60       0x44 /home/jbrawley/Desktop/rockbox-photo-cf-support/build/apps/plugins/puzzles/src/midend.o
                0x0000000001f94b60                midend_stop_anim
 .text.midend_restart_game
                0x0000000001f94ba4      0x148 /home/jbrawley/Desktop/rockbox-photo-cf-support/build/apps/plugins/puzzles/src/midend.o
                0x0000000001f94ba4                midend_restart_game
 .text.midend_timer
                0x0000000001f94cec      0x19c /home/jbrawley/Desktop/rockbox-photo-cf-support/build/apps/plugins/puzzles/src/midend.o
                0x0000000001f94cec                midend_timer
 .text.midend_colours
                0x0000000001f94e88      0x168 /home/jbrawley/Desktop/rockbox-photo-cf-support/build/apps/plugins/puzzles/src/midend.o
                0x0000000001f94e88                midend_colours
 .text.preset_menu_add_submenu
                0x0000000001f94ff0       0x30 /home/jbrawley/Desktop/rockbox-photo-cf-support/build/apps/plugins/puzzles/src/midend.o
                0x0000000001f94ff0                preset_menu_add_submenu
 .text.preset_menu_add_from_user_env
                0x0000000001f95020      0x19c /home/jbrawley/Desktop/rockbox-photo-cf-support/build/apps/plugins/puzzles/src/midend.o
 .text.midend_get_presets
                0x0000000001f951bc      0x210 /home/jbrawley/Desktop/rockbox-photo-cf-support/build/apps/plugins/puzzles/src/midend.o
                0x0000000001f951bc                midend_get_presets
 .text.midend_which_preset
                0x0000000001f953cc       0x90 /home/jbrawley/Desktop/rockbox-photo-cf-support/build/apps/plugins/puzzles/src/midend.o
                0x0000000001f953cc                midend_which_preset
 .text.midend_get_cursor_location
                0x0000000001f9545c       0xec /home/jbrawley/Desktop/rockbox-photo-cf-support/build/apps/plugins/puzzles/src/midend.o
                0x0000000001f9545c                midend_get_cursor_location
 .text.midend_get_config
                0x0000000001f95548      0x270 /home/jbrawley/Desktop/rockbox-photo-cf-support/build/apps/plugins/puzzles/src/midend.o
                0x0000000001f95548                midend_get_config
 .text.midend_set_config
                0x0000000001f957b8       0xa8 /home/jbrawley/Desktop/rockbox-photo-cf-support/build/apps/plugins/puzzles/src/midend.o
                0x0000000001f957b8                midend_set_config
 .text.midend_solve
                0x0000000001f95860      0x254 /home/jbrawley/Desktop/rockbox-photo-cf-support/build/apps/plugins/puzzles/src/midend.o
                0x0000000001f95860                midend_solve
 .text.midend_rewrite_statusbar
                0x0000000001f95ab4      0x108 /home/jbrawley/Desktop/rockbox-photo-cf-support/build/apps/plugins/puzzles/src/midend.o
                0x0000000001f95ab4                midend_rewrite_statusbar
 .text.midend_serialise
                0x0000000001f95bbc      0xbb4 /home/jbrawley/Desktop/rockbox-photo-cf-support/build/apps/plugins/puzzles/src/midend.o
                0x0000000001f95bbc                midend_serialise
 .text.midend_new_game
                0x0000000001f96770      0x3ac /home/jbrawley/Desktop/rockbox-photo-cf-support/build/apps/plugins/puzzles/src/midend.o
                0x0000000001f96770                midend_new_game
 .text.midend_really_process_key
                0x0000000001f96b1c      0x5f8 /home/jbrawley/Desktop/rockbox-photo-cf-support/build/apps/plugins/puzzles/src/midend.o
 .text.midend_process_key
                0x0000000001f97114      0x194 /home/jbrawley/Desktop/rockbox-photo-cf-support/build/apps/plugins/puzzles/src/midend.o
                0x0000000001f97114                midend_process_key
 .text.midend_deserialise
                0x0000000001f972a8       0x20 /home/jbrawley/Desktop/rockbox-photo-cf-support/build/apps/plugins/puzzles/src/midend.o
                0x0000000001f972a8                midend_deserialise
 .text.identify_game
                0x0000000001f972c8      0x278 /home/jbrawley/Desktop/rockbox-photo-cf-support/build/apps/plugins/puzzles/src/midend.o
                0x0000000001f972c8                identify_game
 .text.swap_regions
                0x0000000001f97540       0x74 /home/jbrawley/Desktop/rockbox-photo-cf-support/build/apps/plugins/puzzles/src/misc.o
 .text.free_cfg
                0x0000000001f975b4       0x5c /home/jbrawley/Desktop/rockbox-photo-cf-support/build/apps/plugins/puzzles/src/misc.o
                0x0000000001f975b4                free_cfg
 .text.free_keys
                0x0000000001f97610       0x38 /home/jbrawley/Desktop/rockbox-photo-cf-support/build/apps/plugins/puzzles/src/misc.o
                0x0000000001f97610                free_keys
 .text.obfuscate_bitmap
                0x0000000001f97648      0x1d4 /home/jbrawley/Desktop/rockbox-photo-cf-support/build/apps/plugins/puzzles/src/misc.o
                0x0000000001f97648                obfuscate_bitmap
 .text.bin2hex  0x0000000001f9781c       0x70 /home/jbrawley/Desktop/rockbox-photo-cf-support/build/apps/plugins/puzzles/src/misc.o
                0x0000000001f9781c                bin2hex
 .text.hex2bin  0x0000000001f9788c      0x118 /home/jbrawley/Desktop/rockbox-photo-cf-support/build/apps/plugins/puzzles/src/misc.o
                0x0000000001f9788c                hex2bin
 .text.shuffle  0x0000000001f979a4       0x58 /home/jbrawley/Desktop/rockbox-photo-cf-support/build/apps/plugins/puzzles/src/misc.o
                0x0000000001f979a4                shuffle
 .text.draw_rect_outline
                0x0000000001f979fc       0x68 /home/jbrawley/Desktop/rockbox-photo-cf-support/build/apps/plugins/puzzles/src/misc.o
                0x0000000001f979fc                draw_rect_outline
 .text.move_cursor
                0x0000000001f97a64       0xec /home/jbrawley/Desktop/rockbox-photo-cf-support/build/apps/plugins/puzzles/src/misc.o
                0x0000000001f97a64                move_cursor
 .text.copy_left_justified
                0x0000000001f97b50       0xb8 /home/jbrawley/Desktop/rockbox-photo-cf-support/build/apps/plugins/puzzles/src/misc.o
                0x0000000001f97b50                copy_left_justified
 .text.ftoa     0x0000000001f97c08       0x64 /home/jbrawley/Desktop/rockbox-photo-cf-support/build/apps/plugins/puzzles/src/misc.o
                0x0000000001f97c08                ftoa
 .text.button2label
                0x0000000001f97c6c      0x100 /home/jbrawley/Desktop/rockbox-photo-cf-support/build/apps/plugins/puzzles/src/misc.o
                0x0000000001f97c6c                button2label
 .text.SHA_Init
                0x0000000001f97d6c       0x54 /home/jbrawley/Desktop/rockbox-photo-cf-support/build/apps/plugins/puzzles/src/random.o
                0x0000000001f97d6c                SHA_Init
 .text.SHA_Bytes
                0x0000000001f97dc0      0x368 /home/jbrawley/Desktop/rockbox-photo-cf-support/build/apps/plugins/puzzles/src/random.o
                0x0000000001f97dc0                SHA_Bytes
 .text.SHA_Final
                0x0000000001f98128       0xf0 /home/jbrawley/Desktop/rockbox-photo-cf-support/build/apps/plugins/puzzles/src/random.o
                0x0000000001f98128                SHA_Final
 .text.SHA_Simple
                0x0000000001f98218       0x84 /home/jbrawley/Desktop/rockbox-photo-cf-support/build/apps/plugins/puzzles/src/random.o
                0x0000000001f98218                SHA_Simple
 .text.random_new
                0x0000000001f9829c       0x5c /home/jbrawley/Desktop/rockbox-photo-cf-support/build/apps/plugins/puzzles/src/random.o
                0x0000000001f9829c                random_new
 .text.random_bits
                0x0000000001f982f8       0xb8 /home/jbrawley/Desktop/rockbox-photo-cf-support/build/apps/plugins/puzzles/src/random.o
                0x0000000001f982f8                random_bits
 .text.random_upto
                0x0000000001f983b0       0x94 /home/jbrawley/Desktop/rockbox-photo-cf-support/build/apps/plugins/puzzles/src/random.o
                0x0000000001f983b0                random_upto
 .text.random_free
                0x0000000001f98444       0x10 /home/jbrawley/Desktop/rockbox-photo-cf-support/build/apps/plugins/puzzles/src/random.o
                0x0000000001f98444                random_free
 .text          0x0000000001f98454      0x214 /home/jbrawley/Desktop/rockbox-photo-cf-support/build/apps/plugins/plugin_crt0.o
                0x0000000001f9846c                plugin__start
                0x0000000001f985bc                rb_atexit
                0x0000000001f985dc                exit
                0x0000000001f985fc                _exit
                0x0000000001f98614                exit_on_usb
 .text.ls_bit   0x0000000001f98668       0x44 /home/jbrawley/Desktop/rockbox-photo-cf-support/build/lib/libtlsf.a(tlsf.o)
 .text.ms_bit   0x0000000001f986ac       0x3c /home/jbrawley/Desktop/rockbox-photo-cf-support/build/lib/libtlsf.a(tlsf.o)
 .text.set_bit  0x0000000001f986e8       0x1c /home/jbrawley/Desktop/rockbox-photo-cf-support/build/lib/libtlsf.a(tlsf.o)
 .text.clear_bit
                0x0000000001f98704       0x1c /home/jbrawley/Desktop/rockbox-photo-cf-support/build/lib/libtlsf.a(tlsf.o)
 .text.MAPPING_SEARCH
                0x0000000001f98720       0x8c /home/jbrawley/Desktop/rockbox-photo-cf-support/build/lib/libtlsf.a(tlsf.o)
 .text.FIND_SUITABLE_BLOCK
                0x0000000001f987ac       0x78 /home/jbrawley/Desktop/rockbox-photo-cf-support/build/lib/libtlsf.a(tlsf.o)
 .text.process_area
                0x0000000001f98824       0x60 /home/jbrawley/Desktop/rockbox-photo-cf-support/build/lib/libtlsf.a(tlsf.o)
 .text.MAPPING_INSERT
                0x0000000001f98884       0x5c /home/jbrawley/Desktop/rockbox-photo-cf-support/build/lib/libtlsf.a(tlsf.o)
 .text.panicf   0x0000000001f988e0        0x8 /home/jbrawley/Desktop/rockbox-photo-cf-support/build/lib/libtlsf.a(tlsf.o)
                0x0000000001f988e0                panicf
 .text.get_new_area
                0x0000000001f988e8        0x8 /home/jbrawley/Desktop/rockbox-photo-cf-support/build/lib/libtlsf.a(tlsf.o)
                0x0000000001f988e8                get_new_area
 .text.free_ex  0x0000000001f988f0      0x2a0 /home/jbrawley/Desktop/rockbox-photo-cf-support/build/lib/libtlsf.a(tlsf.o)
                0x0000000001f988f0                free_ex
 .text.init_memory_pool
                0x0000000001f98b90       0xcc /home/jbrawley/Desktop/rockbox-photo-cf-support/build/lib/libtlsf.a(tlsf.o)
                0x0000000001f98b90                init_memory_pool
 .text.add_new_area
                0x0000000001f98c5c      0x16c /home/jbrawley/Desktop/rockbox-photo-cf-support/build/lib/libtlsf.a(tlsf.o)
                0x0000000001f98c5c                add_new_area
 .text.malloc_ex
                0x0000000001f98dc8      0x260 /home/jbrawley/Desktop/rockbox-photo-cf-support/build/lib/libtlsf.a(tlsf.o)
                0x0000000001f98dc8                malloc_ex
 .text.tlsf_malloc
                0x0000000001f99028       0x60 /home/jbrawley/Desktop/rockbox-photo-cf-support/build/lib/libtlsf.a(tlsf.o)
                0x0000000001f99028                tlsf_malloc
 .text.tlsf_free
                0x0000000001f99088       0x10 /home/jbrawley/Desktop/rockbox-photo-cf-support/build/lib/libtlsf.a(tlsf.o)
                0x0000000001f99088                tlsf_free
 .text.realloc_ex
                0x0000000001f99098      0x3a8 /home/jbrawley/Desktop/rockbox-photo-cf-support/build/lib/libtlsf.a(tlsf.o)
                0x0000000001f99098                realloc_ex
 .text.tlsf_realloc
                0x0000000001f99440       0x1c /home/jbrawley/Desktop/rockbox-photo-cf-support/build/lib/libtlsf.a(tlsf.o)
                0x0000000001f99440                tlsf_realloc
 .text.memcpy   0x0000000001f9945c       0x14 /home/jbrawley/Desktop/rockbox-photo-cf-support/build/apps/plugins/libplugin.a(gcc-support.o)
                0x0000000001f9945c                memcpy
 .text.memset   0x0000000001f99470       0x14 /home/jbrawley/Desktop/rockbox-photo-cf-support/build/apps/plugins/libplugin.a(gcc-support.o)
                0x0000000001f99470                memset
 .text.memmove  0x0000000001f99484       0x14 /home/jbrawley/Desktop/rockbox-photo-cf-support/build/apps/plugins/libplugin.a(gcc-support.o)
                0x0000000001f99484                memmove
 .text.memcmp   0x0000000001f99498       0x14 /home/jbrawley/Desktop/rockbox-photo-cf-support/build/apps/plugins/libplugin.a(gcc-support.o)
                0x0000000001f99498                memcmp
 .text.sw_poweroff_disable
                0x0000000001f994ac       0x3c /home/jbrawley/Desktop/rockbox-photo-cf-support/build/apps/plugins/libplugin.a(helper.o)
                0x0000000001f994ac                sw_poweroff_disable
 .text.sw_poweroff_restore
                0x0000000001f994e8       0x20 /home/jbrawley/Desktop/rockbox-photo-cf-support/build/apps/plugins/libplugin.a(helper.o)
                0x0000000001f994e8                sw_poweroff_restore
 .text.prevtrack
                0x0000000001f99508       0x28 /home/jbrawley/Desktop/rockbox-photo-cf-support/build/apps/plugins/libplugin.a(playback_control.o)
 .text.stop     0x0000000001f99530       0x28 /home/jbrawley/Desktop/rockbox-photo-cf-support/build/apps/plugins/libplugin.a(playback_control.o)
 .text.nexttrack
                0x0000000001f99558       0x28 /home/jbrawley/Desktop/rockbox-photo-cf-support/build/apps/plugins/libplugin.a(playback_control.o)
 .text.volume   0x0000000001f99580       0x48 /home/jbrawley/Desktop/rockbox-photo-cf-support/build/apps/plugins/libplugin.a(playback_control.o)
 .text.shuffle  0x0000000001f995c8       0x50 /home/jbrawley/Desktop/rockbox-photo-cf-support/build/apps/plugins/libplugin.a(playback_control.o)
 .text.play     0x0000000001f99618       0xa0 /home/jbrawley/Desktop/rockbox-photo-cf-support/build/apps/plugins/libplugin.a(playback_control.o)
 .text.repeat_mode
                0x0000000001f996b8       0x98 /home/jbrawley/Desktop/rockbox-photo-cf-support/build/apps/plugins/libplugin.a(playback_control.o)
 .text.playback_control
                0x0000000001f99750       0x50 /home/jbrawley/Desktop/rockbox-photo-cf-support/build/apps/plugins/libplugin.a(playback_control.o)
                0x0000000001f99750                playback_control
 .text.wait_key_press
                0x0000000001f997a0       0x5c /home/jbrawley/Desktop/rockbox-photo-cf-support/build/apps/plugins/libplugin.a(display_text.o)
 .text.display_text
                0x0000000001f997fc      0x384 /home/jbrawley/Desktop/rockbox-photo-cf-support/build/apps/plugins/libplugin.a(display_text.o)
                0x0000000001f997fc                display_text
 .text.strncpy  0x0000000001f99b80       0x38 /home/jbrawley/Desktop/rockbox-photo-cf-support/build/apps/plugins/libplugin.a(strncpy.o)
                0x0000000001f99b80                strncpy
 .text.xlcd_filltriangle_screen
                0x0000000001f99bb8      0x398 /home/jbrawley/Desktop/rockbox-photo-cf-support/build/apps/plugins/libplugin.a(xlcd_draw.o)
                0x0000000001f99bb8                xlcd_filltriangle_screen
 .text.xlcd_filltriangle
                0x0000000001f99f50       0x50 /home/jbrawley/Desktop/rockbox-photo-cf-support/build/apps/plugins/libplugin.a(xlcd_draw.o)
                0x0000000001f99f50                xlcd_filltriangle
 .text.xlcd_fillcircle_screen
                0x0000000001f99fa0      0x17c /home/jbrawley/Desktop/rockbox-photo-cf-support/build/apps/plugins/libplugin.a(xlcd_draw.o)
                0x0000000001f99fa0                xlcd_fillcircle_screen
 .text.xlcd_fillcircle
                0x0000000001f9a11c       0x30 /home/jbrawley/Desktop/rockbox-photo-cf-support/build/apps/plugins/libplugin.a(xlcd_draw.o)
                0x0000000001f9a11c                xlcd_fillcircle
 .text.xlcd_drawcircle_screen
                0x0000000001f9a14c      0x128 /home/jbrawley/Desktop/rockbox-photo-cf-support/build/apps/plugins/libplugin.a(xlcd_draw.o)
                0x0000000001f9a14c                xlcd_drawcircle_screen
 .text.xlcd_drawcircle
                0x0000000001f9a274       0x30 /home/jbrawley/Desktop/rockbox-photo-cf-support/build/apps/plugins/libplugin.a(xlcd_draw.o)
                0x0000000001f9a274                xlcd_drawcircle
 .text          0x0000000001f9a2a4       0x1c /home/jbrawley/Desktop/rockbox-photo-cf-support/build/lib/libsetjmp.a(setjmp.o)
                0x0000000001f9a2a4                setjmp
                0x0000000001f9a2b0                longjmp
 .text          0x0000000001f9a2c0      0x114 /usr/local/lib/gcc/arm-elf-eabi/4.9.4/libgcc.a(_udivsi3.o)
                0x0000000001f9a2c0                __udivsi3
                0x0000000001f9a2c0                __aeabi_uidiv
                0x0000000001f9a3b4                __aeabi_uidivmod
 .text          0x0000000001f9a3d4      0x148 /usr/local/lib/gcc/arm-elf-eabi/4.9.4/libgcc.a(_divsi3.o)
                0x0000000001f9a3d4                __aeabi_idiv
                0x0000000001f9a3d4                __divsi3
                0x0000000001f9a4fc                __aeabi_idivmod
 .text          0x0000000001f9a51c        0x4 /usr/local/lib/gcc/arm-elf-eabi/4.9.4/libgcc.a(_dvmd_tls.o)
                0x0000000001f9a51c                __aeabi_ldiv0
                0x0000000001f9a51c                __aeabi_idiv0
 .text          0x0000000001f9a520      0x41c /usr/local/lib/gcc/arm-elf-eabi/4.9.4/libgcc.a(_arm_addsubdf3.o)
                0x0000000001f9a520                __aeabi_drsub
                0x0000000001f9a528                __aeabi_dsub
                0x0000000001f9a528                __subdf3
                0x0000000001f9a52c                __adddf3
                0x0000000001f9a52c                __aeabi_dadd
                0x0000000001f9a83c                __aeabi_ui2d
                0x0000000001f9a83c                __floatunsidf
                0x0000000001f9a860                __floatsidf
                0x0000000001f9a860                __aeabi_i2d
                0x0000000001f9a888                __extendsfdf2
                0x0000000001f9a888                __aeabi_f2d
                0x0000000001f9a8c8                __aeabi_ul2d
                0x0000000001f9a8c8                __floatundidf
                0x0000000001f9a8dc                __floatdidf
                0x0000000001f9a8dc                __aeabi_l2d
 .text          0x0000000001f9a93c      0x49c /usr/local/lib/gcc/arm-elf-eabi/4.9.4/libgcc.a(_arm_muldivdf3.o)
                0x0000000001f9a93c                __aeabi_dmul
                0x0000000001f9a93c                __muldf3
                0x0000000001f9abcc                __aeabi_ddiv
                0x0000000001f9abcc                __divdf3
 .text          0x0000000001f9add8       0x5c /usr/local/lib/gcc/arm-elf-eabi/4.9.4/libgcc.a(_arm_fixdfsi.o)
                0x0000000001f9add8                __fixdfsi
                0x0000000001f9add8                __aeabi_d2iz
 .text          0x0000000001f9ae34       0xa0 /usr/local/lib/gcc/arm-elf-eabi/4.9.4/libgcc.a(_arm_truncdfsf2.o)
                0x0000000001f9ae34                __aeabi_d2f
                0x0000000001f9ae34                __truncdfsf2
 .text          0x0000000001f9aed4      0x2ac /usr/local/lib/gcc/arm-elf-eabi/4.9.4/libgcc.a(_arm_addsubsf3.o)
                0x0000000001f9aed4                __aeabi_frsub
                0x0000000001f9aedc                __subsf3
                0x0000000001f9aedc                __aeabi_fsub
                0x0000000001f9aee0                __aeabi_fadd
                0x0000000001f9aee0                __addsf3
                0x0000000001f9b09c                __aeabi_ui2f
                0x0000000001f9b09c                __floatunsisf
                0x0000000001f9b0a4                __aeabi_i2f
                0x0000000001f9b0a4                __floatsisf
                0x0000000001f9b0c4                __floatundisf
                0x0000000001f9b0c4                __aeabi_ul2f
                0x0000000001f9b0d4                __floatdisf
                0x0000000001f9b0d4                __aeabi_l2f
 .text          0x0000000001f9b180      0x2f8 /usr/local/lib/gcc/arm-elf-eabi/4.9.4/libgcc.a(_arm_muldivsf3.o)
                0x0000000001f9b180                __mulsf3
                0x0000000001f9b180                __aeabi_fmul
                0x0000000001f9b318                __divsf3
                0x0000000001f9b318                __aeabi_fdiv
 .text          0x0000000001f9b478      0x114 /usr/local/lib/gcc/arm-elf-eabi/4.9.4/libgcc.a(_arm_cmpsf2.o)
                0x0000000001f9b478                __gtsf2
                0x0000000001f9b478                __gesf2
                0x0000000001f9b480                __lesf2
                0x0000000001f9b480                __ltsf2
                0x0000000001f9b488                __nesf2
                0x0000000001f9b488                __eqsf2
                0x0000000001f9b488                __cmpsf2
                0x0000000001f9b4ec                __aeabi_cfrcmple
                0x0000000001f9b4fc                __aeabi_cfcmple
                0x0000000001f9b4fc                __aeabi_cfcmpeq
                0x0000000001f9b514                __aeabi_fcmpeq
                0x0000000001f9b52c                __aeabi_fcmplt
                0x0000000001f9b544                __aeabi_fcmple
                0x0000000001f9b55c                __aeabi_fcmpge
                0x0000000001f9b574                __aeabi_fcmpgt
 .text          0x0000000001f9b58c       0x5c /usr/local/lib/gcc/arm-elf-eabi/4.9.4/libgcc.a(_arm_fixsfsi.o)
                0x0000000001f9b58c                __fixsfsi
                0x0000000001f9b58c                __aeabi_f2iz
 .text          0x0000000001f9b5e8       0x48 /usr/local/lib/gcc/arm-elf-eabi/4.9.4/libgcc.a(_clzsi2.o)
                0x0000000001f9b5e8                __clzsi2
 .text          0x0000000001f9b630       0x48 /usr/local/lib/gcc/arm-elf-eabi/4.9.4/libgcc.a(_aeabi_ldivmod.o)
                0x0000000001f9b630                __aeabi_ldivmod
 .text          0x0000000001f9b678       0x84 /usr/local/lib/gcc/arm-elf-eabi/4.9.4/libgcc.a(bpabi.o)
                0x0000000001f9b678                __gnu_ldivmod_helper
                0x0000000001f9b6bc                __gnu_uldivmod_helper
 .text          0x0000000001f9b6fc      0x178 /usr/local/lib/gcc/arm-elf-eabi/4.9.4/libgcc.a(_divdi3.o)
                0x0000000001f9b6fc                __divdi3
 .text          0x0000000001f9b874      0x120 /usr/local/lib/gcc/arm-elf-eabi/4.9.4/libgcc.a(_udivdi3.o)
                0x0000000001f9b874                __udivdi3
 .text          0x0000000001f9b994       0x28 /usr/local/lib/gcc/arm-elf-eabi/4.9.4/libgcc.a(_clzdi2.o)
                0x0000000001f9b994                __clzdi2
 *(.glue_7)
 .glue_7        0x0000000001f9b9bc        0x0 linker stubs
 *(.glue_7t)
 .glue_7t       0x0000000001f9b9bc        0x0 linker stubs

.vfp11_veneer   0x0000000001f9b9bc        0x0
 .vfp11_veneer  0x0000000001f9b9bc        0x0 linker stubs

.v4_bx          0x0000000001f9b9bc        0x0
 .v4_bx         0x0000000001f9b9bc        0x0 linker stubs

.iplt           0x0000000001f9b9bc        0x0
 .iplt          0x0000000001f9b9bc        0x0 /home/jbrawley/Desktop/rockbox-photo-cf-support/build/apps/plugins/puzzles/src/solo.o

.rodata         0x0000000001f9b9bc     0x3fa0
 *(.rodata*)
 .rodata.thegame
                0x0000000001f9b9bc       0xc4 /home/jbrawley/Desktop/rockbox-photo-cf-support/build/apps/plugins/puzzles/src/solo.o
                0x0000000001f9b9bc                thegame
 .rodata.str1.4
                0x0000000001f9ba80     0x10e5 /home/jbrawley/Desktop/rockbox-photo-cf-support/build/apps/plugins/puzzles/src/solo.o
                                       0x10f9 (size before relaxing)
 *fill*         0x0000000001f9cb65        0x3 
 .rodata.presets.12959
                0x0000000001f9cb68      0x1c0 /home/jbrawley/Desktop/rockbox-photo-cf-support/build/apps/plugins/puzzles/src/solo.o
 .rodata.help_text_len
                0x0000000001f9cd28        0x2 /home/jbrawley/Desktop/rockbox-photo-cf-support/build/apps/plugins/puzzles/help/solo.o
                0x0000000001f9cd28                help_text_len
 .rodata.help_text_words
                0x0000000001f9cd2a        0x2 /home/jbrawley/Desktop/rockbox-photo-cf-support/build/apps/plugins/puzzles/help/solo.o
                0x0000000001f9cd2a                help_text_words
 .rodata.help_text
                0x0000000001f9cd2c      0xe33 /home/jbrawley/Desktop/rockbox-photo-cf-support/build/apps/plugins/puzzles/help/solo.o
                0x0000000001f9cd2c                help_text
 *fill*         0x0000000001f9db5f        0x1 
 .rodata.quick_help_text
                0x0000000001f9db60       0x58 /home/jbrawley/Desktop/rockbox-photo-cf-support/build/apps/plugins/puzzles/help/solo.o
                0x0000000001f9db60                quick_help_text
 .rodata.menu__.14068
                0x0000000001f9dbb8        0xc /home/jbrawley/Desktop/rockbox-photo-cf-support/build/apps/plugins/puzzles/rockbox.o
 .rodata.menu.14069
                0x0000000001f9dbc4        0xc /home/jbrawley/Desktop/rockbox-photo-cf-support/build/apps/plugins/puzzles/rockbox.o
 .rodata.menu__.13902
                0x0000000001f9dbd0        0xc /home/jbrawley/Desktop/rockbox-photo-cf-support/build/apps/plugins/puzzles/rockbox.o
 .rodata.menu__.13845
                0x0000000001f9dbdc        0xc /home/jbrawley/Desktop/rockbox-photo-cf-support/build/apps/plugins/puzzles/rockbox.o
 .rodata.menu.13846
                0x0000000001f9dbe8        0xc /home/jbrawley/Desktop/rockbox-photo-cf-support/build/apps/plugins/puzzles/rockbox.o
 .rodata.rb_drawing
                0x0000000001f9dbf4       0x64 /home/jbrawley/Desktop/rockbox-photo-cf-support/build/apps/plugins/puzzles/rockbox.o
                0x0000000001f9dbf4                rb_drawing
 .rodata.menu.13903
                0x0000000001f9dc58        0xc /home/jbrawley/Desktop/rockbox-photo-cf-support/build/apps/plugins/puzzles/rockbox.o
 .rodata.str1.4
                0x0000000001f9dc64      0x69f /home/jbrawley/Desktop/rockbox-photo-cf-support/build/apps/plugins/puzzles/rockbox.o
                                        0x6b7 (size before relaxing)
 *fill*         0x0000000001f9e303        0x1 
 .rodata.basefix.13133
                0x0000000001f9e304       0x22 /home/jbrawley/Desktop/rockbox-photo-cf-support/build/apps/plugins/puzzles/rbwrappers.o
 *fill*         0x0000000001f9e326        0x2 
 .rodata.str1.4
                0x0000000001f9e328        0xf /home/jbrawley/Desktop/rockbox-photo-cf-support/build/apps/plugins/puzzles/rbwrappers.o
                                         0x13 (size before relaxing)
 *fill*         0x0000000001f9e337        0x1 
 .rodata.str1.4
                0x0000000001f9e338        0xe /home/jbrawley/Desktop/rockbox-photo-cf-support/build/apps/plugins/puzzles/rbmalloc.o
 *fill*         0x0000000001f9e346        0x2 
 .rodata        0x0000000001f9e348       0x10 /home/jbrawley/Desktop/rockbox-photo-cf-support/build/apps/plugins/puzzles/lz4tiny.o
 .rodata.str1.4
                0x0000000001f9e358      0x191 /home/jbrawley/Desktop/rockbox-photo-cf-support/build/apps/plugins/puzzles/src/divvy.o
 *fill*         0x0000000001f9e4e9        0x3 
 .rodata.str1.4
                0x0000000001f9e4ec       0xfd /home/jbrawley/Desktop/rockbox-photo-cf-support/build/apps/plugins/puzzles/src/drawing.o
 *fill*         0x0000000001f9e5e9        0x3 
 .rodata.str1.4
                0x0000000001f9e5ec      0x15a /home/jbrawley/Desktop/rockbox-photo-cf-support/build/apps/plugins/puzzles/src/dsf.o
 *fill*         0x0000000001f9e746        0x2 
 .rodata.str1.4
                0x0000000001f9e748      0x8a1 /home/jbrawley/Desktop/rockbox-photo-cf-support/build/apps/plugins/puzzles/src/midend.o
                                        0x8b9 (size before relaxing)
 *fill*         0x0000000001f9efe9        0x3 
 .rodata.str1.4
                0x0000000001f9efec      0x1d4 /home/jbrawley/Desktop/rockbox-photo-cf-support/build/apps/plugins/puzzles/src/misc.o
                                        0x1d8 (size before relaxing)
 .rodata.str1.4
                0x0000000001f9f1c0       0x88 /home/jbrawley/Desktop/rockbox-photo-cf-support/build/apps/plugins/puzzles/src/random.o
                                         0x85 (size before relaxing)
 .rodata        0x0000000001f9f248      0x400 /home/jbrawley/Desktop/rockbox-photo-cf-support/build/lib/libtlsf.a(tlsf.o)
 .rodata.str1.1
                0x0000000001f9f648       0xa2 /home/jbrawley/Desktop/rockbox-photo-cf-support/build/lib/libtlsf.a(tlsf.o)
 *fill*         0x0000000001f9f6ea        0x2 
 .rodata.stop_item
                0x0000000001f9f6ec        0xc /home/jbrawley/Desktop/rockbox-photo-cf-support/build/apps/plugins/libplugin.a(playback_control.o)
                0x0000000001f9f6ec                stop_item
 .rodata.nexttrack_item_
                0x0000000001f9f6f8        0xc /home/jbrawley/Desktop/rockbox-photo-cf-support/build/apps/plugins/libplugin.a(playback_control.o)
 .rodata.playpause_item__
                0x0000000001f9f704        0x4 /home/jbrawley/Desktop/rockbox-photo-cf-support/build/apps/plugins/libplugin.a(playback_control.o)
 .rodata.prevtrack_item_
                0x0000000001f9f708        0xc /home/jbrawley/Desktop/rockbox-photo-cf-support/build/apps/plugins/libplugin.a(playback_control.o)
 .rodata.playback_control_menu
                0x0000000001f9f714        0xc /home/jbrawley/Desktop/rockbox-photo-cf-support/build/apps/plugins/libplugin.a(playback_control.o)
                0x0000000001f9f714                playback_control_menu
 .rodata.prevtrack_item__
                0x0000000001f9f720        0x4 /home/jbrawley/Desktop/rockbox-photo-cf-support/build/apps/plugins/libplugin.a(playback_control.o)
 .rodata.playback_control_menu__
                0x0000000001f9f724        0xc /home/jbrawley/Desktop/rockbox-photo-cf-support/build/apps/plugins/libplugin.a(playback_control.o)
 .rodata.nexttrack_item
                0x0000000001f9f730        0xc /home/jbrawley/Desktop/rockbox-photo-cf-support/build/apps/plugins/libplugin.a(playback_control.o)
                0x0000000001f9f730                nexttrack_item
 .rodata.volume_item__
                0x0000000001f9f73c        0x4 /home/jbrawley/Desktop/rockbox-photo-cf-support/build/apps/plugins/libplugin.a(playback_control.o)
 .rodata.repeat_mode_item
                0x0000000001f9f740        0xc /home/jbrawley/Desktop/rockbox-photo-cf-support/build/apps/plugins/libplugin.a(playback_control.o)
                0x0000000001f9f740                repeat_mode_item
 .rodata.volume_item_
                0x0000000001f9f74c        0xc /home/jbrawley/Desktop/rockbox-photo-cf-support/build/apps/plugins/libplugin.a(playback_control.o)
 .rodata.str1.1
                0x0000000001f9f758       0x16 /home/jbrawley/Desktop/rockbox-photo-cf-support/build/apps/plugins/libplugin.a(playback_control.o)
 *fill*         0x0000000001f9f76e        0x2 
 .rodata.prevtrack_item
                0x0000000001f9f770        0xc /home/jbrawley/Desktop/rockbox-photo-cf-support/build/apps/plugins/libplugin.a(playback_control.o)
                0x0000000001f9f770                prevtrack_item
 .rodata.stop_item_
                0x0000000001f9f77c        0xc /home/jbrawley/Desktop/rockbox-photo-cf-support/build/apps/plugins/libplugin.a(playback_control.o)
 .rodata.stop_item__
                0x0000000001f9f788        0x4 /home/jbrawley/Desktop/rockbox-photo-cf-support/build/apps/plugins/libplugin.a(playback_control.o)
 .rodata.nexttrack_item__
                0x0000000001f9f78c        0x4 /home/jbrawley/Desktop/rockbox-photo-cf-support/build/apps/plugins/libplugin.a(playback_control.o)
 .rodata.shuffle_item__
                0x0000000001f9f790        0x4 /home/jbrawley/Desktop/rockbox-photo-cf-support/build/apps/plugins/libplugin.a(playback_control.o)
 .rodata.shuffle_item_
                0x0000000001f9f794        0xc /home/jbrawley/Desktop/rockbox-photo-cf-support/build/apps/plugins/libplugin.a(playback_control.o)
 .rodata.playpause_item_
                0x0000000001f9f7a0        0xc /home/jbrawley/Desktop/rockbox-photo-cf-support/build/apps/plugins/libplugin.a(playback_control.o)
 .rodata.repeat_mode_item_
                0x0000000001f9f7ac        0xc /home/jbrawley/Desktop/rockbox-photo-cf-support/build/apps/plugins/libplugin.a(playback_control.o)
 .rodata.volume_item
                0x0000000001f9f7b8        0xc /home/jbrawley/Desktop/rockbox-photo-cf-support/build/apps/plugins/libplugin.a(playback_control.o)
                0x0000000001f9f7b8                volume_item
 .rodata.repeat_mode_item__
                0x0000000001f9f7c4        0x4 /home/jbrawley/Desktop/rockbox-photo-cf-support/build/apps/plugins/libplugin.a(playback_control.o)
 .rodata.shuffle_item
                0x0000000001f9f7c8        0xc /home/jbrawley/Desktop/rockbox-photo-cf-support/build/apps/plugins/libplugin.a(playback_control.o)
                0x0000000001f9f7c8                shuffle_item
 .rodata.playpause_item
                0x0000000001f9f7d4        0xc /home/jbrawley/Desktop/rockbox-photo-cf-support/build/apps/plugins/libplugin.a(playback_control.o)
                0x0000000001f9f7d4                playpause_item
 .rodata.str1.1
                0x0000000001f9f7e0        0x2 /home/jbrawley/Desktop/rockbox-photo-cf-support/build/apps/plugins/libplugin.a(display_text.o)
                                          0x3 (size before relaxing)
 *fill*         0x0000000001f9f7e2        0x2 
 .rodata        0x0000000001f9f7e4      0x178 /home/jbrawley/Desktop/rockbox-photo-cf-support/build/apps/plugins/bitmaps/libpluginbitmaps.a(puzzles_cursor.11x16x24.o)
                0x0000000001f9f7e4                bm_puzzles_cursor
                0x0000000001f9f7fc                puzzles_cursor

.ARM.exidx      0x0000000001f9f95c        0x8
 .ARM.exidx     0x0000000001f9f95c        0x8 /usr/local/lib/gcc/arm-elf-eabi/4.9.4/libgcc.a(_divdi3.o)
 .ARM.exidx     0x0000000001f9f964        0x0 /usr/local/lib/gcc/arm-elf-eabi/4.9.4/libgcc.a(_udivdi3.o)
                                          0x8 (size before relaxing)

.rel.dyn        0x0000000001f9f964        0x0
 .rel.iplt      0x0000000001f9f964        0x0 /home/jbrawley/Desktop/rockbox-photo-cf-support/build/apps/plugins/puzzles/src/solo.o

.data           0x0000000001f9f964      0x190
 *(.data*)
 .data.help_text_style
                0x0000000001f9f964       0x1c /home/jbrawley/Desktop/rockbox-photo-cf-support/build/apps/plugins/puzzles/help/solo.o
                0x0000000001f9f964                help_text_style
 .data.allow_repeats.13976
                0x0000000001f9f980        0x8 /home/jbrawley/Desktop/rockbox-photo-cf-support/build/apps/plugins/puzzles/rockbox.o
 .data.ud_d     0x0000000001f9f988        0x4 /home/jbrawley/Desktop/rockbox-photo-cf-support/build/apps/plugins/puzzles/rockbox.o
 .data.zoom_y   0x0000000001f9f98c        0x4 /home/jbrawley/Desktop/rockbox-photo-cf-support/build/apps/plugins/puzzles/rockbox.o
 .data.ud_r     0x0000000001f9f990        0x4 /home/jbrawley/Desktop/rockbox-photo-cf-support/build/apps/plugins/puzzles/rockbox.o
 .data.force_center_games.13980
                0x0000000001f9f994        0x8 /home/jbrawley/Desktop/rockbox-photo-cf-support/build/apps/plugins/puzzles/rockbox.o
 .data.thread   0x0000000001f9f99c        0x4 /home/jbrawley/Desktop/rockbox-photo-cf-support/build/apps/plugins/puzzles/rockbox.o
 .data.def.13787
                0x0000000001f9f9a0        0xa /home/jbrawley/Desktop/rockbox-photo-cf-support/build/apps/plugins/puzzles/rockbox.o
 *fill*         0x0000000001f9f9aa        0x2 
 .data.menu_.14067
                0x0000000001f9f9ac       0x24 /home/jbrawley/Desktop/rockbox-photo-cf-support/build/apps/plugins/puzzles/rockbox.o
 .data.menu_.13901
                0x0000000001f9f9d0       0x3c /home/jbrawley/Desktop/rockbox-photo-cf-support/build/apps/plugins/puzzles/rockbox.o
 .data.access_counter
                0x0000000001f9fa0c        0x4 /home/jbrawley/Desktop/rockbox-photo-cf-support/build/apps/plugins/puzzles/rockbox.o
 .data.no_rclick_on_hold.13977
                0x0000000001f9fa10       0x10 /home/jbrawley/Desktop/rockbox-photo-cf-support/build/apps/plugins/puzzles/rockbox.o
 .data.v.13593  0x0000000001f9fa20        0x4 /home/jbrawley/Desktop/rockbox-photo-cf-support/build/apps/plugins/puzzles/rockbox.o
 .data.zoom_x   0x0000000001f9fa24        0x4 /home/jbrawley/Desktop/rockbox-photo-cf-support/build/apps/plugins/puzzles/rockbox.o
 .data.want_spacebar.13974
                0x0000000001f9fa28       0x18 /home/jbrawley/Desktop/rockbox-photo-cf-support/build/apps/plugins/puzzles/rockbox.o
 .data.mouse_games.13978
                0x0000000001f9fa40        0x8 /home/jbrawley/Desktop/rockbox-photo-cf-support/build/apps/plugins/puzzles/rockbox.o
 .data.menu_.13844
                0x0000000001f9fa48       0x40 /home/jbrawley/Desktop/rockbox-photo-cf-support/build/apps/plugins/puzzles/rockbox.o
 .data.falling_edge.13975
                0x0000000001f9fa88       0x1c /home/jbrawley/Desktop/rockbox-photo-cf-support/build/apps/plugins/puzzles/rockbox.o
 .data.accept_input
                0x0000000001f9faa4        0x1 /home/jbrawley/Desktop/rockbox-photo-cf-support/build/apps/plugins/puzzles/rockbox.o
 *fill*         0x0000000001f9faa5        0x3 
 .data.number_chooser_games.13979
                0x0000000001f9faa8       0x1c /home/jbrawley/Desktop/rockbox-photo-cf-support/build/apps/plugins/puzzles/rockbox.o
 .data.shortcuts_ok.13614
                0x0000000001f9fac4        0x1 /home/jbrawley/Desktop/rockbox-photo-cf-support/build/apps/plugins/puzzles/rockbox.o
 *fill*         0x0000000001f9fac5        0x3 
 .data.cur_font
                0x0000000001f9fac8        0x4 /home/jbrawley/Desktop/rockbox-photo-cf-support/build/apps/plugins/puzzles/rockbox.o
 .data.view_mode
                0x0000000001f9facc        0x1 /home/jbrawley/Desktop/rockbox-photo-cf-support/build/apps/plugins/puzzles/rockbox.o
 .data.audiobuf_available
                0x0000000001f9facd        0x1 /home/jbrawley/Desktop/rockbox-photo-cf-support/build/apps/plugins/puzzles/rbmalloc.o
                0x0000000001f9facd                audiobuf_available
 *fill*         0x0000000001f9face        0x2 
 .data          0x0000000001f9fad0        0x4 /home/jbrawley/Desktop/rockbox-photo-cf-support/build/apps/plugins/plugin_crt0.o
                0x0000000001f9fad0                rb
 .data.original_sw_poweroff_state
                0x0000000001f9fad4        0x1 /home/jbrawley/Desktop/rockbox-photo-cf-support/build/apps/plugins/libplugin.a(helper.o)
 *fill*         0x0000000001f9fad5        0x3 
 .data.playback_control_menu_
                0x0000000001f9fad8       0x1c /home/jbrawley/Desktop/rockbox-photo-cf-support/build/apps/plugins/libplugin.a(playback_control.o)

.igot.plt       0x0000000001f9faf4        0x0
 .igot.plt      0x0000000001f9faf4        0x0 /home/jbrawley/Desktop/rockbox-photo-cf-support/build/apps/plugins/puzzles/src/solo.o

.ncdata         0x0000000011f9faf4        0xc load address 0x0000000001f9faf4
                0x0000000011f9fb00                . = ALIGN (0x10)
 *fill*         0x0000000011f9faf4        0xc 
 *(.ncdata*)
                0x0000000011f9fb00                . = ALIGN (0x10)
                0x0000000001f9fb00                bssaddr = (. - 0x10000000)
                0x0000000001f9fb00                iramcopy = (. - 0x10000000)

/DISCARD/
 *(.eh_frame)

.bss            0x0000000001f9fb00      0xba0
                0x0000000001f9fb00                plugin_bss_start = .
                0x0000000001f9fb00                _plugin_bss_start = .
 *(.bss*)
 .bss.sum_bits2
                0x0000000001f9fb00      0x168 /home/jbrawley/Desktop/rockbox-photo-cf-support/build/apps/plugins/puzzles/src/solo.o
 .bss.sum_bits3
                0x0000000001f9fc68      0x320 /home/jbrawley/Desktop/rockbox-photo-cf-support/build/apps/plugins/puzzles/src/solo.o
 .bss.sum_bits4
                0x0000000001f9ff88      0x5d0 /home/jbrawley/Desktop/rockbox-photo-cf-support/build/apps/plugins/puzzles/src/solo.o
 .bss.held_count.13592
                0x0000000001fa0558        0x4 /home/jbrawley/Desktop/rockbox-photo-cf-support/build/apps/plugins/puzzles/rockbox.o
 .bss.zoom_clipl
                0x0000000001fa055c        0x4 /home/jbrawley/Desktop/rockbox-photo-cf-support/build/apps/plugins/puzzles/rockbox.o
 .bss.zoom_force_center
                0x0000000001fa0560        0x1 /home/jbrawley/Desktop/rockbox-photo-cf-support/build/apps/plugins/puzzles/rockbox.o
 .bss.mouse_mode
                0x0000000001fa0561        0x1 /home/jbrawley/Desktop/rockbox-photo-cf-support/build/apps/plugins/puzzles/rockbox.o
 *fill*         0x0000000001fa0562        0x2 
 .bss.zoom_clipr
                0x0000000001fa0564        0x4 /home/jbrawley/Desktop/rockbox-photo-cf-support/build/apps/plugins/puzzles/rockbox.o
 .bss.zoom_clipu
                0x0000000001fa0568        0x4 /home/jbrawley/Desktop/rockbox-photo-cf-support/build/apps/plugins/puzzles/rockbox.o
 .bss.colors    0x0000000001fa056c        0x4 /home/jbrawley/Desktop/rockbox-photo-cf-support/build/apps/plugins/puzzles/rockbox.o
 .bss.input_settings
                0x0000000001fa0570        0x5 /home/jbrawley/Desktop/rockbox-photo-cf-support/build/apps/plugins/puzzles/rockbox.o
 .bss.zoom_enabled
                0x0000000001fa0575        0x1 /home/jbrawley/Desktop/rockbox-photo-cf-support/build/apps/plugins/puzzles/rockbox.o
 *fill*         0x0000000001fa0576        0x2 
 .bss.loaded_fonts
                0x0000000001fa0578        0x4 /home/jbrawley/Desktop/rockbox-photo-cf-support/build/apps/plugins/puzzles/rockbox.o
 .bss.giant_buffer_len
                0x0000000001fa057c        0x4 /home/jbrawley/Desktop/rockbox-photo-cf-support/build/apps/plugins/puzzles/rockbox.o
 .bss.zoom_h    0x0000000001fa0580        0x4 /home/jbrawley/Desktop/rockbox-photo-cf-support/build/apps/plugins/puzzles/rockbox.o
 .bss.clip_rect
                0x0000000001fa0584       0x28 /home/jbrawley/Desktop/rockbox-photo-cf-support/build/apps/plugins/puzzles/rockbox.o
 .bss.clipped   0x0000000001fa05ac        0x1 /home/jbrawley/Desktop/rockbox-photo-cf-support/build/apps/plugins/puzzles/rockbox.o
 *fill*         0x0000000001fa05ad        0x3 
 .bss.ud_l      0x0000000001fa05b0        0x4 /home/jbrawley/Desktop/rockbox-photo-cf-support/build/apps/plugins/puzzles/rockbox.o
 .bss.zoom_w    0x0000000001fa05b4        0x4 /home/jbrawley/Desktop/rockbox-photo-cf-support/build/apps/plugins/puzzles/rockbox.o
 .bss.ud_u      0x0000000001fa05b8        0x4 /home/jbrawley/Desktop/rockbox-photo-cf-support/build/apps/plugins/puzzles/rockbox.o
 .bss.lcd_fb    0x0000000001fa05bc        0x4 /home/jbrawley/Desktop/rockbox-photo-cf-support/build/apps/plugins/puzzles/rockbox.o
 .bss.me        0x0000000001fa05c0        0x4 /home/jbrawley/Desktop/rockbox-photo-cf-support/build/apps/plugins/puzzles/rockbox.o
 .bss.titlebar  0x0000000001fa05c4        0x4 /home/jbrawley/Desktop/rockbox-photo-cf-support/build/apps/plugins/puzzles/rockbox.o
 .bss.giant_buffer
                0x0000000001fa05c8        0x4 /home/jbrawley/Desktop/rockbox-photo-cf-support/build/apps/plugins/puzzles/rockbox.o
                0x0000000001fa05c8                giant_buffer
 .bss.timer_on  0x0000000001fa05cc        0x1 /home/jbrawley/Desktop/rockbox-photo-cf-support/build/apps/plugins/puzzles/rockbox.o
 .bss.need_draw_update
                0x0000000001fa05cd        0x1 /home/jbrawley/Desktop/rockbox-photo-cf-support/build/apps/plugins/puzzles/rockbox.o
 .bss.load_success
                0x0000000001fa05ce        0x1 /home/jbrawley/Desktop/rockbox-photo-cf-support/build/apps/plugins/puzzles/rockbox.o
 *fill*         0x0000000001fa05cf        0x1 
 .bss.last_keystate
                0x0000000001fa05d0        0x4 /home/jbrawley/Desktop/rockbox-photo-cf-support/build/apps/plugins/puzzles/rockbox.o
 .bss.n_fonts   0x0000000001fa05d4        0x4 /home/jbrawley/Desktop/rockbox-photo-cf-support/build/apps/plugins/puzzles/rockbox.o
 .bss.ncolors   0x0000000001fa05d8        0x4 /home/jbrawley/Desktop/rockbox-photo-cf-support/build/apps/plugins/puzzles/rockbox.o
 .bss.mouse_bl  0x0000000001fa05dc        0x4 /home/jbrawley/Desktop/rockbox-photo-cf-support/build/apps/plugins/puzzles/rockbox.o
 .bss.help_times
                0x0000000001fa05e0        0x4 /home/jbrawley/Desktop/rockbox-photo-cf-support/build/apps/plugins/puzzles/rockbox.o
 .bss.what.13554
                0x0000000001fa05e4        0x1 /home/jbrawley/Desktop/rockbox-photo-cf-support/build/apps/plugins/puzzles/rockbox.o
 *fill*         0x0000000001fa05e5        0x3 
 .bss.zoom_fb   0x0000000001fa05e8        0x4 /home/jbrawley/Desktop/rockbox-photo-cf-support/build/apps/plugins/puzzles/rockbox.o
 .bss.menu_desc
                0x0000000001fa05ec       0x20 /home/jbrawley/Desktop/rockbox-photo-cf-support/build/apps/plugins/puzzles/rockbox.o
 .bss.last_tstamp
                0x0000000001fa060c        0x4 /home/jbrawley/Desktop/rockbox-photo-cf-support/build/apps/plugins/puzzles/rockbox.o
 .bss.debug_mode
                0x0000000001fa0610        0x1 /home/jbrawley/Desktop/rockbox-photo-cf-support/build/apps/plugins/puzzles/rockbox.o
 *fill*         0x0000000001fa0611        0x3 
 .bss.debug_settings
                0x0000000001fa0614        0xc /home/jbrawley/Desktop/rockbox-photo-cf-support/build/apps/plugins/puzzles/rockbox.o
 .bss.mouse_x   0x0000000001fa0620        0x4 /home/jbrawley/Desktop/rockbox-photo-cf-support/build/apps/plugins/puzzles/rockbox.o
 .bss.mouse_y   0x0000000001fa0624        0x4 /home/jbrawley/Desktop/rockbox-photo-cf-support/build/apps/plugins/puzzles/rockbox.o
 .bss.zoom_clipd
                0x0000000001fa0628        0x4 /home/jbrawley/Desktop/rockbox-photo-cf-support/build/apps/plugins/puzzles/rockbox.o
 .bss.rb_errno  0x0000000001fa062c        0x4 /home/jbrawley/Desktop/rockbox-photo-cf-support/build/apps/plugins/puzzles/rbwrappers.o
 .bss.frees     0x0000000001fa0630        0x4 /home/jbrawley/Desktop/rockbox-photo-cf-support/build/apps/plugins/puzzles/rbmalloc.o
                0x0000000001fa0630                frees
 .bss.UI_UPDATE
                0x0000000001fa0634        0x1 /home/jbrawley/Desktop/rockbox-photo-cf-support/build/apps/plugins/puzzles/src/misc.o
                0x0000000001fa0634                UI_UPDATE
 *fill*         0x0000000001fa0635        0x3 
 .bss           0x0000000001fa0638       0x60 /home/jbrawley/Desktop/rockbox-photo-cf-support/build/apps/plugins/plugin_crt0.o
 .bss           0x0000000001fa0698        0x4 /home/jbrawley/Desktop/rockbox-photo-cf-support/build/lib/libtlsf.a(tlsf.o)
 .bss.parentvp  0x0000000001fa069c        0x4 /home/jbrawley/Desktop/rockbox-photo-cf-support/build/apps/plugins/libplugin.a(playback_control.o)
                0x0000000001fa069c                parentvp
 *(COMMON)
                0x0000000001fa06a0                . = ALIGN (0x4)

.ncbss          0x0000000011fa06a0        0x0 load address 0x0000000001fa06a0
                0x0000000011fa06a0                . = ALIGN (0x10)
 *(.ncbss*)
                0x0000000011fa06a0                . = ALIGN (0x10)
                0x0000000001fa06a0                pluginendaddr = (. - 0x10000000)

.pluginend      0x0000000001fa06a0        0x0
                0x0000000001fa06a0                _plugin_end_addr = .
                0x0000000001fa06a0                plugin_end_addr = .

.iram           0x000000004000c000        0x0 load address 0x0000000001f9fb00
                0x000000004000c000                iramstart = .
 *(.icode)
 *(.irodata)
 *(.idata)
                0x000000004000c000                iramend = .

.ibss           0x000000004000c000        0x0
                0x000000004000c000                iedata = .
 *(.ibss)
                0x000000004000c000                . = ALIGN (0x4)
                0x000000004000c000                iend = .
                0x0000000001fa06a0                loadendaddr = MAX (plugin_end_addr, (LOADADDR (.iram) + SIZEOF (.iram)))

.pluginloadend  0x0000000001fa06a0        0x0
                0x0000000001fa06a0                _plugin_load_end_addr = .
                0x0000000001fa06a0                plugin_load_end_addr = .

.comment        0x0000000000000000       0x11
 *(.comment)
 .comment       0x0000000000000000       0x11 /home/jbrawley/Desktop/rockbox-photo-cf-support/build/apps/plugins/puzzles/src/solo.o
                                         0x12 (size before relaxing)
 .comment       0x0000000000000011       0x12 /home/jbrawley/Desktop/rockbox-photo-cf-support/build/apps/plugins/puzzles/help/solo.o
 .comment       0x0000000000000011       0x12 /home/jbrawley/Desktop/rockbox-photo-cf-support/build/apps/plugins/puzzles/rockbox.o
 .comment       0x0000000000000011       0x12 /home/jbrawley/Desktop/rockbox-photo-cf-support/build/apps/plugins/puzzles/rbwrappers.o
 .comment       0x0000000000000011       0x12 /home/jbrawley/Desktop/rockbox-photo-cf-support/build/apps/plugins/puzzles/rbmalloc.o
 .comment       0x0000000000000011       0x12 /home/jbrawley/Desktop/rockbox-photo-cf-support/build/apps/plugins/puzzles/lz4tiny.o
 .comment       0x0000000000000011       0x12 /home/jbrawley/Desktop/rockbox-photo-cf-support/build/apps/plugins/puzzles/src/combi.o
 .comment       0x0000000000000011       0x12 /home/jbrawley/Desktop/rockbox-photo-cf-support/build/apps/plugins/puzzles/src/divvy.o
 .comment       0x0000000000000011       0x12 /home/jbrawley/Desktop/rockbox-photo-cf-support/build/apps/plugins/puzzles/src/drawing.o
 .comment       0x0000000000000011       0x12 /home/jbrawley/Desktop/rockbox-photo-cf-support/build/apps/plugins/puzzles/src/dsf.o
 .comment       0x0000000000000011       0x12 /home/jbrawley/Desktop/rockbox-photo-cf-support/build/apps/plugins/puzzles/src/findloop.o
 .comment       0x0000000000000011       0x12 /home/jbrawley/Desktop/rockbox-photo-cf-support/build/apps/plugins/puzzles/src/grid.o
 .comment       0x0000000000000011       0x12 /home/jbrawley/Desktop/rockbox-photo-cf-support/build/apps/plugins/puzzles/src/latin.o
 .comment       0x0000000000000011       0x12 /home/jbrawley/Desktop/rockbox-photo-cf-support/build/apps/plugins/puzzles/src/laydomino.o
 .comment       0x0000000000000011       0x12 /home/jbrawley/Desktop/rockbox-photo-cf-support/build/apps/plugins/puzzles/src/loopgen.o
 .comment       0x0000000000000011       0x12 /home/jbrawley/Desktop/rockbox-photo-cf-support/build/apps/plugins/puzzles/src/matching.o
 .comment       0x0000000000000011       0x12 /home/jbrawley/Desktop/rockbox-photo-cf-support/build/apps/plugins/puzzles/src/midend.o
 .comment       0x0000000000000011       0x12 /home/jbrawley/Desktop/rockbox-photo-cf-support/build/apps/plugins/puzzles/src/misc.o
 .comment       0x0000000000000011       0x12 /home/jbrawley/Desktop/rockbox-photo-cf-support/build/apps/plugins/puzzles/src/penrose.o
 .comment       0x0000000000000011       0x12 /home/jbrawley/Desktop/rockbox-photo-cf-support/build/apps/plugins/puzzles/src/printing.o
 .comment       0x0000000000000011       0x12 /home/jbrawley/Desktop/rockbox-photo-cf-support/build/apps/plugins/puzzles/src/random.o
 .comment       0x0000000000000011       0x12 /home/jbrawley/Desktop/rockbox-photo-cf-support/build/apps/plugins/puzzles/src/sort.o
 .comment       0x0000000000000011       0x12 /home/jbrawley/Desktop/rockbox-photo-cf-support/build/apps/plugins/puzzles/src/tdq.o
 .comment       0x0000000000000011       0x12 /home/jbrawley/Desktop/rockbox-photo-cf-support/build/apps/plugins/puzzles/src/tree234.o
 .comment       0x0000000000000011       0x12 /home/jbrawley/Desktop/rockbox-photo-cf-support/build/apps/plugins/puzzles/src/version.o
 .comment       0x0000000000000011       0x12 /home/jbrawley/Desktop/rockbox-photo-cf-support/build/apps/plugins/plugin_crt0.o
 .comment       0x0000000000000011       0x12 /home/jbrawley/Desktop/rockbox-photo-cf-support/build/lib/libtlsf.a(tlsf.o)
 .comment       0x0000000000000011       0x12 /home/jbrawley/Desktop/rockbox-photo-cf-support/build/apps/plugins/libplugin.a(gcc-support.o)
 .comment       0x0000000000000011       0x12 /home/jbrawley/Desktop/rockbox-photo-cf-support/build/apps/plugins/libplugin.a(helper.o)
 .comment       0x0000000000000011       0x12 /home/jbrawley/Desktop/rockbox-photo-cf-support/build/apps/plugins/libplugin.a(playback_control.o)
 .comment       0x0000000000000011       0x12 /home/jbrawley/Desktop/rockbox-photo-cf-support/build/apps/plugins/libplugin.a(display_text.o)
 .comment       0x0000000000000011       0x12 /home/jbrawley/Desktop/rockbox-photo-cf-support/build/apps/plugins/libplugin.a(strncpy.o)
 .comment       0x0000000000000011       0x12 /home/jbrawley/Desktop/rockbox-photo-cf-support/build/apps/plugins/libplugin.a(stdio_compat.o)
 .comment       0x0000000000000011       0x12 /home/jbrawley/Desktop/rockbox-photo-cf-support/build/apps/plugins/libplugin.a(xlcd_draw.o)
 .comment       0x0000000000000011       0x12 /home/jbrawley/Desktop/rockbox-photo-cf-support/build/apps/plugins/libplugin.a(xlcd_core.o)
 .comment       0x0000000000000011       0x12 /home/jbrawley/Desktop/rockbox-photo-cf-support/build/apps/plugins/bitmaps/libpluginbitmaps.a(puzzles_cursor.11x16x24.o)
 .comment       0x0000000000000011       0x12 /home/jbrawley/Desktop/rockbox-photo-cf-support/build/lib/libfixedpoint.a(fixedpoint.o)
 .comment       0x0000000000000011       0x12 /usr/local/lib/gcc/arm-elf-eabi/4.9.4/libgcc.a(bpabi.o)
 .comment       0x0000000000000011       0x12 /usr/local/lib/gcc/arm-elf-eabi/4.9.4/libgcc.a(_divdi3.o)
 .comment       0x0000000000000011       0x12 /usr/local/lib/gcc/arm-elf-eabi/4.9.4/libgcc.a(_udivdi3.o)
OUTPUT(/home/jbrawley/Desktop/rockbox-photo-cf-support/build/apps/plugins/puzzles/solo.elf elf32-littlearm)

.ARM.attributes
                0x0000000000000000       0x2e
 .ARM.attributes
                0x0000000000000000       0x30 /home/jbrawley/Desktop/rockbox-photo-cf-support/build/apps/plugins/puzzles/src/solo.o
 .ARM.attributes
                0x0000000000000030       0x30 /home/jbrawley/Desktop/rockbox-photo-cf-support/build/apps/plugins/puzzles/help/solo.o
 .ARM.attributes
                0x0000000000000060       0x30 /home/jbrawley/Desktop/rockbox-photo-cf-support/build/apps/plugins/puzzles/rockbox.o
 .ARM.attributes
                0x0000000000000090       0x30 /home/jbrawley/Desktop/rockbox-photo-cf-support/build/apps/plugins/puzzles/rbwrappers.o
 .ARM.attributes
                0x00000000000000c0       0x30 /home/jbrawley/Desktop/rockbox-photo-cf-support/build/apps/plugins/puzzles/rbmalloc.o
 .ARM.attributes
                0x00000000000000f0       0x30 /home/jbrawley/Desktop/rockbox-photo-cf-support/build/apps/plugins/puzzles/lz4tiny.o
 .ARM.attributes
                0x0000000000000120       0x30 /home/jbrawley/Desktop/rockbox-photo-cf-support/build/apps/plugins/puzzles/src/combi.o
 .ARM.attributes
                0x0000000000000150       0x30 /home/jbrawley/Desktop/rockbox-photo-cf-support/build/apps/plugins/puzzles/src/divvy.o
 .ARM.attributes
                0x0000000000000180       0x30 /home/jbrawley/Desktop/rockbox-photo-cf-support/build/apps/plugins/puzzles/src/drawing.o
 .ARM.attributes
                0x00000000000001b0       0x30 /home/jbrawley/Desktop/rockbox-photo-cf-support/build/apps/plugins/puzzles/src/dsf.o
 .ARM.attributes
                0x00000000000001e0       0x30 /home/jbrawley/Desktop/rockbox-photo-cf-support/build/apps/plugins/puzzles/src/findloop.o
 .ARM.attributes
                0x0000000000000210       0x30 /home/jbrawley/Desktop/rockbox-photo-cf-support/build/apps/plugins/puzzles/src/grid.o
 .ARM.attributes
                0x0000000000000240       0x30 /home/jbrawley/Desktop/rockbox-photo-cf-support/build/apps/plugins/puzzles/src/latin.o
 .ARM.attributes
                0x0000000000000270       0x30 /home/jbrawley/Desktop/rockbox-photo-cf-support/build/apps/plugins/puzzles/src/laydomino.o
 .ARM.attributes
                0x00000000000002a0       0x30 /home/jbrawley/Desktop/rockbox-photo-cf-support/build/apps/plugins/puzzles/src/loopgen.o
 .ARM.attributes
                0x00000000000002d0       0x30 /home/jbrawley/Desktop/rockbox-photo-cf-support/build/apps/plugins/puzzles/src/matching.o
 .ARM.attributes
                0x0000000000000300       0x30 /home/jbrawley/Desktop/rockbox-photo-cf-support/build/apps/plugins/puzzles/src/midend.o
 .ARM.attributes
                0x0000000000000330       0x30 /home/jbrawley/Desktop/rockbox-photo-cf-support/build/apps/plugins/puzzles/src/misc.o
 .ARM.attributes
                0x0000000000000360       0x30 /home/jbrawley/Desktop/rockbox-photo-cf-support/build/apps/plugins/puzzles/src/penrose.o
 .ARM.attributes
                0x0000000000000390       0x30 /home/jbrawley/Desktop/rockbox-photo-cf-support/build/apps/plugins/puzzles/src/printing.o
 .ARM.attributes
                0x00000000000003c0       0x30 /home/jbrawley/Desktop/rockbox-photo-cf-support/build/apps/plugins/puzzles/src/random.o
 .ARM.attributes
                0x00000000000003f0       0x30 /home/jbrawley/Desktop/rockbox-photo-cf-support/build/apps/plugins/puzzles/src/sort.o
 .ARM.attributes
                0x0000000000000420       0x30 /home/jbrawley/Desktop/rockbox-photo-cf-support/build/apps/plugins/puzzles/src/tdq.o
 .ARM.attributes
                0x0000000000000450       0x30 /home/jbrawley/Desktop/rockbox-photo-cf-support/build/apps/plugins/puzzles/src/tree234.o
 .ARM.attributes
                0x0000000000000480       0x30 /home/jbrawley/Desktop/rockbox-photo-cf-support/build/apps/plugins/puzzles/src/version.o
 .ARM.attributes
                0x00000000000004b0       0x30 /home/jbrawley/Desktop/rockbox-photo-cf-support/build/apps/plugins/plugin_crt0.o
 .ARM.attributes
                0x00000000000004e0       0x30 /home/jbrawley/Desktop/rockbox-photo-cf-support/build/lib/libtlsf.a(tlsf.o)
 .ARM.attributes
                0x0000000000000510       0x30 /home/jbrawley/Desktop/rockbox-photo-cf-support/build/apps/plugins/libplugin.a(gcc-support.o)
 .ARM.attributes
                0x0000000000000540       0x30 /home/jbrawley/Desktop/rockbox-photo-cf-support/build/apps/plugins/libplugin.a(helper.o)
 .ARM.attributes
                0x0000000000000570       0x30 /home/jbrawley/Desktop/rockbox-photo-cf-support/build/apps/plugins/libplugin.a(playback_control.o)
 .ARM.attributes
                0x00000000000005a0       0x30 /home/jbrawley/Desktop/rockbox-photo-cf-support/build/apps/plugins/libplugin.a(display_text.o)
 .ARM.attributes