Archive member included to satisfy reference by file (symbol)

/home/jbrawley/Desktop/rockbox-photo-cf-support/build/lib/rbcodec/codecs/libspeex-voice.a(bits.o)
                              /home/jbrawley/Desktop/rockbox-photo-cf-support/build/apps/voice_thread.o (speex_bits_set_bit_buffer)
/home/jbrawley/Desktop/rockbox-photo-cf-support/build/lib/rbcodec/codecs/libspeex-voice.a(modes_wb.o)
                              /home/jbrawley/Desktop/rockbox-photo-cf-support/build/apps/voice_thread.o (speex_wb_mode)
/home/jbrawley/Desktop/rockbox-photo-cf-support/build/lib/rbcodec/codecs/libspeex-voice.a(quant_lsp.o)
                              /home/jbrawley/Desktop/rockbox-photo-cf-support/build/lib/rbcodec/codecs/libspeex-voice.a(modes_wb.o) (lsp_unquant_high)
/home/jbrawley/Desktop/rockbox-photo-cf-support/build/lib/rbcodec/codecs/libspeex-voice.a(sb_celp.o)
                              /home/jbrawley/Desktop/rockbox-photo-cf-support/build/lib/rbcodec/codecs/libspeex-voice.a(modes_wb.o) (sb_decoder_init)
/home/jbrawley/Desktop/rockbox-photo-cf-support/build/lib/rbcodec/codecs/libspeex-voice.a(speex.o)
                              /home/jbrawley/Desktop/rockbox-photo-cf-support/build/apps/voice_thread.o (speex_decoder_init)
/home/jbrawley/Desktop/rockbox-photo-cf-support/build/lib/rbcodec/codecs/libspeex-voice.a(filters_arm4.o)
                              /home/jbrawley/Desktop/rockbox-photo-cf-support/build/lib/rbcodec/codecs/libspeex-voice.a(sb_celp.o) (iir_mem16)
/home/jbrawley/Desktop/rockbox-photo-cf-support/build/lib/rbcodec/codecs/libspeex-voice.a(cb_search.o)
                              /home/jbrawley/Desktop/rockbox-photo-cf-support/build/lib/rbcodec/codecs/libspeex-voice.a(modes_wb.o) (split_cb_shape_sign_unquant)
/home/jbrawley/Desktop/rockbox-photo-cf-support/build/lib/rbcodec/codecs/libspeex-voice.a(filters.o)
                              /home/jbrawley/Desktop/rockbox-photo-cf-support/build/lib/rbcodec/codecs/libspeex-voice.a(sb_celp.o) (compute_rms16)
/home/jbrawley/Desktop/rockbox-photo-cf-support/build/lib/rbcodec/codecs/libspeex-voice.a(hexc_10_32_table.o)
                              /home/jbrawley/Desktop/rockbox-photo-cf-support/build/lib/rbcodec/codecs/libspeex-voice.a(modes_wb.o) (hexc_10_32_table)
/home/jbrawley/Desktop/rockbox-photo-cf-support/build/lib/rbcodec/codecs/libspeex-voice.a(hexc_table.o)
                              /home/jbrawley/Desktop/rockbox-photo-cf-support/build/lib/rbcodec/codecs/libspeex-voice.a(modes_wb.o) (hexc_table)
/home/jbrawley/Desktop/rockbox-photo-cf-support/build/lib/rbcodec/codecs/libspeex-voice.a(high_lsp_tables.o)
                              /home/jbrawley/Desktop/rockbox-photo-cf-support/build/lib/rbcodec/codecs/libspeex-voice.a(quant_lsp.o) (high_lsp_cdbk2)
/home/jbrawley/Desktop/rockbox-photo-cf-support/build/lib/rbcodec/codecs/libspeex-voice.a(lsp.o)
                              /home/jbrawley/Desktop/rockbox-photo-cf-support/build/lib/rbcodec/codecs/libspeex-voice.a(sb_celp.o) (lsp_to_lpc)
/home/jbrawley/Desktop/rockbox-photo-cf-support/build/lib/rbcodec/codecs/libspeex-voice.a(lsp_tables_nb.o)
                              /home/jbrawley/Desktop/rockbox-photo-cf-support/build/lib/rbcodec/codecs/libspeex-voice.a(quant_lsp.o) (cdbk_nb_high2)
/home/jbrawley/Desktop/rockbox-photo-cf-support/build/lib/rbcodec/codecs/libspeex-voice.a(ltp.o)
                              /home/jbrawley/Desktop/rockbox-photo-cf-support/build/lib/rbcodec/codecs/libspeex-voice.a(filters.o) (inner_prod)
/home/jbrawley/Desktop/rockbox-photo-cf-support/build/lib/rbcodec/codecs/libspeex-voice.a(modes.o)
                              /home/jbrawley/Desktop/rockbox-photo-cf-support/build/lib/rbcodec/codecs/libspeex-voice.a(modes_wb.o) (speex_nb_mode)
/home/jbrawley/Desktop/rockbox-photo-cf-support/build/lib/rbcodec/codecs/libspeex-voice.a(nb_celp.o)
                              /home/jbrawley/Desktop/rockbox-photo-cf-support/build/lib/rbcodec/codecs/libspeex-voice.a(modes.o) (nb_decoder_init)
/home/jbrawley/Desktop/rockbox-photo-cf-support/build/lib/rbcodec/codecs/libspeex-voice.a(speex_callbacks.o)
                              /home/jbrawley/Desktop/rockbox-photo-cf-support/build/lib/rbcodec/codecs/libspeex-voice.a(nb_celp.o) (speex_inband_handler)
/home/jbrawley/Desktop/rockbox-photo-cf-support/build/lib/rbcodec/codecs/libspeex-voice.a(exc_10_16_table.o)
                              /home/jbrawley/Desktop/rockbox-photo-cf-support/build/lib/rbcodec/codecs/libspeex-voice.a(modes.o) (exc_10_16_table)
/home/jbrawley/Desktop/rockbox-photo-cf-support/build/lib/rbcodec/codecs/libspeex-voice.a(exc_10_32_table.o)
                              /home/jbrawley/Desktop/rockbox-photo-cf-support/build/lib/rbcodec/codecs/libspeex-voice.a(modes.o) (exc_10_32_table)
/home/jbrawley/Desktop/rockbox-photo-cf-support/build/lib/rbcodec/codecs/libspeex-voice.a(exc_20_32_table.o)
[...]
Memory Configuration

Name             Origin             Length             Attributes
DRAM             0x0000000000000000 0x0000000001e80000
IRAM             0x0000000040000000 0x000000000000c000
*default*        0x0000000000000000 0xffffffffffffffff

Linker script and memory map

LOAD /home/jbrawley/Desktop/rockbox-photo-cf-support/build/firmware/target/arm/pp/crt0-pp.o
LOAD /home/jbrawley/Desktop/rockbox-photo-cf-support/build/apps/action.o
LOAD /home/jbrawley/Desktop/rockbox-photo-cf-support/build/apps/alarm_menu.o
LOAD /home/jbrawley/Desktop/rockbox-photo-cf-support/build/apps/abrepeat.o
LOAD /home/jbrawley/Desktop/rockbox-photo-cf-support/build/apps/bookmark.o
LOAD /home/jbrawley/Desktop/rockbox-photo-cf-support/build/apps/core_keymap.o
LOAD /home/jbrawley/Desktop/rockbox-photo-cf-support/build/apps/debug_menu.o
LOAD /home/jbrawley/Desktop/rockbox-photo-cf-support/build/apps/filetypes.o
LOAD /home/jbrawley/Desktop/rockbox-photo-cf-support/build/apps/language.o
LOAD /home/jbrawley/Desktop/rockbox-photo-cf-support/build/apps/main.o
LOAD /home/jbrawley/Desktop/rockbox-photo-cf-support/build/apps/menu.o
LOAD /home/jbrawley/Desktop/rockbox-photo-cf-support/build/apps/menus/menu_common.o
LOAD /home/jbrawley/Desktop/rockbox-photo-cf-support/build/apps/menus/display_menu.o
LOAD /home/jbrawley/Desktop/rockbox-photo-cf-support/build/apps/menus/theme_menu.o
LOAD /home/jbrawley/Desktop/rockbox-photo-cf-support/build/apps/menus/plugin_menu.o
LOAD /home/jbrawley/Desktop/rockbox-photo-cf-support/build/apps/menus/radio_menu.o
LOAD /home/jbrawley/Desktop/rockbox-photo-cf-support/build/apps/menus/eq_menu.o
LOAD /home/jbrawley/Desktop/rockbox-photo-cf-support/build/apps/buffering.o
LOAD /home/jbrawley/Desktop/rockbox-photo-cf-support/build/apps/voice_thread.o
LOAD /home/jbrawley/Desktop/rockbox-photo-cf-support/build/apps/rbcodec_helpers.o
LOAD /home/jbrawley/Desktop/rockbox-photo-cf-support/build/apps/menus/main_menu.o
LOAD /home/jbrawley/Desktop/rockbox-photo-cf-support/build/apps/menus/playback_menu.o
LOAD /home/jbrawley/Desktop/rockbox-photo-cf-support/build/apps/menus/playlist_menu.o
LOAD /home/jbrawley/Desktop/rockbox-photo-cf-support/build/apps/menus/recording_menu.o
LOAD /home/jbrawley/Desktop/rockbox-photo-cf-support/build/apps/menus/settings_menu.o
LOAD /home/jbrawley/Desktop/rockbox-photo-cf-support/build/apps/menus/sound_menu.o
LOAD /home/jbrawley/Desktop/rockbox-photo-cf-support/build/apps/menus/time_menu.o
LOAD /home/jbrawley/Desktop/rockbox-photo-cf-support/build/apps/misc.o
LOAD /home/jbrawley/Desktop/rockbox-photo-cf-support/build/apps/open_plugin.o
LOAD /home/jbrawley/Desktop/rockbox-photo-cf-support/build/apps/onplay.o
LOAD /home/jbrawley/Desktop/rockbox-photo-cf-support/build/apps/playlist.o
LOAD /home/jbrawley/Desktop/rockbox-photo-cf-support/build/apps/playlist_catalog.o
LOAD /home/jbrawley/Desktop/rockbox-photo-cf-support/build/apps/playlist_viewer.o
LOAD /home/jbrawley/Desktop/rockbox-photo-cf-support/build/apps/plugin.o
LOAD /home/jbrawley/Desktop/rockbox-photo-cf-support/build/apps/root_menu.o
LOAD /home/jbrawley/Desktop/rockbox-photo-cf-support/build/apps/screens.o
LOAD /home/jbrawley/Desktop/rockbox-photo-cf-support/build/apps/settings.o
LOAD /home/jbrawley/Desktop/rockbox-photo-cf-support/build/apps/settings_list.o
LOAD /home/jbrawley/Desktop/rockbox-photo-cf-support/build/apps/shortcuts.o
LOAD /home/jbrawley/Desktop/rockbox-photo-cf-support/build/apps/status.o
LOAD /home/jbrawley/Desktop/rockbox-photo-cf-support/build/apps/cuesheet.o
LOAD /home/jbrawley/Desktop/rockbox-photo-cf-support/build/apps/talk.o
LOAD /home/jbrawley/Desktop/rockbox-photo-cf-support/build/apps/tree.o
LOAD /home/jbrawley/Desktop/rockbox-photo-cf-support/build/apps/tagtree.o
LOAD /home/jbrawley/Desktop/rockbox-photo-cf-support/build/apps/filetree.o
LOAD /home/jbrawley/Desktop/rockbox-photo-cf-support/build/apps/iap/iap-core.o
LOAD /home/jbrawley/Desktop/rockbox-photo-cf-support/build/apps/iap/iap-lingo0.o
LOAD /home/jbrawley/Desktop/rockbox-photo-cf-support/build/apps/iap/iap-lingo1.o
LOAD /home/jbrawley/Desktop/rockbox-photo-cf-support/build/apps/iap/iap-lingo2.o
LOAD /home/jbrawley/Desktop/rockbox-photo-cf-support/build/apps/iap/iap-lingo3.o
LOAD /home/jbrawley/Desktop/rockbox-photo-cf-support/build/apps/iap/iap-lingo4.o
LOAD /home/jbrawley/Desktop/rockbox-photo-cf-support/build/apps/iap/iap-lingo7.o
LOAD /home/jbrawley/Desktop/rockbox-photo-cf-support/build/apps/screen_access.o
LOAD /home/jbrawley/Desktop/rockbox-photo-cf-support/build/apps/gui/icon.o
LOAD /home/jbrawley/Desktop/rockbox-photo-cf-support/build/apps/gui/list.o
LOAD /home/jbrawley/Desktop/rockbox-photo-cf-support/build/apps/gui/line.o
LOAD /home/jbrawley/Desktop/rockbox-photo-cf-support/build/apps/gui/bitmap/list.o
LOAD /home/jbrawley/Desktop/rockbox-photo-cf-support/build/apps/gui/bitmap/list-skinned.o
LOAD /home/jbrawley/Desktop/rockbox-photo-cf-support/build/apps/gui/option_select.o
LOAD /home/jbrawley/Desktop/rockbox-photo-cf-support/build/apps/gui/pitchscreen.o
LOAD /home/jbrawley/Desktop/rockbox-photo-cf-support/build/apps/gui/quickscreen.o
LOAD /home/jbrawley/Desktop/rockbox-photo-cf-support/build/apps/gui/folder_select.o
LOAD /home/jbrawley/Desktop/rockbox-photo-cf-support/build/apps/gui/mask_select.o
LOAD /home/jbrawley/Desktop/rockbox-photo-cf-support/build/apps/gui/wps.o
LOAD /home/jbrawley/Desktop/rockbox-photo-cf-support/build/apps/gui/scrollbar.o
LOAD /home/jbrawley/Desktop/rockbox-photo-cf-support/build/apps/gui/splash.o
LOAD /home/jbrawley/Desktop/rockbox-photo-cf-support/build/apps/gui/statusbar.o
LOAD /home/jbrawley/Desktop/rockbox-photo-cf-support/build/apps/gui/statusbar-skinned.o
LOAD /home/jbrawley/Desktop/rockbox-photo-cf-support/build/apps/gui/yesno.o
LOAD /home/jbrawley/Desktop/rockbox-photo-cf-support/build/apps/gui/viewport.o
LOAD /home/jbrawley/Desktop/rockbox-photo-cf-support/build/apps/gui/skin_engine/skin_backdrops.o
LOAD /home/jbrawley/Desktop/rockbox-photo-cf-support/build/apps/gui/skin_engine/skin_display.o
LOAD /home/jbrawley/Desktop/rockbox-photo-cf-support/build/apps/gui/skin_engine/skin_engine.o
LOAD /home/jbrawley/Desktop/rockbox-photo-cf-support/build/apps/gui/skin_engine/skin_parser.o
LOAD /home/jbrawley/Desktop/rockbox-photo-cf-support/build/apps/gui/skin_engine/skin_render.o
LOAD /home/jbrawley/Desktop/rockbox-photo-cf-support/build/apps/gui/skin_engine/skin_tokens.o
LOAD /home/jbrawley/Desktop/rockbox-photo-cf-support/build/apps/gui/backdrop.o
LOAD /home/jbrawley/Desktop/rockbox-photo-cf-support/build/apps/recorder/bmp.o
LOAD /home/jbrawley/Desktop/rockbox-photo-cf-support/build/apps/recorder/icons.o
LOAD /home/jbrawley/Desktop/rockbox-photo-cf-support/build/apps/recorder/keyboard.o
LOAD /home/jbrawley/Desktop/rockbox-photo-cf-support/build/apps/recorder/peakmeter.o
LOAD /home/jbrawley/Desktop/rockbox-photo-cf-support/build/apps/recorder/resize.o
LOAD /home/jbrawley/Desktop/rockbox-photo-cf-support/build/apps/recorder/jpeg_load.o
LOAD /home/jbrawley/Desktop/rockbox-photo-cf-support/build/apps/recorder/jpeg_idct_arm.o
LOAD /home/jbrawley/Desktop/rockbox-photo-cf-support/build/apps/recorder/albumart.o
LOAD /home/jbrawley/Desktop/rockbox-photo-cf-support/build/apps/gui/color_picker.o
LOAD /home/jbrawley/Desktop/rockbox-photo-cf-support/build/apps/recorder/recording.o
LOAD /home/jbrawley/Desktop/rockbox-photo-cf-support/build/apps/radio/radio.o
LOAD /home/jbrawley/Desktop/rockbox-photo-cf-support/build/apps/radio/presets.o
LOAD /home/jbrawley/Desktop/rockbox-photo-cf-support/build/apps/radio/radio_skin.o
LOAD /home/jbrawley/Desktop/rockbox-photo-cf-support/build/apps/radio/radioart.o
LOAD /home/jbrawley/Desktop/rockbox-photo-cf-support/build/apps/audio_path.o
LOAD /home/jbrawley/Desktop/rockbox-photo-cf-support/build/apps/audio_thread.o
LOAD /home/jbrawley/Desktop/rockbox-photo-cf-support/build/apps/pcmbuf.o
LOAD /home/jbrawley/Desktop/rockbox-photo-cf-support/build/apps/codec_thread.o
LOAD /home/jbrawley/Desktop/rockbox-photo-cf-support/build/apps/playback.o
LOAD /home/jbrawley/Desktop/rockbox-photo-cf-support/build/apps/codecs.o
LOAD /home/jbrawley/Desktop/rockbox-photo-cf-support/build/apps/beep.o
LOAD /home/jbrawley/Desktop/rockbox-photo-cf-support/build/apps/enc_config.o
LOAD /home/jbrawley/Desktop/rockbox-photo-cf-support/build/apps/recorder/pcm_record.o
LOAD /home/jbrawley/Desktop/rockbox-photo-cf-support/build/apps/usb_keymaps.o
LOAD /home/jbrawley/Desktop/rockbox-photo-cf-support/build/apps/gui/usb_screen.o
LOAD /home/jbrawley/Desktop/rockbox-photo-cf-support/build/apps/tagcache.o
LOAD /home/jbrawley/Desktop/rockbox-photo-cf-support/build/apps/keymaps/keymap-ipod.o
LOAD /home/jbrawley/Desktop/rockbox-photo-cf-support/build/apps/bitmaps/mono/default_icons.o
LOAD /home/jbrawley/Desktop/rockbox-photo-cf-support/build/apps/bitmaps/native/rockboxlogo.220x68x16.o
LOAD /home/jbrawley/Desktop/rockbox-photo-cf-support/build/apps/bitmaps/native/usblogo.176x48x16.o
LOAD /home/jbrawley/Desktop/rockbox-photo-cf-support/build/lang/lang_core.o
LOAD /home/jbrawley/Desktop/rockbox-photo-cf-support/build/lib/rbcodec/codecs/libspeex-voice.a
LOAD /home/jbrawley/Desktop/rockbox-photo-cf-support/build/lib/librbcodec.a
LOAD /home/jbrawley/Desktop/rockbox-photo-cf-support/build/firmware/libfirmware.a
LOAD /home/jbrawley/Desktop/rockbox-photo-cf-support/build/lib/libunwarminder.a
LOAD /home/jbrawley/Desktop/rockbox-photo-cf-support/build/lib/libskin_parser.a
LOAD /home/jbrawley/Desktop/rockbox-photo-cf-support/build/lib/libarm_support.a
LOAD /home/jbrawley/Desktop/rockbox-photo-cf-support/build/lib/libfixedpoint.a
LOAD /usr/local/lib/gcc/arm-elf-eabi/4.9.4/libgcc.a

.text           0x0000000000000000    0x871e8
                0x0000000000000000                loadaddress = .
                0x0000000000000000                _loadaddress = .
                0x0000000000000000                . = ALIGN (0x200)
 *(.init.text)
 .init.text     0x0000000000000000      0x3ac /home/jbrawley/Desktop/rockbox-photo-cf-support/build/firmware/target/arm/pp/crt0-pp.o
                0x0000000000000000                start
 *(.text*)
 *fill*         0x00000000000003ac       0x14 
 .text          0x00000000000003c0      0xc40 /home/jbrawley/Desktop/rockbox-photo-cf-support/build/firmware/target/arm/pp/crt0-pp.o
 .text          0x0000000000001000      0x8d0 /home/jbrawley/Desktop/rockbox-photo-cf-support/build/apps/action.o
                0x000000000000139c                action_wait_for_release
                0x00000000000013b0                get_action
                0x0000000000001618                action_set_keymap_handle
                0x0000000000001730                action_set_keymap
                0x00000000000017a8                get_custom_action
                0x00000000000017e8                action_userabort
                0x000000000000181c                get_action_data
                0x000000000000182c                get_action_statuscode
                0x0000000000001864                set_selective_backlight_actions
 .text          0x00000000000018d0      0x19c /home/jbrawley/Desktop/rockbox-photo-cf-support/build/apps/alarm_menu.o
                0x00000000000018d0                alarm_screen
 .text          0x0000000000001a6c      0x164 /home/jbrawley/Desktop/rockbox-photo-cf-support/build/apps/abrepeat.o
                0x0000000000001a6c                ab_repeat_init
                0x0000000000001a88                ab_before_A_marker
                0x0000000000001aa8                ab_after_A_marker
                0x0000000000001ad8                ab_jump_to_A_marker
                0x0000000000001af4                ab_end_of_track_report
                0x0000000000001b18                ab_reset_markers
                0x0000000000001b30                ab_set_A_marker
                0x0000000000001b60                ab_set_B_marker
                0x0000000000001b90                ab_get_A_marker
                0x0000000000001bb0                ab_get_B_marker
 .text          0x0000000000001bd0     0x1544 /home/jbrawley/Desktop/rockbox-photo-cf-support/build/apps/bookmark.o
                0x0000000000002c58                bookmark_load_menu
                0x0000000000002ce0                bookmark_mrb_load
                0x0000000000002d24                bookmark_load
                0x0000000000002dc0                bookmark_autoload
                0x0000000000002e78                bookmark_exists
                0x0000000000002ec0                bookmark_is_bookmarkable_state
                0x0000000000003040                bookmark_create_menu
                0x0000000000003048                bookmark_autobookmark
 .text          0x0000000000003114      0x134 /home/jbrawley/Desktop/rockbox-photo-cf-support/build/apps/core_keymap.o
                0x0000000000003114                core_set_keyremap
                0x0000000000003124                core_load_key_remap
 .text          0x0000000000003248     0x1f90 /home/jbrawley/Desktop/rockbox-photo-cf-support/build/apps/debug_menu.o
                0x0000000000005108                debug_menu
                0x0000000000005160                run_debug_screen
 .text          0x00000000000051d8      0x928 /home/jbrawley/Desktop/rockbox-photo-cf-support/build/apps/filetypes.o
                0x0000000000005438                tree_get_filetype_voiceclip
                0x0000000000005490                read_color_theme_file
                0x00000000000055b8                read_viewer_theme_file
                0x0000000000005724                filetype_get_attr
                0x0000000000005770                filetype_get_color
                0x00000000000057c8                filetype_get_icon
                0x0000000000005810                filetype_get_plugin
                0x0000000000005900                filetype_supported
                0x000000000000596c                filetype_list_viewers
                0x0000000000005a34                filetype_load_plugin
 .text          0x0000000000005b00      0x268 /home/jbrawley/Desktop/rockbox-photo-cf-support/build/apps/language.o
                0x0000000000005b00                lang_init
                0x0000000000005b3c                lang_load
                0x0000000000005ca4                lang_core_load
                0x0000000000005ce4                lang_english_to_id
                0x0000000000005d3c                lang_is_rtl
                0x0000000000005d50                lang_units_first
 .text          0x0000000000005d68       0x50 /home/jbrawley/Desktop/rockbox-photo-cf-support/build/apps/main.o
                0x0000000000005d94                cop_main
 .text          0x0000000000005db8      0xe40 /home/jbrawley/Desktop/rockbox-photo-cf-support/build/apps/menu.o
                0x00000000000062f8                do_setting_screen
                0x00000000000063d0                do_setting_from_menu
                0x0000000000006414                do_menu
 .text          0x0000000000006bf8       0x34 /home/jbrawley/Desktop/rockbox-photo-cf-support/build/apps/menus/menu_common.o
                0x0000000000006bf8                lowlatency_callback
 .text          0x0000000000006c2c      0x3fc /home/jbrawley/Desktop/rockbox-photo-cf-support/build/apps/menus/display_menu.o
 .text          0x0000000000007028      0x344 /home/jbrawley/Desktop/rockbox-photo-cf-support/build/apps/menus/theme_menu.o
                0x00000000000070d8                browse_folder
 .text          0x000000000000736c      0x118 /home/jbrawley/Desktop/rockbox-photo-cf-support/build/apps/menus/plugin_menu.o
 .text          0x0000000000007484      0x110 /home/jbrawley/Desktop/rockbox-photo-cf-support/build/apps/menus/radio_menu.o
 .text          0x0000000000007594      0xfa8 /home/jbrawley/Desktop/rockbox-photo-cf-support/build/apps/menus/eq_menu.o
                0x0000000000007628                eq_q_format
                0x0000000000007c48                eq_menu_graphical
                0x00000000000084c4                eq_precut_format
                0x0000000000008538                eq_enabled_option_callback
 .text          0x000000000000853c     0x187c /home/jbrawley/Desktop/rockbox-photo-cf-support/build/apps/buffering.o
                0x000000000000944c                bufopen
                0x00000000000097f0                bufalloc
                0x00000000000098cc                bufclose
                0x0000000000009904                bufseek
                0x0000000000009944                bufadvance
                0x00000000000099a4                bufftell
                0x00000000000099c0                bufread
                0x0000000000009a50                bufgetdata
                0x0000000000009ac8                buf_is_handle
                0x0000000000009ae0                buf_handle_data_type
                0x0000000000009afc                buf_filesize
                0x0000000000009b18                buf_handle_offset
                0x0000000000009b34                buf_handle_remaining
                0x0000000000009b58                buf_pin_handle
                0x0000000000009b9c                buf_signal_handle
                0x0000000000009bbc                buf_length
                0x0000000000009bcc                buf_set_base_handle
                0x0000000000009c00                buf_used
                0x0000000000009c5c                buf_set_watermark
                0x0000000000009c6c                buf_get_watermark
                0x0000000000009c88                buffering_reset
                0x0000000000009d64                buffering_get_debugdata
 .text          0x0000000000009db8      0x7b4 /home/jbrawley/Desktop/rockbox-photo-cf-support/build/apps/voice_thread.o
                0x0000000000009f20                voice_play_data
                0x0000000000009f88                voice_play_stop
                0x0000000000009fb8                voice_stop
                0x0000000000009fc8                voice_wait
                0x0000000000009ff4                voice_set_mixer_level
                0x000000000000a444                voice_thread_kill
                0x000000000000a464                voice_thread_init
                0x000000000000a53c                voice_thread_set_priority
 .text          0x000000000000a56c      0x124 /home/jbrawley/Desktop/rockbox-photo-cf-support/build/apps/rbcodec_helpers.o
                0x000000000000a5ac                tdspeed_alloc_buffers
                0x000000000000a64c                tdspeed_free_buffers
 .text          0x000000000000a690      0x808 /home/jbrawley/Desktop/rockbox-photo-cf-support/build/apps/menus/main_menu.o
 .text          0x000000000000ae98      0x1b8 /home/jbrawley/Desktop/rockbox-photo-cf-support/build/apps/menus/playback_menu.o
 .text          0x000000000000b050      0x1fc /home/jbrawley/Desktop/rockbox-photo-cf-support/build/apps/menus/playlist_menu.o
                0x000000000000b050                save_playlist_screen
 .text          0x000000000000b24c      0x904 /home/jbrawley/Desktop/rockbox-photo-cf-support/build/apps/menus/recording_menu.o
                0x000000000000b700                rectrigger
                0x000000000000bb0c                recording_menu
 .text          0x000000000000bb50      0x54c /home/jbrawley/Desktop/rockbox-photo-cf-support/build/apps/menus/settings_menu.o
                0x000000000000bfa4                sleep_timer_formatter
 .text          0x000000000000c09c      0x138 /home/jbrawley/Desktop/rockbox-photo-cf-support/build/apps/menus/sound_menu.o
 .text          0x000000000000c1d4      0x4d4 /home/jbrawley/Desktop/rockbox-photo-cf-support/build/apps/menus/time_menu.o
                0x000000000000c484                talk_timedate
                0x000000000000c5b0                time_screen
 .text          0x000000000000c6a8     0x1ca4 /home/jbrawley/Desktop/rockbox-photo-cf-support/build/apps/misc.o
                0x000000000000c74c                output_dyn_value
                0x000000000000c924                warn_on_pl_erase
                0x000000000000c98c                fast_readline
                0x000000000000ca5c                list_stop_handler
                0x000000000000caf4                check_bootfile
                0x000000000000cbc4                default_event_handler_ex
                0x000000000000d010                default_event_handler
                0x000000000000d01c                setvol
                0x000000000000d098                strrsplt
                0x000000000000d0c0                strip_extension
                0x000000000000d144                system_sound_play
                0x000000000000d184                keyclick_set_callback
                0x000000000000d198                keyclick_click
                0x000000000000d29c                id3_get_replaygain_mode
                0x000000000000d300                replaygain_update
                0x000000000000d344                format_sound_value
                0x000000000000d400                read_line
                0x000000000000d4e0                skip_whitespace
                0x000000000000d508                settings_parseline
                0x000000000000d59c                confirm_delete_yesno
                0x000000000000d5f4                confirm_overwrite_yesno
                0x000000000000d614                time_split_units
                0x000000000000d6dc                format_time_auto
                0x000000000000d9e4                format_time
                0x000000000000da7c                split_string
                0x000000000000dadc                string_option
                0x000000000000db40                fix_path_part
                0x000000000000db9c                open_pathfmt
                0x000000000000dbe0                open_utf8
                0x000000000000dc88                hex_to_rgb
                0x000000000000dd34                parse_color
                0x000000000000dd74                clamp_value_wrap
                0x000000000000dd90                push_current_activity
                0x000000000000ddd8                push_activity_without_refresh
                0x000000000000de0c                pop_current_activity
                0x000000000000de4c                pop_current_activity_without_refresh
                0x000000000000de78                get_current_activity
                0x000000000000de98                core_load_bmp
                0x000000000000dfb8                to_normalized_volume
                0x000000000000e05c                from_normalized_volume
                0x000000000000e254                set_normalized_volume
                0x000000000000e294                get_normalized_volume
                0x000000000000e2f8                adjust_volume_ex
                0x000000000000e33c                adjust_volume
 .text          0x000000000000e34c      0x758 /home/jbrawley/Desktop/rockbox-photo-cf-support/build/apps/open_plugin.o
                0x000000000000e654                open_plugin_get_entry
                0x000000000000e660                open_plugin_add_path
                0x000000000000e82c                open_plugin_load_entry
                0x000000000000e908                open_plugin_browse
                0x000000000000e9cc                open_plugin_run
                0x000000000000ea5c                open_plugin_cache_flush
 .text          0x000000000000eaa4     0x2454 /home/jbrawley/Desktop/rockbox-photo-cf-support/build/apps/onplay.o
                0x0000000000010c54                onplay_show_playlist_menu
                0x0000000000010c98                onplay_show_playlist_cat_menu
                0x0000000000010cd8                get_hotkey
                0x0000000000010d18                onplay
                0x0000000000010ee8                get_onplay_context
 .text          0x0000000000010ef8     0x4010 /home/jbrawley/Desktop/rockbox-photo-cf-support/build/apps/playlist.o
                0x0000000000012834                playlist_shutdown
                0x000000000001286c                playlist_amount_ex
                0x0000000000012884                playlist_amount
                0x0000000000012894                playlist_create_ex
                0x000000000001296c                playlist_create
                0x0000000000012a38                playlist_check
                0x0000000000012aac                playlist_close
                0x0000000000012b04                playlist_delete
                0x0000000000012ba0                playlist_directory_tracksearch
                0x0000000000012d2c                playlist_get_current
                0x0000000000012d38                playlist_get_display_index
                0x0000000000012d60                playlist_get_first_index
                0x0000000000012d78                playlist_get_name
                0x0000000000012db4                playlist_get_required_bufsz
                0x0000000000012dd8                playlist_get_resume_info
                0x0000000000012df0                playlist_get_seed
                0x0000000000012e08                playlist_get_track_info
                0x0000000000012ea8                playlist_get_filename_crc32
                0x0000000000012ee4                playlist_insert_directory
                0x0000000000013014                playlist_insert_playlist
                0x0000000000013298                playlist_modified
                0x00000000000132b0                playlist_set_modified
                0x00000000000132c8                playlist_move
                0x0000000000013510                playlist_name
                0x000000000001356c                playlist_peek
                0x00000000000135fc                playlist_randomise
                0x000000000001368c                playlist_remove_all_tracks
                0x00000000000136e4                playlist_resume
                0x0000000000013eb4                playlist_save
                0x0000000000014398                playlist_set_current
                0x00000000000144dc                playlist_set_last_shuffled_start
                0x000000000001450c                playlist_shuffle
                0x0000000000014990                playlist_next
                0x0000000000014b68                playlist_next_dir
                0x0000000000014b9c                playlist_skip_entry
                0x0000000000014c08                playlist_sort
                0x0000000000014c90                playlist_start
                0x0000000000014ce8                playlist_resume_track
                0x0000000000014d64                playlist_sync
                0x0000000000014db4                playlist_insert_track
                0x0000000000014e60                playlist_update_resume_info
 .text          0x0000000000014f08      0x8c8 /home/jbrawley/Desktop/rockbox-photo-cf-support/build/apps/playlist_catalog.o
                0x000000000001516c                catalog_set_directory
                0x0000000000015198                catalog_get_directory
                0x00000000000153a8                catalog_view_playlists
                0x00000000000153f0                catalog_pick_new_playlist_name
                0x0000000000015498                catalog_add_to_a_playlist
 .text          0x00000000000157d0     0x16a8 /home/jbrawley/Desktop/rockbox-photo-cf-support/build/apps/playlist_viewer.o
                0x0000000000016514                playlist_viewer_ex
                0x0000000000016bd4                playlist_viewer
                0x0000000000016be0                search_playlist
 .text          0x0000000000016e78      0x5d0 /home/jbrawley/Desktop/rockbox-photo-cf-support/build/apps/plugin.o
                0x0000000000016e94                plugin_reserve_buffer
                0x0000000000016ed0                plugin_get_buffer
                0x0000000000016f28                plugin_get_current_filename
                0x0000000000016fdc                plugin_open
                0x00000000000170c0                plugin_load
 .text          0x0000000000017448      0xed0 /home/jbrawley/Desktop/rockbox-photo-cf-support/build/apps/root_menu.o
                0x0000000000017abc                root_menu_get_options
                0x0000000000017ad0                root_menu_write_to_cfg
                0x0000000000017b74                root_menu_set_default
                0x0000000000017bd8                root_menu_load_from_cfg
                0x0000000000017d54                root_menu_is_changed
                0x0000000000017d5c                root_menu
 .text          0x0000000000018318     0x13cc /home/jbrawley/Desktop/rockbox-photo-cf-support/build/apps/screens.o
                0x0000000000018e20                charging_splash
                0x0000000000018e44                set_time_screen
                0x00000000000193c0                browse_id3
                0x000000000001957c                view_runtime
 .text          0x00000000000196e4     0x12e0 /home/jbrawley/Desktop/rockbox-photo-cf-support/build/apps/settings.o
                0x00000000000198e8                cfg_string_to_int
                0x0000000000019968                copy_filename_setting
                0x0000000000019a2c                cfg_int_to_string
                0x0000000000019ae0                cfg_to_string
                0x0000000000019e50                reset_runtime
                0x0000000000019e7c                status_save
                0x0000000000019e98                settings_save
                0x0000000000019eb8                settings_save_config
                0x0000000000019f94                settings_apply_pm_range
                0x0000000000019fcc                sound_settings_apply
                0x000000000001a028                settings_apply
                0x000000000001a2fc                reset_setting
                0x000000000001a3b4                settings_reset
                0x000000000001a448                find_setting
                0x000000000001a498                find_setting_by_cfgname
                0x000000000001a4fc                settings_load_config
                0x000000000001a728                set_int_ex
                0x000000000001a7a4                set_int
                0x000000000001a7e8                set_option
                0x000000000001a8d0                set_bool_options
                0x000000000001a914                set_bool
                0x000000000001a940                set_file
 .text          0x000000000001a9c4      0x5b8 /home/jbrawley/Desktop/rockbox-photo-cf-support/build/apps/settings_list.o
                0x000000000001af68                get_settings_list
 .text          0x000000000001af7c      0xf5c /home/jbrawley/Desktop/rockbox-photo-cf-support/build/apps/shortcuts.o
                0x000000000001b70c                shortcuts_add
                0x000000000001b7a4                shortcuts_init
                0x000000000001bbc8                do_shortcut_menu
 .text          0x000000000001bed8       0x88 /home/jbrawley/Desktop/rockbox-photo-cf-support/build/apps/status.o
                0x000000000001bed8                status_set_ffmode
                0x000000000001bee8                status_get_ffmode
                0x000000000001bef8                current_playmode
 .text          0x000000000001bf60      0xcd8 /home/jbrawley/Desktop/rockbox-photo-cf-support/build/apps/cuesheet.o
                0x000000000001c114                look_for_cuesheet_file
                0x000000000001c164                parse_cuesheet
                0x000000000001c7a0                cue_find_current_track
                0x000000000001c7f8                browse_cuesheet
                0x000000000001ca04                display_cuesheet_content
                0x000000000001ca88                curr_cuesheet_skip
                0x000000000001cb30                cue_draw_markers
                0x000000000001cbd4                cuesheet_subtrack_changed
 .text          0x000000000001cc38     0x1fcc /home/jbrawley/Desktop/rockbox-photo-cf-support/build/apps/talk.o
                0x000000000001d75c                talk_force_shutup
                0x000000000001d7a0                talk_shutup
                0x000000000001d8ac                talk_init
                0x000000000001dab4                talk_buffer_set_policy
                0x000000000001dad0                talk_force_enqueue_next
                0x000000000001dae4                talk_spell
                0x000000000001daf0                talk_fractional
                0x000000000001db74                talk_value_decimal
                0x000000000001dd90                talk_id
                0x000000000001dea4                talk_idarray
                0x000000000001dee4                talk_file
                0x000000000001e218                talk_file_or_spell
                0x000000000001e298                talk_dir_or_spell
                0x000000000001e318                talk_number
                0x000000000001e504                talk_value
                0x000000000001e524                talk_time_intervals
                0x000000000001e62c                talk_fullpath
                0x000000000001e6f0                talk_disable
                0x000000000001e710                talk_setting
                0x000000000001e750                talk_date
                0x000000000001e7e8                talk_time
                0x000000000001e8f8                talk_announce_voice_invalid
                0x000000000001ea44                talk_get_debug_data
 .text          0x000000000001ec04     0x16e8 /home/jbrawley/Desktop/rockbox-photo-cf-support/build/apps/tree.o
                0x000000000001ec94                tree_get_entries
                0x000000000001ecb4                tree_get_entry_at
                0x000000000001f100                check_rockboxdir
                0x000000000001f164                tree_get_context
                0x000000000001f170                tree_lock_cache
                0x000000000001f190                tree_unlock_cache
                0x000000000001f540                resume_directory
                0x000000000001f5bc                getcwd
                0x000000000001f600                reload_directory
                0x000000000001f614                get_current_file
                0x000000000001fd18                set_dirfilter
                0x000000000001fd2c                set_current_file
                0x000000000001fe28                create_playlist
                0x000000000001fe64                rockbox_browse
                0x0000000000020008                bookmark_play
                0x0000000000020234                tree_flush
                0x00000000000202a0                tree_restore
 .text          0x00000000000202ec     0x2c7c /home/jbrawley/Desktop/rockbox-photo-cf-support/build/apps/tagtree.o
                0x0000000000022380                tagtree_export
                0x00000000000223c4                tagtree_import
                0x00000000000223f4                tagtree_load
                0x00000000000224ec                tagtree_exit
                0x0000000000022568                tagtree_enter
                0x0000000000022ae8                tagtree_get_filename
                0x0000000000022c5c                tagtree_subentries_do_action
                0x0000000000022dd8                tagtree_get_subentry_filename
                0x0000000000022e44                tagtree_current_playlist_insert
                0x0000000000022e50                tagtree_add_to_playlist
                0x0000000000022e94                tagtree_get_entry_name
                0x0000000000022ecc                tagtree_get_title
                0x0000000000022f14                tagtree_get_attr
                0x0000000000022f50                tagtree_get_icon
 .text          0x0000000000022f68      0xea4 /home/jbrawley/Desktop/rockbox-photo-cf-support/build/apps/filetree.o
                0x0000000000023100                ft_build_playlist
                0x00000000000231a0                ft_play_playlist
                0x0000000000023280                ft_load
                0x00000000000237ac                ft_enter
                0x0000000000023d20                ft_exit
 .text          0x0000000000023e0c     0x18a8 /home/jbrawley/Desktop/rockbox-photo-cf-support/build/apps/iap/iap-core.o
                0x0000000000023e30                put_u16
                0x0000000000023e40                put_u32
                0x0000000000023e60                get_u32
                0x0000000000023e84                get_u16
                0x0000000000023e94                iap_tx_strlcpy
                0x0000000000023eec                iap_reset_auth
                0x0000000000023f00                iap_reset_device
                0x0000000000023f34                iap_bitrate_set
                0x0000000000023f88                iap_setup
                0x0000000000023fb8                iap_send_tx
                0x0000000000024074                iap_set_remote_volume
                0x00000000000241dc                iap_send_pkt
                0x0000000000024238                iap_getc
                0x0000000000024530                iap_get_trackinfo
                0x00000000000245dc                iap_get_trackpos
                0x00000000000245f0                iap_get_trackindex
                0x000000000002460c                iap_interface_state_change
                0x000000000002467c                iap_handlepkt
                0x000000000002481c                remote_control_rx
                0x0000000000024844                iap_get_serbuf
                0x0000000000024854                iap_shuffle_state
                0x00000000000248d8                iap_repeat_state
                0x000000000002490c                iap_repeat_next
                0x0000000000024948                iap_fill_power_state
                0x00000000000249e0                iap_periodic
 .text          0x00000000000256b4      0xb4c /home/jbrawley/Desktop/rockbox-photo-cf-support/build/apps/iap/iap-lingo0.o
                0x00000000000257a8                iap_handlepkt_mode0
 .text          0x0000000000026200      0x1c8 /home/jbrawley/Desktop/rockbox-photo-cf-support/build/apps/iap/iap-lingo1.o
                0x0000000000026268                iap_record
                0x00000000000262e8                iap_handlepkt_mode1
 .text          0x00000000000263c8      0x494 /home/jbrawley/Desktop/rockbox-photo-cf-support/build/apps/iap/iap-lingo2.o
                0x0000000000026430                iap_handlepkt_mode2
 .text          0x000000000002685c      0xec8 /home/jbrawley/Desktop/rockbox-photo-cf-support/build/apps/iap/iap-lingo3.o
                0x00000000000268c4                iap_handlepkt_mode3
 .text          0x0000000000027724      0xfd4 /home/jbrawley/Desktop/rockbox-photo-cf-support/build/apps/iap/iap-lingo4.o
                0x00000000000278cc                iap_handlepkt_mode4
 .text.unlikely
                0x00000000000286f8       0x88 /home/jbrawley/Desktop/rockbox-photo-cf-support/build/apps/iap/iap-lingo4.o
 .text          0x0000000000028780      0x3e4 /home/jbrawley/Desktop/rockbox-photo-cf-support/build/apps/iap/iap-lingo7.o
                0x00000000000287ec                iap_handlepkt_mode7
 .text          0x0000000000028b64      0x178 /home/jbrawley/Desktop/rockbox-photo-cf-support/build/apps/screen_access.o
                0x0000000000028bc8                screen_helper_setfont
                0x0000000000028be8                screen_helper_lcd_viewport_set_buffer
                0x0000000000028c88                screen_clear_area
 .text          0x0000000000028cdc      0x478 /home/jbrawley/Desktop/rockbox-photo-cf-support/build/apps/gui/icon.o
                0x0000000000028dbc                screen_put_iconxy
                0x0000000000028f44                screen_put_icon_with_offset
                0x0000000000028fe8                screen_put_icon
                0x000000000002900c                screen_put_cursorxy
                0x000000000002901c                icons_init
                0x00000000000290cc                get_icon_width
                0x00000000000290f4                get_icon_height
                0x000000000002912c                get_icon_format
 .text          0x0000000000029154      0xe18 /home/jbrawley/Desktop/rockbox-photo-cf-support/build/apps/gui/list.o
                0x0000000000029168                gui_synclist_keyclick_callback
                0x0000000000029370                list_init
                0x00000000000293ac                list_display_title
                0x000000000002940c                list_get_nb_lines
                0x0000000000029464                list_init_item_height
                0x0000000000029488                gui_synclist_init
                0x000000000002957c                gui_list_get_item_offset
                0x00000000000295e0                gui_synclist_speak_item
                0x0000000000029620                gui_synclist_select_item
                0x0000000000029784                gui_synclist_draw
                0x0000000000029804                gui_synclist_add_item
                0x0000000000029820                gui_synclist_del_item
                0x000000000002984c                gui_synclist_set_title
                0x0000000000029880                gui_synclist_set_nb_items
                0x0000000000029890                gui_synclist_get_nb_items
                0x0000000000029898                gui_synclist_get_sel_pos
                0x00000000000298a0                gui_synclist_set_icon_callback
                0x00000000000298a8                gui_synclist_set_voice_callback
                0x00000000000298b0                gui_synclist_set_viewport_defaults
                0x00000000000298c0                gui_synclist_set_color_callback
                0x00000000000298c8                gui_synclist_set_sel_color
                0x00000000000298f0                gui_synclist_do_button
                0x0000000000029b20                list_do_action_timeout
                0x0000000000029bb4                list_do_action
                0x0000000000029c00                simplelist_set_line_count
                0x0000000000029c54                simplelist_get_line_count
                0x0000000000029c64                simplelist_addline
                0x0000000000029cd0                simplelist_show_list
                0x0000000000029f10                simplelist_info_init
 .text          0x0000000000029f6c      0x868 /home/jbrawley/Desktop/rockbox-photo-cf-support/build/apps/gui/line.o
                0x000000000002a6d0                vput_line
                0x000000000002a7ac                put_line
 .text          0x000000000002a7d4      0x8c0 /home/jbrawley/Desktop/rockbox-photo-cf-support/build/apps/gui/bitmap/list.o
                0x000000000002a8f4                gui_synclist_scroll_stop
                0x000000000002a93c                list_draw
 .text          0x000000000002b094      0x7a8 /home/jbrawley/Desktop/rockbox-photo-cf-support/build/apps/gui/bitmap/list-skinned.o
                0x000000000002b164                skinlist_set_cfg
                0x000000000002b1c8                skinlist_get_item_number
                0x000000000002b1d8                skinlist_get_item_row
                0x000000000002b1e8                skinlist_get_item_column
                0x000000000002b1f8                skinlist_get_item_text
                0x000000000002b264                skinlist_get_item_icon
                0x000000000002b2a8                skinlist_is_selected_item
                0x000000000002b2b8                skinlist_get_line_count
                0x000000000002b320                skinlist_needs_scrollbar
                0x000000000002b334                skinlist_get_scrollbar
                0x000000000002b368                skinlist_get_item
                0x000000000002b3e8                skinlist_draw
 .text          0x000000000002b83c      0xd30 /home/jbrawley/Desktop/rockbox-photo-cf-support/build/apps/gui/option_select.o
                0x000000000002bb88                option_value_as_int
                0x000000000002bbbc                option_get_valuestring
                0x000000000002bd94                option_talk_value
                0x000000000002bf28                option_select_next_val
                0x000000000002c170                option_screen
                0x000000000002c4fc                get_setting_info_for_bar
 .text          0x000000000002c56c       0x28 /home/jbrawley/Desktop/rockbox-photo-cf-support/build/apps/gui/pitchscreen.o
                0x000000000002c56c                gui_syncpitchscreen_run
 .text          0x000000000002c594      0x9b8 /home/jbrawley/Desktop/rockbox-photo-cf-support/build/apps/gui/quickscreen.o
                0x000000000002cde8                is_setting_quickscreenable
                0x000000000002ce44                quick_screen_quick
 .text          0x000000000002cf4c      0x548 /home/jbrawley/Desktop/rockbox-photo-cf-support/build/apps/gui/mask_select.o
                0x000000000002d378                mask_select
 .text          0x000000000002d494      0xe94 /home/jbrawley/Desktop/rockbox-photo-cf-support/build/apps/gui/wps.o
                0x000000000002d9c0                wps_default_skin
                0x000000000002d9cc                pause_action
                0x000000000002da20                unpause_action
                0x000000000002da40                wps_do_playpause
                0x000000000002da7c                gui_wps_show
                0x000000000002e31c                get_wps_state
 .text          0x000000000002e328      0x55c /home/jbrawley/Desktop/rockbox-photo-cf-support/build/apps/gui/scrollbar.o
                0x000000000002e3e4                gui_scrollbar_draw
                0x000000000002e6a8                gui_bitmap_scrollbar_draw
                0x000000000002e80c                show_busy_slider
 .text          0x000000000002e884      0x564 /home/jbrawley/Desktop/rockbox-photo-cf-support/build/apps/gui/splash.o
                0x000000000002eb64                splashf
                0x000000000002ec14                splash
                0x000000000002ec94                splash_progress_set_delay
                0x000000000002ecb4                splash_progress
 .text          0x000000000002ede8      0xa90 /home/jbrawley/Desktop/rockbox-photo-cf-support/build/apps/gui/statusbar.o
                0x000000000002eea4                gui_statusbar_draw
 .text          0x000000000002f878      0x5ac /home/jbrawley/Desktop/rockbox-photo-cf-support/build/apps/gui/statusbar-skinned.o
                0x000000000002f878                sb_set_title_text
                0x000000000002f898                sb_skin_has_title
                0x000000000002f8b0                sb_get_title
                0x000000000002f8d0                sb_get_icon
                0x000000000002f8f8                sb_preproccess
                0x000000000002f928                sb_postproccess
                0x000000000002fa1c                sb_set_info_vp
                0x000000000002fa30                sb_skin_get_info_vp
                0x000000000002fb44                sb_get_backdrop
                0x000000000002fb70                sb_skin_update
                0x000000000002fc18                do_sbs_update_callback
                0x000000000002fc50                sb_skin_set_update_delay
                0x000000000002fc60                sb_create_from_settings
 .text          0x000000000002fe24      0x414 /home/jbrawley/Desktop/rockbox-photo-cf-support/build/apps/gui/yesno.o
                0x000000000002ffd8                gui_syncyesno_run
                0x00000000000301e4                yesno_pop
 .text          0x0000000000030238      0x5dc /home/jbrawley/Desktop/rockbox-photo-cf-support/build/apps/gui/viewport.o
                0x0000000000030270                viewport_get_nb_lines
                0x0000000000030298                viewport_set_fullscreen
                0x000000000003033c                viewport_set_buffer
                0x0000000000030384                viewport_set_defaults
                0x0000000000030738                viewportmanager_theme_undo
                0x000000000003076c                viewportmanager_theme_enable
                0x00000000000307d4                viewportmanager_theme_changed
 .text          0x0000000000030814      0x660 /home/jbrawley/Desktop/rockbox-photo-cf-support/build/apps/gui/skin_engine/skin_backdrops.o
                0x0000000000030814                skin_backdrop_get_debug
                0x0000000000030860                skin_backdrop_init
                0x00000000000308d0                skin_backdrop_assign
                0x00000000000309e4                skin_backdrops_preload
                0x0000000000030b40                skin_backdrop_set_buffer
                0x0000000000030bcc                skin_backdrop_show
                0x0000000000030cfc                skin_backdrop_unload
                0x0000000000030d54                skin_backdrop_load_setting
 .text          0x0000000000030e74     0x11c8 /home/jbrawley/Desktop/rockbox-photo-cf-support/build/apps/gui/skin_engine/skin_display.o
                0x0000000000030f0c                skin_update
                0x0000000000030f78                ab_draw_markers
                0x00000000000310b8                draw_progressbar
                0x00000000000315ec                clear_image_pos
                0x0000000000031648                wps_draw_image
                0x00000000000316f8                evaluate_conditional
                0x00000000000317dc                write_line
                0x0000000000031b7c                draw_peakmeters
                0x0000000000031c04                draw_album_art
                0x0000000000031df8                wps_display_images
                0x0000000000031f34                skin_has_sbs
                0x0000000000031f64                skin_wait_for_action
 .text          0x000000000003203c      0x6c8 /home/jbrawley/Desktop/rockbox-photo-cf-support/build/apps/gui/skin_engine/skin_engine.o
                0x00000000000321b8                skin_get_num_skins
                0x00000000000321c0                skin_get_stats
                0x00000000000321dc                gui_sync_skin_init
                0x0000000000032234                skin_unload_all
                0x0000000000032238                skin_load
                0x0000000000032374                skin_get_gwps
                0x0000000000032408                settings_apply_skins
                0x00000000000324e8                skin_do_full_update
                0x000000000003255c                skin_request_full_update
                0x0000000000032578                dbg_skin_engine
 .text          0x0000000000032704     0x2cd4 /home/jbrawley/Desktop/rockbox-photo-cf-support/build/apps/gui/skin_engine/skin_parser.o
                0x0000000000033ec4                skin_find_item
                0x0000000000034af8                get_image_filename
                0x0000000000034b28                skin_data_free_buflib_allocs
                0x0000000000034d10                skin_data_load
 .text          0x00000000000353d8     0x1628 /home/jbrawley/Desktop/rockbox-photo-cf-support/build/apps/gui/skin_engine/skin_render.o
                0x0000000000036378                skin_render_alternator
                0x0000000000036498                skin_render_viewport
                0x0000000000036784                skin_render
 .text          0x0000000000036a00     0x1cfc /home/jbrawley/Desktop/rockbox-photo-cf-support/build/apps/gui/skin_engine/skin_tokens.o
                0x0000000000036aa0                get_dir
                0x0000000000036bdc                get_cuesheetid3_token
                0x0000000000036d24                get_id3_token
                0x0000000000037270                get_radio_token
                0x0000000000037480                get_token_value
 .text.unlikely
                0x00000000000386fc      0x364 /home/jbrawley/Desktop/rockbox-photo-cf-support/build/apps/gui/skin_engine/skin_tokens.o
 .text          0x0000000000038a60       0x70 /home/jbrawley/Desktop/rockbox-photo-cf-support/build/apps/gui/backdrop.o
                0x0000000000038a60                backdrop_load
                0x0000000000038ac0                backdrop_show
 .text          0x0000000000038ad0      0xc5c /home/jbrawley/Desktop/rockbox-photo-cf-support/build/apps/recorder/bmp.o
                0x0000000000038ad0                output_row_8_native
                0x0000000000038f60                read_bmp_fd
                0x00000000000396cc                read_bmp_file
 .text          0x000000000003972c     0x1738 /home/jbrawley/Desktop/rockbox-photo-cf-support/build/apps/recorder/keyboard.o
                0x0000000000039c24                load_kbd
                0x0000000000039dd4                kbd_input
 .text          0x000000000003ae64     0x1260 /home/jbrawley/Desktop/rockbox-photo-cf-support/build/apps/recorder/peakmeter.o
                0x000000000003afb8                peak_meter_enable
                0x000000000003afc8                peak_meter_db2sample
                0x000000000003b048                peak_meter_get_min
                0x000000000003b0a0                peak_meter_get_max
                0x000000000003b0f8                peak_meter_get_use_dbfs
                0x000000000003b108                peak_meter_set_use_dbfs
                0x000000000003b128                peak_meter_init_range
                0x000000000003b208                peak_meter_init_times
                0x000000000003b244                pm_activate_clipcount
                0x000000000003b254                pm_get_clipcount
                0x000000000003b264                pm_reset_clipcount
                0x000000000003b278                peak_meter_playback
                0x000000000003b298                peak_meter_peek
                0x000000000003b5fc                peak_meter_set_clip_hold
                0x000000000003b624                peak_meter_scale_value
                0x000000000003b6a0                peak_meter_current_vals
                0x000000000003b6f0                peak_meter_screen
                0x000000000003bd18                peak_meter_define_trigger
                0x000000000003bdbc                peak_meter_trigger
                0x000000000003bdcc                peak_meter_set_trigger_listener
                0x000000000003bddc                peak_meter_trigger_status
                0x000000000003bdec                peak_meter_draw_trig
                0x000000000003bf8c                peak_meter_draw_get_btn
 .text          0x000000000003c0c4      0xc78 /home/jbrawley/Desktop/rockbox-photo-cf-support/build/apps/recorder/resize.o
                0x000000000003c864                recalc_dimension
                0x000000000003c900                resize_on_load
 .text          0x000000000003cd3c     0x2250 /home/jbrawley/Desktop/rockbox-photo-cf-support/build/apps/recorder/jpeg_load.o
                0x000000000003dfcc                clip_jpeg_fd
                0x000000000003eeb0                clip_jpeg_file
                0x000000000003ef28                read_jpeg_file
                0x000000000003ef58                read_jpeg_fd
 .text          0x000000000003ef8c      0x580 /home/jbrawley/Desktop/rockbox-photo-cf-support/build/apps/recorder/jpeg_idct_arm.o
                0x000000000003ef8c                jpeg_idct1h
                0x000000000003efbc                jpeg_idct2v
                0x000000000003f008                jpeg_idct2h
                0x000000000003f058                jpeg_idct4v
                0x000000000003f0d0                jpeg_idct4h
                0x000000000003f178                jpeg_idct8v
                0x000000000003f304                jpeg_idct8h
 .text          0x000000000003f50c      0x488 /home/jbrawley/Desktop/rockbox-photo-cf-support/build/apps/recorder/albumart.o
                0x000000000003f8f0                search_albumart_files
                0x000000000003f904                find_albumart
 .text          0x000000000003f994      0x7a0 /home/jbrawley/Desktop/rockbox-photo-cf-support/build/apps/gui/color_picker.o
                0x000000000003ff74                set_color
 .text          0x0000000000040134     0x141c /home/jbrawley/Desktop/rockbox-photo-cf-support/build/apps/recorder/recording.o
                0x00000000000404e4                settings_apply_trigger
                0x0000000000040554                in_recording_screen
                0x0000000000040568                rec_create_filename
                0x000000000004062c                rec_create_directory
                0x00000000000406c8                rec_init_recording_options
                0x0000000000040718                rec_set_source
                0x0000000000040744                rec_set_recording_options
                0x000000000004076c                rec_command
                0x0000000000040934                recording_screen
                0x000000000004154c                audio_beep
 .text          0x0000000000041550      0x9ac /home/jbrawley/Desktop/rockbox-photo-cf-support/build/apps/radio/radio.o
                0x00000000000415c0                radio_scan_mode
                0x00000000000415d8                radio_is_stereo
                0x0000000000041604                radio_current_frequency
                0x0000000000041614                get_radio_status
                0x0000000000041624                in_radio_screen
                0x0000000000041634                radio_start
                0x00000000000416f0                radio_pause
                0x0000000000041734                radio_stop
                0x000000000004174c                radio_hardware_present
                0x0000000000041768                snap_freq_to_grid
                0x0000000000041830                remember_frequency
                0x0000000000041880                next_station
                0x000000000004190c                radio_screen
                0x0000000000041ea8                toggle_mono_mode
                0x0000000000041ed0                set_radio_region
 .text          0x0000000000041efc      0xc84 /home/jbrawley/Desktop/rockbox-photo-cf-support/build/apps/radio/presets.o
                0x00000000000420ac                radio_current_preset
                0x00000000000420bc                radio_preset_count
                0x00000000000420cc                radio_get_preset
                0x00000000000420dc                presets_have_changed
                0x00000000000420ec                preset_find
                0x0000000000042130                preset_next
                0x000000000004226c                preset_set_current
                0x000000000004227c                preset_talk
                0x0000000000042308                radio_save_presets
                0x00000000000423c0                radio_load_presets
                0x000000000004250c                radio_get_preset_name
                0x000000000004252c                handle_radio_add_preset
                0x00000000000425d8                preset_list_load
                0x0000000000042668                preset_list_save
                0x0000000000042788                preset_list_clear
                0x00000000000427dc                handle_radio_presets
                0x0000000000042988                presets_scan
                0x0000000000042b68                presets_save
 .text          0x0000000000042b80       0xcc /home/jbrawley/Desktop/rockbox-photo-cf-support/build/apps/radio/radio_skin.o
                0x0000000000042b80                default_radio_skin
                0x0000000000042b8c                fms_fix_displays
                0x0000000000042c28                fms_do_button_loop
 .text          0x0000000000042c4c      0x434 /home/jbrawley/Desktop/rockbox-photo-cf-support/build/apps/radio/radioart.o
                0x0000000000042eb0                radio_get_art_hid
                0x0000000000042fc4                radioart_init
 .text          0x0000000000043080       0x6c /home/jbrawley/Desktop/rockbox-photo-cf-support/build/apps/audio_path.o
                0x0000000000043080                audio_set_input_source
 .text          0x00000000000430ec      0x114 /home/jbrawley/Desktop/rockbox-photo-cf-support/build/apps/audio_thread.o
                0x00000000000430ec                audio_voice_event
                0x000000000004318c                audio_queue_post
                0x00000000000431b0                audio_queue_send
                0x00000000000431d4                audio_status
                0x00000000000431f0                audio_error_clear
 .text          0x0000000000043200     0x12e0 /home/jbrawley/Desktop/rockbox-photo-cf-support/build/apps/pcmbuf.o
                0x00000000000439c0                snip_buffer_tail
                0x0000000000043a50                pcmbuf_write_complete
                0x0000000000043b30                pcmbuf_monitor_track_change
                0x0000000000043b78                pcmbuf_play_start
                0x0000000000043bd4                pcmbuf_play_stop
                0x0000000000043c0c                pcmbuf_start_track_change
                0x0000000000043de0                pcmbuf_pause
                0x0000000000043e1c                pcmbuf_request_crossfade_enable
                0x0000000000043e2c                pcmbuf_is_same_size
                0x0000000000043e74                pcmbuf_free
                0x0000000000043e9c                pcmbuf_request_buffer
                0x00000000000442a4                pcmbuf_get_bufsize
                0x00000000000442b4                pcmbuf_used_descs
                0x00000000000442c8                pcmbuf_descs
                0x00000000000442d8                pcmbuf_fade
                0x0000000000044360                pcmbuf_fading
                0x0000000000044378                pcmbuf_soft_mode
                0x00000000000443c8                pcmbuf_init
                0x0000000000044434                pcmbuf_get_position_key
                0x0000000000044444                pcmbuf_sync_position_update
                0x0000000000044458                pcmbuf_is_lowdata
                0x00000000000444a4                pcmbuf_set_low_latency
                0x00000000000444b4                pcmbuf_update_frequency
                0x00000000000444d0                pcmbuf_get_frequency
 .text          0x00000000000444e0      0x820 /home/jbrawley/Desktop/rockbox-photo-cf-support/build/apps/codec_thread.o
                0x00000000000449dc                get_codec_filename
                0x0000000000044bb0                codec_thread_do_callback
                0x0000000000044bd4                codec_thread_get_priority
                0x0000000000044bf0                codec_thread_set_priority
                0x0000000000044c10                codec_load
                0x0000000000044c38                codec_go
                0x0000000000044c44                codec_seek
                0x0000000000044c50                codec_pause
                0x0000000000044c70                codec_stop
                0x0000000000044c90                codec_finish_stream
                0x0000000000044cd8                codec_unload
                0x0000000000044cf0                codec_loaded
 .text          0x0000000000044d00     0x2f88 /home/jbrawley/Desktop/rockbox-photo-cf-support/build/apps/playback.o
                0x0000000000046934                audio_track_count
                0x0000000000046944                audio_buffer_size
                0x0000000000046964                audio_buffer_available
                0x000000000004699c                audio_codec_update_elapsed
                0x0000000000046a18                audio_codec_update_offset
                0x0000000000046a2c                audio_codec_complete
                0x0000000000046a4c                audio_codec_seek_complete
                0x0000000000046a64                audio_pcmbuf_position_callback
                0x0000000000046a88                audio_pcmbuf_sync_position
                0x0000000000046ca4                audio_playback_handler
                0x0000000000047550                audio_pcmbuf_track_change
                0x0000000000047580                audio_pcmbuf_may_play
                0x00000000000475ac                audio_peek_track
                0x0000000000047610                audio_current_track
                0x00000000000477fc                audio_next_track
                0x0000000000047854                audio_play
                0x0000000000047884                audio_stop
                0x000000000004789c                audio_pause
                0x00000000000478b4                audio_hard_stop
                0x00000000000478e4                audio_resume
                0x00000000000478fc                audio_skip
                0x0000000000047990                audio_next
                0x0000000000047998                audio_prev
                0x00000000000479a0                audio_next_dir
                0x00000000000479b8                audio_prev_dir
                0x00000000000479d0                audio_pre_ff_rewind
                0x00000000000479e8                audio_ff_rewind
                0x0000000000047a00                audio_flush_and_reload_tracks
                0x0000000000047a18                playback_current_aa_hid
                0x0000000000047a98                playback_claim_aa_slot
                0x0000000000047b64                playback_release_aa_slot
                0x0000000000047b8c                playback_update_aa_dims
                0x0000000000047ba4                set_albumart_mode
                0x0000000000047bd4                audio_get_file_pos
                0x0000000000047be4                audio_get_filebuflen
                0x0000000000047bf4                audio_filebufused
                0x0000000000047c04                audio_set_cuesheet
                0x0000000000047c58                audio_set_crossfade
                0x0000000000047c78                playback_status
 .text          0x0000000000047c88      0x284 /home/jbrawley/Desktop/rockbox-photo-cf-support/build/apps/codecs.o
                0x0000000000047d50                codec_get_full_path
                0x0000000000047d74                codec_get_buffer_callback
                0x0000000000047dc8                codec_load_buf
                0x0000000000047e14                codec_load_file
                0x0000000000047e6c                codec_run_proc
                0x0000000000047e9c                codec_close
                0x0000000000047ed8                codec_get_enc_callback
 .text          0x0000000000047f0c      0x144 /home/jbrawley/Desktop/rockbox-photo-cf-support/build/apps/beep.o
                0x0000000000047f78                beep_play
 .text          0x0000000000048050      0x560 /home/jbrawley/Desktop/rockbox-photo-cf-support/build/apps/enc_config.o
                0x0000000000048210                global_to_encoder_config
                0x0000000000048268                encoder_config_to_global
                0x000000000004828c                enc_get_caps
                0x0000000000048428                enc_init_config
                0x0000000000048470                enc_global_settings_reset
                0x00000000000484d4                enc_global_settings_apply
                0x0000000000048520                enc_global_config_menu
 .text          0x00000000000485b0     0x195c /home/jbrawley/Desktop/rockbox-photo-cf-support/build/apps/recorder/pcm_record.o
                0x0000000000049618                pcmbuf_used
                0x00000000000497e0                pcm_rec_error_clear
                0x0000000000049810                pcm_rec_status
                0x0000000000049838                pcm_rec_get_warnings
                0x0000000000049848                audio_init_recording
                0x0000000000049860                audio_close_recording
                0x0000000000049878                audio_set_recording_options
                0x0000000000049890                audio_new_file
                0x0000000000049890                audio_record
                0x00000000000498a8                audio_stop_recording
                0x00000000000498c0                audio_pause_recording
                0x00000000000498d8                audio_resume_recording
                0x00000000000498f0                audio_set_recording_gain
                0x0000000000049900                audio_prerecorded_time
                0x0000000000049968                audio_recorded_time
                0x00000000000499b8                audio_num_recorded_bytes
                0x00000000000499d0                audio_recording_handler
 .text          0x0000000000049f0c       0xd8 /home/jbrawley/Desktop/rockbox-photo-cf-support/build/apps/usb_keymaps.o
                0x0000000000049f0c                get_hid_usb_action
                0x0000000000049fc4                keypad_mode_name_get
 .text          0x0000000000049fe4      0x340 /home/jbrawley/Desktop/rockbox-photo-cf-support/build/apps/gui/usb_screen.o
                0x0000000000049fe4                gui_usb_screen_run
 .text          0x000000000004a324     0x5748 /home/jbrawley/Desktop/rockbox-photo-cf-support/build/apps/tagcache.o
                0x000000000004dfcc                tagcache_tag_to_str
                0x000000000004dfe0                tagcache_get_numeric
                0x000000000004e068                tagcache_check_clauses
                0x000000000004e0cc                tagcache_search
                0x000000000004e220                tagcache_find_index
                0x000000000004e29c                tagcache_search_set_uniqbuf
                0x000000000004e2c8                tagcache_search_add_filter
                0x000000000004e320                tagcache_search_add_clause
                0x000000000004e414                tagcache_retrieve
                0x000000000004e478                tagcache_search_finish
                0x000000000004e500                tagcache_fill_tags
                0x000000000004e874                tagcache_increase_serial
                0x000000000004e8d8                tagcache_update_numeric
                0x000000000004e8fc                tagcache_import_changelog
                0x000000000004e914                tagcache_create_changelog
                0x000000000004eae4                tagcache_screensync_event
                0x000000000004eaf8                tagcache_screensync_enable
                0x000000000004eb08                tagcache_unload_ramcache
                0x000000000004eb1c                tagcache_shutdown
                0x000000000004eb38                tagcache_remove_statefile
                0x000000000004eb44                tagcache_get_stat
                0x000000000004ec04                tagcache_start_scan
                0x000000000004ef0c                tagcache_build
                0x000000000004f3d0                tagcache_update
                0x000000000004f404                tagcache_rebuild
                0x000000000004f428                tagcache_stop_scan
                0x000000000004f448                tagcache_prepare_shutdown
                0x000000000004f498                tagcache_is_initialized
                0x000000000004f4a8                tagcache_is_fully_initialized
                0x000000000004f4b8                tagcache_is_usable
                0x000000000004f4d4                tagcache_get_next
                0x000000000004fa44                tagcache_is_in_ram
                0x000000000004fa54                tagcache_get_commit_step
                0x000000000004fa64                tagcache_get_max_commit_step
 .text          0x000000000004fa6c      0x1e0 /home/jbrawley/Desktop/rockbox-photo-cf-support/build/apps/keymaps/keymap-ipod.o
                0x000000000004fa6c                get_context_mapping
 .text          0x000000000004fc4c      0x170 /home/jbrawley/Desktop/rockbox-photo-cf-support/build/lib/rbcodec/codecs/libspeex-voice.a(bits.o)
                0x000000000004fc4c                speex_bits_set_bit_buffer
                0x000000000004fc70                speex_bits_unpack_unsigned
                0x000000000004fd00                speex_bits_peek
                0x000000000004fd44                speex_bits_advance
                0x000000000004fd98                speex_bits_remaining
 .text          0x000000000004fdbc       0x7c /home/jbrawley/Desktop/rockbox-photo-cf-support/build/lib/rbcodec/codecs/libspeex-voice.a(modes_wb.o)
                0x000000000004fdbc                wb_mode_query
                0x000000000004fe20                speex_lib_get_mode
 .text          0x000000000004fe38      0x320 /home/jbrawley/Desktop/rockbox-photo-cf-support/build/lib/rbcodec/codecs/libspeex-voice.a(quant_lsp.o)
                0x000000000004fe38                lsp_unquant_nb
                0x000000000004ffa8                lsp_unquant_lbr
                0x0000000000050098                lsp_unquant_high
 .text          0x0000000000050158      0xda8 /home/jbrawley/Desktop/rockbox-photo-cf-support/build/lib/rbcodec/codecs/libspeex-voice.a(sb_celp.o)
                0x0000000000050158                sb_decoder_init
                0x0000000000050234                sb_decoder_destroy
                0x0000000000050248                sb_decode
                0x0000000000050c18                sb_decoder_ctl
 .text          0x0000000000050f00      0x104 /home/jbrawley/Desktop/rockbox-photo-cf-support/build/lib/rbcodec/codecs/libspeex-voice.a(speex.o)
                0x0000000000050f00                speex_decoder_init
                0x0000000000050f08                speex_decoder_destroy
                0x0000000000050f14                speex_decode_native
                0x0000000000050f20                speex_decode_int
                0x0000000000050f2c                speex_decoder_ctl
                0x0000000000050f38                nb_mode_query
                0x0000000000050f98                speex_lib_ctl
 .text          0x0000000000051004      0x3b0 /home/jbrawley/Desktop/rockbox-photo-cf-support/build/lib/rbcodec/codecs/libspeex-voice.a(filters_arm4.o)
                0x0000000000051004                iir_mem16
                0x00000000000511a4                qmf_synth
                0x000000000005136c                signal_mul
 .text          0x00000000000513b4      0x17c /home/jbrawley/Desktop/rockbox-photo-cf-support/build/lib/rbcodec/codecs/libspeex-voice.a(cb_search.o)
                0x00000000000513b4                split_cb_shape_sign_unquant
                0x00000000000514d4                noise_codebook_unquant
 .text          0x0000000000051530      0xbbc /home/jbrawley/Desktop/rockbox-photo-cf-support/build/lib/rbcodec/codecs/libspeex-voice.a(filters.o)
                0x00000000000517b0                normalize16
                0x0000000000051850                bw_lpc
                0x00000000000518a0                sanitize_values32
                0x00000000000518dc                highpass
                0x00000000000519dc                compute_rms16
                0x0000000000051b50                multicomb
 .text          0x00000000000520ec      0x5f8 /home/jbrawley/Desktop/rockbox-photo-cf-support/build/lib/rbcodec/codecs/libspeex-voice.a(lsp.o)
                0x00000000000520ec                lsp_to_lpc
                0x00000000000524f4                lsp_enforce_margin
                0x0000000000052594                lsp_interpolate
 .text          0x00000000000526e4      0x5c8 /home/jbrawley/Desktop/rockbox-photo-cf-support/build/lib/rbcodec/codecs/libspeex-voice.a(ltp.o)
                0x00000000000526e4                inner_prod
                0x0000000000052784                pitch_xcorr
                0x00000000000528d8                pitch_unquant_3tap
                0x0000000000052c38                forced_pitch_unquant
 .text          0x0000000000052cac     0x14ec /home/jbrawley/Desktop/rockbox-photo-cf-support/build/lib/rbcodec/codecs/libspeex-voice.a(nb_celp.o)
                0x0000000000052cac                nb_decoder_init
                0x0000000000052dec                nb_decoder_destroy
                0x0000000000052df0                nb_decode
                0x0000000000053ec8                nb_decoder_ctl
 .text          0x0000000000054198       0xb8 /home/jbrawley/Desktop/rockbox-photo-cf-support/build/lib/rbcodec/codecs/libspeex-voice.a(speex_callbacks.o)
                0x0000000000054198                speex_inband_handler
                0x0000000000054224                speex_default_user_handler
 .text          0x0000000000054250      0x4e8 /home/jbrawley/Desktop/rockbox-photo-cf-support/build/lib/librbcodec.a(metadata.o)
                0x00000000000542c8                get_audio_base_codec_type
                0x000000000005433c                rbcodec_format_is_atomic
                0x00000000000543a0                format_buffers_with_offset
                0x00000000000543d4                probe_file_format
                0x0000000000054454                adjust_mp3entry
                0x0000000000054528                copy_mp3entry
                0x0000000000054550                wipe_mp3entry
                0x0000000000054568                get_metadata
                0x0000000000054664                mp3info
                0x00000000000546b4                fill_metadata_from_path
 .text          0x0000000000054738     0x13dc /home/jbrawley/Desktop/rockbox-photo-cf-support/build/lib/librbcodec.a(id3tags.o)
                0x0000000000054ce8                id3_get_num_genre
                0x0000000000054d00                setid3v1title
                0x0000000000054ebc                setid3v2title
                0x00000000000559e0                getid3v1len
                0x0000000000055a48                getid3v2len
 .text          0x0000000000055b14      0x208 /home/jbrawley/Desktop/rockbox-photo-cf-support/build/lib/librbcodec.a(mp3.o)
                0x0000000000055b14                get_mp3_metadata
 .text          0x0000000000055d1c      0xdac /home/jbrawley/Desktop/rockbox-photo-cf-support/build/lib/librbcodec.a(mp3data.o)
                0x00000000000561c8                bytes2int
                0x00000000000561e8                find_next_frame
                0x0000000000056210                mem_find_next_frame
                0x0000000000056254                get_mp3file_info
                0x0000000000056634                count_mp3_frames
                0x0000000000056764                create_xing_header
 .text          0x0000000000056ac8      0x878 /home/jbrawley/Desktop/rockbox-photo-cf-support/build/lib/librbcodec.a(compressor.o)
                0x00000000000572b0                get_lpf_coeff
                0x00000000000572d4                get_att_rls_coeff
                0x00000000000572fc                dsp_set_compressor
 .text          0x0000000000057340      0x330 /home/jbrawley/Desktop/rockbox-photo-cf-support/build/lib/librbcodec.a(crossfeed.o)
                0x00000000000575bc                dsp_set_crossfeed_type
                0x00000000000575fc                dsp_set_crossfeed_direct_gain
                0x000000000005762c                dsp_set_crossfeed_cross_params
 .text          0x0000000000057670      0x660 /home/jbrawley/Desktop/rockbox-photo-cf-support/build/lib/librbcodec.a(dsp_core.o)
                0x0000000000057724                dsp_proc_enabled
                0x000000000005773c                dsp_proc_activate
                0x00000000000577a0                dsp_proc_enable
                0x00000000000579cc                dsp_proc_active
                0x00000000000579e4                dsp_proc_want_format_update
                0x0000000000057a00                dsp_proc_set_in_place
                0x0000000000057a3c                dsp_process
                0x0000000000057bf4                dsp_configure
                0x0000000000057c94                dsp_get_config
                0x0000000000057cb0                dsp_get_id
 .text          0x0000000000057cd0      0x664 /home/jbrawley/Desktop/rockbox-photo-cf-support/build/lib/librbcodec.a(pbe.o)
                0x000000000005828c                dsp_pbe_precut
                0x00000000000582dc                dsp_pbe_enable
 .text          0x0000000000058334      0x290 /home/jbrawley/Desktop/rockbox-photo-cf-support/build/lib/librbcodec.a(afr.o)
                0x0000000000058560                dsp_afr_enable
 .text          0x00000000000585c4      0x760 /home/jbrawley/Desktop/rockbox-photo-cf-support/build/lib/librbcodec.a(surround.o)
                0x0000000000058bd8                dsp_surround_set_balance
                0x0000000000058be8                dsp_surround_side_only
                0x0000000000058bf8                dsp_surround_mix
                0x0000000000058c08                dsp_surround_set_cutoff
                0x0000000000058c64                dsp_surround_enable
 .text          0x0000000000058d24      0x610 /home/jbrawley/Desktop/rockbox-photo-cf-support/build/lib/librbcodec.a(dsp_filter.o)
                0x0000000000058d24                filter_shelf_coefs
                0x0000000000058e20                filter_bishelf_coefs
                0x0000000000058f10                filter_pk_coefs
                0x000000000005900c                filter_ls_coefs
                0x0000000000059160                filter_hs_coefs
                0x00000000000592b8                filter_copy
                0x00000000000592dc                filter_flush
                0x00000000000592f8                dequeue
                0x0000000000059314                enqueue
 .text          0x0000000000059334      0x2a8 /home/jbrawley/Desktop/rockbox-photo-cf-support/build/lib/librbcodec.a(dsp_misc.o)
                0x000000000005952c                dsp_replaygain_set_settings
                0x0000000000059538                dsp_set_pitch
                0x000000000005957c                dsp_get_pitch
                0x000000000005958c                dsp_set_all_output_frequency
                0x00000000000595c4                dsp_get_output_frequency
 .text          0x00000000000595dc      0x164 /home/jbrawley/Desktop/rockbox-photo-cf-support/build/lib/librbcodec.a(dsp_sample_io.o)
                0x0000000000059608                dsp_sample_io_configure
 .text          0x0000000000059740      0x304 /home/jbrawley/Desktop/rockbox-photo-cf-support/build/lib/librbcodec.a(dsp_sample_input.o)
                0x00000000000599ec                dsp_sample_input_format_change
                0x0000000000059a38                dsp_sample_input_flush
 .text          0x0000000000059a44      0x220 /home/jbrawley/Desktop/rockbox-photo-cf-support/build/lib/librbcodec.a(dsp_sample_output.o)
                0x0000000000059a44                sample_output_dithered
                0x0000000000059bac                dsp_sample_output_format_change
                0x0000000000059bfc                dsp_sample_output_flush
                0x0000000000059c20                dsp_dither_enable
 .text          0x0000000000059c64      0x350 /home/jbrawley/Desktop/rockbox-photo-cf-support/build/lib/librbcodec.a(eq.o)
                0x0000000000059e40                dsp_set_eq_precut
                0x0000000000059e64                dsp_set_eq_coefs
                0x0000000000059f50                dsp_eq_enable
 .text          0x0000000000059fb4      0x21c /home/jbrawley/Desktop/rockbox-photo-cf-support/build/lib/librbcodec.a(resample.o)
 .text          0x000000000005a1d0      0x10c /home/jbrawley/Desktop/rockbox-photo-cf-support/build/lib/librbcodec.a(pga.o)
                0x000000000005a278                pga_set_gain
                0x000000000005a2a8                pga_enable_gain
 .text          0x000000000005a2dc      0x954 /home/jbrawley/Desktop/rockbox-photo-cf-support/build/lib/librbcodec.a(tdspeed.o)
                0x000000000005aafc                dsp_timestretch_enable
                0x000000000005ab38                dsp_set_timestretch
                0x000000000005ab8c                dsp_get_timestretch
                0x000000000005ab9c                dsp_timestretch_available
                0x000000000005abb4                tdspeed_move
 .text          0x000000000005ac30      0x598 /home/jbrawley/Desktop/rockbox-photo-cf-support/build/lib/librbcodec.a(dsp_arm.o)
                0x000000000005ac30                channel_mode_proc_mono
                0x000000000005ac8c                channel_mode_proc_custom
                0x000000000005ad38                channel_mode_proc_karaoke
                0x000000000005ada0                crossfeed_process
                0x000000000005ae38                crossfeed_meier_process
                0x000000000005aea4                resample_hermite
                0x000000000005b0e4                pga_process
                0x000000000005b154                filter_process
 .text          0x000000000005b1c8      0x2fc /home/jbrawley/Desktop/rockbox-photo-cf-support/build/lib/librbcodec.a(replaygain.o)
                0x000000000005b318                replaygain_itoa
                0x000000000005b378                get_replaygain_int
                0x000000000005b390                parse_replaygain
                0x000000000005b468                parse_replaygain_int
 .text          0x000000000005b4c4      0x5a0 /home/jbrawley/Desktop/rockbox-photo-cf-support/build/lib/librbcodec.a(metadata_common.o)
                0x000000000005b4c4                read_string
                0x000000000005b554                read_uint8
                0x000000000005b568                read_uint16be
                0x000000000005b590                read_uint32be
                0x000000000005b5c0                read_uint64be
                0x000000000005b618                get_uint64_le
                0x000000000005b6a8                get_long_le
                0x000000000005b6cc                get_short_le
                0x000000000005b6dc                get_long_be
                0x000000000005b700                get_short_be
                0x000000000005b710                get_slong
                0x000000000005b734                get_itunes_int32
                0x000000000005b7e8                skip_id3v2
                0x000000000005b88c                parse_tag
 .text          0x000000000005ba64      0x128 /home/jbrawley/Desktop/rockbox-photo-cf-support/build/lib/librbcodec.a(a52.o)
                0x000000000005ba64                get_a52_metadata
 .text          0x000000000005bb8c      0x208 /home/jbrawley/Desktop/rockbox-photo-cf-support/build/lib/librbcodec.a(adx.o)
                0x000000000005bb8c                get_adx_metadata
 .text          0x000000000005bd94      0x480 /home/jbrawley/Desktop/rockbox-photo-cf-support/build/lib/librbcodec.a(aiff.o)
                0x000000000005bd94                get_aiff_metadata
 .text          0x000000000005c214      0x514 /home/jbrawley/Desktop/rockbox-photo-cf-support/build/lib/librbcodec.a(asap.o)
                0x000000000005c6c0                get_asap_metadata
 .text          0x000000000005c728      0xdc0 /home/jbrawley/Desktop/rockbox-photo-cf-support/build/lib/librbcodec.a(asf.o)
                0x000000000005ca54                get_asf_metadata
 .text          0x000000000005d4e8      0x124 /home/jbrawley/Desktop/rockbox-photo-cf-support/build/lib/librbcodec.a(au.o)
                0x000000000005d4e8                get_au_metadata
 .text          0x000000000005d60c      0x258 /home/jbrawley/Desktop/rockbox-photo-cf-support/build/lib/librbcodec.a(ay.o)
                0x000000000005d66c                get_ay_metadata
 .text          0x000000000005d864      0x3a0 /home/jbrawley/Desktop/rockbox-photo-cf-support/build/lib/librbcodec.a(flac.o)
                0x000000000005d864                get_flac_metadata
 .text          0x000000000005dc04      0x158 /home/jbrawley/Desktop/rockbox-photo-cf-support/build/lib/librbcodec.a(gbs.o)
                0x000000000005dc04                get_gbs_metadata
 .text          0x000000000005dd5c       0xa4 /home/jbrawley/Desktop/rockbox-photo-cf-support/build/lib/librbcodec.a(hes.o)
                0x000000000005dd5c                get_hes_metadata
 .text          0x000000000005de00      0x104 /home/jbrawley/Desktop/rockbox-photo-cf-support/build/lib/librbcodec.a(kss.o)
                0x000000000005de00                get_kss_metadata
 .text          0x000000000005df04      0x25c /home/jbrawley/Desktop/rockbox-photo-cf-support/build/lib/librbcodec.a(mod.o)
                0x000000000005df04                get_mod_metadata
 .text          0x000000000005e160      0x19c /home/jbrawley/Desktop/rockbox-photo-cf-support/build/lib/librbcodec.a(monkeys.o)
                0x000000000005e160                get_monkeys_metadata
 .text          0x000000000005e2fc      0xfc0 /home/jbrawley/Desktop/rockbox-photo-cf-support/build/lib/librbcodec.a(mp4.o)
                0x000000000005f1a4                get_mp4_metadata
 .text          0x000000000005f2bc      0x3b8 /home/jbrawley/Desktop/rockbox-photo-cf-support/build/lib/librbcodec.a(mpc.o)
                0x000000000005f2bc                get_musepack_metadata
 .text.unlikely
                0x000000000005f674       0xbc /home/jbrawley/Desktop/rockbox-photo-cf-support/build/lib/librbcodec.a(mpc.o)
 .text          0x000000000005f730      0x3e0 /home/jbrawley/Desktop/rockbox-photo-cf-support/build/lib/librbcodec.a(nsf.o)
                0x000000000005f730                get_nsf_metadata
 .text          0x000000000005fb10      0x328 /home/jbrawley/Desktop/rockbox-photo-cf-support/build/lib/librbcodec.a(ogg.o)
                0x000000000005fb10                get_ogg_metadata
 .text          0x000000000005fe38      0x20c /home/jbrawley/Desktop/rockbox-photo-cf-support/build/lib/librbcodec.a(oma.o)
                0x000000000005fe38                get_oma_metadata
 .text          0x0000000000060044      0x90c /home/jbrawley/Desktop/rockbox-photo-cf-support/build/lib/librbcodec.a(rm.o)
                0x00000000000602ac                get_rm_metadata
 .text          0x0000000000060950      0x158 /home/jbrawley/Desktop/rockbox-photo-cf-support/build/lib/librbcodec.a(sgc.o)
                0x0000000000060950                get_sgc_metadata
 .text          0x0000000000060aa8      0x164 /home/jbrawley/Desktop/rockbox-photo-cf-support/build/lib/librbcodec.a(sid.o)
                0x0000000000060aa8                get_sid_metadata
 .text          0x0000000000060c0c      0x870 /home/jbrawley/Desktop/rockbox-photo-cf-support/build/lib/librbcodec.a(smaf.o)
                0x0000000000060fdc                get_smaf_metadata
 .text          0x000000000006147c      0x228 /home/jbrawley/Desktop/rockbox-photo-cf-support/build/lib/librbcodec.a(spc.o)
                0x000000000006147c                get_spc_metadata
 .text          0x00000000000616a4      0x1a8 /home/jbrawley/Desktop/rockbox-photo-cf-support/build/lib/librbcodec.a(tta.o)
                0x00000000000616a4                get_tta_metadata
 .text          0x000000000006184c      0x320 /home/jbrawley/Desktop/rockbox-photo-cf-support/build/lib/librbcodec.a(vgm.o)
                0x0000000000061900                get_vgm_metadata
 .text          0x0000000000061b6c      0x50c /home/jbrawley/Desktop/rockbox-photo-cf-support/build/lib/librbcodec.a(vorbis.o)
                0x0000000000061d60                read_vorbis_tags
 .text          0x0000000000062078       0x3c /home/jbrawley/Desktop/rockbox-photo-cf-support/build/lib/librbcodec.a(vox.o)
                0x0000000000062078                get_vox_metadata
 .text          0x00000000000620b4      0x810 /home/jbrawley/Desktop/rockbox-photo-cf-support/build/lib/librbcodec.a(wave.o)
                0x00000000000628a4                get_wave_metadata
                0x00000000000628b4                get_wave64_metadata
 .text          0x00000000000628c4      0x354 /home/jbrawley/Desktop/rockbox-photo-cf-support/build/lib/librbcodec.a(wavpack.o)
                0x00000000000628c4                get_wavpack_metadata
 .text          0x0000000000062c18      0x320 /home/jbrawley/Desktop/rockbox-photo-cf-support/build/lib/librbcodec.a(aac.o)
                0x0000000000062c18                get_aac_metadata
 .text          0x0000000000062f38      0x174 /home/jbrawley/Desktop/rockbox-photo-cf-support/build/lib/librbcodec.a(channel_mode.o)
                0x0000000000062f38                channel_mode_proc_mono_left
                0x0000000000062f5c                channel_mode_proc_mono_right
                0x0000000000062fec                channel_mode_set_config
                0x0000000000063034                channel_mode_custom_set_width
 .text          0x00000000000630ac      0x320 /home/jbrawley/Desktop/rockbox-photo-cf-support/build/lib/librbcodec.a(ape.o)
                0x00000000000630ac                read_ape_tags
 .text          0x00000000000633cc       0x5c /home/jbrawley/Desktop/rockbox-photo-cf-support/build/firmware/libfirmware.a(ffs.o)
                0x00000000000633cc                find_first_set_bit
 .text          0x0000000000063428       0xc4 /home/jbrawley/Desktop/rockbox-photo-cf-support/build/firmware/libfirmware.a(ata_idle_notify.o)
                0x000000000006342c                register_storage_idle_func
                0x0000000000063454                unregister_storage_idle_func
                0x0000000000063490                call_storage_idle_notifys
 .text          0x00000000000634ec      0x1a0 /home/jbrawley/Desktop/rockbox-photo-cf-support/build/firmware/libfirmware.a(events.o)
                0x00000000000635e0                add_event
                0x00000000000635f4                add_event_ex
                0x00000000000635f8                remove_event